2025-06-13T05:42:32.4891953Z Current runner version: '2.325.0'
2025-06-13T05:42:32.4918069Z ##[group]Operating System
2025-06-13T05:42:32.4918891Z Ubuntu
2025-06-13T05:42:32.4919371Z 24.04.2
2025-06-13T05:42:32.4919913Z LTS
2025-06-13T05:42:32.4920419Z ##[endgroup]
2025-06-13T05:42:32.4920964Z ##[group]Runner Image
2025-06-13T05:42:32.4921524Z Image: ubuntu-24.04
2025-06-13T05:42:32.4922064Z Version: 20250609.1.0
2025-06-13T05:42:32.4923064Z Included Software: https://github.com/actions/runner-images/blob/ubuntu24/20250609.1/images/ubuntu/Ubuntu2404-Readme.md
2025-06-13T05:42:32.4924490Z Image Release: https://github.com/actions/runner-images/releases/tag/ubuntu24%2F20250609.1
2025-06-13T05:42:32.4925564Z ##[endgroup]
2025-06-13T05:42:32.4926136Z ##[group]Runner Image Provisioner
2025-06-13T05:42:32.4926803Z 2.0.437.1
2025-06-13T05:42:32.4927286Z ##[endgroup]
2025-06-13T05:42:32.4928369Z ##[group]GITHUB_TOKEN Permissions
2025-06-13T05:42:32.4930426Z Contents: write
2025-06-13T05:42:32.4930995Z Metadata: read
2025-06-13T05:42:32.4931724Z Pages: write
2025-06-13T05:42:32.4932420Z ##[endgroup]
2025-06-13T05:42:32.4934710Z Secret source: Actions
2025-06-13T05:42:32.4935660Z Prepare workflow directory
2025-06-13T05:42:32.5265584Z Prepare all required actions
2025-06-13T05:42:32.5302864Z Getting action download info
2025-06-13T05:42:33.0327107Z ##[group]Download immutable action package 'actions/checkout@v3'
2025-06-13T05:42:33.0328352Z Version: 3.6.0
2025-06-13T05:42:33.0329447Z Digest: sha256:942562b9c7d4b1f2557f1da21f4d3eb4eb4fd01f2ad78b2a6e187d1b193e0a0f
2025-06-13T05:42:33.0330671Z Source commit SHA: f43a0e5ff2bd294095638e18286ca9a3d1956744
2025-06-13T05:42:33.0331553Z ##[endgroup]
2025-06-13T05:42:33.1270831Z ##[group]Download immutable action package 'actions/setup-dotnet@v3'
2025-06-13T05:42:33.1271738Z Version: 3.4.2
2025-06-13T05:42:33.1272560Z Digest: sha256:b988103bd1785dcf8ff8b209ba81500bd5f2a083a3b82e66f1d11ee61cf4c24d
2025-06-13T05:42:33.1273700Z Source commit SHA: 55ec9447dda3d1cf6bd587150f3262f30ee10815
2025-06-13T05:42:33.1274470Z ##[endgroup]
2025-06-13T05:42:33.4401932Z Download action repository 'danielpalme/ReportGenerator-GitHub-Action@5.2.0' (SHA:4d510cbed8a05af5aefea46c7fd6e05b95844c89)
2025-06-13T05:42:34.0002579Z ##[group]Download immutable action package 'actions/upload-artifact@v4'
2025-06-13T05:42:34.0003867Z Version: 4.6.2
2025-06-13T05:42:34.0005035Z Digest: sha256:290722aa3281d5caf23d0acdc3dbeb3424786a1a01a9cc97e72f147225e37c38
2025-06-13T05:42:34.0006917Z Source commit SHA: ea165f8d65b6e75b540449e92b4886f43607fa02
2025-06-13T05:42:34.0008203Z ##[endgroup]
2025-06-13T05:42:34.1128961Z Download action repository 'JamesIves/github-pages-deploy-action@v4' (SHA:6c2d9db40f9296374acc17b90404b6e8864128c8)
2025-06-13T05:42:35.7018571Z Complete job name: build-and-test
2025-06-13T05:42:35.7651801Z ##[group]Run actions/checkout@v3
2025-06-13T05:42:35.7652416Z with:
2025-06-13T05:42:35.7652674Z   repository: thefaftek-git/CA_Scanner
2025-06-13T05:42:35.7653123Z   token: ***
2025-06-13T05:42:35.7653345Z   ssh-strict: true
2025-06-13T05:42:35.7653604Z   persist-credentials: true
2025-06-13T05:42:35.7653865Z   clean: true
2025-06-13T05:42:35.7654103Z   sparse-checkout-cone-mode: true
2025-06-13T05:42:35.7654375Z   fetch-depth: 1
2025-06-13T05:42:35.7654607Z   fetch-tags: false
2025-06-13T05:42:35.7654838Z   lfs: false
2025-06-13T05:42:35.7655070Z   submodules: false
2025-06-13T05:42:35.7655512Z   set-safe-directory: true
2025-06-13T05:42:35.7656020Z ##[endgroup]
2025-06-13T05:42:35.9313317Z Syncing repository: thefaftek-git/CA_Scanner
2025-06-13T05:42:35.9314880Z ##[group]Getting Git version info
2025-06-13T05:42:35.9315489Z Working directory is '/home/runner/work/CA_Scanner/CA_Scanner'
2025-06-13T05:42:35.9316127Z [command]/usr/bin/git version
2025-06-13T05:42:35.9354052Z git version 2.49.0
2025-06-13T05:42:35.9382148Z ##[endgroup]
2025-06-13T05:42:35.9398155Z Temporarily overriding HOME='/home/runner/work/_temp/277e2244-27ba-4692-bb9c-d4c3620a6bf5' before making global git config changes
2025-06-13T05:42:35.9399464Z Adding repository directory to the temporary git global config as a safe directory
2025-06-13T05:42:35.9401603Z [command]/usr/bin/git config --global --add safe.directory /home/runner/work/CA_Scanner/CA_Scanner
2025-06-13T05:42:35.9433688Z Deleting the contents of '/home/runner/work/CA_Scanner/CA_Scanner'
2025-06-13T05:42:35.9437788Z ##[group]Initializing the repository
2025-06-13T05:42:35.9440805Z [command]/usr/bin/git init /home/runner/work/CA_Scanner/CA_Scanner
2025-06-13T05:42:35.9514743Z hint: Using 'master' as the name for the initial branch. This default branch name
2025-06-13T05:42:35.9515931Z hint: is subject to change. To configure the initial branch name to use in all
2025-06-13T05:42:35.9516636Z hint: of your new repositories, which will suppress this warning, call:
2025-06-13T05:42:35.9517129Z hint:
2025-06-13T05:42:35.9517589Z hint: 	git config --global init.defaultBranch <name>
2025-06-13T05:42:35.9518029Z hint:
2025-06-13T05:42:35.9518442Z hint: Names commonly chosen instead of 'master' are 'main', 'trunk' and
2025-06-13T05:42:35.9519106Z hint: 'development'. The just-created branch can be renamed via this command:
2025-06-13T05:42:35.9519625Z hint:
2025-06-13T05:42:35.9519967Z hint: 	git branch -m <name>
2025-06-13T05:42:35.9520801Z Initialized empty Git repository in /home/runner/work/CA_Scanner/CA_Scanner/.git/
2025-06-13T05:42:35.9530049Z [command]/usr/bin/git remote add origin https://github.com/thefaftek-git/CA_Scanner
2025-06-13T05:42:35.9561671Z ##[endgroup]
2025-06-13T05:42:35.9562213Z ##[group]Disabling automatic garbage collection
2025-06-13T05:42:35.9564620Z [command]/usr/bin/git config --local gc.auto 0
2025-06-13T05:42:35.9590487Z ##[endgroup]
2025-06-13T05:42:35.9590910Z ##[group]Setting up auth
2025-06-13T05:42:35.9596396Z [command]/usr/bin/git config --local --name-only --get-regexp core\.sshCommand
2025-06-13T05:42:35.9622210Z [command]/usr/bin/git submodule foreach --recursive sh -c "git config --local --name-only --get-regexp 'core\.sshCommand' && git config --local --unset-all 'core.sshCommand' || :"
2025-06-13T05:42:35.9915903Z [command]/usr/bin/git config --local --name-only --get-regexp http\.https\:\/\/github\.com\/\.extraheader
2025-06-13T05:42:35.9943184Z [command]/usr/bin/git submodule foreach --recursive sh -c "git config --local --name-only --get-regexp 'http\.https\:\/\/github\.com\/\.extraheader' && git config --local --unset-all 'http.https://github.com/.extraheader' || :"
2025-06-13T05:42:36.0166374Z [command]/usr/bin/git config --local http.https://github.com/.extraheader AUTHORIZATION: basic ***
2025-06-13T05:42:36.0199317Z ##[endgroup]
2025-06-13T05:42:36.0200137Z ##[group]Fetching the repository
2025-06-13T05:42:36.0208743Z [command]/usr/bin/git -c protocol.version=2 fetch --no-tags --prune --progress --no-recurse-submodules --depth=1 origin +332d4d8af6d9d354b840b7eaa461f407705c2c31:refs/remotes/pull/117/merge
2025-06-13T05:42:36.5504704Z remote: Enumerating objects: 109, done.        
2025-06-13T05:42:36.5506062Z remote: Counting objects:   0% (1/109)        
2025-06-13T05:42:36.5506747Z remote: Counting objects:   1% (2/109)        
2025-06-13T05:42:36.5507296Z remote: Counting objects:   2% (3/109)        
2025-06-13T05:42:36.5507807Z remote: Counting objects:   3% (4/109)        
2025-06-13T05:42:36.5508330Z remote: Counting objects:   4% (5/109)        
2025-06-13T05:42:36.5508861Z remote: Counting objects:   5% (6/109)        
2025-06-13T05:42:36.5509387Z remote: Counting objects:   6% (7/109)        
2025-06-13T05:42:36.5509996Z remote: Counting objects:   7% (8/109)        
2025-06-13T05:42:36.5510533Z remote: Counting objects:   8% (9/109)        
2025-06-13T05:42:36.5511055Z remote: Counting objects:   9% (10/109)        
2025-06-13T05:42:36.5511403Z remote: Counting objects:  10% (11/109)        
2025-06-13T05:42:36.5511776Z remote: Counting objects:  11% (12/109)        
2025-06-13T05:42:36.5512123Z remote: Counting objects:  12% (14/109)        
2025-06-13T05:42:36.5512482Z remote: Counting objects:  13% (15/109)        
2025-06-13T05:42:36.5512817Z remote: Counting objects:  14% (16/109)        
2025-06-13T05:42:36.5513390Z remote: Counting objects:  15% (17/109)        
2025-06-13T05:42:36.5513732Z remote: Counting objects:  16% (18/109)        
2025-06-13T05:42:36.5514075Z remote: Counting objects:  17% (19/109)        
2025-06-13T05:42:36.5514415Z remote: Counting objects:  18% (20/109)        
2025-06-13T05:42:36.5514759Z remote: Counting objects:  19% (21/109)        
2025-06-13T05:42:36.5515102Z remote: Counting objects:  20% (22/109)        
2025-06-13T05:42:36.5515711Z remote: Counting objects:  21% (23/109)        
2025-06-13T05:42:36.5516048Z remote: Counting objects:  22% (24/109)        
2025-06-13T05:42:36.5516388Z remote: Counting objects:  23% (26/109)        
2025-06-13T05:42:36.5516708Z remote: Counting objects:  24% (27/109)        
2025-06-13T05:42:36.5517021Z remote: Counting objects:  25% (28/109)        
2025-06-13T05:42:36.5517316Z remote: Counting objects:  26% (29/109)        
2025-06-13T05:42:36.5517604Z remote: Counting objects:  27% (30/109)        
2025-06-13T05:42:36.5517956Z remote: Counting objects:  28% (31/109)        
2025-06-13T05:42:36.5518239Z remote: Counting objects:  29% (32/109)        
2025-06-13T05:42:36.5518514Z remote: Counting objects:  30% (33/109)        
2025-06-13T05:42:36.5518793Z remote: Counting objects:  31% (34/109)        
2025-06-13T05:42:36.5519076Z remote: Counting objects:  32% (35/109)        
2025-06-13T05:42:36.5519358Z remote: Counting objects:  33% (36/109)        
2025-06-13T05:42:36.5519633Z remote: Counting objects:  34% (38/109)        
2025-06-13T05:42:36.5519911Z remote: Counting objects:  35% (39/109)        
2025-06-13T05:42:36.5520216Z remote: Counting objects:  36% (40/109)        
2025-06-13T05:42:36.5520502Z remote: Counting objects:  37% (41/109)        
2025-06-13T05:42:36.5520778Z remote: Counting objects:  38% (42/109)        
2025-06-13T05:42:36.5521062Z remote: Counting objects:  39% (43/109)        
2025-06-13T05:42:36.5521342Z remote: Counting objects:  40% (44/109)        
2025-06-13T05:42:36.5521627Z remote: Counting objects:  41% (45/109)        
2025-06-13T05:42:36.5521900Z remote: Counting objects:  42% (46/109)        
2025-06-13T05:42:36.5522181Z remote: Counting objects:  43% (47/109)        
2025-06-13T05:42:36.5522461Z remote: Counting objects:  44% (48/109)        
2025-06-13T05:42:36.5522743Z remote: Counting objects:  45% (50/109)        
2025-06-13T05:42:36.5523034Z remote: Counting objects:  46% (51/109)        
2025-06-13T05:42:36.5523311Z remote: Counting objects:  47% (52/109)        
2025-06-13T05:42:36.5523590Z remote: Counting objects:  48% (53/109)        
2025-06-13T05:42:36.5523868Z remote: Counting objects:  49% (54/109)        
2025-06-13T05:42:36.5524138Z remote: Counting objects:  50% (55/109)        
2025-06-13T05:42:36.5524564Z remote: Counting objects:  51% (56/109)        
2025-06-13T05:42:36.5524866Z remote: Counting objects:  52% (57/109)        
2025-06-13T05:42:36.5525196Z remote: Counting objects:  53% (58/109)        
2025-06-13T05:42:36.5525681Z remote: Counting objects:  54% (59/109)        
2025-06-13T05:42:36.5525976Z remote: Counting objects:  55% (60/109)        
2025-06-13T05:42:36.5526258Z remote: Counting objects:  56% (62/109)        
2025-06-13T05:42:36.5526538Z remote: Counting objects:  57% (63/109)        
2025-06-13T05:42:36.5526812Z remote: Counting objects:  58% (64/109)        
2025-06-13T05:42:36.5527110Z remote: Counting objects:  59% (65/109)        
2025-06-13T05:42:36.5527409Z remote: Counting objects:  60% (66/109)        
2025-06-13T05:42:36.5527691Z remote: Counting objects:  61% (67/109)        
2025-06-13T05:42:36.5527964Z remote: Counting objects:  62% (68/109)        
2025-06-13T05:42:36.5528242Z remote: Counting objects:  63% (69/109)        
2025-06-13T05:42:36.5528541Z remote: Counting objects:  64% (70/109)        
2025-06-13T05:42:36.5528826Z remote: Counting objects:  65% (71/109)        
2025-06-13T05:42:36.5529109Z remote: Counting objects:  66% (72/109)        
2025-06-13T05:42:36.5529382Z remote: Counting objects:  67% (74/109)        
2025-06-13T05:42:36.5529789Z remote: Counting objects:  68% (75/109)        
2025-06-13T05:42:36.5530078Z remote: Counting objects:  69% (76/109)        
2025-06-13T05:42:36.5530360Z remote: Counting objects:  70% (77/109)        
2025-06-13T05:42:36.5530640Z remote: Counting objects:  71% (78/109)        
2025-06-13T05:42:36.5530921Z remote: Counting objects:  72% (79/109)        
2025-06-13T05:42:36.5531203Z remote: Counting objects:  73% (80/109)        
2025-06-13T05:42:36.5531489Z remote: Counting objects:  74% (81/109)        
2025-06-13T05:42:36.5531762Z remote: Counting objects:  75% (82/109)        
2025-06-13T05:42:36.5532072Z remote: Counting objects:  76% (83/109)        
2025-06-13T05:42:36.5532358Z remote: Counting objects:  77% (84/109)        
2025-06-13T05:42:36.5532640Z remote: Counting objects:  78% (86/109)        
2025-06-13T05:42:36.5532915Z remote: Counting objects:  79% (87/109)        
2025-06-13T05:42:36.5533196Z remote: Counting objects:  80% (88/109)        
2025-06-13T05:42:36.5533481Z remote: Counting objects:  81% (89/109)        
2025-06-13T05:42:36.5533760Z remote: Counting objects:  82% (90/109)        
2025-06-13T05:42:36.5534036Z remote: Counting objects:  83% (91/109)        
2025-06-13T05:42:36.5534327Z remote: Counting objects:  84% (92/109)        
2025-06-13T05:42:36.5534625Z remote: Counting objects:  85% (93/109)        
2025-06-13T05:42:36.5534921Z remote: Counting objects:  86% (94/109)        
2025-06-13T05:42:36.5535372Z remote: Counting objects:  87% (95/109)        
2025-06-13T05:42:36.5535709Z remote: Counting objects:  88% (96/109)        
2025-06-13T05:42:36.5536041Z remote: Counting objects:  89% (98/109)        
2025-06-13T05:42:36.5536359Z remote: Counting objects:  90% (99/109)        
2025-06-13T05:42:36.5536676Z remote: Counting objects:  91% (100/109)        
2025-06-13T05:42:36.5537003Z remote: Counting objects:  92% (101/109)        
2025-06-13T05:42:36.5537322Z remote: Counting objects:  93% (102/109)        
2025-06-13T05:42:36.5537649Z remote: Counting objects:  94% (103/109)        
2025-06-13T05:42:36.5537971Z remote: Counting objects:  95% (104/109)        
2025-06-13T05:42:36.5538289Z remote: Counting objects:  96% (105/109)        
2025-06-13T05:42:36.5538604Z remote: Counting objects:  97% (106/109)        
2025-06-13T05:42:36.5538922Z remote: Counting objects:  98% (107/109)        
2025-06-13T05:42:36.5539235Z remote: Counting objects:  99% (108/109)        
2025-06-13T05:42:36.5539554Z remote: Counting objects: 100% (109/109)        
2025-06-13T05:42:36.5539921Z remote: Counting objects: 100% (109/109), done.        
2025-06-13T05:42:36.5540272Z remote: Compressing objects:   1% (1/90)        
2025-06-13T05:42:36.5540610Z remote: Compressing objects:   2% (2/90)        
2025-06-13T05:42:36.5541062Z remote: Compressing objects:   3% (3/90)        
2025-06-13T05:42:36.5541402Z remote: Compressing objects:   4% (4/90)        
2025-06-13T05:42:36.5541727Z remote: Compressing objects:   5% (5/90)        
2025-06-13T05:42:36.5542062Z remote: Compressing objects:   6% (6/90)        
2025-06-13T05:42:36.5542426Z remote: Compressing objects:   7% (7/90)        
2025-06-13T05:42:36.5632881Z remote: Compressing objects:   8% (8/90)        
2025-06-13T05:42:36.5633760Z remote: Compressing objects:  10% (9/90)        
2025-06-13T05:42:36.5634428Z remote: Compressing objects:  11% (10/90)        
2025-06-13T05:42:36.5635021Z remote: Compressing objects:  12% (11/90)        
2025-06-13T05:42:36.5635638Z remote: Compressing objects:  13% (12/90)        
2025-06-13T05:42:36.5635979Z remote: Compressing objects:  14% (13/90)        
2025-06-13T05:42:36.5636307Z remote: Compressing objects:  15% (14/90)        
2025-06-13T05:42:36.5636635Z remote: Compressing objects:  16% (15/90)        
2025-06-13T05:42:36.5636983Z remote: Compressing objects:  17% (16/90)        
2025-06-13T05:42:36.5637324Z remote: Compressing objects:  18% (17/90)        
2025-06-13T05:42:36.5637652Z remote: Compressing objects:  20% (18/90)        
2025-06-13T05:42:36.5637978Z remote: Compressing objects:  21% (19/90)        
2025-06-13T05:42:36.5638486Z remote: Compressing objects:  22% (20/90)        
2025-06-13T05:42:36.5638812Z remote: Compressing objects:  23% (21/90)        
2025-06-13T05:42:36.5639128Z remote: Compressing objects:  24% (22/90)        
2025-06-13T05:42:36.5639450Z remote: Compressing objects:  25% (23/90)        
2025-06-13T05:42:36.5639776Z remote: Compressing objects:  26% (24/90)        
2025-06-13T05:42:36.5640103Z remote: Compressing objects:  27% (25/90)        
2025-06-13T05:42:36.5640420Z remote: Compressing objects:  28% (26/90)        
2025-06-13T05:42:36.5640745Z remote: Compressing objects:  30% (27/90)        
2025-06-13T05:42:36.5641074Z remote: Compressing objects:  31% (28/90)        
2025-06-13T05:42:36.5641406Z remote: Compressing objects:  32% (29/90)        
2025-06-13T05:42:36.5867656Z remote: Compressing objects:  33% (30/90)        
2025-06-13T05:42:36.5868846Z remote: Compressing objects:  34% (31/90)        
2025-06-13T05:42:36.5869785Z remote: Compressing objects:  35% (32/90)        
2025-06-13T05:42:36.5870451Z remote: Compressing objects:  36% (33/90)        
2025-06-13T05:42:36.5870950Z remote: Compressing objects:  37% (34/90)        
2025-06-13T05:42:36.5871468Z remote: Compressing objects:  38% (35/90)        
2025-06-13T05:42:36.5871998Z remote: Compressing objects:  40% (36/90)        
2025-06-13T05:42:36.5872504Z remote: Compressing objects:  41% (37/90)        
2025-06-13T05:42:36.5872998Z remote: Compressing objects:  42% (38/90)        
2025-06-13T05:42:36.5873492Z remote: Compressing objects:  43% (39/90)        
2025-06-13T05:42:36.5873987Z remote: Compressing objects:  44% (40/90)        
2025-06-13T05:42:36.5874471Z remote: Compressing objects:  45% (41/90)        
2025-06-13T05:42:36.5874975Z remote: Compressing objects:  46% (42/90)        
2025-06-13T05:42:36.5875700Z remote: Compressing objects:  47% (43/90)        
2025-06-13T05:42:36.5876204Z remote: Compressing objects:  48% (44/90)        
2025-06-13T05:42:36.5876597Z remote: Compressing objects:  50% (45/90)        
2025-06-13T05:42:36.5877002Z remote: Compressing objects:  51% (46/90)        
2025-06-13T05:42:36.5877429Z remote: Compressing objects:  52% (47/90)        
2025-06-13T05:42:36.5877824Z remote: Compressing objects:  53% (48/90)        
2025-06-13T05:42:36.5878217Z remote: Compressing objects:  54% (49/90)        
2025-06-13T05:42:36.5878610Z remote: Compressing objects:  55% (50/90)        
2025-06-13T05:42:36.5879005Z remote: Compressing objects:  56% (51/90)        
2025-06-13T05:42:36.5922000Z remote: Compressing objects:  57% (52/90)        
2025-06-13T05:42:36.5923995Z remote: Compressing objects:  58% (53/90)        
2025-06-13T05:42:36.5925785Z remote: Compressing objects:  60% (54/90)        
2025-06-13T05:42:36.5927186Z remote: Compressing objects:  61% (55/90)        
2025-06-13T05:42:36.5928101Z remote: Compressing objects:  62% (56/90)        
2025-06-13T05:42:36.5933013Z remote: Compressing objects:  63% (57/90)        
2025-06-13T05:42:36.5933935Z remote: Compressing objects:  64% (58/90)        
2025-06-13T05:42:36.5935667Z remote: Compressing objects:  65% (59/90)        
2025-06-13T05:42:36.5936302Z remote: Compressing objects:  66% (60/90)        
2025-06-13T05:42:36.5936904Z remote: Compressing objects:  67% (61/90)        
2025-06-13T05:42:36.5937487Z remote: Compressing objects:  68% (62/90)        
2025-06-13T05:42:36.5938095Z remote: Compressing objects:  70% (63/90)        
2025-06-13T05:42:36.5938696Z remote: Compressing objects:  71% (64/90)        
2025-06-13T05:42:36.5939357Z remote: Compressing objects:  72% (65/90)        
2025-06-13T05:42:36.5939953Z remote: Compressing objects:  73% (66/90)        
2025-06-13T05:42:36.5940568Z remote: Compressing objects:  74% (67/90)        
2025-06-13T05:42:36.5941174Z remote: Compressing objects:  75% (68/90)        
2025-06-13T05:42:36.5941765Z remote: Compressing objects:  76% (69/90)        
2025-06-13T05:42:36.5942336Z remote: Compressing objects:  77% (70/90)        
2025-06-13T05:42:36.5943273Z remote: Compressing objects:  78% (71/90)        
2025-06-13T05:42:36.5943897Z remote: Compressing objects:  80% (72/90)        
2025-06-13T05:42:36.5944871Z remote: Compressing objects:  81% (73/90)        
2025-06-13T05:42:36.5945961Z remote: Compressing objects:  82% (74/90)        
2025-06-13T05:42:36.5946741Z remote: Compressing objects:  83% (75/90)        
2025-06-13T05:42:36.5947438Z remote: Compressing objects:  84% (76/90)        
2025-06-13T05:42:36.5948164Z remote: Compressing objects:  85% (77/90)        
2025-06-13T05:42:36.5948989Z remote: Compressing objects:  86% (78/90)        
2025-06-13T05:42:36.5949822Z remote: Compressing objects:  87% (79/90)        
2025-06-13T05:42:36.5950644Z remote: Compressing objects:  88% (80/90)        
2025-06-13T05:42:36.5951456Z remote: Compressing objects:  90% (81/90)        
2025-06-13T05:42:36.5952018Z remote: Compressing objects:  91% (82/90)        
2025-06-13T05:42:36.5952553Z remote: Compressing objects:  92% (83/90)        
2025-06-13T05:42:36.5952972Z remote: Compressing objects:  93% (84/90)        
2025-06-13T05:42:36.5953348Z remote: Compressing objects:  94% (85/90)        
2025-06-13T05:42:36.5953669Z remote: Compressing objects:  95% (86/90)        
2025-06-13T05:42:36.5953983Z remote: Compressing objects:  96% (87/90)        
2025-06-13T05:42:36.5954515Z remote: Compressing objects:  97% (88/90)        
2025-06-13T05:42:36.5954915Z remote: Compressing objects:  98% (89/90)        
2025-06-13T05:42:36.5955551Z remote: Compressing objects: 100% (90/90)        
2025-06-13T05:42:36.5956172Z remote: Compressing objects: 100% (90/90), done.        
2025-06-13T05:42:36.5956742Z Receiving objects:   0% (1/109)
2025-06-13T05:42:36.5957157Z Receiving objects:   1% (2/109)
2025-06-13T05:42:36.5957586Z Receiving objects:   2% (3/109)
2025-06-13T05:42:36.5957995Z Receiving objects:   3% (4/109)
2025-06-13T05:42:36.5958422Z Receiving objects:   4% (5/109)
2025-06-13T05:42:36.5958821Z Receiving objects:   5% (6/109)
2025-06-13T05:42:36.5959243Z Receiving objects:   6% (7/109)
2025-06-13T05:42:36.5959541Z Receiving objects:   7% (8/109)
2025-06-13T05:42:36.5960703Z Receiving objects:   8% (9/109)
2025-06-13T05:42:36.6114813Z Receiving objects:   9% (10/109)
2025-06-13T05:42:36.6117439Z Receiving objects:  10% (11/109)
2025-06-13T05:42:36.6119058Z Receiving objects:  11% (12/109)
2025-06-13T05:42:36.6120715Z Receiving objects:  12% (14/109)
2025-06-13T05:42:36.6122614Z Receiving objects:  13% (15/109)
2025-06-13T05:42:36.6123069Z Receiving objects:  14% (16/109)
2025-06-13T05:42:36.6123487Z Receiving objects:  15% (17/109)
2025-06-13T05:42:36.6298855Z Receiving objects:  16% (18/109)
2025-06-13T05:42:36.6299962Z Receiving objects:  17% (19/109)
2025-06-13T05:42:36.6300786Z Receiving objects:  18% (20/109)
2025-06-13T05:42:36.6301595Z Receiving objects:  19% (21/109)
2025-06-13T05:42:36.6302216Z Receiving objects:  20% (22/109)
2025-06-13T05:42:36.6304104Z Receiving objects:  21% (23/109)
2025-06-13T05:42:36.6304964Z Receiving objects:  22% (24/109)
2025-06-13T05:42:36.6305696Z Receiving objects:  23% (26/109)
2025-06-13T05:42:36.6307630Z Receiving objects:  24% (27/109)
2025-06-13T05:42:36.6309569Z Receiving objects:  25% (28/109)
2025-06-13T05:42:36.6311367Z Receiving objects:  26% (29/109)
2025-06-13T05:42:36.6312087Z Receiving objects:  27% (30/109)
2025-06-13T05:42:36.6315392Z Receiving objects:  28% (31/109)
2025-06-13T05:42:36.6316534Z Receiving objects:  29% (32/109)
2025-06-13T05:42:36.6319075Z Receiving objects:  30% (33/109)
2025-06-13T05:42:36.6319693Z Receiving objects:  31% (34/109)
2025-06-13T05:42:36.6320323Z Receiving objects:  32% (35/109)
2025-06-13T05:42:36.6324425Z Receiving objects:  33% (36/109)
2025-06-13T05:42:36.6430183Z Receiving objects:  34% (38/109)
2025-06-13T05:42:36.6432585Z Receiving objects:  35% (39/109)
2025-06-13T05:42:36.6433156Z Receiving objects:  36% (40/109)
2025-06-13T05:42:36.6433846Z Receiving objects:  37% (41/109)
2025-06-13T05:42:36.6434501Z Receiving objects:  38% (42/109)
2025-06-13T05:42:36.6435130Z Receiving objects:  39% (43/109)
2025-06-13T05:42:36.6436414Z Receiving objects:  40% (44/109)
2025-06-13T05:42:36.6437600Z Receiving objects:  41% (45/109)
2025-06-13T05:42:36.6438033Z Receiving objects:  42% (46/109)
2025-06-13T05:42:36.6438383Z Receiving objects:  43% (47/109)
2025-06-13T05:42:36.6482975Z Receiving objects:  44% (48/109)
2025-06-13T05:42:36.6484228Z Receiving objects:  45% (50/109)
2025-06-13T05:42:36.6487718Z Receiving objects:  46% (51/109)
2025-06-13T05:42:36.6488232Z Receiving objects:  47% (52/109)
2025-06-13T05:42:36.6490332Z Receiving objects:  48% (53/109)
2025-06-13T05:42:36.6492147Z Receiving objects:  49% (54/109)
2025-06-13T05:42:36.6493880Z Receiving objects:  50% (55/109)
2025-06-13T05:42:36.6495071Z Receiving objects:  51% (56/109)
2025-06-13T05:42:36.6497823Z Receiving objects:  52% (57/109)
2025-06-13T05:42:36.6499939Z Receiving objects:  53% (58/109)
2025-06-13T05:42:36.6501441Z Receiving objects:  54% (59/109)
2025-06-13T05:42:36.6503919Z Receiving objects:  55% (60/109)
2025-06-13T05:42:36.6505008Z Receiving objects:  56% (62/109)
2025-06-13T05:42:36.6505935Z Receiving objects:  57% (63/109)
2025-06-13T05:42:36.6508181Z Receiving objects:  58% (64/109)
2025-06-13T05:42:36.6510579Z Receiving objects:  59% (65/109)
2025-06-13T05:42:36.6511087Z Receiving objects:  60% (66/109)
2025-06-13T05:42:36.6511505Z Receiving objects:  61% (67/109)
2025-06-13T05:42:36.6513030Z Receiving objects:  62% (68/109)
2025-06-13T05:42:36.6514956Z Receiving objects:  63% (69/109)
2025-06-13T05:42:36.6515639Z Receiving objects:  64% (70/109)
2025-06-13T05:42:36.6516277Z Receiving objects:  65% (71/109)
2025-06-13T05:42:36.6516952Z Receiving objects:  66% (72/109)
2025-06-13T05:42:36.6517492Z Receiving objects:  67% (74/109)
2025-06-13T05:42:36.6518006Z Receiving objects:  68% (75/109)
2025-06-13T05:42:36.6518524Z Receiving objects:  69% (76/109)
2025-06-13T05:42:36.6519033Z Receiving objects:  70% (77/109)
2025-06-13T05:42:36.6519717Z Receiving objects:  71% (78/109)
2025-06-13T05:42:36.6520229Z Receiving objects:  72% (79/109)
2025-06-13T05:42:36.6520730Z Receiving objects:  73% (80/109)
2025-06-13T05:42:36.6521177Z Receiving objects:  74% (81/109)
2025-06-13T05:42:36.6521628Z Receiving objects:  75% (82/109)
2025-06-13T05:42:36.6522099Z Receiving objects:  76% (83/109)
2025-06-13T05:42:36.6522570Z Receiving objects:  77% (84/109)
2025-06-13T05:42:36.6523029Z Receiving objects:  78% (86/109)
2025-06-13T05:42:36.6523491Z Receiving objects:  79% (87/109)
2025-06-13T05:42:36.6523965Z Receiving objects:  80% (88/109)
2025-06-13T05:42:36.6524426Z Receiving objects:  81% (89/109)
2025-06-13T05:42:36.6524680Z Receiving objects:  82% (90/109)
2025-06-13T05:42:36.6525000Z Receiving objects:  83% (91/109)
2025-06-13T05:42:36.6525659Z Receiving objects:  84% (92/109)
2025-06-13T05:42:36.6526338Z Receiving objects:  85% (93/109)
2025-06-13T05:42:36.6526762Z Receiving objects:  86% (94/109)
2025-06-13T05:42:36.6527188Z Receiving objects:  87% (95/109)
2025-06-13T05:42:36.6527573Z Receiving objects:  88% (96/109)
2025-06-13T05:42:36.6527837Z Receiving objects:  89% (98/109)
2025-06-13T05:42:36.6528083Z Receiving objects:  90% (99/109)
2025-06-13T05:42:36.6528347Z Receiving objects:  91% (100/109)
2025-06-13T05:42:36.6528603Z Receiving objects:  92% (101/109)
2025-06-13T05:42:36.6528849Z Receiving objects:  93% (102/109)
2025-06-13T05:42:36.6529113Z Receiving objects:  94% (103/109)
2025-06-13T05:42:36.6531488Z Receiving objects:  95% (104/109)
2025-06-13T05:42:36.6618270Z Receiving objects:  96% (105/109)
2025-06-13T05:42:36.6619837Z Receiving objects:  97% (106/109)
2025-06-13T05:42:36.6620300Z Receiving objects:  98% (107/109)
2025-06-13T05:42:36.6666929Z Receiving objects:  99% (108/109)
2025-06-13T05:42:36.6667944Z remote: Total 109 (delta 20), reused 68 (delta 15), pack-reused 0 (from 0)        
2025-06-13T05:42:36.6669013Z Receiving objects: 100% (109/109)
2025-06-13T05:42:36.6671014Z Receiving objects: 100% (109/109), 307.62 KiB | 4.21 MiB/s, done.
2025-06-13T05:42:36.6676064Z Resolving deltas:   0% (0/20)
2025-06-13T05:42:36.6677280Z Resolving deltas:   5% (1/20)
2025-06-13T05:42:36.6681437Z Resolving deltas:  10% (2/20)
2025-06-13T05:42:36.6682183Z Resolving deltas:  20% (4/20)
2025-06-13T05:42:36.6688636Z Resolving deltas:  25% (5/20)
2025-06-13T05:42:36.6689535Z Resolving deltas:  30% (6/20)
2025-06-13T05:42:36.6690212Z Resolving deltas:  35% (7/20)
2025-06-13T05:42:36.6690659Z Resolving deltas:  40% (8/20)
2025-06-13T05:42:36.6691073Z Resolving deltas:  45% (9/20)
2025-06-13T05:42:36.6717935Z Resolving deltas:  50% (10/20)
2025-06-13T05:42:36.6718459Z Resolving deltas:  55% (11/20)
2025-06-13T05:42:36.6718870Z Resolving deltas:  60% (12/20)
2025-06-13T05:42:36.6719247Z Resolving deltas:  65% (13/20)
2025-06-13T05:42:36.6719499Z Resolving deltas:  70% (14/20)
2025-06-13T05:42:36.6719762Z Resolving deltas:  75% (15/20)
2025-06-13T05:42:36.6720001Z Resolving deltas:  80% (16/20)
2025-06-13T05:42:36.6720232Z Resolving deltas:  85% (17/20)
2025-06-13T05:42:36.6720459Z Resolving deltas:  90% (18/20)
2025-06-13T05:42:36.6720693Z Resolving deltas:  95% (19/20)
2025-06-13T05:42:36.6720942Z Resolving deltas: 100% (20/20)
2025-06-13T05:42:36.6721188Z Resolving deltas: 100% (20/20), done.
2025-06-13T05:42:36.6850274Z From https://github.com/thefaftek-git/CA_Scanner
2025-06-13T05:42:36.6851143Z  * [new ref]         332d4d8af6d9d354b840b7eaa461f407705c2c31 -> pull/117/merge
2025-06-13T05:42:36.6880485Z ##[endgroup]
2025-06-13T05:42:36.6881266Z ##[group]Determining the checkout info
2025-06-13T05:42:36.6884452Z ##[endgroup]
2025-06-13T05:42:36.6885166Z ##[group]Checking out the ref
2025-06-13T05:42:36.6888965Z [command]/usr/bin/git checkout --progress --force refs/remotes/pull/117/merge
2025-06-13T05:42:36.7026837Z Note: switching to 'refs/remotes/pull/117/merge'.
2025-06-13T05:42:36.7027528Z 
2025-06-13T05:42:36.7027910Z You are in 'detached HEAD' state. You can look around, make experimental
2025-06-13T05:42:36.7028767Z changes and commit them, and you can discard any commits you make in this
2025-06-13T05:42:36.7029474Z state without impacting any branches by switching back to a branch.
2025-06-13T05:42:36.7029782Z 
2025-06-13T05:42:36.7030003Z If you want to create a new branch to retain commits you create, you may
2025-06-13T05:42:36.7030496Z do so (now or later) by using -c with the switch command. Example:
2025-06-13T05:42:36.7030763Z 
2025-06-13T05:42:36.7030898Z   git switch -c <new-branch-name>
2025-06-13T05:42:36.7031086Z 
2025-06-13T05:42:36.7031203Z Or undo this operation with:
2025-06-13T05:42:36.7031372Z 
2025-06-13T05:42:36.7031462Z   git switch -
2025-06-13T05:42:36.7031596Z 
2025-06-13T05:42:36.7031844Z Turn off this advice by setting config variable advice.detachedHead to false
2025-06-13T05:42:36.7032173Z 
2025-06-13T05:42:36.7032996Z HEAD is now at 332d4d8 Merge 1ad4ef792f79ad7482cf7e5763879fb7478390b0 into cdc44df98d481fe5149d61c5f98fa7bf4ddfaab1
2025-06-13T05:42:36.7038203Z ##[endgroup]
2025-06-13T05:42:36.7074056Z [command]/usr/bin/git log -1 --format='%H'
2025-06-13T05:42:36.7096974Z '332d4d8af6d9d354b840b7eaa461f407705c2c31'
2025-06-13T05:42:36.7298286Z ##[group]Run actions/setup-dotnet@v3
2025-06-13T05:42:36.7298577Z with:
2025-06-13T05:42:36.7298767Z   dotnet-version: 8.0.x
2025-06-13T05:42:36.7298987Z   cache: false
2025-06-13T05:42:36.7299173Z ##[endgroup]
2025-06-13T05:42:36.9258046Z [command]/home/runner/work/_actions/actions/setup-dotnet/v3/externals/install-dotnet.sh --channel 8.0
2025-06-13T05:42:37.1663129Z dotnet-install: Attempting to download using aka.ms link https://builds.dotnet.microsoft.com/dotnet/Sdk/8.0.411/dotnet-sdk-8.0.411-linux-x64.tar.gz
2025-06-13T05:42:38.3600165Z dotnet-install: Remote file https://builds.dotnet.microsoft.com/dotnet/Sdk/8.0.411/dotnet-sdk-8.0.411-linux-x64.tar.gz size is 216078119 bytes.
2025-06-13T05:42:38.3602907Z dotnet-install: Extracting archive from https://builds.dotnet.microsoft.com/dotnet/Sdk/8.0.411/dotnet-sdk-8.0.411-linux-x64.tar.gz
2025-06-13T05:42:42.8802488Z dotnet-install: Downloaded file size is 216078119 bytes.
2025-06-13T05:42:42.8803527Z dotnet-install: The remote and local file sizes are equal.
2025-06-13T05:42:43.1430968Z dotnet-install: Installed version is 8.0.411
2025-06-13T05:42:43.1490285Z dotnet-install: Adding to current process PATH: `/usr/share/dotnet`. Note: This change will be visible only when sourcing script.
2025-06-13T05:42:43.1492237Z dotnet-install: Note that the script does not resolve dependencies during installation.
2025-06-13T05:42:43.1494325Z dotnet-install: To check the list of dependencies, go to https://learn.microsoft.com/dotnet/core/install, select your operating system and check the "Dependencies" section.
2025-06-13T05:42:43.1495887Z dotnet-install: Installation finished successfully.
2025-06-13T05:42:43.1652155Z ##[group]Run dotnet --version && dotnet restore
2025-06-13T05:42:43.1652571Z [36;1mdotnet --version && dotnet restore[0m
2025-06-13T05:42:43.1749218Z shell: /usr/bin/bash -e {0}
2025-06-13T05:42:43.1749499Z env:
2025-06-13T05:42:43.1749707Z   DOTNET_ROOT: /usr/share/dotnet
2025-06-13T05:42:43.1749970Z ##[endgroup]
2025-06-13T05:42:43.2803609Z 8.0.411
2025-06-13T05:42:44.1837954Z   Determining projects to restore...
2025-06-13T05:42:50.0397461Z   Restored /home/runner/work/CA_Scanner/CA_Scanner/ConditionalAccessExporter/ConditionalAccessExporter.csproj (in 5.29 sec).
2025-06-13T05:42:50.2387611Z   Restored /home/runner/work/CA_Scanner/CA_Scanner/ConditionalAccessExporter.Tests/ConditionalAccessExporter.Tests.csproj (in 5.67 sec).
2025-06-13T05:42:50.2834328Z ##[group]Run dotnet --version && dotnet build --no-restore
2025-06-13T05:42:50.2834781Z [36;1mdotnet --version && dotnet build --no-restore[0m
2025-06-13T05:42:50.2893774Z shell: /usr/bin/bash -e {0}
2025-06-13T05:42:50.2894072Z env:
2025-06-13T05:42:50.2894288Z   DOTNET_ROOT: /usr/share/dotnet
2025-06-13T05:42:50.2894550Z ##[endgroup]
2025-06-13T05:42:50.3851033Z 8.0.411
2025-06-13T05:42:56.6499671Z   ConditionalAccessExporter -> /home/runner/work/CA_Scanner/CA_Scanner/ConditionalAccessExporter/bin/Debug/net8.0/ConditionalAccessExporter.dll
2025-06-13T05:42:59.9938784Z ##[warning]/home/runner/work/CA_Scanner/CA_Scanner/ConditionalAccessExporter.Tests/TestDataFactory.cs(50,37): warning CS8625: Cannot convert null literal to non-nullable reference type. [/home/runner/work/CA_Scanner/CA_Scanner/ConditionalAccessExporter.Tests/ConditionalAccessExporter.Tests.csproj]
2025-06-13T05:42:59.9949784Z ##[warning]/home/runner/work/CA_Scanner/CA_Scanner/ConditionalAccessExporter.Tests/TestDataFactory.cs(50,67): warning CS8625: Cannot convert null literal to non-nullable reference type. [/home/runner/work/CA_Scanner/CA_Scanner/ConditionalAccessExporter.Tests/ConditionalAccessExporter.Tests.csproj]
2025-06-13T05:42:59.9954090Z ##[warning]/home/runner/work/CA_Scanner/CA_Scanner/ConditionalAccessExporter.Tests/TestDataFactory.cs(51,44): warning CS8625: Cannot convert null literal to non-nullable reference type. [/home/runner/work/CA_Scanner/CA_Scanner/ConditionalAccessExporter.Tests/ConditionalAccessExporter.Tests.csproj]
2025-06-13T05:42:59.9959780Z ##[warning]/home/runner/work/CA_Scanner/CA_Scanner/ConditionalAccessExporter.Tests/TestDataFactory.cs(51,81): warning CS8625: Cannot convert null literal to non-nullable reference type. [/home/runner/work/CA_Scanner/CA_Scanner/ConditionalAccessExporter.Tests/ConditionalAccessExporter.Tests.csproj]
2025-06-13T05:42:59.9964698Z ##[warning]/home/runner/work/CA_Scanner/CA_Scanner/ConditionalAccessExporter.Tests/TestDataFactory.cs(135,37): warning CS8625: Cannot convert null literal to non-nullable reference type. [/home/runner/work/CA_Scanner/CA_Scanner/ConditionalAccessExporter.Tests/ConditionalAccessExporter.Tests.csproj]
2025-06-13T05:42:59.9969301Z ##[warning]/home/runner/work/CA_Scanner/CA_Scanner/ConditionalAccessExporter.Tests/TestDataFactory.cs(135,67): warning CS8625: Cannot convert null literal to non-nullable reference type. [/home/runner/work/CA_Scanner/CA_Scanner/ConditionalAccessExporter.Tests/ConditionalAccessExporter.Tests.csproj]
2025-06-13T05:42:59.9974576Z ##[warning]/home/runner/work/CA_Scanner/CA_Scanner/ConditionalAccessExporter.Tests/TestDataFactory.cs(246,57): warning CS8625: Cannot convert null literal to non-nullable reference type. [/home/runner/work/CA_Scanner/CA_Scanner/ConditionalAccessExporter.Tests/ConditionalAccessExporter.Tests.csproj]
2025-06-13T05:42:59.9980046Z ##[warning]/home/runner/work/CA_Scanner/CA_Scanner/ConditionalAccessExporter.Tests/PolicyAssertions.cs(138,29): warning CS8602: Dereference of a possibly null reference. [/home/runner/work/CA_Scanner/CA_Scanner/ConditionalAccessExporter.Tests/ConditionalAccessExporter.Tests.csproj]
2025-06-13T05:42:59.9985171Z ##[warning]/home/runner/work/CA_Scanner/CA_Scanner/ConditionalAccessExporter.Tests/PolicyAssertions.cs(139,29): warning CS8602: Dereference of a possibly null reference. [/home/runner/work/CA_Scanner/CA_Scanner/ConditionalAccessExporter.Tests/ConditionalAccessExporter.Tests.csproj]
2025-06-13T05:42:59.9990789Z ##[warning]/home/runner/work/CA_Scanner/CA_Scanner/ConditionalAccessExporter.Tests/CrossFormatPolicyComparisonServiceTests.cs(554,79): warning CS8625: Cannot convert null literal to non-nullable reference type. [/home/runner/work/CA_Scanner/CA_Scanner/ConditionalAccessExporter.Tests/ConditionalAccessExporter.Tests.csproj]
2025-06-13T05:43:00.1551090Z   ConditionalAccessExporter.Tests -> /home/runner/work/CA_Scanner/CA_Scanner/ConditionalAccessExporter.Tests/bin/Debug/net8.0/ConditionalAccessExporter.Tests.dll
2025-06-13T05:43:00.1777530Z 
2025-06-13T05:43:00.1786664Z Build succeeded.
2025-06-13T05:43:00.1787643Z 
2025-06-13T05:43:00.1790523Z ##[warning]/home/runner/work/CA_Scanner/CA_Scanner/ConditionalAccessExporter.Tests/TestDataFactory.cs(50,37): warning CS8625: Cannot convert null literal to non-nullable reference type. [/home/runner/work/CA_Scanner/CA_Scanner/ConditionalAccessExporter.Tests/ConditionalAccessExporter.Tests.csproj]
2025-06-13T05:43:00.1796099Z ##[warning]/home/runner/work/CA_Scanner/CA_Scanner/ConditionalAccessExporter.Tests/TestDataFactory.cs(50,67): warning CS8625: Cannot convert null literal to non-nullable reference type. [/home/runner/work/CA_Scanner/CA_Scanner/ConditionalAccessExporter.Tests/ConditionalAccessExporter.Tests.csproj]
2025-06-13T05:43:00.1802504Z ##[warning]/home/runner/work/CA_Scanner/CA_Scanner/ConditionalAccessExporter.Tests/TestDataFactory.cs(51,44): warning CS8625: Cannot convert null literal to non-nullable reference type. [/home/runner/work/CA_Scanner/CA_Scanner/ConditionalAccessExporter.Tests/ConditionalAccessExporter.Tests.csproj]
2025-06-13T05:43:00.1807499Z ##[warning]/home/runner/work/CA_Scanner/CA_Scanner/ConditionalAccessExporter.Tests/TestDataFactory.cs(51,81): warning CS8625: Cannot convert null literal to non-nullable reference type. [/home/runner/work/CA_Scanner/CA_Scanner/ConditionalAccessExporter.Tests/ConditionalAccessExporter.Tests.csproj]
2025-06-13T05:43:00.1812221Z ##[warning]/home/runner/work/CA_Scanner/CA_Scanner/ConditionalAccessExporter.Tests/TestDataFactory.cs(135,37): warning CS8625: Cannot convert null literal to non-nullable reference type. [/home/runner/work/CA_Scanner/CA_Scanner/ConditionalAccessExporter.Tests/ConditionalAccessExporter.Tests.csproj]
2025-06-13T05:43:00.1817122Z ##[warning]/home/runner/work/CA_Scanner/CA_Scanner/ConditionalAccessExporter.Tests/TestDataFactory.cs(135,67): warning CS8625: Cannot convert null literal to non-nullable reference type. [/home/runner/work/CA_Scanner/CA_Scanner/ConditionalAccessExporter.Tests/ConditionalAccessExporter.Tests.csproj]
2025-06-13T05:43:00.1821854Z ##[warning]/home/runner/work/CA_Scanner/CA_Scanner/ConditionalAccessExporter.Tests/TestDataFactory.cs(246,57): warning CS8625: Cannot convert null literal to non-nullable reference type. [/home/runner/work/CA_Scanner/CA_Scanner/ConditionalAccessExporter.Tests/ConditionalAccessExporter.Tests.csproj]
2025-06-13T05:43:00.1826836Z ##[warning]/home/runner/work/CA_Scanner/CA_Scanner/ConditionalAccessExporter.Tests/PolicyAssertions.cs(138,29): warning CS8602: Dereference of a possibly null reference. [/home/runner/work/CA_Scanner/CA_Scanner/ConditionalAccessExporter.Tests/ConditionalAccessExporter.Tests.csproj]
2025-06-13T05:43:00.1831798Z ##[warning]/home/runner/work/CA_Scanner/CA_Scanner/ConditionalAccessExporter.Tests/PolicyAssertions.cs(139,29): warning CS8602: Dereference of a possibly null reference. [/home/runner/work/CA_Scanner/CA_Scanner/ConditionalAccessExporter.Tests/ConditionalAccessExporter.Tests.csproj]
2025-06-13T05:43:00.1836853Z ##[warning]/home/runner/work/CA_Scanner/CA_Scanner/ConditionalAccessExporter.Tests/CrossFormatPolicyComparisonServiceTests.cs(554,79): warning CS8625: Cannot convert null literal to non-nullable reference type. [/home/runner/work/CA_Scanner/CA_Scanner/ConditionalAccessExporter.Tests/ConditionalAccessExporter.Tests.csproj]
2025-06-13T05:43:00.1839571Z     10 Warning(s)
2025-06-13T05:43:00.1839866Z     0 Error(s)
2025-06-13T05:43:00.1840035Z 
2025-06-13T05:43:00.1840195Z Time Elapsed 00:00:09.57
2025-06-13T05:43:00.2127297Z ##[group]Run dotnet --version && dotnet test --no-build --verbosity normal --collect:"XPlat Code Coverage" --logger "console;verbosity=detailed" --nologo
2025-06-13T05:43:00.2128342Z [36;1mdotnet --version && dotnet test --no-build --verbosity normal --collect:"XPlat Code Coverage" --logger "console;verbosity=detailed" --nologo[0m
2025-06-13T05:43:00.2188174Z shell: /usr/bin/bash -e {0}
2025-06-13T05:43:00.2188437Z env:
2025-06-13T05:43:00.2188642Z   DOTNET_ROOT: /usr/share/dotnet
2025-06-13T05:43:00.2189198Z   AZURE_TENANT_ID: ***
2025-06-13T05:43:00.2189517Z   AZURE_CLIENT_ID: ***
2025-06-13T05:43:00.2189905Z   AZURE_CLIENT_SECRET: ***
2025-06-13T05:43:00.2190164Z ##[endgroup]
2025-06-13T05:43:00.3150087Z 8.0.411
2025-06-13T05:43:00.6756445Z Build started 06/13/2025 05:43:00.
2025-06-13T05:43:00.8491181Z      1>Project "/home/runner/work/CA_Scanner/CA_Scanner/ConditionalAccessExporter.sln" on node 1 (VSTest target(s)).
2025-06-13T05:43:00.8546632Z      1>ValidateSolutionConfiguration:
2025-06-13T05:43:00.8554267Z          Building solution configuration "Debug|Any CPU".
2025-06-13T05:43:01.3822074Z Test run for /home/runner/work/CA_Scanner/CA_Scanner/ConditionalAccessExporter.Tests/bin/Debug/net8.0/ConditionalAccessExporter.Tests.dll (.NETCoreApp,Version=v8.0)
2025-06-13T05:43:01.5526696Z A total of 1 test files matched the specified pattern.
2025-06-13T05:43:01.5528159Z /home/runner/work/CA_Scanner/CA_Scanner/ConditionalAccessExporter.Tests/bin/Debug/net8.0/ConditionalAccessExporter.Tests.dll
2025-06-13T05:43:03.4383863Z [xUnit.net 00:00:00.00] xUnit.net VSTest Adapter v2.5.3.1+6b60a9e56a (64-bit .NET 8.0.17)
2025-06-13T05:43:03.6733241Z [xUnit.net 00:00:00.25]   Discovering: ConditionalAccessExporter.Tests
2025-06-13T05:43:03.7510507Z [xUnit.net 00:00:00.33]   Discovered:  ConditionalAccessExporter.Tests
2025-06-13T05:43:03.7556939Z [xUnit.net 00:00:00.33]   Starting:    ConditionalAccessExporter.Tests
2025-06-13T05:43:03.8798708Z Converting 1 Terraform policies to Graph JSON format using parallel processing...
2025-06-13T05:43:03.8871412Z Starting Conditional Access Policy remediation analysis...
2025-06-13T05:43:03.8913066Z Authentication credentials not found. Please set AZURE_TENANT_ID, AZURE_CLIENT_ID, and AZURE_CLIENT_SECRET environment variables.
2025-06-13T05:43:03.8916701Z Authentication credentials not found. Please set AZURE_TENANT_ID, AZURE_CLIENT_ID, and AZURE_CLIENT_SECRET environment variables.
2025-06-13T05:43:03.8937530Z Authentication credentials not found. Please set AZURE_TENANT_ID, AZURE_CLIENT_ID, and AZURE_CLIENT_SECRET environment variables.
2025-06-13T05:43:03.8939415Z Authentication credentials not found. Please set AZURE_TENANT_ID, AZURE_CLIENT_ID, and AZURE_CLIENT_SECRET environment variables.
2025-06-13T05:43:03.8941159Z Authentication credentials not found. Please set AZURE_TENANT_ID, AZURE_CLIENT_ID, and AZURE_CLIENT_SECRET environment variables.
2025-06-13T05:43:03.8942666Z Starting Conditional Access Policy remediation analysis...
2025-06-13T05:43:03.8943551Z Starting Conditional Access Policy remediation analysis...
2025-06-13T05:43:03.8944261Z Starting Conditional Access Policy remediation analysis...
2025-06-13T05:43:03.8945759Z Starting Conditional Access Policy remediation analysis...
2025-06-13T05:43:03.8976948Z Starting Conditional Access Policy remediation analysis...
2025-06-13T05:43:03.8978593Z Authentication credentials not found. Please set AZURE_TENANT_ID, AZURE_CLIENT_ID, and AZURE_CLIENT_SECRET environment variables.
2025-06-13T05:43:03.8987417Z Starting Conditional Access Policy remediation analysis...
2025-06-13T05:43:03.8994546Z Authentication credentials not found. Please set AZURE_TENANT_ID, AZURE_CLIENT_ID, and AZURE_CLIENT_SECRET environment variables.
2025-06-13T05:43:03.9011661Z Cross-format comparison report generated: /tmp/test-reports/cross-format-comparison-20250613-054303.json
2025-06-13T05:43:03.9420164Z Starting comparison with reference directory: /tmp/test-ref-empty
2025-06-13T05:43:03.9422301Z Starting cross-format comparison between '/tmp/CrossFormatTests_7d86c98c/source' and '/tmp/CrossFormatTests_7d86c98c/reference'
2025-06-13T05:43:03.9476021Z Found 1 policies in Entra export
2025-06-13T05:43:03.9486013Z Validating reference files...
2025-06-13T05:43:03.9497716Z Validating reference directory: /tmp/test-ref-empty
2025-06-13T05:43:03.9502004Z Starting cross-format comparison between '/tmp/CrossFormatIntegrationTests_0230212a/source' and '/tmp/CrossFormatIntegrationTests_0230212a/reference'
2025-06-13T05:43:03.9624274Z   Passed ConditionalAccessExporter.Tests.BaselineGenerationServiceTests.BaselineGenerationOptions_PropertiesSetCorrectly [26 ms]
2025-06-13T05:43:03.9635415Z No JSON files found in directory: /tmp/test-ref-empty. No files were processed.
2025-06-13T05:43:03.9649119Z ✓ All 0 reference files are valid
2025-06-13T05:43:03.9650787Z   Passed ConditionalAccessExporter.Tests.BaselineGenerationServiceTests.BaselineGenerationOptions_DefaultConstructor_SetsDefaults [< 1 ms]
2025-06-13T05:43:03.9653552Z   Passed ConditionalAccessExporter.Tests.BaselineGenerationServiceTests.BaselineGenerationService_Constructor_CreatesInstance [< 1 ms]
2025-06-13T05:43:03.9654615Z   Passed ConditionalAccessExporter.Tests.CrossFormatComparisonTests.CrossFormatMatchingOptions_DefaultValues_ShouldBeCorrect [11 ms]
2025-06-13T05:43:03.9659551Z   Passed ConditionalAccessExporter.Tests.RemediatePoliciesAsyncTests.RemediatePoliciesAsync_AcceptsValidRiskLevels(riskLevel: "All") [8 ms]
2025-06-13T05:43:03.9661581Z   Passed ConditionalAccessExporter.Tests.RemediatePoliciesAsyncTests.RemediatePoliciesAsync_AcceptsValidRiskLevels(riskLevel: "High") [< 1 ms]
2025-06-13T05:43:03.9663687Z   Passed ConditionalAccessExporter.Tests.RemediatePoliciesAsyncTests.RemediatePoliciesAsync_AcceptsValidRiskLevels(riskLevel: "Critical") [< 1 ms]
2025-06-13T05:43:03.9666093Z   Passed ConditionalAccessExporter.Tests.RemediatePoliciesAsyncTests.RemediatePoliciesAsync_AcceptsValidRiskLevels(riskLevel: "Low") [< 1 ms]
2025-06-13T05:43:03.9668218Z   Passed ConditionalAccessExporter.Tests.RemediatePoliciesAsyncTests.RemediatePoliciesAsync_AcceptsValidRiskLevels(riskLevel: "Medium") [< 1 ms]
2025-06-13T05:43:03.9670151Z   Passed ConditionalAccessExporter.Tests.RemediatePoliciesAsyncTests.RemediatePoliciesAsync_CreatesOutputDirectory [7 ms]
2025-06-13T05:43:03.9672092Z   Passed ConditionalAccessExporter.Tests.RemediatePoliciesAsyncTests.RemediatePoliciesAsync_WithoutCredentials_ReturnsErrorExitCode [2 ms]
2025-06-13T05:43:03.9673668Z Converting policies: Progress: 1/1 (100.0%) - 40.0 items/sec, ETA: 00:00
2025-06-13T05:43:03.9674500Z No JSON files found in reference directory '/tmp/test-ref-empty'
2025-06-13T05:43:03.9675143Z Found 0 reference policy files
2025-06-13T05:43:03.9683995Z Policy conversion completed in 80ms
2025-06-13T05:43:03.9690798Z Average speed: 12.4 policies/second
2025-06-13T05:43:03.9700669Z Starting cross-format comparison between '/tmp/test-source' and '/tmp/test-reference'
2025-06-13T05:43:03.9904783Z Found 1 source policies (Json) and 1 reference policies (Terraform)
2025-06-13T05:43:03.9939176Z Found 0 source policies (Mixed) and 1 reference policies (Terraform)
2025-06-13T05:43:03.9950650Z Starting comparison with reference directory: /tmp/test-ref-id-nomatch
2025-06-13T05:43:03.9961913Z Found 1 policies in Entra export
2025-06-13T05:43:03.9962446Z Validating reference files...
2025-06-13T05:43:03.9963063Z Validating reference directory: /tmp/test-ref-id-nomatch
2025-06-13T05:43:03.9963809Z Validating 1 policy files using parallel processing...
2025-06-13T05:43:04.0135848Z   Passed ConditionalAccessExporter.Tests.CrossFormatComparisonTests.CrossFormatReportGeneration_ShouldCreateValidJsonReport [38 ms]
2025-06-13T05:43:04.0138066Z   Passed ConditionalAccessExporter.Tests.PolicyComparisonServiceTests.CompareAsync_EntraOnlyPolicy_ShouldReportAsEntraOnly [74 ms]
2025-06-13T05:43:04.0141170Z   Passed ConditionalAccessExporter.Tests.TerraformParsingServiceTests.ParseTerraformFileAsync_ValidTfFileWithSinglePolicy_ShouldParseSuccessfully [181 ms]
2025-06-13T05:43:04.0145161Z   Passed ConditionalAccessExporter.Tests.CrossFormatPolicyComparisonServiceSpecificMethodTests.CompareJsonToTerraformAsync_EmptyEntraExport_ShouldReturnEmptyResult [142 ms]
2025-06-13T05:43:04.0147907Z   Passed ConditionalAccessExporter.Tests.CrossFormatPolicyComparisonServiceTests.ComparePoliciesAsync_EmptySourceDirectory_ShouldHandleGracefully [76 ms]
2025-06-13T05:43:04.0182046Z Starting cross-format comparison between '/tmp/CrossFormatTests_9acf4c63/source' and '/tmp/CrossFormatTests_9acf4c63/reference'
2025-06-13T05:43:04.0246324Z Found 1 source policies (Json) and 1 reference policies (Terraform)
2025-06-13T05:43:04.0421115Z Starting cross-format comparison between '/tmp/CrossFormatTests_55d655a6/source' and '/tmp/CrossFormatTests_55d655a6/reference'
2025-06-13T05:43:04.0423024Z   Passed ConditionalAccessExporter.Tests.CrossFormatComparisonTests.CrossFormatComparison_WithSampleData_ShouldProduceValidResults [108 ms]
2025-06-13T05:43:04.0425476Z   Passed ConditionalAccessExporter.Tests.TerraformParsingServiceTests.ParseTerraformFileAsync_TfFileWithUnsupportedResources_ShouldIgnoreOtherResources [9 ms]
2025-06-13T05:43:04.0428176Z   Passed ConditionalAccessExporter.Tests.CrossFormatPolicyComparisonServiceSpecificMethodTests.CompareJsonToTerraformAsync_ArrayOrderDifference_ShouldDetectSemanticEquivalence [12 ms]
2025-06-13T05:43:04.0431047Z   Passed ConditionalAccessExporter.Tests.CrossFormatPolicyComparisonServiceSpecificMethodTests.CompareJsonToTerraformAsync_DifferentPolicies_ShouldReturnDifferentStatus [5 ms]
2025-06-13T05:43:04.0433944Z   Passed ConditionalAccessExporter.Tests.CrossFormatPolicyComparisonServiceSpecificMethodTests.CompareJsonToTerraformAsync_CaseInsensitiveValues_ShouldDetectSemanticEquivalence [6 ms]
2025-06-13T05:43:04.0436733Z   Passed ConditionalAccessExporter.Tests.TerraformParsingServiceTests.ParseTerraformFileAsync_TfFileWithLocalsOnly_ShouldParseLocals [16 ms]
2025-06-13T05:43:04.0439382Z   Passed ConditionalAccessExporter.Tests.JsonToTerraformServiceTests.ConvertJsonToTerraformAsync_WithDifferentStates_ShouldIncludeStateCorrectly(inputState: "disabled", expectedOutputState: "disabled") [226 ms]
2025-06-13T05:43:04.0468415Z Found 1 source policies (Json) and 0 reference policies (Mixed)
2025-06-13T05:43:04.0470888Z Starting cross-format comparison between '/tmp/CrossFormatSpecificTests_3f17c500/nonexistent_source' and '/tmp/CrossFormatSpecificTests_3f17c500/terraform_policies'
2025-06-13T05:43:04.0492755Z Starting cross-format comparison between '/tmp/CrossFormatTests_83221a8c/source' and '/tmp/CrossFormatTests_83221a8c/reference'
2025-06-13T05:43:04.0508829Z Found 0 source policies (Mixed) and 0 reference policies (Mixed)
2025-06-13T05:43:04.0537564Z Found 0 source policies (Unknown) and 1 reference policies (Terraform)
2025-06-13T05:43:04.0561808Z Starting cross-format comparison between '/tmp/CrossFormatTests_daf37ae5/source' and '/tmp/CrossFormatTests_daf37ae5/reference'
2025-06-13T05:43:04.0619446Z Terraform parsing error: Directory not found: /tmp/CrossFormatSpecificTests_bebdec92/nonexistent
2025-06-13T05:43:04.0636422Z Found 1 source policies (Json) and 1 reference policies (Terraform)
2025-06-13T05:43:04.0676952Z   Passed ConditionalAccessExporter.Tests.TerraformParsingServiceTests.ParseTerraformFileAsync_FileDoesNotExist_ShouldReturnError [< 1 ms]
2025-06-13T05:43:04.0679690Z   Passed ConditionalAccessExporter.Tests.CrossFormatPolicyComparisonServiceTests.ComparePoliciesAsync_SemanticallyEquivalentPolicies_ShouldReturnSemanticallyEquivalentStatus [25 ms]
2025-06-13T05:43:04.0682550Z   Passed ConditionalAccessExporter.Tests.CrossFormatPolicyComparisonServiceSpecificMethodTests.CompareJsonToTerraformAsync_ValidEntraExportAndTerraformDirectory_ShouldReturnComparisonResult [11 ms]
2025-06-13T05:43:04.0685466Z   Passed ConditionalAccessExporter.Tests.CrossFormatPolicyComparisonServiceTests.ComparePoliciesAsync_SourceOnlyPolicy_ShouldReturnSourceOnlyStatus [6 ms]
2025-06-13T05:43:04.0688037Z   Passed ConditionalAccessExporter.Tests.CrossFormatPolicyComparisonServiceTests.ComparePoliciesAsync_BothDirectoriesEmpty_ShouldReturnEmptyResult [4 ms]
2025-06-13T05:43:04.0690641Z   Passed ConditionalAccessExporter.Tests.JsonToTerraformServiceTests.ConvertJsonToTerraformAsync_WithDifferentStates_ShouldIncludeStateCorrectly(inputState: "enabled", expectedOutputState: "enabled") [14 ms]
2025-06-13T05:43:04.0724858Z   Passed ConditionalAccessExporter.Tests.TerraformParsingServiceTests.ParseTerraformFileAsync_TfFileWithVariablesOnly_ShouldParseVariables [13 ms]
2025-06-13T05:43:04.0729774Z   Passed ConditionalAccessExporter.Tests.CrossFormatPolicyComparisonServiceSpecificMethodTests.CompareAsync_NonExistentSourceDirectory_ShouldHandleGracefully [8 ms]
2025-06-13T05:43:04.0732880Z   Passed ConditionalAccessExporter.Tests.TerraformParsingServiceTests.ParseTerraformFileAsync_EmptyFile_ShouldReturnEmptyPolicies [2 ms]
2025-06-13T05:43:04.0740315Z   Passed ConditionalAccessExporter.Tests.JsonToTerraformServiceTests.ConvertJsonToTerraformAsync_WithDifferentStates_ShouldIncludeStateCorrectly(inputState: "enabledForReportingButNotEnforced", expectedOutputState: "enabledforreportingbutnotenforced") [5 ms]
2025-06-13T05:43:04.0744354Z   Passed ConditionalAccessExporter.Tests.TerraformParsingServiceTests.ParseTerraformDirectoryAsync_DirectoryWithMixedFileTypes_ShouldOnlyProcessTerraformFiles [6 ms]
2025-06-13T05:43:04.0748359Z   Passed ConditionalAccessExporter.Tests.CrossFormatPolicyComparisonServiceSpecificMethodTests.CompareJsonToTerraformAsync_DisableSemanticComparison_ShouldPerformExactComparison [6 ms]
2025-06-13T05:43:04.0751767Z   Passed ConditionalAccessExporter.Tests.CrossFormatPolicyComparisonServiceSpecificMethodTests.CompareJsonToTerraformAsync_NonExistentTerraformDirectory_ShouldHandleGracefully [1 ms]
2025-06-13T05:43:04.0908488Z Starting cross-format comparison between '/tmp/CrossFormatSpecificTests_6e97c058/json_policies' and '/tmp/CrossFormatSpecificTests_6e97c058/terraform_policies'
2025-06-13T05:43:04.0915953Z Found 1 source policies (Json) and 1 reference policies (Terraform)
2025-06-13T05:43:04.0958214Z Starting cross-format comparison between '/tmp/CrossFormatTests_fad68c27/source' and '/tmp/CrossFormatTests_fad68c27/reference'
2025-06-13T05:43:04.0979754Z Validation completed: 0 valid, 1 invalid files
2025-06-13T05:43:04.0984454Z Processing time: 101ms
2025-06-13T05:43:04.0985102Z Average speed: 9.9 files/second
2025-06-13T05:43:04.0986131Z Reference file validation failed. Found 1 invalid files out of 1.
2025-06-13T05:43:04.0999104Z [xUnit.net 00:00:00.67]     ConditionalAccessExporter.Tests.CrossFormatPolicyComparisonServiceTests.ComparePoliciesAsync_NullMatchingOptions_ShouldUseDefaults [FAIL]
2025-06-13T05:43:04.1000795Z   ✗ policy1.json: 2 errors
2025-06-13T05:43:04.1001722Z [xUnit.net 00:00:00.68]       System.NullReferenceException : Object reference not set to an instance of an object.
2025-06-13T05:43:04.1014560Z     - Required properties are missing from object: displayName, conditions, grantControls, state. Path '', line 1, position 1.
2025-06-13T05:43:04.1016732Z [xUnit.net 00:00:00.68]       Stack Trace:
2025-06-13T05:43:04.1023010Z [xUnit.net 00:00:00.68]         /home/runner/work/CA_Scanner/CA_Scanner/ConditionalAccessExporter/Services/CrossFormatPolicyComparisonService.cs(569,0): at ConditionalAccessExporter.Services.CrossFormatPolicyComparisonService.FindMatchingPolicy(NormalizedPolicy sourcePolicy, List`1 referencePolicies, CrossFormatMatchingOptions matchingOptions)
2025-06-13T05:43:04.1044077Z [xUnit.net 00:00:00.68]         /home/runner/work/CA_Scanner/CA_Scanner/ConditionalAccessExporter/Services/CrossFormatPolicyComparisonService.cs(532,0): at ConditionalAccessExporter.Services.CrossFormatPolicyComparisonService.ComparePolicy(NormalizedPolicy sourcePolicy, List`1 referencePolicies, CrossFormatMatchingOptions matchingOptions)
2025-06-13T05:43:04.1095582Z [xUnit.net 00:00:00.68]         /home/runner/work/CA_Scanner/CA_Scanner/ConditionalAccessExporter/Services/CrossFormatPolicyComparisonService.cs(476,0): at ConditionalAccessExporter.Services.CrossFormatPolicyComparisonService.PerformCrossFormatComparison(CrossFormatComparisonResult result, List`1 sourcePolicies, List`1 referencePolicies, CrossFormatMatchingOptions matchingOptions)
2025-06-13T05:43:04.1100565Z [xUnit.net 00:00:00.68]         /home/runner/work/CA_Scanner/CA_Scanner/ConditionalAccessExporter/Services/CrossFormatPolicyComparisonService.cs(53,0): at ConditionalAccessExporter.Services.CrossFormatPolicyComparisonService.CompareAsync(String sourceDirectory, String referenceDirectory, CrossFormatMatchingOptions matchingOptions)
2025-06-13T05:43:04.1104809Z [xUnit.net 00:00:00.68]         /home/runner/work/CA_Scanner/CA_Scanner/ConditionalAccessExporter.Tests/CrossFormatPolicyComparisonServiceTests.cs(554,0): at ConditionalAccessExporter.Tests.CrossFormatPolicyComparisonServiceTests.ComparePoliciesAsync_NullMatchingOptions_ShouldUseDefaults()
2025-06-13T05:43:04.1107417Z [xUnit.net 00:00:00.68]         --- End of stack trace from previous location ---
2025-06-13T05:43:04.1108364Z       Suggestion: Ensure the policy structure matches the defined schema. Check field names and types.
2025-06-13T05:43:04.1109173Z     - Display name is missing or empty.
2025-06-13T05:43:04.1109766Z       Suggestion: Provide a descriptive display name for the policy.
2025-06-13T05:43:04.1110554Z Loading 1 reference policy files using parallel processing...
2025-06-13T05:43:04.1150951Z Found 1 source policies (Json) and 1 reference policies (Terraform)
2025-06-13T05:43:04.1152972Z Loading reference files: Progress: 1/1 (100.0%) - 284.3 items/sec, ETA: 00:00
2025-06-13T05:43:04.1154251Z Reference file loading completed: 1 files loaded successfully
2025-06-13T05:43:04.1155444Z Processing time: 4ms
2025-06-13T05:43:04.1156903Z Average speed: 232.7 files/second
2025-06-13T05:43:04.1157633Z Found 1 reference policy files
2025-06-13T05:43:04.1158951Z Starting cross-format comparison between '/tmp/CrossFormatTests_65098c54/source' and '/tmp/CrossFormatTests_65098c54/reference'
2025-06-13T05:43:04.1163699Z Found 1 source policies (Json) and 1 reference policies (Terraform)
2025-06-13T05:43:04.1166096Z   Passed ConditionalAccessExporter.Tests.TerraformParsingServiceTests.ParseTerraformDirectoryAsync_DirectoryWithMultipleTfFiles_ShouldAggregateAll [8 ms]
2025-06-13T05:43:04.1168665Z   Passed ConditionalAccessExporter.Tests.TerraformParsingServiceTests.ParseTerraformDirectoryAsync_DirectoryDoesNotExist_ShouldReturnError [< 1 ms]
2025-06-13T05:43:04.1171093Z   Passed ConditionalAccessExporter.Tests.TerraformParsingServiceTests.ParseTerraformFileAsync_TfFileWithSyntaxErrors_ShouldHandleGracefully [7 ms]
2025-06-13T05:43:04.1173458Z   Passed ConditionalAccessExporter.Tests.CrossFormatPolicyComparisonServiceSpecificMethodTests.CompareJsonToTerraformAsync_IdenticalPolicies_ShouldReturnIdenticalStatus [16 ms]
2025-06-13T05:43:04.1176205Z   Passed ConditionalAccessExporter.Tests.CrossFormatPolicyComparisonServiceSpecificMethodTests.CompareAsync_ValidDirectories_ShouldReturnComparisonResult [12 ms]
2025-06-13T05:43:04.1178485Z   Failed ConditionalAccessExporter.Tests.CrossFormatPolicyComparisonServiceTests.ComparePoliciesAsync_NullMatchingOptions_ShouldUseDefaults [16 ms]
2025-06-13T05:43:04.1179768Z   Error Message:
2025-06-13T05:43:04.1180718Z    System.NullReferenceException : Object reference not set to an instance of an object.
2025-06-13T05:43:04.1181417Z   Stack Trace:
2025-06-13T05:43:04.1183740Z      at ConditionalAccessExporter.Services.CrossFormatPolicyComparisonService.FindMatchingPolicy(NormalizedPolicy sourcePolicy, List`1 referencePolicies, CrossFormatMatchingOptions matchingOptions) in /home/runner/work/CA_Scanner/CA_Scanner/ConditionalAccessExporter/Services/CrossFormatPolicyComparisonService.cs:line 569
2025-06-13T05:43:04.1188191Z    at ConditionalAccessExporter.Services.CrossFormatPolicyComparisonService.ComparePolicy(NormalizedPolicy sourcePolicy, List`1 referencePolicies, CrossFormatMatchingOptions matchingOptions) in /home/runner/work/CA_Scanner/CA_Scanner/ConditionalAccessExporter/Services/CrossFormatPolicyComparisonService.cs:line 532
2025-06-13T05:43:04.1193148Z    at ConditionalAccessExporter.Services.CrossFormatPolicyComparisonService.PerformCrossFormatComparison(CrossFormatComparisonResult result, List`1 sourcePolicies, List`1 referencePolicies, CrossFormatMatchingOptions matchingOptions) in /home/runner/work/CA_Scanner/CA_Scanner/ConditionalAccessExporter/Services/CrossFormatPolicyComparisonService.cs:line 476
2025-06-13T05:43:04.1198073Z    at ConditionalAccessExporter.Services.CrossFormatPolicyComparisonService.CompareAsync(String sourceDirectory, String referenceDirectory, CrossFormatMatchingOptions matchingOptions) in /home/runner/work/CA_Scanner/CA_Scanner/ConditionalAccessExporter/Services/CrossFormatPolicyComparisonService.cs:line 53
2025-06-13T05:43:04.1202122Z    at ConditionalAccessExporter.Tests.CrossFormatPolicyComparisonServiceTests.ComparePoliciesAsync_NullMatchingOptions_ShouldUseDefaults() in /home/runner/work/CA_Scanner/CA_Scanner/ConditionalAccessExporter.Tests/CrossFormatPolicyComparisonServiceTests.cs:line 554
2025-06-13T05:43:04.1204425Z --- End of stack trace from previous location ---
2025-06-13T05:43:04.1206114Z   Passed ConditionalAccessExporter.Tests.CrossFormatPolicyComparisonServiceTests.ComparePoliciesAsync_DifferentPolicies_ShouldReturnDifferentStatus [13 ms]
2025-06-13T05:43:04.1245564Z Starting comparison with reference directory: /tmp/test-ref-case-insensitive
2025-06-13T05:43:04.1253778Z Found 1 policies in Entra export
2025-06-13T05:43:04.1254634Z Validating reference files...
2025-06-13T05:43:04.1255754Z Validating reference directory: /tmp/test-ref-case-insensitive
2025-06-13T05:43:04.1256724Z Validating 1 policy files using parallel processing...
2025-06-13T05:43:04.1257562Z Validation completed: 0 valid, 1 invalid files
2025-06-13T05:43:04.1258277Z Processing time: 1ms
2025-06-13T05:43:04.1258796Z Average speed: 1698.4 files/second
2025-06-13T05:43:04.1259657Z       Suggestion: Ensure the policy structure matches the defined schema. Check field names and types.
2025-06-13T05:43:04.1260695Z       Suggestion: Provide a descriptive display name for the policy.
2025-06-13T05:43:04.1261559Z Loading 1 reference policy files using parallel processing...
2025-06-13T05:43:04.1262556Z Reference file loading completed: 1 files loaded successfully
2025-06-13T05:43:04.1263369Z Processing time: 0ms
2025-06-13T05:43:04.1263904Z Average speed: 2893.5 files/second
2025-06-13T05:43:04.1264488Z Found 1 reference policy files
2025-06-13T05:43:04.1266150Z Starting cross-format comparison between '/tmp/CrossFormatSpecificTests_9e846a68/json_policies' and '/tmp/CrossFormatSpecificTests_9e846a68/terraform_policies'
2025-06-13T05:43:04.1267937Z Reference file validation failed. Found 1 invalid files out of 1.
2025-06-13T05:43:04.1271034Z   ✗ policy1.json: 2 errors
2025-06-13T05:43:04.1271923Z     - Required properties are missing from object: displayName, conditions, grantControls, state. Path '', line 1, position 1.
2025-06-13T05:43:04.1272887Z     - Display name is missing or empty.
2025-06-13T05:43:04.1273678Z Loading reference files: Progress: 1/1 (100.0%) - 5078.7 items/sec, ETA: 00:00
2025-06-13T05:43:04.1303298Z Starting cross-format comparison between '/tmp/CrossFormatTests_ac45436c/source' and '/tmp/CrossFormatTests_ac45436c/reference'
2025-06-13T05:43:04.1329569Z Found 1 source policies (Json) and 1 reference policies (Terraform)
2025-06-13T05:43:04.1331129Z Starting cross-format comparison between '/tmp/CrossFormatSpecificTests_9e846a68/json_policies' and '/tmp/CrossFormatSpecificTests_9e846a68/terraform_policies'
2025-06-13T05:43:04.1348942Z Found 1 source policies (Json) and 1 reference policies (Terraform)
2025-06-13T05:43:04.1354087Z Starting cross-format comparison between '/tmp/CrossFormatSpecificTests_9e846a68/json_policies' and '/tmp/CrossFormatSpecificTests_9e846a68/terraform_policies'
2025-06-13T05:43:04.1358103Z Found 1 source policies (Json) and 1 reference policies (Terraform)
2025-06-13T05:43:04.1373388Z   Passed ConditionalAccessExporter.Tests.PolicyComparisonServiceTests.CompareAsync_MatchingById_DifferentIds_ShouldNotMatch [134 ms]
2025-06-13T05:43:04.1375945Z   Passed ConditionalAccessExporter.Tests.CrossFormatPolicyComparisonServiceSpecificMethodTests.CompareJsonToTerraformAsync_CustomMappingStrategy_ShouldUseCustomMappings [18 ms]
2025-06-13T05:43:04.1378711Z   Passed ConditionalAccessExporter.Tests.CrossFormatPolicyComparisonServiceSpecificMethodTests.CompareJsonToTerraformAsync_EmptyTerraformDirectory_ShouldReturnSourceOnlyPolicies [1 ms]
2025-06-13T05:43:04.1380572Z Found 1 source policies (Json) and 1 reference policies (Terraform)
2025-06-13T05:43:04.1382089Z   Passed ConditionalAccessExporter.Tests.CrossFormatPolicyComparisonServiceTests.ComparePoliciesAsync_ByNameCaseSensitive_ShouldRespectCaseSensitivity [18 ms]
2025-06-13T05:43:04.1384233Z   Passed ConditionalAccessExporter.Tests.JsonToTerraformServiceTests.ConvertJsonToTerraformAsync_WithUserConditions_ShouldMapCorrectly [67 ms]
2025-06-13T05:43:04.1386399Z   Passed ConditionalAccessExporter.Tests.PolicyComparisonServiceTests.CompareAsync_CaseSensitiveFalse_DifferentCase_ShouldMatch [21 ms]
2025-06-13T05:43:04.1467048Z Starting cross-format comparison between '/tmp/CrossFormatSpecificTests_9e846a68/json_policies' and '/tmp/CrossFormatSpecificTests_9e846a68/terraform_policies'
2025-06-13T05:43:04.1527177Z Starting cross-format comparison between '/tmp/CrossFormatTests_ca718136/nonexistent-source' and '/tmp/CrossFormatTests_ca718136/reference'
2025-06-13T05:43:04.1530002Z Found 0 source policies (Unknown) and 0 reference policies (Mixed)
2025-06-13T05:43:04.1531165Z Found 1 source policies (Json) and 1 reference policies (Terraform)
2025-06-13T05:43:04.1532369Z Starting comparison with reference directory: /tmp/test-ref-mixed
2025-06-13T05:43:04.1533743Z Found 3 policies in Entra export
2025-06-13T05:43:04.1588275Z Validating reference files...
2025-06-13T05:43:04.1589473Z Validating reference directory: /tmp/test-ref-mixed
2025-06-13T05:43:04.1590507Z Validating 3 policy files using parallel processing...
2025-06-13T05:43:04.1592013Z Starting cross-format comparison between '/tmp/CrossFormatTests_4b6b34fb/source' and '/tmp/CrossFormatTests_4b6b34fb/reference'
2025-06-13T05:43:04.1593358Z Validation completed: 0 valid, 3 invalid files
2025-06-13T05:43:04.1593994Z Processing time: 6ms
2025-06-13T05:43:04.1594490Z Average speed: 480.1 files/second
2025-06-13T05:43:04.1595592Z       Suggestion: Ensure the policy structure matches the defined schema. Check field names and types.
2025-06-13T05:43:04.1596754Z       Suggestion: Provide a descriptive display name for the policy.
2025-06-13T05:43:04.1597799Z       Suggestion: Ensure the policy structure matches the defined schema. Check field names and types.
2025-06-13T05:43:04.1599609Z       Suggestion: Provide a descriptive display name for the policy.
2025-06-13T05:43:04.1600536Z       Suggestion: Ensure the policy structure matches the defined schema. Check field names and types.
2025-06-13T05:43:04.1601442Z       Suggestion: Provide a descriptive display name for the policy.
2025-06-13T05:43:04.1602259Z Loading 3 reference policy files using parallel processing...
2025-06-13T05:43:04.1603050Z Reference file validation failed. Found 3 invalid files out of 3.
2025-06-13T05:43:04.1603950Z   ✗ policy2.json: 2 errors
2025-06-13T05:43:04.1605132Z     - Required properties are missing from object: displayName, conditions, grantControls, state. Path '', line 1, position 1.
2025-06-13T05:43:04.1606287Z     - Display name is missing or empty.
2025-06-13T05:43:04.1606871Z   ✗ policy1.json: 2 errors
2025-06-13T05:43:04.1607761Z     - Required properties are missing from object: displayName, conditions, grantControls, state. Path '', line 1, position 1.
2025-06-13T05:43:04.1608743Z     - Display name is missing or empty.
2025-06-13T05:43:04.1609328Z   ✗ policy4.json: 2 errors
2025-06-13T05:43:04.1610214Z     - Required properties are missing from object: displayName, conditions, grantControls, state. Path '', line 1, position 1.
2025-06-13T05:43:04.1611180Z     - Display name is missing or empty.
2025-06-13T05:43:04.1650344Z Loading reference files: Progress: 1/3 (33.3%) - 664.2 items/sec, ETA: 00:00
2025-06-13T05:43:04.1657006Z Loading reference files: Progress: 2/3 (66.7%) - 1203.3 items/sec, ETA: 00:00
2025-06-13T05:43:04.1657983Z Loading reference files: Progress: 3/3 (100.0%) - 1665.8 items/sec, ETA: 00:00
2025-06-13T05:43:04.1658857Z Reference file loading completed: 3 files loaded successfully
2025-06-13T05:43:04.1659454Z Processing time: 2ms
2025-06-13T05:43:04.1659862Z Average speed: 1250.2 files/second
2025-06-13T05:43:04.1660363Z Found 3 reference policy files
2025-06-13T05:43:04.1661016Z Found 1 source policies (Json) and 1 reference policies (Terraform)
2025-06-13T05:43:04.1682243Z Starting comparison with reference directory: /tmp/test-ref-different
2025-06-13T05:43:04.1686190Z Found 1 policies in Entra export
2025-06-13T05:43:04.1691718Z Validating reference files...
2025-06-13T05:43:04.1697109Z Validating reference directory: /tmp/test-ref-different
2025-06-13T05:43:04.1713479Z Reference file validation failed. Found 1 invalid files out of 1.
2025-06-13T05:43:04.1717841Z   ✗ policy1.json: 2 errors
2025-06-13T05:43:04.1718899Z     - Required properties are missing from object: displayName, conditions, grantControls, state. Path '', line 1, position 1.
2025-06-13T05:43:04.1721135Z     - Display name is missing or empty.
2025-06-13T05:43:04.1723000Z Validating 1 policy files using parallel processing...
2025-06-13T05:43:04.1724854Z Validation completed: 0 valid, 1 invalid files
2025-06-13T05:43:04.1726842Z Processing time: 1ms
2025-06-13T05:43:04.1728534Z Average speed: 1560.5 files/second
2025-06-13T05:43:04.1730582Z       Suggestion: Ensure the policy structure matches the defined schema. Check field names and types.
2025-06-13T05:43:04.1732344Z       Suggestion: Provide a descriptive display name for the policy.
2025-06-13T05:43:04.1733685Z Loading 1 reference policy files using parallel processing...
2025-06-13T05:43:04.1735482Z Loading reference files: Progress: 1/1 (100.0%) - 4456.3 items/sec, ETA: 00:00
2025-06-13T05:43:04.1736850Z Reference file loading completed: 1 files loaded successfully
2025-06-13T05:43:04.1738344Z Processing time: 0ms
2025-06-13T05:43:04.1738782Z Average speed: 2019.0 files/second
2025-06-13T05:43:04.1739256Z Found 1 reference policy files
2025-06-13T05:43:04.1740342Z Starting cross-format comparison between '/tmp/CrossFormatTests_06c38c1b/source' and '/tmp/CrossFormatTests_06c38c1b/reference'
2025-06-13T05:43:04.1784850Z   Passed ConditionalAccessExporter.Tests.JsonToTerraformServiceTests.ConvertJsonToTerraformAsync_WithMultiplePolicies_ShouldGenerateMultipleResources [8 ms]
2025-06-13T05:43:04.1789513Z   Passed ConditionalAccessExporter.Tests.CrossFormatPolicyComparisonServiceTests.ComparePoliciesAsync_IdenticalPolicies_ShouldReturnIdenticalStatus [12 ms]
2025-06-13T05:43:04.1795185Z   Passed ConditionalAccessExporter.Tests.CrossFormatPolicyComparisonServiceTests.ComparePoliciesAsync_NonExistentSourceDirectory_ShouldHandleGracefully [1 ms]
2025-06-13T05:43:04.1797752Z   Passed ConditionalAccessExporter.Tests.JsonToTerraformServiceTests.ConvertJsonToTerraformAsync_WithEmptyPoliciesList_ShouldReturnError [10 ms]
2025-06-13T05:43:04.1800040Z   Passed ConditionalAccessExporter.Tests.CrossFormatPolicyComparisonServiceSpecificMethodTests.CompareAsync_DifferentMatchingStrategies_ShouldHandleProperly [40 ms]
2025-06-13T05:43:04.1802676Z   Passed ConditionalAccessExporter.Tests.PolicyComparisonServiceTests.CompareAsync_MultipleDifferenceTypes_ShouldReportCorrectly [29 ms]
2025-06-13T05:43:04.1804762Z   Passed ConditionalAccessExporter.Tests.CrossFormatPolicyComparisonServiceTests.ComparePoliciesAsync_VeryLongPolicyNames_ShouldHandleCorrectly [25 ms]
2025-06-13T05:43:04.1819530Z Starting comparison with reference directory: /tmp/test-ref-custom-mapping
2025-06-13T05:43:04.1825055Z Found 1 policies in Entra export
2025-06-13T05:43:04.1826088Z Validating reference files...
2025-06-13T05:43:04.1827729Z Validating reference directory: /tmp/test-ref-custom-mapping
2025-06-13T05:43:04.1828785Z Validating 1 policy files using parallel processing...
2025-06-13T05:43:04.1853017Z Reference file validation failed. Found 1 invalid files out of 1.
2025-06-13T05:43:04.1855175Z   ✗ reference-policy.json: 2 errors
2025-06-13T05:43:04.1856386Z     - Required properties are missing from object: displayName, conditions, grantControls, state. Path '', line 1, position 1.
2025-06-13T05:43:04.1857462Z     - Display name is missing or empty.
2025-06-13T05:43:04.1858026Z Validation completed: 0 valid, 1 invalid files
2025-06-13T05:43:04.1858537Z Processing time: 2ms
2025-06-13T05:43:04.1858961Z Average speed: 427.8 files/second
2025-06-13T05:43:04.1859729Z       Suggestion: Ensure the policy structure matches the defined schema. Check field names and types.
2025-06-13T05:43:04.1860674Z       Suggestion: Provide a descriptive display name for the policy.
2025-06-13T05:43:04.1861469Z Found 1 source policies (Terraform) and 1 reference policies (Json)
2025-06-13T05:43:04.1862222Z Loading 1 reference policy files using parallel processing...
2025-06-13T05:43:04.1863096Z Loading reference files: Progress: 1/1 (100.0%) - 5599.1 items/sec, ETA: 00:00
2025-06-13T05:43:04.1863925Z Reference file loading completed: 1 files loaded successfully
2025-06-13T05:43:04.1864509Z Processing time: 1ms
2025-06-13T05:43:04.1864923Z Average speed: 1980.2 files/second
2025-06-13T05:43:04.1865601Z Found 1 reference policy files
2025-06-13T05:43:04.1990412Z Starting comparison with reference directory: /tmp/test-timestamp
2025-06-13T05:43:04.1991193Z Found 0 policies in Entra export
2025-06-13T05:43:04.1991690Z Validating reference files...
2025-06-13T05:43:04.1992253Z Validating reference directory: /tmp/test-timestamp
2025-06-13T05:43:04.1993116Z No JSON files found in directory: /tmp/test-timestamp. No files were processed.
2025-06-13T05:43:04.1994062Z ✓ All 0 reference files are valid
2025-06-13T05:43:04.1994709Z No JSON files found in reference directory '/tmp/test-timestamp'
2025-06-13T05:43:04.1995593Z Found 0 reference policy files
2025-06-13T05:43:04.2010692Z Converting 1 Terraform policies to Graph JSON format using parallel processing...
2025-06-13T05:43:04.2021278Z Starting comparison with reference directory: dummy-path
2025-06-13T05:43:04.2021927Z Found 2 policies in Entra export
2025-06-13T05:43:04.2022417Z Validating reference files...
2025-06-13T05:43:04.2022927Z Validating reference directory: dummy-path
2025-06-13T05:43:04.2023725Z Converting policies: Progress: 1/1 (100.0%) - 1718.8 items/sec, ETA: 00:00
2025-06-13T05:43:04.2030504Z Found 0 reference policy files
2025-06-13T05:43:04.2031167Z Reference file validation failed. Found 0 invalid files out of 0.
2025-06-13T05:43:04.2031869Z Reference directory 'dummy-path' does not exist
2025-06-13T05:43:04.2032435Z Policy conversion completed in 1ms
2025-06-13T05:43:04.2032909Z Average speed: 1348.1 policies/second
2025-06-13T05:43:04.2063214Z Starting cross-format comparison between '/tmp/CrossFormatTests_2d43189d/source' and '/tmp/CrossFormatTests_2d43189d/reference'
2025-06-13T05:43:04.2081705Z Starting comparison with reference directory: /tmp/test-ref-identical
2025-06-13T05:43:04.2085119Z Found 1 policies in Entra export
2025-06-13T05:43:04.2085816Z Validating reference files...
2025-06-13T05:43:04.2086740Z Validating reference directory: /tmp/test-ref-identical
2025-06-13T05:43:04.2087489Z Validating 1 policy files using parallel processing...
2025-06-13T05:43:04.2088143Z Validation completed: 0 valid, 1 invalid files
2025-06-13T05:43:04.2127374Z Processing time: 1ms
2025-06-13T05:43:04.2128128Z Average speed: 1448.0 files/second
2025-06-13T05:43:04.2134383Z       Suggestion: Ensure the policy structure matches the defined schema. Check field names and types.
2025-06-13T05:43:04.2136272Z       Suggestion: Provide a descriptive display name for the policy.
2025-06-13T05:43:04.2156185Z Loading 1 reference policy files using parallel processing...
2025-06-13T05:43:04.2169071Z Reference file validation failed. Found 1 invalid files out of 1.
2025-06-13T05:43:04.2170098Z   ✗ policy1.json: 2 errors
2025-06-13T05:43:04.2174156Z     - Required properties are missing from object: displayName, conditions, grantControls, state. Path '', line 1, position 1.
2025-06-13T05:43:04.2175419Z     - Display name is missing or empty.
2025-06-13T05:43:04.2194985Z Found 1 source policies (Json) and 1 reference policies (Terraform)
2025-06-13T05:43:04.2196517Z Loading reference files: Progress: 1/1 (100.0%) - 1975.1 items/sec, ETA: 00:00
2025-06-13T05:43:04.2197398Z Reference file loading completed: 1 files loaded successfully
2025-06-13T05:43:04.2197992Z Processing time: 1ms
2025-06-13T05:43:04.2198402Z Average speed: 1034.4 files/second
2025-06-13T05:43:04.2198869Z Found 1 reference policy files
2025-06-13T05:43:04.2199956Z   Passed ConditionalAccessExporter.Tests.PolicyComparisonServiceTests.CompareAsync_DifferentPolicies_ShouldReportAsDifferent [12 ms]
2025-06-13T05:43:04.2201991Z   Passed ConditionalAccessExporter.Tests.JsonToTerraformServiceTests.ConvertJsonToTerraformAsync_WithApplicationConditions_ShouldMapCorrectly [28 ms]
2025-06-13T05:43:04.2204128Z   Passed ConditionalAccessExporter.Tests.TerraformConversionServiceTests.ConvertToGraphJsonAsync_LocationsConditions_ShouldMapCorrectly [327 ms]
2025-06-13T05:43:04.2206357Z   Passed ConditionalAccessExporter.Tests.TerraformParsingServiceTests.ParseTerraformFileAsync_TfStateWithMultipleInstances_ShouldParseAll [106 ms]
2025-06-13T05:43:04.2208188Z   Passed ConditionalAccessExporter.Tests.PolicyComparisonServiceTests.CompareAsync_CustomMapping_ShouldMapCorrectly [21 ms]
2025-06-13T05:43:04.2210127Z   Passed ConditionalAccessExporter.Tests.CrossFormatPolicyComparisonServiceTests.ComparePoliciesAsync_TerraformToJson_ShouldDetectFormatsCorrectly [13 ms]
2025-06-13T05:43:04.2212215Z Starting cross-format comparison between '/tmp/CrossFormatTests_89dd5bca/source' and '/tmp/CrossFormatTests_89dd5bca/reference'
2025-06-13T05:43:04.2213552Z Starting comparison with reference directory: /tmp/test-ref-empty-reference
2025-06-13T05:43:04.2214283Z Found 1 policies in Entra export
2025-06-13T05:43:04.2248807Z Validating reference files...
2025-06-13T05:43:04.2255132Z Validating reference directory: /tmp/test-ref-empty-reference
2025-06-13T05:43:04.2256263Z No JSON files found in directory: /tmp/test-ref-empty-reference. No files were processed.
2025-06-13T05:43:04.2257259Z ✓ All 0 reference files are valid
2025-06-13T05:43:04.2257968Z No JSON files found in reference directory '/tmp/test-ref-empty-reference'
2025-06-13T05:43:04.2258659Z Found 0 reference policy files
2025-06-13T05:43:04.2259665Z   Passed ConditionalAccessExporter.Tests.PolicyComparisonServiceTests.CompareAsync_ShouldSetComparedAtTimestamp [1 ms]
2025-06-13T05:43:04.2261469Z   Passed ConditionalAccessExporter.Tests.PolicyComparisonServiceTests.ParseEntraExport_ValidJObject_ShouldParseCorrectly [2 ms]
2025-06-13T05:43:04.2263733Z   Passed ConditionalAccessExporter.Tests.JsonToTerraformServiceTests.ConvertJsonToTerraformAsync_WithIncludeComments_ShouldGenerateAppropriateContent(includeComments: True) [23 ms]
2025-06-13T05:43:04.2266379Z   Passed ConditionalAccessExporter.Tests.TerraformParsingServiceTests.ParseTerraformFileAsync_ValidTfStateBackupFile_ShouldParseSuccessfully [20 ms]
2025-06-13T05:43:04.2268564Z   Passed ConditionalAccessExporter.Tests.TerraformParsingServiceTests.ParseTerraformDirectoryAsync_EmptyDirectory_ShouldReturnEmptyResults [5 ms]
2025-06-13T05:43:04.2270904Z   Passed ConditionalAccessExporter.Tests.PolicyComparisonServiceTests.CompareAsync_IdenticalPolicies_ShouldReportAsIdentical [14 ms]
2025-06-13T05:43:04.2272480Z Converting 1 Terraform policies to Graph JSON format using parallel processing...
2025-06-13T05:43:04.2273459Z Found 1 source policies (Json) and 1 reference policies (Terraform)
2025-06-13T05:43:04.2274363Z Starting comparison with reference directory: /tmp/test-ref-id-match
2025-06-13T05:43:04.2275079Z Found 1 policies in Entra export
2025-06-13T05:43:04.2275816Z Validating reference files...
2025-06-13T05:43:04.2276401Z Validating reference directory: /tmp/test-ref-id-match
2025-06-13T05:43:04.2277354Z Validating 1 policy files using parallel processing...
2025-06-13T05:43:04.2294927Z   Passed ConditionalAccessExporter.Tests.CrossFormatPolicyComparisonServiceTests.ComparePoliciesAsync_SpecialCharactersInPolicyNames_ShouldHandleCorrectly [16 ms]
2025-06-13T05:43:04.2307190Z   Passed ConditionalAccessExporter.Tests.JsonToTerraformServiceTests.ConvertJsonToTerraformAsync_WithIncludeComments_ShouldGenerateAppropriateContent(includeComments: False) [8 ms]
2025-06-13T05:43:04.2309658Z   Passed ConditionalAccessExporter.Tests.TerraformConversionServiceTests.ConvertToGraphJsonAsync_VariableResolution_ShouldResolveCorrectly [33 ms]
2025-06-13T05:43:04.2311733Z   Passed ConditionalAccessExporter.Tests.PolicyComparisonServiceTests.CompareAsync_EmptyReferenceDirectory_ShouldReportAllAsEntraOnly [4 ms]
2025-06-13T05:43:04.2314068Z   Passed ConditionalAccessExporter.Tests.TerraformParsingServiceTests.ParseTerraformDirectoryAsync_DirectoryWithValidAndInvalidFiles_ShouldParseValidOnesAndReportErrors [11 ms]
2025-06-13T05:43:04.2316087Z Validation completed: 0 valid, 1 invalid files
2025-06-13T05:43:04.2316631Z Processing time: 2ms
2025-06-13T05:43:04.2317061Z Average speed: 507.2 files/second
2025-06-13T05:43:04.2325712Z Reference file validation failed. Found 1 invalid files out of 1.
2025-06-13T05:43:04.2327646Z   ✗ policy1.json: 2 errors
2025-06-13T05:43:04.2328578Z     - Required properties are missing from object: displayName, conditions, grantControls, state. Path '', line 1, position 1.
2025-06-13T05:43:04.2329636Z     - Display name is missing or empty.
2025-06-13T05:43:04.2330428Z       Suggestion: Ensure the policy structure matches the defined schema. Check field names and types.
2025-06-13T05:43:04.2331387Z       Suggestion: Provide a descriptive display name for the policy.
2025-06-13T05:43:04.2332190Z Loading 1 reference policy files using parallel processing...
2025-06-13T05:43:04.2346246Z Loading reference files: Progress: 1/1 (100.0%) - 5649.7 items/sec, ETA: 00:00
2025-06-13T05:43:04.2358433Z Reference file loading completed: 1 files loaded successfully
2025-06-13T05:43:04.2359071Z Processing time: 2ms
2025-06-13T05:43:04.2359468Z Average speed: 573.3 files/second
2025-06-13T05:43:04.2359939Z Found 1 reference policy files
2025-06-13T05:43:04.2360633Z Converting policies: Progress: 1/1 (100.0%) - 115.5 items/sec, ETA: 00:00
2025-06-13T05:43:04.2361299Z Policy conversion completed in 9ms
2025-06-13T05:43:04.2361774Z Average speed: 114.5 policies/second
2025-06-13T05:43:04.2362870Z Starting cross-format comparison between '/tmp/CrossFormatTests_c4ad8ad5/source' and '/tmp/CrossFormatTests_c4ad8ad5/reference'
2025-06-13T05:43:04.2385907Z Starting comparison with reference directory: /tmp/test-ref-name-match
2025-06-13T05:43:04.2386699Z Found 1 policies in Entra export
2025-06-13T05:43:04.2387199Z Validating reference files...
2025-06-13T05:43:04.2387788Z Validating reference directory: /tmp/test-ref-name-match
2025-06-13T05:43:04.2388511Z Validating 1 policy files using parallel processing...
2025-06-13T05:43:04.2450778Z   Passed ConditionalAccessExporter.Tests.TerraformParsingServiceTests.ParseTerraformFileAsync_ValidTfFileWithMultiplePolicies_ShouldParseAll [6 ms]
2025-06-13T05:43:04.2457761Z   Passed ConditionalAccessExporter.Tests.JsonToTerraformServiceTests.ConvertJsonToTerraformAsync_WithNullConditions_ShouldHandleGracefully [15 ms]
2025-06-13T05:43:04.2460083Z   Passed ConditionalAccessExporter.Tests.ParallelProcessingServiceTests.ProcessInParallelAsync_WithCustomParallelism_RespectsMaxDegreeOfParallelism [420 ms]
2025-06-13T05:43:04.2461504Z   Standard Output Messages:
2025-06-13T05:43:04.2461928Z  Max concurrent operations observed: 3
2025-06-13T05:43:04.2462421Z  Configured max degree of parallelism: 3
2025-06-13T05:43:04.2462750Z 
2025-06-13T05:43:04.2462758Z 
2025-06-13T05:43:04.2463840Z   Passed ConditionalAccessExporter.Tests.CrossFormatPolicyComparisonServiceTests.ComparePoliciesAsync_JsonToTerraform_ShouldDetectFormatsCorrectly [17 ms]
2025-06-13T05:43:04.2466368Z   Passed ConditionalAccessExporter.Tests.PolicyComparisonServiceTests.CompareAsync_MatchingById_SameId_ShouldMatch [13 ms]
2025-06-13T05:43:04.2467636Z Validation completed: 0 valid, 1 invalid files
2025-06-13T05:43:04.2496066Z Processing time: 4ms
2025-06-13T05:43:04.2496526Z Average speed: 262.8 files/second
2025-06-13T05:43:04.2497316Z       Suggestion: Ensure the policy structure matches the defined schema. Check field names and types.
2025-06-13T05:43:04.2498504Z       Suggestion: Provide a descriptive display name for the policy.
2025-06-13T05:43:04.2499342Z Loading 1 reference policy files using parallel processing...
2025-06-13T05:43:04.2500251Z Loading reference files: Progress: 1/1 (100.0%) - 2506.9 items/sec, ETA: 00:00
2025-06-13T05:43:04.2501068Z Reference file loading completed: 1 files loaded successfully
2025-06-13T05:43:04.2501638Z Processing time: 4ms
2025-06-13T05:43:04.2502069Z Average speed: 264.3 files/second
2025-06-13T05:43:04.2502532Z Found 1 reference policy files
2025-06-13T05:43:04.2503205Z Found 1 source policies (Json) and 1 reference policies (Terraform)
2025-06-13T05:43:04.2504036Z Reference file validation failed. Found 1 invalid files out of 1.
2025-06-13T05:43:04.2504823Z   ✗ policy1.json: 2 errors
2025-06-13T05:43:04.2505914Z     - Required properties are missing from object: displayName, conditions, grantControls, state. Path '', line 1, position 1.
2025-06-13T05:43:04.2506913Z     - Display name is missing or empty.
2025-06-13T05:43:04.2507639Z Starting comparison with reference directory: /tmp/test-ref-only
2025-06-13T05:43:04.2508312Z Found 0 policies in Entra export
2025-06-13T05:43:04.2508797Z Validating reference files...
2025-06-13T05:43:04.2509358Z Validating reference directory: /tmp/test-ref-only
2025-06-13T05:43:04.2510061Z Validating 1 policy files using parallel processing...
2025-06-13T05:43:04.2535740Z Validation completed: 0 valid, 1 invalid files
2025-06-13T05:43:04.2536309Z Processing time: 1ms
2025-06-13T05:43:04.2536745Z Average speed: 801.0 files/second
2025-06-13T05:43:04.2537570Z       Suggestion: Ensure the policy structure matches the defined schema. Check field names and types.
2025-06-13T05:43:04.2538546Z       Suggestion: Provide a descriptive display name for the policy.
2025-06-13T05:43:04.2539396Z Loading 1 reference policy files using parallel processing...
2025-06-13T05:43:04.2540229Z Reference file validation failed. Found 1 invalid files out of 1.
2025-06-13T05:43:04.2541014Z   ✗ policy1.json: 2 errors
2025-06-13T05:43:04.2541916Z     - Required properties are missing from object: displayName, conditions, grantControls, state. Path '', line 1, position 1.
2025-06-13T05:43:04.2542900Z     - Display name is missing or empty.
2025-06-13T05:43:04.2544045Z Starting cross-format comparison between '/tmp/CrossFormatTests_343768a4/source' and '/tmp/CrossFormatTests_343768a4/reference'
2025-06-13T05:43:04.2545564Z Loading reference files: Progress: 1/1 (100.0%) - 3384.1 items/sec, ETA: 00:00
2025-06-13T05:43:04.2549688Z   Passed ConditionalAccessExporter.Tests.TerraformParsingServiceTests.ParseTerraformFileAsync_FullyPopulatedPolicy_ShouldMapAllAttributes [7 ms]
2025-06-13T05:43:04.2556610Z Reference file loading completed: 1 files loaded successfully
2025-06-13T05:43:04.2559432Z Processing time: 2ms
2025-06-13T05:43:04.2559853Z Average speed: 427.7 files/second
2025-06-13T05:43:04.2560341Z Found 1 reference policy files
2025-06-13T05:43:04.2561674Z   Passed ConditionalAccessExporter.Tests.TerraformParsingServiceTests.ParseTerraformFileAsync_TfFileWithVariableInterpolations_ShouldParseCorrectly [7 ms]
2025-06-13T05:43:04.2563903Z   Passed ConditionalAccessExporter.Tests.JsonToTerraformServiceTests.ConvertJsonToTerraformAsync_WithGenerateProvider_ShouldCreateProviderFile [13 ms]
2025-06-13T05:43:04.2586331Z   Passed ConditionalAccessExporter.Tests.PolicyComparisonServiceTests.CompareAsync_MatchingByName_SameName_ShouldMatch [11 ms]
2025-06-13T05:43:04.2588554Z   Passed ConditionalAccessExporter.Tests.CrossFormatPolicyComparisonServiceTests.ComparePoliciesAsync_UnicodeCharacters_ShouldHandleCorrectly [13 ms]
2025-06-13T05:43:04.2590671Z   Passed ConditionalAccessExporter.Tests.TerraformParsingServiceTests.ParseTerraformFileAsync_TfFileWithComments_ShouldIgnoreComments [4 ms]
2025-06-13T05:43:04.2618516Z Terraform parsing error: Unmatched braces in resource 'invalid_policy'
2025-06-13T05:43:04.2626582Z Found 1 source policies (Json) and 1 reference policies (Terraform)
2025-06-13T05:43:04.2679880Z Found 50 source policies (Json) and 50 reference policies (Terraform)
2025-06-13T05:43:04.2701805Z   Passed ConditionalAccessExporter.Tests.TerraformParsingServiceTests.ParseTerraformFileAsync_ValidTfStateFile_ShouldParseSuccessfully [5 ms]
2025-06-13T05:43:04.2703884Z   Passed ConditionalAccessExporter.Tests.PolicyComparisonServiceTests.CompareAsync_ReferenceOnlyPolicy_ShouldReportAsReferenceOnly [9 ms]
2025-06-13T05:43:04.2706364Z   Passed ConditionalAccessExporter.Tests.JsonToTerraformServiceTests.ConvertJsonToTerraformAsync_WithSpecialCharactersInDisplayName_ShouldSanitizeResourceName [11 ms]
2025-06-13T05:43:04.2708827Z   Passed ConditionalAccessExporter.Tests.TerraformParsingServiceTests.ParseTerraformFileAsync_PolicyWithMissingRequiredAttributes_ShouldHandleGracefully [2 ms]
2025-06-13T05:43:04.2711081Z   Passed ConditionalAccessExporter.Tests.TerraformParsingServiceTests.ParseTerraformFileAsync_UnknownFileExtension_ShouldAttemptHclParsing [2 ms]
2025-06-13T05:43:04.2713287Z   Passed ConditionalAccessExporter.Tests.CrossFormatPolicyComparisonServiceTests.ComparePoliciesAsync_InvalidTerraformSyntax_ShouldSkipAndContinue [14 ms]
2025-06-13T05:43:04.2714947Z Starting comparison with reference directory: /tmp/test-ref-malformed
2025-06-13T05:43:04.2727803Z Found 1 policies in Entra export
2025-06-13T05:43:04.2728319Z Validating reference files...
2025-06-13T05:43:04.2728918Z Validating reference directory: /tmp/test-ref-malformed
2025-06-13T05:43:04.2729629Z Validating 3 policy files using parallel processing...
2025-06-13T05:43:04.2760410Z Validation completed: 0 valid, 3 invalid files
2025-06-13T05:43:04.2760980Z Processing time: 1ms
2025-06-13T05:43:04.2761403Z Average speed: 2524.6 files/second
2025-06-13T05:43:04.2762239Z       Suggestion: Ensure the policy structure matches the defined schema. Check field names and types.
2025-06-13T05:43:04.2763257Z       Suggestion: Provide a descriptive display name for the policy.
2025-06-13T05:43:04.2764159Z       Suggestion: Ensure the JSON is well-formed. Check for missing commas, brackets, or quotes.
2025-06-13T05:43:04.2765165Z       Suggestion: Ensure the JSON is well-formed. Check for missing commas, brackets, or quotes.
2025-06-13T05:43:04.2766359Z Loading 3 reference policy files using parallel processing...
2025-06-13T05:43:04.2767215Z Reference file validation failed. Found 3 invalid files out of 3.
2025-06-13T05:43:04.2768122Z   ✗ valid-policy.json: 2 errors
2025-06-13T05:43:04.2769054Z     - Required properties are missing from object: displayName, conditions, grantControls, state. Path '', line 1, position 1.
2025-06-13T05:43:04.2770106Z     - Display name is missing or empty.
2025-06-13T05:43:04.2770714Z   ✗ incomplete.json: 1 errors
2025-06-13T05:43:04.2771611Z     - Invalid JSON syntax: Unexpected character encountered while parsing value: i. Path 'name', line 1, position 10. (line 1)
2025-06-13T05:43:04.2773006Z   ✗ malformed.json: 1 errors
2025-06-13T05:43:04.2773963Z     - Invalid JSON syntax: Invalid character after parsing property name. Expected ':' but got: j. Path '', line 1, position 10. (line 1)
2025-06-13T05:43:04.2798956Z Loading reference files: Progress: 1/3 (33.3%) - 230.1 items/sec, ETA: 00:00
2025-06-13T05:43:04.2799956Z Loading reference files: Progress: 2/3 (66.7%) - 392.6 items/sec, ETA: 00:00
2025-06-13T05:43:04.2876728Z Loading reference files: Progress: 3/3 (100.0%) - 563.4 items/sec, ETA: 00:00
2025-06-13T05:43:04.2908057Z Failed to load reference file 'malformed.json': Invalid character after parsing property name. Expected ':' but got: j. Path '', line 1, position 10.
2025-06-13T05:43:04.2911823Z   Invalid JSON syntax at line 1, position 10
2025-06-13T05:43:04.2914776Z Failed to load reference file 'incomplete.json': Unexpected character encountered while parsing value: i. Path 'name', line 1, position 10.
2025-06-13T05:43:04.2923649Z   Invalid JSON syntax at line 1, position 10
2025-06-13T05:43:04.2924395Z   Suggestion: Check the JSON structure for missing commas, brackets, or quotes.
2025-06-13T05:43:04.2925544Z   Suggestion: Check the JSON structure for missing commas, brackets, or quotes.
2025-06-13T05:43:04.2926371Z Reference file loading completed: 1 files loaded successfully
2025-06-13T05:43:04.2926944Z Processing time: 15ms
2025-06-13T05:43:04.2927348Z Average speed: 202.2 files/second
2025-06-13T05:43:04.2927813Z Found 1 reference policy files
2025-06-13T05:43:04.2951424Z Starting comparison with reference directory: /tmp/test-ref-both-empty
2025-06-13T05:43:04.2952411Z Found 0 policies in Entra export
2025-06-13T05:43:04.2953027Z Validating reference files...
2025-06-13T05:43:04.2953823Z Validating reference directory: /tmp/test-ref-both-empty
2025-06-13T05:43:04.2954969Z No JSON files found in directory: /tmp/test-ref-both-empty. No files were processed.
2025-06-13T05:43:04.2964087Z ✓ All 0 reference files are valid
2025-06-13T05:43:04.2965208Z No JSON files found in reference directory '/tmp/test-ref-both-empty'
2025-06-13T05:43:04.2966211Z Found 0 reference policy files
2025-06-13T05:43:04.2967927Z Starting cross-format comparison between '/tmp/CrossFormatIntegrationTests_301b901c/source' and '/tmp/CrossFormatIntegrationTests_301b901c/reference'
2025-06-13T05:43:04.2984899Z Starting comparison with reference directory: /tmp/test-ref-case-sensitive
2025-06-13T05:43:04.2992239Z Found 1 policies in Entra export
2025-06-13T05:43:04.3026310Z Validating reference files...
2025-06-13T05:43:04.3027251Z Validating reference directory: /tmp/test-ref-case-sensitive
2025-06-13T05:43:04.3028168Z Validating 1 policy files using parallel processing...
2025-06-13T05:43:04.3029756Z   Passed ConditionalAccessExporter.Tests.JsonToTerraformServiceTests.ConvertJsonToTerraformAsync_WithMinimalPolicy_ShouldGenerateCorrectHCL [8 ms]
2025-06-13T05:43:04.3032316Z   Passed ConditionalAccessExporter.Tests.TerraformParsingServiceTests.ParseTerraformDirectoryAsync_DirectoryWithSubdirectories_ShouldParseRecursively [12 ms]
2025-06-13T05:43:04.3034743Z   Passed ConditionalAccessExporter.Tests.JsonToTerraformServiceTests.ConvertJsonToTerraformAsync_WithSessionControls_ShouldMapCorrectly [22 ms]
2025-06-13T05:43:04.3037366Z   Passed ConditionalAccessExporter.Tests.CrossFormatPolicyComparisonServiceIntegrationTests.CompareLargeNumberOfPolicies_ShouldPerformWithinReasonableTime [426 ms]
2025-06-13T05:43:04.3041131Z   Passed ConditionalAccessExporter.Tests.PolicyComparisonServiceTests.CompareAsync_ReferenceDirectoryWithMalformedJson_ShouldSkipMalformedFiles [32 ms]
2025-06-13T05:43:04.3043182Z   Passed ConditionalAccessExporter.Tests.PolicyComparisonServiceTests.CompareAsync_BothEmpty_ShouldReturnEmptyResult [5 ms]
2025-06-13T05:43:04.3044411Z Validation completed: 0 valid, 1 invalid files
2025-06-13T05:43:04.3044944Z Processing time: 1ms
2025-06-13T05:43:04.3045517Z Average speed: 714.5 files/second
2025-06-13T05:43:04.3046301Z       Suggestion: Ensure the policy structure matches the defined schema. Check field names and types.
2025-06-13T05:43:04.3047521Z       Suggestion: Provide a descriptive display name for the policy.
2025-06-13T05:43:04.3049409Z Loading 1 reference policy files using parallel processing...
2025-06-13T05:43:04.3050173Z Reference file validation failed. Found 1 invalid files out of 1.
2025-06-13T05:43:04.3050956Z   ✗ policy1.json: 2 errors
2025-06-13T05:43:04.3051848Z     - Required properties are missing from object: displayName, conditions, grantControls, state. Path '', line 1, position 1.
2025-06-13T05:43:04.3052766Z     - Display name is missing or empty.
2025-06-13T05:43:04.3053530Z Loading reference files: Progress: 1/1 (100.0%) - 550.7 items/sec, ETA: 00:00
2025-06-13T05:43:04.3054634Z Reference file loading completed: 1 files loaded successfully
2025-06-13T05:43:04.3058954Z Processing time: 3ms
2025-06-13T05:43:04.3059374Z Average speed: 365.4 files/second
2025-06-13T05:43:04.3059839Z Found 1 reference policy files
2025-06-13T05:43:04.3060589Z Found 2 source policies (Json) and 2 reference policies (Terraform)
2025-06-13T05:43:04.3078982Z Starting cross-format comparison between '/tmp/CrossFormatTests_0b4853a2/source' and '/tmp/CrossFormatTests_0b4853a2/reference'
2025-06-13T05:43:04.3120182Z Starting comparison with reference directory: dummy-path
2025-06-13T05:43:04.3132163Z Starting cross-format comparison between '/tmp/CrossFormatIntegrationTests_6d298bf4/source' and '/tmp/CrossFormatIntegrationTests_6d298bf4/reference'
2025-06-13T05:43:04.3140265Z Converting 1 Terraform policies to Graph JSON format using parallel processing...
2025-06-13T05:43:04.3163678Z Converting policies: Progress: 1/1 (100.0%) - 418.7 items/sec, ETA: 00:00
2025-06-13T05:43:04.3178756Z Policy conversion completed in 3ms
2025-06-13T05:43:04.3188571Z Average speed: 371.2 policies/second
2025-06-13T05:43:04.3192838Z Starting comparison with reference directory: /tmp/test-ref-custom-mapping-missing
2025-06-13T05:43:04.3201328Z Found 1 policies in Entra export
2025-06-13T05:43:04.3212135Z Validating reference files...
2025-06-13T05:43:04.3215857Z Validating reference directory: /tmp/test-ref-custom-mapping-missing
2025-06-13T05:43:04.3222937Z No JSON files found in directory: /tmp/test-ref-custom-mapping-missing. No files were processed.
2025-06-13T05:43:04.3223994Z ✓ All 0 reference files are valid
2025-06-13T05:43:04.3224785Z No JSON files found in reference directory '/tmp/test-ref-custom-mapping-missing'
2025-06-13T05:43:04.3225988Z Found 0 reference policy files
2025-06-13T05:43:04.3228000Z Starting comparison with reference directory: dummy-path
2025-06-13T05:43:04.3230592Z   Passed ConditionalAccessExporter.Tests.TerraformParsingServiceTests.ParseTerraformFileAsync_TfStateWithNoResources_ShouldReturnEmpty [14 ms]
2025-06-13T05:43:04.3234808Z   Passed ConditionalAccessExporter.Tests.TerraformConversionServiceTests.ConvertToGraphJsonAsync_GrantControls_ShouldMapCorrectly [81 ms]
2025-06-13T05:43:04.3237266Z   Passed ConditionalAccessExporter.Tests.JsonToTerraformServiceTests.ConvertJsonToTerraformAsync_WithInvalidJson_ShouldHandleErrorGracefully [11 ms]
2025-06-13T05:43:04.3239386Z   Passed ConditionalAccessExporter.Tests.PolicyComparisonServiceTests.CompareAsync_CaseSensitiveTrue_DifferentCase_ShouldNotMatch [12 ms]
2025-06-13T05:43:04.3263201Z   Passed ConditionalAccessExporter.Tests.CrossFormatPolicyComparisonServiceIntegrationTests.CompareWithCustomMappings_ComplexScenario_ShouldFollowMappings [19 ms]
2025-06-13T05:43:04.3358532Z   Passed ConditionalAccessExporter.Tests.JsonToTerraformServiceTests.ConvertJsonToTerraformAsync_WithGrantControls_ShouldMapCorrectly [12 ms]
2025-06-13T05:43:04.3362002Z Found 4 source policies (Json) and 4 reference policies (Terraform)
2025-06-13T05:43:04.3362788Z Starting comparison with reference directory: dummy-path
2025-06-13T05:43:04.3363177Z Found 0 policies in Entra export
2025-06-13T05:43:04.3363450Z Validating reference files...
2025-06-13T05:43:04.3363732Z Validating reference directory: dummy-path
2025-06-13T05:43:04.3364285Z Found 0 reference policy files
2025-06-13T05:43:04.3364636Z Reference file validation failed. Found 0 invalid files out of 0.
2025-06-13T05:43:04.3365599Z Reference directory 'dummy-path' does not exist
2025-06-13T05:43:04.3366273Z Starting comparison with reference directory: dummy-path
2025-06-13T05:43:04.3366837Z Found 1 policies in Entra export
2025-06-13T05:43:04.3367263Z Validating reference files...
2025-06-13T05:43:04.3367720Z Validating reference directory: dummy-path
2025-06-13T05:43:04.3368238Z Found 0 reference policy files
2025-06-13T05:43:04.3368850Z Reference file validation failed. Found 0 invalid files out of 0.
2025-06-13T05:43:04.3369531Z Reference directory 'dummy-path' does not exist
2025-06-13T05:43:04.3371048Z Starting cross-format comparison between '/tmp/CrossFormatIntegrationTests_8368b0f0/source' and '/tmp/CrossFormatIntegrationTests_8368b0f0/reference'
2025-06-13T05:43:04.3372392Z Starting comparison with reference directory: /tmp/test-ref-dir
2025-06-13T05:43:04.3373039Z Found 0 policies in Entra export
2025-06-13T05:43:04.3373470Z Validating reference files...
2025-06-13T05:43:04.3373976Z Validating reference directory: /tmp/test-ref-dir
2025-06-13T05:43:04.3374674Z No JSON files found in directory: /tmp/test-ref-dir. No files were processed.
2025-06-13T05:43:04.3375823Z ✓ All 0 reference files are valid
2025-06-13T05:43:04.3376468Z No JSON files found in reference directory '/tmp/test-ref-dir'
2025-06-13T05:43:04.3377059Z Found 0 reference policy files
2025-06-13T05:43:04.3377684Z Starting comparison with reference directory: /tmp/test-ref-mixed-files
2025-06-13T05:43:04.3378339Z Found 1 policies in Entra export
2025-06-13T05:43:04.3378762Z Validating reference files...
2025-06-13T05:43:04.3379307Z Validating reference directory: /tmp/test-ref-mixed-files
2025-06-13T05:43:04.3379993Z Validating 1 policy files using parallel processing...
2025-06-13T05:43:04.3380572Z Validation completed: 0 valid, 1 invalid files
2025-06-13T05:43:04.3381034Z Processing time: 2ms
2025-06-13T05:43:04.3381427Z Average speed: 568.8 files/second
2025-06-13T05:43:04.3382140Z       Suggestion: Ensure the policy structure matches the defined schema. Check field names and types.
2025-06-13T05:43:04.3383003Z       Suggestion: Provide a descriptive display name for the policy.
2025-06-13T05:43:04.3383735Z Loading 1 reference policy files using parallel processing...
2025-06-13T05:43:04.3384478Z Reference file validation failed. Found 1 invalid files out of 1.
2025-06-13T05:43:04.3385128Z   ✗ valid-policy.json: 2 errors
2025-06-13T05:43:04.3386136Z     - Required properties are missing from object: displayName, conditions, grantControls, state. Path '', line 1, position 1.
2025-06-13T05:43:04.3387004Z     - Display name is missing or empty.
2025-06-13T05:43:04.3387748Z Loading reference files: Progress: 1/1 (100.0%) - 3225.8 items/sec, ETA: 00:00
2025-06-13T05:43:04.3388550Z Reference file loading completed: 1 files loaded successfully
2025-06-13T05:43:04.3389111Z Processing time: 0ms
2025-06-13T05:43:04.3389485Z Average speed: 2749.5 files/second
2025-06-13T05:43:04.3389909Z Found 1 reference policy files
2025-06-13T05:43:04.3390503Z Found 1 source policies (Json) and 1 reference policies (Terraform)
2025-06-13T05:43:04.3391795Z   Passed ConditionalAccessExporter.Tests.PolicyComparisonServiceTests.ParseEntraExport_InvalidJsonString_ShouldThrowException [7 ms]
2025-06-13T05:43:04.3393708Z   Passed ConditionalAccessExporter.Tests.PolicyComparisonServiceTests.CompareAsync_CustomMapping_NonExistentReference_ShouldReportAsEntraOnly [1 ms]
2025-06-13T05:43:04.3395775Z   Passed ConditionalAccessExporter.Tests.PolicyComparisonServiceTests.ParseEntraExport_NullInput_ShouldThrowException [1 ms]
2025-06-13T05:43:04.3397735Z   Passed ConditionalAccessExporter.Tests.JsonToTerraformServiceTests.ConvertJsonToTerraformAsync_WithGenerateVariables_ShouldCreateVariablesFile [8 ms]
2025-06-13T05:43:04.3399743Z   Passed ConditionalAccessExporter.Tests.PolicyComparisonServiceTests.ParseEntraExport_EmptyPoliciesArray_ShouldHandleGracefully [2 ms]
2025-06-13T05:43:04.3401978Z   Passed ConditionalAccessExporter.Tests.CrossFormatPolicyComparisonServiceIntegrationTests.CompareMixedFormats_MultiplePolicies_ShouldHandleAllCombinations [13 ms]
2025-06-13T05:43:04.3404097Z   Passed ConditionalAccessExporter.Tests.PolicyComparisonServiceTests.ParseEntraExport_MissingTenantId_ShouldUseEmptyString [2 ms]
2025-06-13T05:43:04.3406011Z   Passed ConditionalAccessExporter.Tests.PolicyComparisonServiceTests.CompareAsync_ShouldSetReferenceDirectoryCorrectly [2 ms]
2025-06-13T05:43:04.3484975Z Starting comparison with reference directory: dummy-path
2025-06-13T05:43:04.3533373Z Found 0 policies in Entra export
2025-06-13T05:43:04.3534013Z Validating reference files...
2025-06-13T05:43:04.3534603Z Validating reference directory: dummy-path
2025-06-13T05:43:04.3535549Z Found 0 reference policy files
2025-06-13T05:43:04.3596381Z Reference file validation failed. Found 0 invalid files out of 0.
2025-06-13T05:43:04.3597394Z Reference directory 'dummy-path' does not exist
2025-06-13T05:43:04.3599016Z Starting cross-format comparison between '/tmp/CrossFormatIntegrationTests_6cf62cad/source' and '/tmp/CrossFormatIntegrationTests_6cf62cad/reference'
2025-06-13T05:43:04.3600797Z Found 1 source policies (Json) and 1 reference policies (Terraform)
2025-06-13T05:43:04.3602289Z Starting cross-format comparison between '/tmp/CrossFormatIntegrationTests_a0f85ba1/source' and '/tmp/CrossFormatIntegrationTests_a0f85ba1/reference'
2025-06-13T05:43:04.3603664Z Found 0 source policies (Mixed) and 0 reference policies (Mixed)
2025-06-13T05:43:04.3657628Z Starting cross-format comparison between '/tmp/CrossFormatIntegrationTests_e7926e34/source' and '/tmp/CrossFormatIntegrationTests_e7926e34/reference'
2025-06-13T05:43:04.3675110Z Found 1 source policies (Json) and 1 reference policies (Terraform)
2025-06-13T05:43:04.3761482Z Converting 1 Terraform policies to Graph JSON format using parallel processing...
2025-06-13T05:43:04.3762547Z Converting policies: Progress: 1/1 (100.0%) - 1592.1 items/sec, ETA: 00:00
2025-06-13T05:43:04.3763241Z Policy conversion completed in 1ms
2025-06-13T05:43:04.3763729Z Average speed: 1468.2 policies/second
2025-06-13T05:43:04.3764517Z Converting 1 Terraform policies to Graph JSON format using parallel processing...
2025-06-13T05:43:04.3765656Z Converting policies: Progress: 1/1 (100.0%) - 16366.6 items/sec, ETA: 00:00
2025-06-13T05:43:04.3766336Z Policy conversion completed in 0ms
2025-06-13T05:43:04.3766810Z Average speed: 5848.0 policies/second
2025-06-13T05:43:04.3767590Z Converting 1 Terraform policies to Graph JSON format using parallel processing...
2025-06-13T05:43:04.3768542Z Converting policies: Progress: 1/1 (100.0%) - 7220.2 items/sec, ETA: 00:00
2025-06-13T05:43:04.3773179Z Policy conversion completed in 0ms
2025-06-13T05:43:04.3773762Z Average speed: 3087.4 policies/second
2025-06-13T05:43:04.3774631Z Converting 1 Terraform policies to Graph JSON format using parallel processing...
2025-06-13T05:43:04.3776112Z Converting policies: Progress: 1/1 (100.0%) - 15267.2 items/sec, ETA: 00:00
2025-06-13T05:43:04.3777089Z Policy conversion completed in 0ms
2025-06-13T05:43:04.3777629Z Average speed: 4543.4 policies/second
2025-06-13T05:43:04.3781978Z   Passed ConditionalAccessExporter.Tests.PolicyComparisonServiceTests.CompareAsync_ReferenceDirectoryWithNonJsonFiles_ShouldIgnoreNonJsonFiles [6 ms]
2025-06-13T05:43:04.3784218Z   Passed ConditionalAccessExporter.Tests.CrossFormatPolicyComparisonServiceIntegrationTests.CompareWithMixedFileTypes_ShouldIgnoreNonPolicyFiles [12 ms]
2025-06-13T05:43:04.3786741Z   Passed ConditionalAccessExporter.Tests.PolicyComparisonServiceTests.ParseEntraExport_MissingPoliciesProperty_ShouldHandleGracefully [10 ms]
2025-06-13T05:43:04.3788891Z   Passed ConditionalAccessExporter.Tests.ParallelProcessingServiceTests.ProcessInParallelAsync_WithCancellation_ThrowsOperationCancelledException [116 ms]
2025-06-13T05:43:04.3791469Z   Passed ConditionalAccessExporter.Tests.CrossFormatPolicyComparisonServiceIntegrationTests.CompareComplexPolicies_MultipleConditionsAndControls_ShouldAnalyzeCorrectly [11 ms]
2025-06-13T05:43:04.3794431Z   Passed ConditionalAccessExporter.Tests.CrossFormatPolicyComparisonServiceIntegrationTests.CompareWithEmptyDirectories_ShouldHandleGracefully [2 ms]
2025-06-13T05:43:04.3796764Z   Passed ConditionalAccessExporter.Tests.ParallelProcessingServiceTests.ProcessFilesInParallelAsync_WithTestFiles_ProcessesCorrectly [20 ms]
2025-06-13T05:43:04.3798070Z   Standard Output Messages:
2025-06-13T05:43:04.3798580Z  Processed 5 files with 5 progress reports
2025-06-13T05:43:04.3798916Z 
2025-06-13T05:43:04.3798933Z 
2025-06-13T05:43:04.3799394Z Converting 1 Terraform policies to Graph JSON format using parallel processing...
2025-06-13T05:43:04.3800311Z Starting comparison with reference directory: /tmp/test-ref-complex
2025-06-13T05:43:04.3801279Z Found 1 policies in Entra export
2025-06-13T05:43:04.3801790Z Validating reference files...
2025-06-13T05:43:04.3802328Z Validating reference directory: /tmp/test-ref-complex
2025-06-13T05:43:04.3803055Z Validating 1 policy files using parallel processing...
2025-06-13T05:43:04.3805900Z Converting policies: Progress: 1/1 (100.0%) - 4570.4 items/sec, ETA: 00:00
2025-06-13T05:43:04.3806777Z Policy conversion completed in 1ms
2025-06-13T05:43:04.3808565Z Average speed: 1725.0 policies/second
2025-06-13T05:43:04.3830375Z Validation completed: 0 valid, 1 invalid files
2025-06-13T05:43:04.3830929Z Processing time: 1ms
2025-06-13T05:43:04.3831334Z Average speed: 1563.0 files/second
2025-06-13T05:43:04.3896232Z       Suggestion: Ensure the policy structure matches the defined schema. Check field names and types.
2025-06-13T05:43:04.3897169Z       Suggestion: Provide a descriptive display name for the policy.
2025-06-13T05:43:04.3897981Z Reference file validation failed. Found 1 invalid files out of 1.
2025-06-13T05:43:04.3898945Z   ✗ complex-policy.json: 2 errors
2025-06-13T05:43:04.3899894Z     - Required properties are missing from object: displayName, conditions, grantControls, state. Path '', line 1, position 1.
2025-06-13T05:43:04.3900880Z     - Display name is missing or empty.
2025-06-13T05:43:04.3901564Z Loading 1 reference policy files using parallel processing...
2025-06-13T05:43:04.3902455Z Loading reference files: Progress: 1/1 (100.0%) - 3284.1 items/sec, ETA: 00:00
2025-06-13T05:43:04.3903280Z Reference file loading completed: 1 files loaded successfully
2025-06-13T05:43:04.3903838Z Processing time: 0ms
2025-06-13T05:43:04.3904233Z Average speed: 2268.1 files/second
2025-06-13T05:43:04.3904668Z Found 1 reference policy files
2025-06-13T05:43:04.3905117Z No Terraform policies found to convert.
2025-06-13T05:43:04.3906075Z Converting 2 Terraform policies to Graph JSON format using parallel processing...
2025-06-13T05:43:04.3907012Z Converting policies: Progress: 1/2 (50.0%) - 4721.4 items/sec, ETA: 00:00
2025-06-13T05:43:04.3907677Z Policy conversion completed in 1ms
2025-06-13T05:43:04.3908155Z Average speed: 3882.7 policies/second
2025-06-13T05:43:04.3908914Z Converting 1 Terraform policies to Graph JSON format using parallel processing...
2025-06-13T05:43:04.3909871Z Converting policies: Progress: 2/2 (100.0%) - 7595.9 items/sec, ETA: 00:00
2025-06-13T05:43:04.3910789Z Converting policies: Progress: 1/1 (100.0%) - 3268.0 items/sec, ETA: 00:00
2025-06-13T05:43:04.3911476Z Policy conversion completed in 0ms
2025-06-13T05:43:04.3911962Z Average speed: 2252.3 policies/second
2025-06-13T05:43:04.3912586Z Starting comparison with reference directory: dummy-path
2025-06-13T05:43:04.3913479Z Converting 1 Terraform policies to Graph JSON format using parallel processing...
2025-06-13T05:43:04.3914445Z Converting policies: Progress: 1/1 (100.0%) - 4601.9 items/sec, ETA: 00:00
2025-06-13T05:43:04.3915121Z Found 1 policies in Entra export
2025-06-13T05:43:04.3915787Z Validating reference files...
2025-06-13T05:43:04.3916301Z Validating reference directory: dummy-path
2025-06-13T05:43:04.3916811Z Found 0 reference policy files
2025-06-13T05:43:04.3917428Z Reference file validation failed. Found 0 invalid files out of 0.
2025-06-13T05:43:04.3918402Z Reference directory 'dummy-path' does not exist
2025-06-13T05:43:04.3918979Z Policy conversion completed in 1ms
2025-06-13T05:43:04.3919458Z Average speed: 733.1 policies/second
2025-06-13T05:43:04.3942606Z Starting comparison with reference directory: /tmp/test-ref-empty-entra
2025-06-13T05:43:04.3965536Z Found 0 policies in Entra export
2025-06-13T05:43:04.3980666Z Validating reference files...
2025-06-13T05:43:04.3981861Z Validating reference directory: /tmp/test-ref-empty-entra
2025-06-13T05:43:04.3983372Z Validating 1 policy files using parallel processing...
2025-06-13T05:43:04.3984510Z Validation completed: 0 valid, 1 invalid files
2025-06-13T05:43:04.3985844Z Processing time: 1ms
2025-06-13T05:43:04.3987893Z Average speed: 691.0 files/second
2025-06-13T05:43:04.3993189Z       Suggestion: Ensure the policy structure matches the defined schema. Check field names and types.
2025-06-13T05:43:04.3994166Z       Suggestion: Provide a descriptive display name for the policy.
2025-06-13T05:43:04.3994965Z Reference file validation failed. Found 1 invalid files out of 1.
2025-06-13T05:43:04.3995954Z   ✗ policy1.json: 2 errors
2025-06-13T05:43:04.3996792Z     - Required properties are missing from object: displayName, conditions, grantControls, state. Path '', line 1, position 1.
2025-06-13T05:43:04.3997687Z     - Display name is missing or empty.
2025-06-13T05:43:04.3998401Z Loading 1 reference policy files using parallel processing...
2025-06-13T05:43:04.3999257Z Loading reference files: Progress: 1/1 (100.0%) - 933.9 items/sec, ETA: 00:00
2025-06-13T05:43:04.4000865Z   Passed ConditionalAccessExporter.Tests.TerraformConversionServiceTests.ConvertToGraphJsonAsync_SingleFullyPopulatedPolicy_ShouldConvertSuccessfully [71 ms]
2025-06-13T05:43:04.4003432Z   Passed ConditionalAccessExporter.Tests.CrossFormatPolicyComparisonServiceIntegrationTests.CompareWithDifferentNamingConventions_ShouldDetectSimilarPolicies [12 ms]
2025-06-13T05:43:04.4006396Z   Passed ConditionalAccessExporter.Tests.TerraformConversionServiceTests.ConvertToGraphJsonAsync_DifferentStates_ShouldMapCorrectly(terraformState: "enabled", expectedState: "enabled") [2 ms]
2025-06-13T05:43:04.4009247Z   Passed ConditionalAccessExporter.Tests.TerraformConversionServiceTests.ConvertToGraphJsonAsync_DifferentStates_ShouldMapCorrectly(terraformState: "invalid", expectedState: "disabled") [< 1 ms]
2025-06-13T05:43:04.4012406Z   Passed ConditionalAccessExporter.Tests.TerraformConversionServiceTests.ConvertToGraphJsonAsync_DifferentStates_ShouldMapCorrectly(terraformState: "enabledForReportingButNotEnforced", expectedState: "enabledForReportingButNotEnforced") [< 1 ms]
2025-06-13T05:43:04.4015826Z   Passed ConditionalAccessExporter.Tests.TerraformConversionServiceTests.ConvertToGraphJsonAsync_DifferentStates_ShouldMapCorrectly(terraformState: null, expectedState: "disabled") [< 1 ms]
2025-06-13T05:43:04.4018650Z   Passed ConditionalAccessExporter.Tests.TerraformConversionServiceTests.ConvertToGraphJsonAsync_DifferentStates_ShouldMapCorrectly(terraformState: "disabled", expectedState: "disabled") [1 ms]
2025-06-13T05:43:04.4021168Z   Passed ConditionalAccessExporter.Tests.TerraformConversionServiceTests.ConvertToGraphJsonAsync_EmptyPoliciesList_ShouldReturnEmptyList [2 ms]
2025-06-13T05:43:04.4023358Z   Passed ConditionalAccessExporter.Tests.TerraformConversionServiceTests.ConvertToGraphJsonAsync_PolicyConversionFailure_ShouldContinueWithOthers [1 ms]
2025-06-13T05:43:04.4024987Z Reference file loading completed: 1 files loaded successfully
2025-06-13T05:43:04.4025870Z Processing time: 1ms
2025-06-13T05:43:04.4026288Z Average speed: 885.0 files/second
2025-06-13T05:43:04.4026773Z Found 1 reference policy files
2025-06-13T05:43:04.4027540Z Converting 1 Terraform policies to Graph JSON format using parallel processing...
2025-06-13T05:43:04.4028550Z Starting comparison with reference directory: /tmp/non-existent-directory
2025-06-13T05:43:04.4029530Z Converting policies: Progress: 1/1 (100.0%) - 10362.7 items/sec, ETA: 00:00
2025-06-13T05:43:04.4030508Z Policy conversion completed in 1ms
2025-06-13T05:43:04.4031024Z Average speed: 1732.8 policies/second
2025-06-13T05:43:04.4031532Z Found 1 policies in Entra export
2025-06-13T05:43:04.4031990Z Validating reference files...
2025-06-13T05:43:04.4032625Z Validating reference directory: /tmp/non-existent-directory
2025-06-13T05:43:04.4033456Z Reference file validation failed. Found 0 invalid files out of 0.
2025-06-13T05:43:04.4034292Z Reference directory '/tmp/non-existent-directory' does not exist
2025-06-13T05:43:04.4034933Z Found 0 reference policy files
2025-06-13T05:43:04.4249354Z Converting 1 Terraform policies to Graph JSON format using parallel processing...
2025-06-13T05:43:04.4252202Z Converting policies: Progress: 1/1 (100.0%) - 5165.3 items/sec, ETA: 00:00
2025-06-13T05:43:04.4254525Z Policy conversion completed in 0ms
2025-06-13T05:43:04.4256773Z Average speed: 3958.8 policies/second
2025-06-13T05:43:04.4264572Z Converting 1 Terraform policies to Graph JSON format using parallel processing...
2025-06-13T05:43:04.4275809Z Converting policies: Progress: 1/1 (100.0%) - 3330.0 items/sec, ETA: 00:00
2025-06-13T05:43:04.4277005Z Policy conversion completed in 0ms
2025-06-13T05:43:04.4278833Z Average speed: 2708.6 policies/second
2025-06-13T05:43:04.4297294Z   Passed ConditionalAccessExporter.Tests.PolicyComparisonServiceTests.CompareAsync_ComplexNestedDifferences_ShouldDetectCorrectly [40 ms]
2025-06-13T05:43:04.4309115Z   Passed ConditionalAccessExporter.Tests.TerraformConversionServiceTests.ConvertToGraphJsonAsync_UnresolvedVariables_ShouldGenerateWarnings [3 ms]
2025-06-13T05:43:04.4311173Z   Passed ConditionalAccessExporter.Tests.PolicyComparisonServiceTests.ParseEntraExport_ValidJsonString_ShouldParseCorrectly [3 ms]
2025-06-13T05:43:04.4313211Z   Passed ConditionalAccessExporter.Tests.TerraformConversionServiceTests.ConvertToGraphJsonAsync_NullNestedObjects_ShouldHandleGracefully [4 ms]
2025-06-13T05:43:04.4315430Z   Passed ConditionalAccessExporter.Tests.PolicyComparisonServiceTests.CompareAsync_EmptyEntraExport_ShouldReportAllAsReferenceOnly [7 ms]
2025-06-13T05:43:04.4317409Z   Passed ConditionalAccessExporter.Tests.PolicyComparisonServiceTests.CompareAsync_NonExistentReferenceDirectory_ShouldHandleGracefully [1 ms]
2025-06-13T05:43:04.4319648Z   Passed ConditionalAccessExporter.Tests.ParallelProcessingServiceTests.ProcessInParallelAsync_WithErrorsAndContinueOnError_HandlesErrorsGracefully [36 ms]
2025-06-13T05:43:04.4321044Z   Standard Output Messages:
2025-06-13T05:43:04.4321496Z  Successfully processed 7 out of 10 items
2025-06-13T05:43:04.4321956Z  Errors encountered: 3
2025-06-13T05:43:04.4322195Z 
2025-06-13T05:43:04.4322202Z 
2025-06-13T05:43:04.4323166Z   Passed ConditionalAccessExporter.Tests.TerraformConversionServiceTests.ConvertToGraphJsonAsync_UsersConditions_ShouldMapCorrectly [31 ms]
2025-06-13T05:43:04.4393080Z Converting 1 Terraform policies to Graph JSON format using parallel processing...
2025-06-13T05:43:04.4394074Z Converting policies: Progress: 1/1 (100.0%) - 11086.5 items/sec, ETA: 00:00
2025-06-13T05:43:04.4395347Z Policy conversion completed in 0ms
2025-06-13T05:43:04.4400042Z Average speed: 7974.5 policies/second
2025-06-13T05:43:04.4533738Z Converting 1 Terraform policies to Graph JSON format using parallel processing...
2025-06-13T05:43:04.4534988Z Converting policies: Progress: 1/1 (100.0%) - 12484.4 items/sec, ETA: 00:00
2025-06-13T05:43:04.4591049Z Policy conversion completed in 0ms
2025-06-13T05:43:04.4596115Z Average speed: 4690.4 policies/second
2025-06-13T05:43:04.4706454Z Converting 1 Terraform policies to Graph JSON format using parallel processing...
2025-06-13T05:43:04.4714428Z Converting policies: Progress: 1/1 (100.0%) - 2923.1 items/sec, ETA: 00:00
2025-06-13T05:43:04.4715872Z Policy conversion completed in 0ms
2025-06-13T05:43:04.4716525Z Average speed: 2345.2 policies/second
2025-06-13T05:43:04.4750344Z Converting 3 Terraform policies to Graph JSON format using parallel processing...
2025-06-13T05:43:04.4762075Z Converting policies: Progress: 1/3 (33.3%) - 4771.0 items/sec, ETA: 00:00
2025-06-13T05:43:04.4774478Z Converting policies: Progress: 2/3 (66.7%) - 7150.5 items/sec, ETA: 00:00
2025-06-13T05:43:04.4781163Z Converting policies: Progress: 3/3 (100.0%) - 4845.0 items/sec, ETA: 00:00
2025-06-13T05:43:04.4781911Z Policy conversion completed in 1ms
2025-06-13T05:43:04.4782439Z Average speed: 2719.9 policies/second
2025-06-13T05:43:04.4837840Z   Passed ConditionalAccessExporter.Tests.TerraformConversionServiceTests.ConvertToGraphJsonAsync_DataSourceReferences_ShouldGenerateWarnings [1 ms]
2025-06-13T05:43:04.4846260Z   Passed ConditionalAccessExporter.Tests.TerraformConversionServiceTests.ConvertToGraphJsonAsync_ClientApplicationsConditions_ShouldMapCorrectly [11 ms]
2025-06-13T05:43:04.4850037Z   Passed ConditionalAccessExporter.Tests.TerraformConversionServiceTests.ConvertToGraphJsonAsync_PlatformsConditions_ShouldMapCorrectly [14 ms]
2025-06-13T05:43:04.4853277Z   Passed ConditionalAccessExporter.Tests.ParallelProcessingServiceTests.ProcessInParallelAsync_WithValidItems_ProcessesSuccessfully [49 ms]
2025-06-13T05:43:04.4856820Z   Standard Output Messages:
2025-06-13T05:43:04.4857230Z  Processed 10 items in 43.4476ms
2025-06-13T05:43:04.4857648Z  Average speed: 230.16 items/second
2025-06-13T05:43:04.4858354Z 
2025-06-13T05:43:04.4859599Z 
2025-06-13T05:43:04.4860606Z   Passed ConditionalAccessExporter.Tests.ParallelProcessingServiceTests.GetOptimalDegreeOfParallelism_ReturnsReasonableValue [< 1 ms]
2025-06-13T05:43:04.4861777Z   Standard Output Messages:
2025-06-13T05:43:04.4862198Z  Optimal parallelism: 3 (System cores: 4)
2025-06-13T05:43:04.4862517Z 
2025-06-13T05:43:04.4862524Z 
2025-06-13T05:43:04.4863483Z   Passed ConditionalAccessExporter.Tests.TerraformConversionServiceTests.ConvertToGraphJsonAsync_ApplicationsConditions_ShouldMapCorrectly [19 ms]
2025-06-13T05:43:04.4865676Z   Passed ConditionalAccessExporter.Tests.TerraformConversionServiceTests.ConvertToGraphJsonAsync_LocalResolution_ShouldResolveCorrectly [3 ms]
2025-06-13T05:43:04.4867121Z   Passed ConditionalAccessExporter.Tests.TerraformConversionServiceTests.ConvertToGraphJsonAsync_MultiplePolicies_ShouldConvertAll [5 ms]
2025-06-13T05:43:04.4868654Z Converting 1 Terraform policies to Graph JSON format using parallel processing...
2025-06-13T05:43:04.4869613Z Converting policies: Progress: 1/1 (100.0%) - 1397.0 items/sec, ETA: 00:00
2025-06-13T05:43:04.4870308Z Policy conversion completed in 1ms
2025-06-13T05:43:04.4870818Z Average speed: 1271.8 policies/second
2025-06-13T05:43:04.5029075Z Found 100 source policies (Json) and 100 reference policies (Terraform)
2025-06-13T05:43:04.5092896Z Converting 1 Terraform policies to Graph JSON format using parallel processing...
2025-06-13T05:43:04.5095591Z Converting policies: Progress: 1/1 (100.0%) - 1184.4 items/sec, ETA: 00:00
2025-06-13T05:43:04.5096466Z Policy conversion completed in 1ms
2025-06-13T05:43:04.5096943Z Average speed: 1091.8 policies/second
2025-06-13T05:43:04.5132923Z [xUnit.net 00:00:01.09]     ConditionalAccessExporter.Tests.CrossFormatPolicyComparisonServiceTests.ComparePoliciesAsync_LargeNumberOfPolicies_ShouldHandleEfficiently [FAIL]
2025-06-13T05:43:04.5136475Z [xUnit.net 00:00:01.09]       Expected matching policies but found: Matching=0, SemanticallyEquivalent=0
2025-06-13T05:43:04.5137295Z [xUnit.net 00:00:01.09]       Stack Trace:
2025-06-13T05:43:04.5139349Z [xUnit.net 00:00:01.09]         /home/runner/work/CA_Scanner/CA_Scanner/ConditionalAccessExporter.Tests/PolicyAssertions.cs(52,0): at ConditionalAccessExporter.Tests.PolicyAssertions.AssertHasMatchingPolicies(CrossFormatComparisonSummary summary)
2025-06-13T05:43:04.5143217Z [xUnit.net 00:00:01.09]         /home/runner/work/CA_Scanner/CA_Scanner/ConditionalAccessExporter.Tests/CrossFormatPolicyComparisonServiceTests.cs(537,0): at ConditionalAccessExporter.Tests.CrossFormatPolicyComparisonServiceTests.ComparePoliciesAsync_LargeNumberOfPolicies_ShouldHandleEfficiently()
2025-06-13T05:43:04.5145941Z [xUnit.net 00:00:01.09]         --- End of stack trace from previous location ---
2025-06-13T05:43:04.5152968Z Starting cross-format comparison between '/tmp/CrossFormatTests_feeede15/source' and '/tmp/CrossFormatTests_feeede15/reference'
2025-06-13T05:43:04.5155750Z Found 1 source policies (Json) and 1 reference policies (Terraform)
2025-06-13T05:43:04.5167315Z Starting cross-format comparison between '/tmp/CrossFormatTests_23e661c2/source' and '/tmp/CrossFormatTests_23e661c2/reference'
2025-06-13T05:43:04.5168656Z Converting 1 Terraform policies to Graph JSON format using parallel processing...
2025-06-13T05:43:04.5169529Z Found 1 source policies (Json) and 0 reference policies (Mixed)
2025-06-13T05:43:04.5170400Z Converting policies: Progress: 1/1 (100.0%) - 4366.8 items/sec, ETA: 00:00
2025-06-13T05:43:04.5171115Z Policy conversion completed in 0ms
2025-06-13T05:43:04.5171859Z Average speed: 2136.8 policies/second
2025-06-13T05:43:04.5192554Z Starting cross-format comparison between '/tmp/CrossFormatTests_ed77d0b0/source' and '/tmp/CrossFormatTests_ed77d0b0/reference'
2025-06-13T05:43:04.5224735Z Found 1 source policies (Json) and 1 reference policies (Terraform)
2025-06-13T05:43:04.5232835Z Converting 1 Terraform policies to Graph JSON format using parallel processing...
2025-06-13T05:43:04.5251178Z Starting cross-format comparison between '/tmp/CrossFormatTests_6aafe2b3/source' and '/tmp/CrossFormatTests_6aafe2b3/reference'
2025-06-13T05:43:04.5252736Z Converting policies: Progress: 1/1 (100.0%) - 806.2 items/sec, ETA: 00:00
2025-06-13T05:43:04.5254308Z Policy conversion completed in 1ms
2025-06-13T05:43:04.5255136Z Average speed: 760.4 policies/second
2025-06-13T05:43:04.5257042Z Warning: Failed to load JSON file '/tmp/CrossFormatTests_6aafe2b3/source/malformed.json': Invalid character after parsing property name. Expected ':' but got: j. Path '', line 1, position 10.
2025-06-13T05:43:04.5274344Z   Passed ConditionalAccessExporter.Tests.TerraformConversionServiceTests.ConvertToGraphJsonAsync_SessionControls_ShouldMapCorrectly [28 ms]
2025-06-13T05:43:04.5281338Z   Failed ConditionalAccessExporter.Tests.CrossFormatPolicyComparisonServiceTests.ComparePoliciesAsync_LargeNumberOfPolicies_ShouldHandleEfficiently [247 ms]
2025-06-13T05:43:04.5282814Z   Error Message:
2025-06-13T05:43:04.5283445Z    Expected matching policies but found: Matching=0, SemanticallyEquivalent=0
2025-06-13T05:43:04.5287912Z   Stack Trace:
2025-06-13T05:43:04.5289550Z      at ConditionalAccessExporter.Tests.PolicyAssertions.AssertHasMatchingPolicies(CrossFormatComparisonSummary summary) in /home/runner/work/CA_Scanner/CA_Scanner/ConditionalAccessExporter.Tests/PolicyAssertions.cs:line 52
2025-06-13T05:43:04.5296837Z    at ConditionalAccessExporter.Tests.CrossFormatPolicyComparisonServiceTests.ComparePoliciesAsync_LargeNumberOfPolicies_ShouldHandleEfficiently() in /home/runner/work/CA_Scanner/CA_Scanner/ConditionalAccessExporter.Tests/CrossFormatPolicyComparisonServiceTests.cs:line 537
2025-06-13T05:43:04.5298963Z --- End of stack trace from previous location ---
2025-06-13T05:43:04.5300253Z   Passed ConditionalAccessExporter.Tests.TerraformConversionServiceTests.ConvertToGraphJsonAsync_ClientAppTypes_ShouldMapCorrectly [7 ms]
2025-06-13T05:43:04.5302308Z   Passed ConditionalAccessExporter.Tests.CrossFormatPolicyComparisonServiceTests.ComparePoliciesAsync_ReadOnlyFileSystem_ShouldNotThrow [3 ms]
2025-06-13T05:43:04.5304518Z   Passed ConditionalAccessExporter.Tests.CrossFormatPolicyComparisonServiceTests.ComparePoliciesAsync_EmptyReferenceDirectory_ShouldHandleGracefully [3 ms]
2025-06-13T05:43:04.5306931Z   Passed ConditionalAccessExporter.Tests.ParallelProcessingServiceTests.ProcessInParallelAsync_WithProgressReporting_ReportsProgressCorrectly [62 ms]
2025-06-13T05:43:04.5308267Z   Standard Output Messages:
2025-06-13T05:43:04.5308799Z  Progress: Progress: 5/20 (25.0%) - 185.7 items/sec, ETA: 00:00
2025-06-13T05:43:04.5309529Z  Progress: Progress: 10/20 (50.0%) - 269.6 items/sec, ETA: 00:00
2025-06-13T05:43:04.5310243Z  Progress: Progress: 15/20 (75.0%) - 317.4 items/sec, ETA: 00:00
2025-06-13T05:43:04.5311219Z  Progress: Progress: 20/20 (100.0%) - 345.3 items/sec, ETA: 00:00
2025-06-13T05:43:04.5311818Z  Received 4 progress reports
2025-06-13T05:43:04.5312239Z 
2025-06-13T05:43:04.5312249Z 
2025-06-13T05:43:04.5321195Z   Passed ConditionalAccessExporter.Tests.TerraformConversionServiceTests.ConvertToGraphJsonAsync_SpecialValues_ShouldMapCorrectly [6 ms]
2025-06-13T05:43:04.5323455Z   Passed ConditionalAccessExporter.Tests.CrossFormatPolicyComparisonServiceTests.ComparePoliciesAsync_CustomMapping_ShouldUseCustomMappings [5 ms]
2025-06-13T05:43:04.5325727Z Found 1 source policies (Json) and 0 reference policies (Mixed)
2025-06-13T05:43:04.5327234Z Starting cross-format comparison between '/tmp/CrossFormatTests_3f2bf997/source' and '/tmp/CrossFormatTests_3f2bf997/reference'
2025-06-13T05:43:04.5328744Z Found 0 source policies (Mixed) and 1 reference policies (Terraform)
2025-06-13T05:43:04.5330034Z Starting cross-format comparison between '/tmp/CrossFormatTests_880cdd8f/source' and '/tmp/CrossFormatTests_880cdd8f/reference'
2025-06-13T05:43:04.5339804Z Found 1 source policies (Json) and 1 reference policies (Terraform)
2025-06-13T05:43:04.5360970Z Converting 1 Terraform policies to Graph JSON format using parallel processing...
2025-06-13T05:43:04.5375864Z Converting policies: Progress: 1/1 (100.0%) - 954.2 items/sec, ETA: 00:00
2025-06-13T05:43:04.5376620Z Policy conversion completed in 1ms
2025-06-13T05:43:04.5377172Z Average speed: 831.9 policies/second
2025-06-13T05:43:04.5438669Z Converting 1 Terraform policies to Graph JSON format using parallel processing...
2025-06-13T05:43:04.5448624Z Converting policies: Progress: 1/1 (100.0%) - 986.8 items/sec, ETA: 00:00
2025-06-13T05:43:04.5449640Z Policy conversion completed in 1ms
2025-06-13T05:43:04.5451666Z Average speed: 828.2 policies/second
2025-06-13T05:43:04.5560996Z Starting cross-format comparison between '/tmp/CrossFormatTests_4ea29c7d/source' and '/tmp/CrossFormatTests_4ea29c7d/reference'
2025-06-13T05:43:04.5902533Z Found 50 source policies (Json) and 50 reference policies (Terraform)
2025-06-13T05:43:04.5958433Z [xUnit.net 00:00:01.17]     ConditionalAccessExporter.Tests.CrossFormatPolicyComparisonServiceTests.ComparePoliciesAsync_PerformanceWithManyComplexPolicies_ShouldCompleteWithinReasonableTime [FAIL]
2025-06-13T05:43:04.5960459Z [xUnit.net 00:00:01.17]       Expected matching policies but found: Matching=0, SemanticallyEquivalent=0
2025-06-13T05:43:04.5961368Z [xUnit.net 00:00:01.17]       Stack Trace:
2025-06-13T05:43:04.5964399Z [xUnit.net 00:00:01.17]         /home/runner/work/CA_Scanner/CA_Scanner/ConditionalAccessExporter.Tests/PolicyAssertions.cs(52,0): at ConditionalAccessExporter.Tests.PolicyAssertions.AssertHasMatchingPolicies(CrossFormatComparisonSummary summary)
2025-06-13T05:43:04.5968899Z [xUnit.net 00:00:01.17]         /home/runner/work/CA_Scanner/CA_Scanner/ConditionalAccessExporter.Tests/CrossFormatPolicyComparisonServiceTests.cs(707,0): at ConditionalAccessExporter.Tests.CrossFormatPolicyComparisonServiceTests.ComparePoliciesAsync_PerformanceWithManyComplexPolicies_ShouldCompleteWithinReasonableTime()
2025-06-13T05:43:04.5971591Z [xUnit.net 00:00:01.17]         --- End of stack trace from previous location ---
2025-06-13T05:43:04.5972954Z Starting cross-format comparison between '/tmp/CrossFormatTests_61d33df3/source' and '/tmp/CrossFormatTests_61d33df3/nonexistent-reference'
2025-06-13T05:43:04.5974267Z Found 0 source policies (Mixed) and 0 reference policies (Unknown)
2025-06-13T05:43:04.6009717Z Markdown cross-format comparison report generated: /tmp/CrossFormatReportGenerationTests/3c87313f-92ba-4388-9295-89631b5a4f67/cross-format-comparison-20250613-054304.md
2025-06-13T05:43:04.6044895Z   Passed ConditionalAccessExporter.Tests.CrossFormatPolicyComparisonServiceTests.ComparePoliciesAsync_MalformedJsonFile_ShouldSkipAndContinue [2 ms]
2025-06-13T05:43:04.6048631Z   Passed ConditionalAccessExporter.Tests.CrossFormatPolicyComparisonServiceTests.ComparePoliciesAsync_ReferenceOnlyPolicy_ShouldReturnReferenceOnlyStatus [3 ms]
2025-06-13T05:43:04.6051092Z   Passed ConditionalAccessExporter.Tests.TerraformConversionServiceTests.ConvertToGraphJsonAsync_RiskLevels_ShouldMapCorrectly [12 ms]
2025-06-13T05:43:04.6053258Z   Passed ConditionalAccessExporter.Tests.CrossFormatPolicyComparisonServiceTests.ComparePoliciesAsync_ByNameCaseInsensitive_ShouldIgnoreCase [3 ms]
2025-06-13T05:43:04.6055668Z   Passed ConditionalAccessExporter.Tests.TerraformConversionServiceTests.ConvertToGraphJsonAsync_GeneralStructure_ShouldBeCorrect [9 ms]
2025-06-13T05:43:04.6057872Z   Passed ConditionalAccessExporter.Tests.TerraformConversionServiceTests.ConvertToGraphJsonAsync_MinimalRequiredFields_ShouldConvertWithDefaults [4 ms]
2025-06-13T05:43:04.6060622Z   Failed ConditionalAccessExporter.Tests.CrossFormatPolicyComparisonServiceTests.ComparePoliciesAsync_PerformanceWithManyComplexPolicies_ShouldCompleteWithinReasonableTime [60 ms]
2025-06-13T05:43:04.6062268Z   Error Message:
2025-06-13T05:43:04.6062879Z    Expected matching policies but found: Matching=0, SemanticallyEquivalent=0
2025-06-13T05:43:04.6063594Z   Stack Trace:
2025-06-13T05:43:04.6065477Z      at ConditionalAccessExporter.Tests.PolicyAssertions.AssertHasMatchingPolicies(CrossFormatComparisonSummary summary) in /home/runner/work/CA_Scanner/CA_Scanner/ConditionalAccessExporter.Tests/PolicyAssertions.cs:line 52
2025-06-13T05:43:04.6069109Z    at ConditionalAccessExporter.Tests.CrossFormatPolicyComparisonServiceTests.ComparePoliciesAsync_PerformanceWithManyComplexPolicies_ShouldCompleteWithinReasonableTime() in /home/runner/work/CA_Scanner/CA_Scanner/ConditionalAccessExporter.Tests/CrossFormatPolicyComparisonServiceTests.cs:line 707
2025-06-13T05:43:04.6071689Z --- End of stack trace from previous location ---
2025-06-13T05:43:04.6073224Z   Passed ConditionalAccessExporter.Tests.CrossFormatPolicyComparisonServiceTests.ComparePoliciesAsync_NonExistentReferenceDirectory_ShouldHandleGracefully [1 ms]
2025-06-13T05:43:04.6075705Z   Passed ConditionalAccessExporter.Tests.CrossFormatReportGenerationServiceTests.GenerateMarkdownReport_ValidatesMarkdownSyntax [5 ms]
2025-06-13T05:43:04.6152903Z Cross-format comparison report generated: /tmp/CrossFormatReportGenerationTests/18d12ed1-2844-42bd-a355-bd2464d35d5a/cross-format-comparison-20250613-054304.json
2025-06-13T05:43:04.6171883Z HTML cross-format comparison report generated: /tmp/CrossFormatReportGenerationTests/18d12ed1-2844-42bd-a355-bd2464d35d5a/cross-format-comparison-20250613-054304.html
2025-06-13T05:43:04.6175594Z Markdown cross-format comparison report generated: /tmp/CrossFormatReportGenerationTests/18d12ed1-2844-42bd-a355-bd2464d35d5a/cross-format-comparison-20250613-054304.md
2025-06-13T05:43:04.6194195Z CSV cross-format comparison report generated: /tmp/CrossFormatReportGenerationTests/18d12ed1-2844-42bd-a355-bd2464d35d5a/cross-format-comparison-20250613-054304.csv
2025-06-13T05:43:04.6234284Z Cross-format comparison report generated: /tmp/CrossFormatReportGenerationTests/c243151c-1518-4984-935a-56ec1e1a55cb/cross-format-comparison-20250613-054304.json
2025-06-13T05:43:04.6278984Z Cross-format comparison report generated: /tmp/CrossFormatReportGenerationTests/c39bd65e-cdcf-4839-8ecf-63d4df39a69f/cross-format-comparison-20250613-054304.json
2025-06-13T05:43:04.6419248Z HTML cross-format comparison report generated: /tmp/CrossFormatReportGenerationTests/69ff9673-ea9c-4a93-af0a-8a3d4d64d147/cross-format-comparison-20250613-054304.html
2025-06-13T05:43:04.6456885Z CSV cross-format comparison report generated: /tmp/CrossFormatReportGenerationTests/c9516f1b-15e1-4112-95ae-4047090b9251/cross-format-comparison-20250613-054304.csv
2025-06-13T05:43:04.6461295Z Cross-format comparison report generated: /tmp/CrossFormatReportGenerationTests/3c3aa6c1-da5c-4b0d-9fa9-32bdc468b7e3/cross-format-comparison-20250613-054304.json
2025-06-13T05:43:04.6467278Z HTML cross-format comparison report generated: /tmp/CrossFormatReportGenerationTests/3c3aa6c1-da5c-4b0d-9fa9-32bdc468b7e3/cross-format-comparison-20250613-054304.html
2025-06-13T05:43:04.6476658Z Markdown cross-format comparison report generated: /tmp/CrossFormatReportGenerationTests/3c3aa6c1-da5c-4b0d-9fa9-32bdc468b7e3/cross-format-comparison-20250613-054304.md
2025-06-13T05:43:04.6479266Z CSV cross-format comparison report generated: /tmp/CrossFormatReportGenerationTests/3c3aa6c1-da5c-4b0d-9fa9-32bdc468b7e3/cross-format-comparison-20250613-054304.csv
2025-06-13T05:43:04.6487454Z HTML cross-format comparison report generated: /tmp/CrossFormatReportGenerationTests/3f3a2907-ea92-4ded-8137-b6ee25933254/cross-format-comparison-20250613-054304.html
2025-06-13T05:43:04.6513792Z Cross-format comparison report generated: /tmp/CrossFormatReportGenerationTests/5b80d011-ddbc-4ff7-8bb7-6124df1da491/cross-format-comparison-20250613-054304.json
2025-06-13T05:43:04.6530093Z CSV cross-format comparison report generated: /tmp/CrossFormatReportGenerationTests/f99c21ae-6abc-4fbb-bc37-4ee92fbfdd85/cross-format-comparison-20250613-054304.csv
2025-06-13T05:43:04.6554019Z HTML cross-format comparison report generated: /tmp/CrossFormatReportGenerationTests/fd501a3a-a59e-49bb-8ab7-4d73a04c6e7a/cross-format-comparison-20250613-054304.html
2025-06-13T05:43:04.6587065Z   Passed ConditionalAccessExporter.Tests.CrossFormatReportGenerationServiceTests.GenerateReports_AllFormats_ShouldContainSameDataAccuracy [20 ms]
2025-06-13T05:43:04.6593290Z   Passed ConditionalAccessExporter.Tests.CrossFormatReportGenerationServiceTests.GenerateJsonReport_WithEmptyResult_ShouldCreateValidJsonFile [4 ms]
2025-06-13T05:43:04.6596128Z   Passed ConditionalAccessExporter.Tests.CrossFormatReportGenerationServiceTests.GenerateReport_WithDefaultFormat_ShouldCreateJsonReport [13 ms]
2025-06-13T05:43:04.6598649Z   Passed ConditionalAccessExporter.Tests.CrossFormatReportGenerationServiceTests.GenerateHtmlReport_WithSemanticallyEquivalent_ShouldDisplaySemanticInfo [2 ms]
2025-06-13T05:43:04.6602450Z   Passed ConditionalAccessExporter.Tests.CrossFormatReportGenerationServiceTests.GenerateCsvReport_WithConversionSuggestions_ShouldReflectInHasSuggestions [1 ms]
2025-06-13T05:43:04.6604690Z   Passed ConditionalAccessExporter.Tests.CrossFormatReportGenerationServiceTests.GenerateReport_WithEmptyResult_ShouldHandleGracefully [2 ms]
2025-06-13T05:43:04.6607069Z   Passed ConditionalAccessExporter.Tests.CrossFormatReportGenerationServiceTests.GenerateHtmlReport_WithConversionSuggestions_ShouldDisplaySuggestions [2 ms]
2025-06-13T05:43:04.6609300Z   Passed ConditionalAccessExporter.Tests.CrossFormatReportGenerationServiceTests.GenerateReport_WithUnknownFormat_ShouldDefaultToJson [1 ms]
2025-06-13T05:43:04.6611424Z   Passed ConditionalAccessExporter.Tests.CrossFormatReportGenerationServiceTests.GenerateCsvReport_WithAllStatuses_ShouldCreateValidCsvFile [2 ms]
2025-06-13T05:43:04.6613841Z Cross-format comparison report generated: /tmp/CrossFormatReportGenerationTests/3de37208-67a4-4d5b-b2dc-f306c4679782/new-directory/cross-format-comparison-20250613-054304.json
2025-06-13T05:43:04.6624219Z Markdown cross-format comparison report generated: /tmp/CrossFormatReportGenerationTests/eea3e957-43d3-4dba-85bb-c375c2e33138/cross-format-comparison-20250613-054304.md
2025-06-13T05:43:04.6673601Z Markdown cross-format comparison report generated: /tmp/CrossFormatReportGenerationTests/4e393ee7-00c9-4241-ae94-3b57f091c65d/cross-format-comparison-20250613-054304.md
2025-06-13T05:43:04.6690765Z Cross-format comparison report generated: /tmp/CrossFormatReportGenerationTests/8669cc7d-097a-4a87-91b1-be5b7ef85f7d/cross-format-comparison-20250613-054304.json
2025-06-13T05:43:05.9698515Z custom_export.json
2025-06-13T05:43:06.1588006Z   Passed ConditionalAccessExporter.Tests.CrossFormatReportGenerationServiceTests.GenerateHtmlReport_WithAllStatuses_ShouldCreateValidHtmlFile [3 ms]
2025-06-13T05:43:06.1590200Z   Passed ConditionalAccessExporter.Tests.CrossFormatReportGenerationServiceTests.GenerateReport_CreatesOutputDirectory_WhenNotExists [2 ms]
2025-06-13T05:43:06.1592457Z   Passed ConditionalAccessExporter.Tests.CrossFormatReportGenerationServiceTests.GenerateMarkdownReport_WithAllStatuses_ShouldCreateValidMarkdownFile [2 ms]
2025-06-13T05:43:06.1594039Z   Passed ConditionalAccessExporter.Tests.CrossFormatReportGenerationServiceTests.GenerateReports_ShouldLogFileGeneration [2 ms]
2025-06-13T05:43:06.1595166Z   Passed ConditionalAccessExporter.Tests.CrossFormatReportGenerationServiceTests.GenerateMarkdownReport_WithSemanticallyEquivalent_ShouldFormatCorrectly [1 ms]
2025-06-13T05:43:06.1596694Z   Passed ConditionalAccessExporter.Tests.CrossFormatReportGenerationServiceTests.GenerateJsonReport_WithAllStatuses_ShouldCreateValidJsonFile [3 ms]
2025-06-13T05:43:06.1597701Z   Passed ConditionalAccessExporter.Tests.ProgramTests.CrossFormatComparePoliciesAsync_Success_ReturnsZero [21 ms]
2025-06-13T05:43:06.1598545Z   Passed ConditionalAccessExporter.Tests.ProgramTests.ExportPoliciesAsync_Exception_HandlesErrorAndReturnsOne [1 s]
2025-06-13T05:43:06.4015013Z Conditional Access Policy Exporter
2025-06-13T05:43:06.4015886Z ==================================
2025-06-13T05:43:06.4017146Z Tenant ID: ***
2025-06-13T05:43:06.4027074Z Client ID: ***
2025-06-13T05:43:06.4027505Z Client Secret: [HIDDEN]
2025-06-13T05:43:06.4027905Z Authenticating to Microsoft Graph...
2025-06-13T05:43:06.4028358Z Fetching Conditional Access Policies...
2025-06-13T05:43:06.4028826Z Found 1 Conditional Access Policies
2025-06-13T05:43:06.4029248Z Policy Summary:
2025-06-13T05:43:06.4029547Z ================
2025-06-13T05:43:06.4029922Z - notrustisrael (State: Enabled)
2025-06-13T05:43:06.4030634Z Conditional Access Policies exported successfully to: custom_export.json
2025-06-13T05:43:06.4031225Z File size: 1.25 KB
2025-06-13T05:43:06.4031636Z Export completed successfully!
2025-06-13T05:43:06.4033773Z ConditionalAccessPolicies_20250613_054306.json
2025-06-13T05:43:06.7942044Z Conditional Access Policy Exporter
2025-06-13T05:43:06.7942817Z ==================================
2025-06-13T05:43:06.7943612Z Tenant ID: ***
2025-06-13T05:43:06.7944045Z Client ID: ***
2025-06-13T05:43:06.7944384Z Client Secret: [HIDDEN]
2025-06-13T05:43:06.7944795Z Authenticating to Microsoft Graph...
2025-06-13T05:43:06.7945497Z Fetching Conditional Access Policies...
2025-06-13T05:43:06.7946005Z Found 1 Conditional Access Policies
2025-06-13T05:43:06.7946403Z Policy Summary:
2025-06-13T05:43:06.7946701Z ================
2025-06-13T05:43:06.7947075Z - notrustisrael (State: Enabled)
2025-06-13T05:43:06.7947988Z Conditional Access Policies exported successfully to: ConditionalAccessPolicies_20250613_054306.json
2025-06-13T05:43:06.7948823Z File size: 1.25 KB
2025-06-13T05:43:06.7949223Z Export completed successfully!
2025-06-13T05:43:06.8464081Z   Passed ConditionalAccessExporter.Tests.ProgramTests.Export_Command_ValidArgs_CallsHandler(args: ["export", "--output", "custom_export.json"]) [432 ms]
2025-06-13T05:43:06.8466003Z   Passed ConditionalAccessExporter.Tests.ProgramTests.Export_Command_ValidArgs_CallsHandler(args: ["export"]) [392 ms]
2025-06-13T05:43:06.8467454Z   Passed ConditionalAccessExporter.Tests.ProgramTests.ConvertJsonToTerraformAsync_Success_ReturnsZero [11 ms]
2025-06-13T05:43:06.8468794Z   Passed ConditionalAccessExporter.Tests.ProgramTests.ComparePoliciesAsync_ServiceFailure_ReturnsOne [3 ms]
2025-06-13T05:43:06.8469616Z   Passed ConditionalAccessExporter.Tests.ProgramTests.JsonToTerraform_Command_MissingInput_ReturnsError [28 ms]
2025-06-13T05:43:06.8470614Z   Passed ConditionalAccessExporter.Tests.ProgramTests.CrossCompare_Command_MissingRequiredOption_ReturnsError(args: ["cross-compare", "--source-dir", "./src"]) [1 ms]
2025-06-13T05:43:06.8471772Z   Passed ConditionalAccessExporter.Tests.ProgramTests.CrossCompare_Command_MissingRequiredOption_ReturnsError(args: ["cross-compare", "--reference-dir", "./ref"]) [< 1 ms]
2025-06-13T05:43:06.8473246Z   Passed ConditionalAccessExporter.Tests.ProgramTests.CrossCompare_Command_ValidArgs_CallsHandler(args: ["cross-compare", "--source-dir", "./src_tf", "--reference-dir", "./ref_json", ···]) [3 ms]
2025-06-13T05:43:06.8474455Z   Passed ConditionalAccessExporter.Tests.ProgramTests.CrossCompare_Command_ValidArgs_CallsHandler(args: ["cross-compare", "--source-dir", "./src", "--reference-dir", "./ref"]) [< 1 ms]
2025-06-13T05:43:07.7768296Z   Passed ConditionalAccessExporter.Tests.ProgramTests.Terraform_Command_MissingInput_ReturnsError [1 ms]
2025-06-13T05:43:07.7769877Z   Passed ConditionalAccessExporter.Tests.ProgramTests.Terraform_Command_ValidArgs_CallsHandler(args: ["terraform", "--input", "file.tf"]) [31 ms]
2025-06-13T05:43:07.7772138Z   Passed ConditionalAccessExporter.Tests.ProgramTests.Terraform_Command_ValidArgs_CallsHandler(args: ["terraform", "--input", "dir/", "--output", "converted.json", ···]) [< 1 ms]
2025-06-13T05:43:07.7773704Z   Passed ConditionalAccessExporter.Tests.ProgramTests.ExportPoliciesAsync_Success_ReturnsZero [630 ms]
2025-06-13T05:43:07.7775040Z   Passed ConditionalAccessExporter.Tests.ProgramTests.ConvertTerraformAsync_ServiceFailure_ReturnsOne [1 ms]
2025-06-13T05:43:07.7776263Z   Passed ConditionalAccessExporter.Tests.ProgramTests.ConvertJsonToTerraformAsync_ServiceFailure_ReturnsOne [1 ms]
2025-06-13T05:43:07.7777824Z   Passed ConditionalAccessExporter.Tests.ProgramTests.Compare_Command_ValidArgs_CallsHandler(args: ["compare", "--reference-dir", "./ref", "--entra-file", "entra_export.json", ···]) [6 ms]
2025-06-13T05:43:07.7778912Z   Passed ConditionalAccessExporter.Tests.ProgramTests.Compare_Command_ValidArgs_CallsHandler(args: ["compare", "--reference-dir", "./ref"]) [255 ms]
2025-06-13T05:43:07.7779783Z   Passed ConditionalAccessExporter.Tests.ProgramTests.ConvertTerraformAsync_Success_ReturnsZero [2 ms]
2025-06-13T05:43:08.0838822Z   Passed ConditionalAccessExporter.Tests.ProgramTests.ComparePoliciesAsync_Success_ReturnsZero [6 ms]
2025-06-13T05:43:08.0841219Z   Passed ConditionalAccessExporter.Tests.ProgramTests.JsonToTerraform_Command_ValidArgs_CallsHandler(args: ["json-to-terraform", "--input", "policies.json", "--output-dir", "custom_tf_out", ···]) [1 ms]
2025-06-13T05:43:08.0843431Z   Passed ConditionalAccessExporter.Tests.ProgramTests.JsonToTerraform_Command_ValidArgs_CallsHandler(args: ["json-to-terraform", "--input", "policies.json"]) [< 1 ms]
2025-06-13T05:43:08.0845124Z   Passed ConditionalAccessExporter.Tests.ProgramTests.Compare_Command_MissingReferenceDir_ReturnsError [2 ms]
2025-06-13T05:43:08.0846614Z   Passed ConditionalAccessExporter.Tests.ProgramTests.Help_Option_PrintsHelpText(args: ["--help"]) [2 ms]
2025-06-13T05:43:08.0848008Z   Passed ConditionalAccessExporter.Tests.ProgramTests.Help_Option_PrintsHelpText(args: ["export", "--help"]) [< 1 ms]
2025-06-13T05:43:08.0849321Z   Passed ConditionalAccessExporter.Tests.ProgramTests.Main_NoArgs_CallsExportCommand [291 ms]
2025-06-13T05:43:08.0850706Z   Passed ConditionalAccessExporter.Tests.ProgramTests.CrossFormatComparePoliciesAsync_ServiceFailure_ReturnsOne [1 ms]
2025-06-13T05:43:08.0852485Z   Passed ConditionalAccessExporter.Tests.ReportGenerationServiceTests.GenerateConsoleReport_WithAllIdentical_ShouldShowAllIdentical [1 ms]
2025-06-13T05:43:08.0854364Z HTML report generated: /tmp/ReportGenerationTests/93a53fdb-c90e-4554-9ed7-52dc0352a095/CA_Comparison_20250613_054308.html
2025-06-13T05:43:08.0926990Z JSON report generated: /tmp/ReportGenerationTests/46b58133-b4c6-412e-a955-224145a31182/CA_Comparison_20250613_054308.json
2025-06-13T05:43:08.0979332Z CSV report generated: /tmp/ReportGenerationTests/e292bb88-ba2b-4ada-9b64-6f08b9e6e6c3/CA_Comparison_20250613_054308.csv
2025-06-13T05:43:08.0996287Z JSON report generated: /tmp/ReportGenerationTests/90a3e3fc-865b-4169-a4b9-0c0fc0c6b64f/CA_Comparison_20250613_054308.json
2025-06-13T05:43:08.0998956Z HTML report generated: /tmp/ReportGenerationTests/90a3e3fc-865b-4169-a4b9-0c0fc0c6b64f/CA_Comparison_20250613_054308.html
2025-06-13T05:43:08.1004334Z CSV report generated: /tmp/ReportGenerationTests/90a3e3fc-865b-4169-a4b9-0c0fc0c6b64f/CA_Comparison_20250613_054308.csv
2025-06-13T05:43:08.1029393Z JSON report generated: /tmp/ReportGenerationTests/04c71675-3bb2-4780-b0d2-27b02fa3f7a7/CA_Comparison_20250613_054308.json
2025-06-13T05:43:08.1087607Z   Passed ConditionalAccessExporter.Tests.ReportGenerationServiceTests.GenerateConsoleReport_WithAllEntraOnly_ShouldShowEntraOnlySection [< 1 ms]
2025-06-13T05:43:08.1089928Z   Passed ConditionalAccessExporter.Tests.ReportGenerationServiceTests.GenerateHtmlReport_WithEmptyResult_ShouldCreateValidHtmlFile [8 ms]
2025-06-13T05:43:08.1091816Z   Passed ConditionalAccessExporter.Tests.ReportGenerationServiceTests.GenerateJsonReport_WithEmptyResult_ShouldCreateValidJsonFile [4 ms]
2025-06-13T05:43:08.1093797Z   Passed ConditionalAccessExporter.Tests.ReportGenerationServiceTests.GenerateCsvReport_WithAllStatusTypes_ShouldCreateValidCsvFile [2 ms]
2025-06-13T05:43:08.1095936Z   Passed ConditionalAccessExporter.Tests.ReportGenerationServiceTests.GenerateReports_WithNullDifferences_ShouldHandleGracefully [2 ms]
2025-06-13T05:43:08.1098098Z   Passed ConditionalAccessExporter.Tests.ReportGenerationServiceTests.GenerateJsonReport_WithAllStatusTypes_ShouldCreateValidJsonFile [3 ms]
2025-06-13T05:43:08.1099983Z   Passed ConditionalAccessExporter.Tests.ReportGenerationServiceTests.GenerateReports_WithInvalidFormat_ShouldHandleGracefully [1 ms]
2025-06-13T05:43:08.1101834Z   Passed ConditionalAccessExporter.Tests.ReportGenerationServiceTests.GenerateConsoleReport_WithEmptyResult_ShouldShowEmptyReport [< 1 ms]
2025-06-13T05:43:08.1103839Z   Passed ConditionalAccessExporter.Tests.ReportGenerationServiceTests.GenerateConsoleReport_WithAllStatusTypes_ShouldProduceStructuredOutput [1 ms]
2025-06-13T05:43:08.1106012Z JSON report generated: /tmp/ReportGenerationTests/65720f93-3ec7-4787-8548-0da7b3748a07/new-directory/CA_Comparison_20250613_054308.json
2025-06-13T05:43:08.1107656Z JSON report generated: /tmp/ReportGenerationTests/0444a0ee-9360-4a05-a406-99a0881af39b/CA_Comparison_20250613_054308.json
2025-06-13T05:43:08.1109167Z HTML report generated: /tmp/ReportGenerationTests/0444a0ee-9360-4a05-a406-99a0881af39b/CA_Comparison_20250613_054308.html
2025-06-13T05:43:08.1110667Z CSV report generated: /tmp/ReportGenerationTests/0444a0ee-9360-4a05-a406-99a0881af39b/CA_Comparison_20250613_054308.csv
2025-06-13T05:43:08.1124703Z HTML report generated: /tmp/ReportGenerationTests/c8f24056-060a-416f-b812-f20dcc21376a/CA_Comparison_20250613_054308.html
2025-06-13T05:43:08.1181705Z [xUnit.net 00:00:04.70]   Finished:    ConditionalAccessExporter.Tests
2025-06-13T05:43:09.6087313Z   Passed ConditionalAccessExporter.Tests.ReportGenerationServiceTests.GenerateReports_CreatesOutputDirectory_WhenNotExists [1 ms]
2025-06-13T05:43:09.6089152Z   Passed ConditionalAccessExporter.Tests.ReportGenerationServiceTests.GenerateReports_WithMultipleFormats_ShouldCreateAllFiles [1 ms]
2025-06-13T05:43:09.6091038Z   Passed ConditionalAccessExporter.Tests.ReportGenerationServiceTests.GenerateHtmlReport_WithAllStatusTypes_ShouldCreateValidHtmlFile [3 ms]
2025-06-13T05:43:19.1846932Z 
2025-06-13T05:43:19.1887623Z Test Run Failed.
2025-06-13T05:43:19.1888042Z Total tests: 215
2025-06-13T05:43:19.1888331Z      Passed: 212
2025-06-13T05:43:19.1888605Z      Failed: 3
2025-06-13T05:43:19.1903081Z  Total time: 17.6326 Seconds
2025-06-13T05:43:19.2030703Z      1>Project "/home/runner/work/CA_Scanner/CA_Scanner/ConditionalAccessExporter.sln" (1) is building "/home/runner/work/CA_Scanner/CA_Scanner/ConditionalAccessExporter.Tests/ConditionalAccessExporter.Tests.csproj" (3) on node 2 (VSTest target(s)).
2025-06-13T05:43:19.2033889Z      3>_VSTestConsole:
2025-06-13T05:43:19.2034521Z          MSB4181: The "VSTestTask" task returned false but did not log an error.
2025-06-13T05:43:19.2068000Z      3>Done Building Project "/home/runner/work/CA_Scanner/CA_Scanner/ConditionalAccessExporter.Tests/ConditionalAccessExporter.Tests.csproj" (VSTest target(s)) -- FAILED.
2025-06-13T05:43:19.2137033Z      1>Done Building Project "/home/runner/work/CA_Scanner/CA_Scanner/ConditionalAccessExporter.sln" (VSTest target(s)) -- FAILED.
2025-06-13T05:43:19.2183809Z 
2025-06-13T05:43:19.2184326Z Build FAILED.
2025-06-13T05:43:19.2184858Z     0 Warning(s)
2025-06-13T05:43:19.2185752Z     0 Error(s)
2025-06-13T05:43:19.2194210Z 
2025-06-13T05:43:19.2194714Z Time Elapsed 00:00:18.55
2025-06-13T05:43:19.3987950Z 
2025-06-13T05:43:19.3993250Z Attachments:
2025-06-13T05:43:19.3995522Z   /home/runner/work/CA_Scanner/CA_Scanner/ConditionalAccessExporter.Tests/TestResults/8ab50b99-2cf6-49af-976f-43aae829e128/coverage.cobertura.xml
2025-06-13T05:43:19.4503899Z ##[error]Process completed with exit code 1.
2025-06-13T05:43:19.4611987Z Post job cleanup.
2025-06-13T05:43:19.5331028Z [command]/usr/bin/git version
2025-06-13T05:43:19.5370704Z git version 2.49.0
2025-06-13T05:43:19.5414878Z Temporarily overriding HOME='/home/runner/work/_temp/7dfc1311-d447-44e8-a756-4d7dd08fecc9' before making global git config changes
2025-06-13T05:43:19.5416468Z Adding repository directory to the temporary git global config as a safe directory
2025-06-13T05:43:19.5419982Z [command]/usr/bin/git config --global --add safe.directory /home/runner/work/CA_Scanner/CA_Scanner
2025-06-13T05:43:19.5452802Z [command]/usr/bin/git config --local --name-only --get-regexp core\.sshCommand
2025-06-13T05:43:19.5482060Z [command]/usr/bin/git submodule foreach --recursive sh -c "git config --local --name-only --get-regexp 'core\.sshCommand' && git config --local --unset-all 'core.sshCommand' || :"
2025-06-13T05:43:19.5709521Z [command]/usr/bin/git config --local --name-only --get-regexp http\.https\:\/\/github\.com\/\.extraheader
2025-06-13T05:43:19.5729070Z http.https://github.com/.extraheader
2025-06-13T05:43:19.5740346Z [command]/usr/bin/git config --local --unset-all http.https://github.com/.extraheader
2025-06-13T05:43:19.5770188Z [command]/usr/bin/git submodule foreach --recursive sh -c "git config --local --name-only --get-regexp 'http\.https\:\/\/github\.com\/\.extraheader' && git config --local --unset-all 'http.https://github.com/.extraheader' || :"
2025-06-13T05:43:19.6099249Z Cleaning up orphan processes
2025-06-13T05:43:19.6478639Z Terminate orphan process: pid (2398) (dotnet)
2025-06-13T05:43:19.6685525Z Terminate orphan process: pid (2476) (dotnet)
