2025-06-15T03:28:00.1926227Z Current runner version: '2.325.0'
2025-06-15T03:28:00.1950827Z ##[group]Operating System
2025-06-15T03:28:00.1951628Z Ubuntu
2025-06-15T03:28:00.1952470Z 24.04.2
2025-06-15T03:28:00.1953023Z LTS
2025-06-15T03:28:00.1953507Z ##[endgroup]
2025-06-15T03:28:00.1954106Z ##[group]Runner Image
2025-06-15T03:28:00.1954676Z Image: ubuntu-24.04
2025-06-15T03:28:00.1955197Z Version: 20250609.1.0
2025-06-15T03:28:00.1956295Z Included Software: https://github.com/actions/runner-images/blob/ubuntu24/20250609.1/images/ubuntu/Ubuntu2404-Readme.md
2025-06-15T03:28:00.1957675Z Image Release: https://github.com/actions/runner-images/releases/tag/ubuntu24%2F20250609.1
2025-06-15T03:28:00.1958544Z ##[endgroup]
2025-06-15T03:28:00.1959179Z ##[group]Runner Image Provisioner
2025-06-15T03:28:00.1959769Z 2.0.437.1
2025-06-15T03:28:00.1960229Z ##[endgroup]
2025-06-15T03:28:00.1961368Z ##[group]GITHUB_TOKEN Permissions
2025-06-15T03:28:00.1963631Z Contents: write
2025-06-15T03:28:00.1964300Z Metadata: read
2025-06-15T03:28:00.1964944Z Pages: write
2025-06-15T03:28:00.1965602Z ##[endgroup]
2025-06-15T03:28:00.1967808Z Secret source: Actions
2025-06-15T03:28:00.1968490Z Prepare workflow directory
2025-06-15T03:28:00.2289117Z Prepare all required actions
2025-06-15T03:28:00.2326659Z Getting action download info
2025-06-15T03:28:00.7540398Z ##[group]Download immutable action package 'actions/checkout@v3'
2025-06-15T03:28:00.7541531Z Version: 3.6.0
2025-06-15T03:28:00.7542785Z Digest: sha256:942562b9c7d4b1f2557f1da21f4d3eb4eb4fd01f2ad78b2a6e187d1b193e0a0f
2025-06-15T03:28:00.7543952Z Source commit SHA: f43a0e5ff2bd294095638e18286ca9a3d1956744
2025-06-15T03:28:00.7544805Z ##[endgroup]
2025-06-15T03:28:00.8323271Z ##[group]Download immutable action package 'actions/setup-dotnet@v3'
2025-06-15T03:28:00.8324091Z Version: 3.4.2
2025-06-15T03:28:00.8324860Z Digest: sha256:b988103bd1785dcf8ff8b209ba81500bd5f2a083a3b82e66f1d11ee61cf4c24d
2025-06-15T03:28:00.8325931Z Source commit SHA: 55ec9447dda3d1cf6bd587150f3262f30ee10815
2025-06-15T03:28:00.8326656Z ##[endgroup]
2025-06-15T03:28:01.1781524Z Download action repository 'danielpalme/ReportGenerator-GitHub-Action@5.2.0' (SHA:4d510cbed8a05af5aefea46c7fd6e05b95844c89)
2025-06-15T03:28:01.6137276Z ##[group]Download immutable action package 'actions/upload-artifact@v4'
2025-06-15T03:28:01.6138077Z Version: 4.6.2
2025-06-15T03:28:01.6138923Z Digest: sha256:290722aa3281d5caf23d0acdc3dbeb3424786a1a01a9cc97e72f147225e37c38
2025-06-15T03:28:01.6140059Z Source commit SHA: ea165f8d65b6e75b540449e92b4886f43607fa02
2025-06-15T03:28:01.6140716Z ##[endgroup]
2025-06-15T03:28:01.7267587Z Download action repository 'JamesIves/github-pages-deploy-action@v4' (SHA:6c2d9db40f9296374acc17b90404b6e8864128c8)
2025-06-15T03:28:03.3142342Z Complete job name: build-and-test
2025-06-15T03:28:03.3778742Z ##[group]Run actions/checkout@v3
2025-06-15T03:28:03.3779352Z with:
2025-06-15T03:28:03.3779618Z   repository: thefaftek-git/CA_Scanner
2025-06-15T03:28:03.3780084Z   token: ***
2025-06-15T03:28:03.3780315Z   ssh-strict: true
2025-06-15T03:28:03.3780581Z   persist-credentials: true
2025-06-15T03:28:03.3780863Z   clean: true
2025-06-15T03:28:03.3781114Z   sparse-checkout-cone-mode: true
2025-06-15T03:28:03.3781389Z   fetch-depth: 1
2025-06-15T03:28:03.3781620Z   fetch-tags: false
2025-06-15T03:28:03.3782110Z   lfs: false
2025-06-15T03:28:03.3782501Z   submodules: false
2025-06-15T03:28:03.3782743Z   set-safe-directory: true
2025-06-15T03:28:03.3783295Z ##[endgroup]
2025-06-15T03:28:03.5167216Z Syncing repository: thefaftek-git/CA_Scanner
2025-06-15T03:28:03.5168920Z ##[group]Getting Git version info
2025-06-15T03:28:03.5169508Z Working directory is '/home/runner/work/CA_Scanner/CA_Scanner'
2025-06-15T03:28:03.5170289Z [command]/usr/bin/git version
2025-06-15T03:28:03.5197335Z git version 2.49.0
2025-06-15T03:28:03.5225322Z ##[endgroup]
2025-06-15T03:28:03.5240183Z Temporarily overriding HOME='/home/runner/work/_temp/95bbb272-85f2-4563-ba10-786aa8879da6' before making global git config changes
2025-06-15T03:28:03.5241315Z Adding repository directory to the temporary git global config as a safe directory
2025-06-15T03:28:03.5244100Z [command]/usr/bin/git config --global --add safe.directory /home/runner/work/CA_Scanner/CA_Scanner
2025-06-15T03:28:03.5276694Z Deleting the contents of '/home/runner/work/CA_Scanner/CA_Scanner'
2025-06-15T03:28:03.5280201Z ##[group]Initializing the repository
2025-06-15T03:28:03.5283412Z [command]/usr/bin/git init /home/runner/work/CA_Scanner/CA_Scanner
2025-06-15T03:28:03.5340369Z hint: Using 'master' as the name for the initial branch. This default branch name
2025-06-15T03:28:03.5341403Z hint: is subject to change. To configure the initial branch name to use in all
2025-06-15T03:28:03.5342493Z hint: of your new repositories, which will suppress this warning, call:
2025-06-15T03:28:03.5342890Z hint:
2025-06-15T03:28:03.5343191Z hint: 	git config --global init.defaultBranch <name>
2025-06-15T03:28:03.5343527Z hint:
2025-06-15T03:28:03.5343985Z hint: Names commonly chosen instead of 'master' are 'main', 'trunk' and
2025-06-15T03:28:03.5344786Z hint: 'development'. The just-created branch can be renamed via this command:
2025-06-15T03:28:03.5345575Z hint:
2025-06-15T03:28:03.5345996Z hint: 	git branch -m <name>
2025-06-15T03:28:03.5346724Z Initialized empty Git repository in /home/runner/work/CA_Scanner/CA_Scanner/.git/
2025-06-15T03:28:03.5356012Z [command]/usr/bin/git remote add origin https://github.com/thefaftek-git/CA_Scanner
2025-06-15T03:28:03.5386987Z ##[endgroup]
2025-06-15T03:28:03.5387727Z ##[group]Disabling automatic garbage collection
2025-06-15T03:28:03.5390815Z [command]/usr/bin/git config --local gc.auto 0
2025-06-15T03:28:03.5419773Z ##[endgroup]
2025-06-15T03:28:03.5425506Z ##[group]Setting up auth
2025-06-15T03:28:03.5425975Z [command]/usr/bin/git config --local --name-only --get-regexp core\.sshCommand
2025-06-15T03:28:03.5452445Z [command]/usr/bin/git submodule foreach --recursive sh -c "git config --local --name-only --get-regexp 'core\.sshCommand' && git config --local --unset-all 'core.sshCommand' || :"
2025-06-15T03:28:03.5719041Z [command]/usr/bin/git config --local --name-only --get-regexp http\.https\:\/\/github\.com\/\.extraheader
2025-06-15T03:28:03.5744537Z [command]/usr/bin/git submodule foreach --recursive sh -c "git config --local --name-only --get-regexp 'http\.https\:\/\/github\.com\/\.extraheader' && git config --local --unset-all 'http.https://github.com/.extraheader' || :"
2025-06-15T03:28:03.5964675Z [command]/usr/bin/git config --local http.https://github.com/.extraheader AUTHORIZATION: basic ***
2025-06-15T03:28:03.5996109Z ##[endgroup]
2025-06-15T03:28:03.5996956Z ##[group]Fetching the repository
2025-06-15T03:28:03.6005551Z [command]/usr/bin/git -c protocol.version=2 fetch --no-tags --prune --progress --no-recurse-submodules --depth=1 origin +eb815b680bc2c0a42c32b6faa27d04e1fec9996d:refs/remotes/pull/131/merge
2025-06-15T03:28:04.1075853Z remote: Enumerating objects: 132, done.        
2025-06-15T03:28:04.1076418Z remote: Counting objects:   0% (1/132)        
2025-06-15T03:28:04.1076973Z remote: Counting objects:   1% (2/132)        
2025-06-15T03:28:04.1077480Z remote: Counting objects:   2% (3/132)        
2025-06-15T03:28:04.1077956Z remote: Counting objects:   3% (4/132)        
2025-06-15T03:28:04.1078435Z remote: Counting objects:   4% (6/132)        
2025-06-15T03:28:04.1078749Z remote: Counting objects:   5% (7/132)        
2025-06-15T03:28:04.1079059Z remote: Counting objects:   6% (8/132)        
2025-06-15T03:28:04.1079346Z remote: Counting objects:   7% (10/132)        
2025-06-15T03:28:04.1079634Z remote: Counting objects:   8% (11/132)        
2025-06-15T03:28:04.1079917Z remote: Counting objects:   9% (12/132)        
2025-06-15T03:28:04.1080198Z remote: Counting objects:  10% (14/132)        
2025-06-15T03:28:04.1080501Z remote: Counting objects:  11% (15/132)        
2025-06-15T03:28:04.1080787Z remote: Counting objects:  12% (16/132)        
2025-06-15T03:28:04.1081080Z remote: Counting objects:  13% (18/132)        
2025-06-15T03:28:04.1081390Z remote: Counting objects:  14% (19/132)        
2025-06-15T03:28:04.1082114Z remote: Counting objects:  15% (20/132)        
2025-06-15T03:28:04.1082489Z remote: Counting objects:  16% (22/132)        
2025-06-15T03:28:04.1082766Z remote: Counting objects:  17% (23/132)        
2025-06-15T03:28:04.1083043Z remote: Counting objects:  18% (24/132)        
2025-06-15T03:28:04.1083321Z remote: Counting objects:  19% (26/132)        
2025-06-15T03:28:04.1083682Z remote: Counting objects:  20% (27/132)        
2025-06-15T03:28:04.1083961Z remote: Counting objects:  21% (28/132)        
2025-06-15T03:28:04.1084239Z remote: Counting objects:  22% (30/132)        
2025-06-15T03:28:04.1084521Z remote: Counting objects:  23% (31/132)        
2025-06-15T03:28:04.1084826Z remote: Counting objects:  24% (32/132)        
2025-06-15T03:28:04.1085106Z remote: Counting objects:  25% (33/132)        
2025-06-15T03:28:04.1085381Z remote: Counting objects:  26% (35/132)        
2025-06-15T03:28:04.1085676Z remote: Counting objects:  27% (36/132)        
2025-06-15T03:28:04.1086011Z remote: Counting objects:  28% (37/132)        
2025-06-15T03:28:04.1086316Z remote: Counting objects:  29% (39/132)        
2025-06-15T03:28:04.1086593Z remote: Counting objects:  30% (40/132)        
2025-06-15T03:28:04.1086872Z remote: Counting objects:  31% (41/132)        
2025-06-15T03:28:04.1087152Z remote: Counting objects:  32% (43/132)        
2025-06-15T03:28:04.1087435Z remote: Counting objects:  33% (44/132)        
2025-06-15T03:28:04.1087711Z remote: Counting objects:  34% (45/132)        
2025-06-15T03:28:04.1088003Z remote: Counting objects:  35% (47/132)        
2025-06-15T03:28:04.1088296Z remote: Counting objects:  36% (48/132)        
2025-06-15T03:28:04.1088586Z remote: Counting objects:  37% (49/132)        
2025-06-15T03:28:04.1088867Z remote: Counting objects:  38% (51/132)        
2025-06-15T03:28:04.1089150Z remote: Counting objects:  39% (52/132)        
2025-06-15T03:28:04.1089430Z remote: Counting objects:  40% (53/132)        
2025-06-15T03:28:04.1089715Z remote: Counting objects:  41% (55/132)        
2025-06-15T03:28:04.1089993Z remote: Counting objects:  42% (56/132)        
2025-06-15T03:28:04.1090277Z remote: Counting objects:  43% (57/132)        
2025-06-15T03:28:04.1090559Z remote: Counting objects:  44% (59/132)        
2025-06-15T03:28:04.1090835Z remote: Counting objects:  45% (60/132)        
2025-06-15T03:28:04.1091115Z remote: Counting objects:  46% (61/132)        
2025-06-15T03:28:04.1091393Z remote: Counting objects:  47% (63/132)        
2025-06-15T03:28:04.1091674Z remote: Counting objects:  48% (64/132)        
2025-06-15T03:28:04.1092169Z remote: Counting objects:  49% (65/132)        
2025-06-15T03:28:04.1092480Z remote: Counting objects:  50% (66/132)        
2025-06-15T03:28:04.1092961Z remote: Counting objects:  51% (68/132)        
2025-06-15T03:28:04.1093259Z remote: Counting objects:  52% (69/132)        
2025-06-15T03:28:04.1093532Z remote: Counting objects:  53% (70/132)        
2025-06-15T03:28:04.1093813Z remote: Counting objects:  54% (72/132)        
2025-06-15T03:28:04.1094098Z remote: Counting objects:  55% (73/132)        
2025-06-15T03:28:04.1094377Z remote: Counting objects:  56% (74/132)        
2025-06-15T03:28:04.1094659Z remote: Counting objects:  57% (76/132)        
2025-06-15T03:28:04.1094941Z remote: Counting objects:  58% (77/132)        
2025-06-15T03:28:04.1095220Z remote: Counting objects:  59% (78/132)        
2025-06-15T03:28:04.1095503Z remote: Counting objects:  60% (80/132)        
2025-06-15T03:28:04.1095779Z remote: Counting objects:  61% (81/132)        
2025-06-15T03:28:04.1096058Z remote: Counting objects:  62% (82/132)        
2025-06-15T03:28:04.1096338Z remote: Counting objects:  63% (84/132)        
2025-06-15T03:28:04.1096638Z remote: Counting objects:  64% (85/132)        
2025-06-15T03:28:04.1096950Z remote: Counting objects:  65% (86/132)        
2025-06-15T03:28:04.1097222Z remote: Counting objects:  66% (88/132)        
2025-06-15T03:28:04.1097502Z remote: Counting objects:  67% (89/132)        
2025-06-15T03:28:04.1097973Z remote: Counting objects:  68% (90/132)        
2025-06-15T03:28:04.1098277Z remote: Counting objects:  69% (92/132)        
2025-06-15T03:28:04.1098551Z remote: Counting objects:  70% (93/132)        
2025-06-15T03:28:04.1098835Z remote: Counting objects:  71% (94/132)        
2025-06-15T03:28:04.1099117Z remote: Counting objects:  72% (96/132)        
2025-06-15T03:28:04.1099399Z remote: Counting objects:  73% (97/132)        
2025-06-15T03:28:04.1099675Z remote: Counting objects:  74% (98/132)        
2025-06-15T03:28:04.1099957Z remote: Counting objects:  75% (99/132)        
2025-06-15T03:28:04.1100244Z remote: Counting objects:  76% (101/132)        
2025-06-15T03:28:04.1100547Z remote: Counting objects:  77% (102/132)        
2025-06-15T03:28:04.1100828Z remote: Counting objects:  78% (103/132)        
2025-06-15T03:28:04.1101119Z remote: Counting objects:  79% (105/132)        
2025-06-15T03:28:04.1101405Z remote: Counting objects:  80% (106/132)        
2025-06-15T03:28:04.1101697Z remote: Counting objects:  81% (107/132)        
2025-06-15T03:28:04.1149876Z remote: Counting objects:  82% (109/132)        
2025-06-15T03:28:04.1150439Z remote: Counting objects:  83% (110/132)        
2025-06-15T03:28:04.1150756Z remote: Counting objects:  84% (111/132)        
2025-06-15T03:28:04.1151061Z remote: Counting objects:  85% (113/132)        
2025-06-15T03:28:04.1151356Z remote: Counting objects:  86% (114/132)        
2025-06-15T03:28:04.1151648Z remote: Counting objects:  87% (115/132)        
2025-06-15T03:28:04.1152238Z remote: Counting objects:  88% (117/132)        
2025-06-15T03:28:04.1152559Z remote: Counting objects:  89% (118/132)        
2025-06-15T03:28:04.1152877Z remote: Counting objects:  90% (119/132)        
2025-06-15T03:28:04.1153172Z remote: Counting objects:  91% (121/132)        
2025-06-15T03:28:04.1153472Z remote: Counting objects:  92% (122/132)        
2025-06-15T03:28:04.1153769Z remote: Counting objects:  93% (123/132)        
2025-06-15T03:28:04.1154072Z remote: Counting objects:  94% (125/132)        
2025-06-15T03:28:04.1154362Z remote: Counting objects:  95% (126/132)        
2025-06-15T03:28:04.1154665Z remote: Counting objects:  96% (127/132)        
2025-06-15T03:28:04.1154968Z remote: Counting objects:  97% (129/132)        
2025-06-15T03:28:04.1155265Z remote: Counting objects:  98% (130/132)        
2025-06-15T03:28:04.1155555Z remote: Counting objects:  99% (131/132)        
2025-06-15T03:28:04.1155855Z remote: Counting objects: 100% (132/132)        
2025-06-15T03:28:04.1156180Z remote: Counting objects: 100% (132/132), done.        
2025-06-15T03:28:04.1156517Z remote: Compressing objects:   0% (1/114)        
2025-06-15T03:28:04.1157016Z remote: Compressing objects:   1% (2/114)        
2025-06-15T03:28:04.1157331Z remote: Compressing objects:   2% (3/114)        
2025-06-15T03:28:04.1157641Z remote: Compressing objects:   3% (4/114)        
2025-06-15T03:28:04.1157948Z remote: Compressing objects:   4% (5/114)        
2025-06-15T03:28:04.1158254Z remote: Compressing objects:   5% (6/114)        
2025-06-15T03:28:04.1158559Z remote: Compressing objects:   6% (7/114)        
2025-06-15T03:28:04.1158864Z remote: Compressing objects:   7% (8/114)        
2025-06-15T03:28:04.1159180Z remote: Compressing objects:   8% (10/114)        
2025-06-15T03:28:04.1159496Z remote: Compressing objects:   9% (11/114)        
2025-06-15T03:28:04.1159807Z remote: Compressing objects:  10% (12/114)        
2025-06-15T03:28:04.1160117Z remote: Compressing objects:  11% (13/114)        
2025-06-15T03:28:04.1343486Z remote: Compressing objects:  12% (14/114)        
2025-06-15T03:28:04.1343909Z remote: Compressing objects:  13% (15/114)        
2025-06-15T03:28:04.1344236Z remote: Compressing objects:  14% (16/114)        
2025-06-15T03:28:04.1344531Z remote: Compressing objects:  15% (18/114)        
2025-06-15T03:28:04.1345213Z remote: Compressing objects:  16% (19/114)        
2025-06-15T03:28:04.1345723Z remote: Compressing objects:  17% (20/114)        
2025-06-15T03:28:04.1346488Z remote: Compressing objects:  18% (21/114)        
2025-06-15T03:28:04.1346792Z remote: Compressing objects:  19% (22/114)        
2025-06-15T03:28:04.1347087Z remote: Compressing objects:  20% (23/114)        
2025-06-15T03:28:04.1347376Z remote: Compressing objects:  21% (24/114)        
2025-06-15T03:28:04.1347658Z remote: Compressing objects:  22% (26/114)        
2025-06-15T03:28:04.1347934Z remote: Compressing objects:  23% (27/114)        
2025-06-15T03:28:04.1348214Z remote: Compressing objects:  24% (28/114)        
2025-06-15T03:28:04.1348497Z remote: Compressing objects:  25% (29/114)        
2025-06-15T03:28:04.1348781Z remote: Compressing objects:  26% (30/114)        
2025-06-15T03:28:04.1349066Z remote: Compressing objects:  27% (31/114)        
2025-06-15T03:28:04.1349351Z remote: Compressing objects:  28% (32/114)        
2025-06-15T03:28:04.1349637Z remote: Compressing objects:  29% (34/114)        
2025-06-15T03:28:04.1349921Z remote: Compressing objects:  30% (35/114)        
2025-06-15T03:28:04.1350206Z remote: Compressing objects:  31% (36/114)        
2025-06-15T03:28:04.1350490Z remote: Compressing objects:  32% (37/114)        
2025-06-15T03:28:04.1599303Z remote: Compressing objects:  33% (38/114)        
2025-06-15T03:28:04.1599991Z remote: Compressing objects:  34% (39/114)        
2025-06-15T03:28:04.1600654Z remote: Compressing objects:  35% (40/114)        
2025-06-15T03:28:04.1601319Z remote: Compressing objects:  36% (42/114)        
2025-06-15T03:28:04.1601788Z remote: Compressing objects:  37% (43/114)        
2025-06-15T03:28:04.1602376Z remote: Compressing objects:  38% (44/114)        
2025-06-15T03:28:04.1602784Z remote: Compressing objects:  39% (45/114)        
2025-06-15T03:28:04.1603172Z remote: Compressing objects:  40% (46/114)        
2025-06-15T03:28:04.1603596Z remote: Compressing objects:  41% (47/114)        
2025-06-15T03:28:04.1603977Z remote: Compressing objects:  42% (48/114)        
2025-06-15T03:28:04.1604354Z remote: Compressing objects:  43% (50/114)        
2025-06-15T03:28:04.1604733Z remote: Compressing objects:  44% (51/114)        
2025-06-15T03:28:04.1605104Z remote: Compressing objects:  45% (52/114)        
2025-06-15T03:28:04.1605489Z remote: Compressing objects:  46% (53/114)        
2025-06-15T03:28:04.1605874Z remote: Compressing objects:  47% (54/114)        
2025-06-15T03:28:04.1606206Z remote: Compressing objects:  48% (55/114)        
2025-06-15T03:28:04.1606495Z remote: Compressing objects:  49% (56/114)        
2025-06-15T03:28:04.1606785Z remote: Compressing objects:  50% (57/114)        
2025-06-15T03:28:04.1607067Z remote: Compressing objects:  51% (59/114)        
2025-06-15T03:28:04.1607353Z remote: Compressing objects:  52% (60/114)        
2025-06-15T03:28:04.1607820Z remote: Compressing objects:  53% (61/114)        
2025-06-15T03:28:04.1652152Z remote: Compressing objects:  54% (62/114)        
2025-06-15T03:28:04.1653017Z remote: Compressing objects:  55% (63/114)        
2025-06-15T03:28:04.1729737Z remote: Compressing objects:  56% (64/114)        
2025-06-15T03:28:04.1730661Z remote: Compressing objects:  57% (65/114)        
2025-06-15T03:28:04.1731262Z remote: Compressing objects:  58% (67/114)        
2025-06-15T03:28:04.1731835Z remote: Compressing objects:  59% (68/114)        
2025-06-15T03:28:04.1732642Z remote: Compressing objects:  60% (69/114)        
2025-06-15T03:28:04.1733185Z remote: Compressing objects:  61% (70/114)        
2025-06-15T03:28:04.1733729Z remote: Compressing objects:  62% (71/114)        
2025-06-15T03:28:04.1734270Z remote: Compressing objects:  63% (72/114)        
2025-06-15T03:28:04.1734831Z remote: Compressing objects:  64% (73/114)        
2025-06-15T03:28:04.1735405Z remote: Compressing objects:  65% (75/114)        
2025-06-15T03:28:04.1735984Z remote: Compressing objects:  66% (76/114)        
2025-06-15T03:28:04.1736525Z remote: Compressing objects:  67% (77/114)        
2025-06-15T03:28:04.1737054Z remote: Compressing objects:  68% (78/114)        
2025-06-15T03:28:04.1737854Z remote: Compressing objects:  69% (79/114)        
2025-06-15T03:28:04.1738406Z remote: Compressing objects:  70% (80/114)        
2025-06-15T03:28:04.1738918Z remote: Compressing objects:  71% (81/114)        
2025-06-15T03:28:04.1739407Z remote: Compressing objects:  72% (83/114)        
2025-06-15T03:28:04.1739762Z remote: Compressing objects:  73% (84/114)        
2025-06-15T03:28:04.1740077Z remote: Compressing objects:  74% (85/114)        
2025-06-15T03:28:04.1740361Z remote: Compressing objects:  75% (86/114)        
2025-06-15T03:28:04.1740652Z remote: Compressing objects:  76% (87/114)        
2025-06-15T03:28:04.1740961Z remote: Compressing objects:  77% (88/114)        
2025-06-15T03:28:04.1801268Z remote: Compressing objects:  78% (89/114)        
2025-06-15T03:28:04.1802132Z remote: Compressing objects:  79% (91/114)        
2025-06-15T03:28:04.1802673Z remote: Compressing objects:  80% (92/114)        
2025-06-15T03:28:04.1803174Z remote: Compressing objects:  81% (93/114)        
2025-06-15T03:28:04.1803605Z remote: Compressing objects:  82% (94/114)        
2025-06-15T03:28:04.1803927Z remote: Compressing objects:  83% (95/114)        
2025-06-15T03:28:04.1804309Z remote: Compressing objects:  84% (96/114)        
2025-06-15T03:28:04.1804736Z remote: Compressing objects:  85% (97/114)        
2025-06-15T03:28:04.1805026Z remote: Compressing objects:  86% (99/114)        
2025-06-15T03:28:04.1805328Z remote: Compressing objects:  87% (100/114)        
2025-06-15T03:28:04.1805622Z remote: Compressing objects:  88% (101/114)        
2025-06-15T03:28:04.1805927Z remote: Compressing objects:  89% (102/114)        
2025-06-15T03:28:04.1806234Z remote: Compressing objects:  90% (103/114)        
2025-06-15T03:28:04.1806532Z remote: Compressing objects:  91% (104/114)        
2025-06-15T03:28:04.1806824Z remote: Compressing objects:  92% (105/114)        
2025-06-15T03:28:04.1807115Z remote: Compressing objects:  93% (107/114)        
2025-06-15T03:28:04.1807396Z remote: Compressing objects:  94% (108/114)        
2025-06-15T03:28:04.1807692Z remote: Compressing objects:  95% (109/114)        
2025-06-15T03:28:04.1807980Z remote: Compressing objects:  96% (110/114)        
2025-06-15T03:28:04.1808268Z remote: Compressing objects:  97% (111/114)        
2025-06-15T03:28:04.1808555Z remote: Compressing objects:  98% (112/114)        
2025-06-15T03:28:04.1808846Z remote: Compressing objects:  99% (113/114)        
2025-06-15T03:28:04.1809141Z remote: Compressing objects: 100% (114/114)        
2025-06-15T03:28:04.1809469Z remote: Compressing objects: 100% (114/114), done.        
2025-06-15T03:28:04.1826688Z Receiving objects:   0% (1/132)
2025-06-15T03:28:04.1827126Z Receiving objects:   1% (2/132)
2025-06-15T03:28:04.1827752Z Receiving objects:   2% (3/132)
2025-06-15T03:28:04.1828070Z Receiving objects:   3% (4/132)
2025-06-15T03:28:04.1828294Z Receiving objects:   4% (6/132)
2025-06-15T03:28:04.1828534Z Receiving objects:   5% (7/132)
2025-06-15T03:28:04.1837350Z Receiving objects:   6% (8/132)
2025-06-15T03:28:04.1989950Z Receiving objects:   7% (10/132)
2025-06-15T03:28:04.1992454Z Receiving objects:   8% (11/132)
2025-06-15T03:28:04.1995656Z Receiving objects:   9% (12/132)
2025-06-15T03:28:04.1997331Z Receiving objects:  10% (14/132)
2025-06-15T03:28:04.2016052Z Receiving objects:  11% (15/132)
2025-06-15T03:28:04.2016722Z Receiving objects:  12% (16/132)
2025-06-15T03:28:04.2192298Z Receiving objects:  13% (18/132)
2025-06-15T03:28:04.2197790Z Receiving objects:  14% (19/132)
2025-06-15T03:28:04.2198425Z Receiving objects:  15% (20/132)
2025-06-15T03:28:04.2199339Z Receiving objects:  16% (22/132)
2025-06-15T03:28:04.2201574Z Receiving objects:  17% (23/132)
2025-06-15T03:28:04.2202760Z Receiving objects:  18% (24/132)
2025-06-15T03:28:04.2203188Z Receiving objects:  19% (26/132)
2025-06-15T03:28:04.2203567Z Receiving objects:  20% (27/132)
2025-06-15T03:28:04.2205565Z Receiving objects:  21% (28/132)
2025-06-15T03:28:04.2206134Z Receiving objects:  22% (30/132)
2025-06-15T03:28:04.2208605Z Receiving objects:  23% (31/132)
2025-06-15T03:28:04.2210210Z Receiving objects:  24% (32/132)
2025-06-15T03:28:04.2212783Z Receiving objects:  25% (33/132)
2025-06-15T03:28:04.2213780Z Receiving objects:  26% (35/132)
2025-06-15T03:28:04.2287853Z Receiving objects:  27% (36/132)
2025-06-15T03:28:04.2291718Z Receiving objects:  28% (37/132)
2025-06-15T03:28:04.2375399Z Receiving objects:  29% (39/132)
2025-06-15T03:28:04.2378568Z Receiving objects:  30% (40/132)
2025-06-15T03:28:04.2380574Z Receiving objects:  31% (41/132)
2025-06-15T03:28:04.2381026Z Receiving objects:  32% (43/132)
2025-06-15T03:28:04.2382361Z Receiving objects:  33% (44/132)
2025-06-15T03:28:04.2387211Z Receiving objects:  34% (45/132)
2025-06-15T03:28:04.2388285Z Receiving objects:  35% (47/132)
2025-06-15T03:28:04.2388712Z Receiving objects:  36% (48/132)
2025-06-15T03:28:04.2390006Z Receiving objects:  37% (49/132)
2025-06-15T03:28:04.2390408Z Receiving objects:  38% (51/132)
2025-06-15T03:28:04.2390803Z Receiving objects:  39% (52/132)
2025-06-15T03:28:04.2392703Z Receiving objects:  40% (53/132)
2025-06-15T03:28:04.2393362Z Receiving objects:  41% (55/132)
2025-06-15T03:28:04.2393821Z Receiving objects:  42% (56/132)
2025-06-15T03:28:04.2400867Z Receiving objects:  43% (57/132)
2025-06-15T03:28:04.2402254Z Receiving objects:  44% (59/132)
2025-06-15T03:28:04.2403154Z Receiving objects:  45% (60/132)
2025-06-15T03:28:04.2404816Z Receiving objects:  46% (61/132)
2025-06-15T03:28:04.2407579Z Receiving objects:  47% (63/132)
2025-06-15T03:28:04.2408726Z Receiving objects:  48% (64/132)
2025-06-15T03:28:04.2410154Z Receiving objects:  49% (65/132)
2025-06-15T03:28:04.2410823Z Receiving objects:  50% (66/132)
2025-06-15T03:28:04.2412773Z Receiving objects:  51% (68/132)
2025-06-15T03:28:04.2414944Z Receiving objects:  52% (69/132)
2025-06-15T03:28:04.2416460Z Receiving objects:  53% (70/132)
2025-06-15T03:28:04.2417279Z Receiving objects:  54% (72/132)
2025-06-15T03:28:04.2419918Z Receiving objects:  55% (73/132)
2025-06-15T03:28:04.2422138Z Receiving objects:  56% (74/132)
2025-06-15T03:28:04.2423847Z Receiving objects:  57% (76/132)
2025-06-15T03:28:04.2425424Z Receiving objects:  58% (77/132)
2025-06-15T03:28:04.2427187Z Receiving objects:  59% (78/132)
2025-06-15T03:28:04.2428896Z Receiving objects:  60% (80/132)
2025-06-15T03:28:04.2431075Z Receiving objects:  61% (81/132)
2025-06-15T03:28:04.2431488Z Receiving objects:  62% (82/132)
2025-06-15T03:28:04.2433424Z Receiving objects:  63% (84/132)
2025-06-15T03:28:04.2434438Z Receiving objects:  64% (85/132)
2025-06-15T03:28:04.2436249Z Receiving objects:  65% (86/132)
2025-06-15T03:28:04.2436639Z Receiving objects:  66% (88/132)
2025-06-15T03:28:04.2437404Z Receiving objects:  67% (89/132)
2025-06-15T03:28:04.2438032Z Receiving objects:  68% (90/132)
2025-06-15T03:28:04.2438421Z Receiving objects:  69% (92/132)
2025-06-15T03:28:04.2438704Z Receiving objects:  70% (93/132)
2025-06-15T03:28:04.2438937Z Receiving objects:  71% (94/132)
2025-06-15T03:28:04.2439163Z Receiving objects:  72% (96/132)
2025-06-15T03:28:04.2439809Z Receiving objects:  73% (97/132)
2025-06-15T03:28:04.2440187Z Receiving objects:  74% (98/132)
2025-06-15T03:28:04.2440562Z Receiving objects:  75% (99/132)
2025-06-15T03:28:04.2440862Z Receiving objects:  76% (101/132)
2025-06-15T03:28:04.2441102Z Receiving objects:  77% (102/132)
2025-06-15T03:28:04.2441322Z Receiving objects:  78% (103/132)
2025-06-15T03:28:04.2441546Z Receiving objects:  79% (105/132)
2025-06-15T03:28:04.2441770Z Receiving objects:  80% (106/132)
2025-06-15T03:28:04.2473176Z Receiving objects:  81% (107/132)
2025-06-15T03:28:04.2476715Z Receiving objects:  82% (109/132)
2025-06-15T03:28:04.2477264Z Receiving objects:  83% (110/132)
2025-06-15T03:28:04.2562550Z Receiving objects:  84% (111/132)
2025-06-15T03:28:04.2564867Z Receiving objects:  85% (113/132)
2025-06-15T03:28:04.2567532Z Receiving objects:  86% (114/132)
2025-06-15T03:28:04.2570160Z Receiving objects:  87% (115/132)
2025-06-15T03:28:04.2571553Z Receiving objects:  88% (117/132)
2025-06-15T03:28:04.2575101Z Receiving objects:  89% (118/132)
2025-06-15T03:28:04.2575892Z Receiving objects:  90% (119/132)
2025-06-15T03:28:04.2578570Z Receiving objects:  91% (121/132)
2025-06-15T03:28:04.2579032Z Receiving objects:  92% (122/132)
2025-06-15T03:28:04.2579464Z Receiving objects:  93% (123/132)
2025-06-15T03:28:04.2579895Z Receiving objects:  94% (125/132)
2025-06-15T03:28:04.2580327Z Receiving objects:  95% (126/132)
2025-06-15T03:28:04.2585340Z Receiving objects:  96% (127/132)
2025-06-15T03:28:04.2587423Z remote: Total 132 (delta 23), reused 74 (delta 14), pack-reused 0 (from 0)        
2025-06-15T03:28:04.2592754Z Receiving objects:  97% (129/132)
2025-06-15T03:28:04.2595421Z Receiving objects:  98% (130/132)
2025-06-15T03:28:04.2598251Z Receiving objects:  99% (131/132)
2025-06-15T03:28:04.2602888Z Receiving objects: 100% (132/132)
2025-06-15T03:28:04.2603789Z Receiving objects: 100% (132/132), 402.73 KiB | 5.10 MiB/s, done.
2025-06-15T03:28:04.2608423Z Resolving deltas:   0% (0/23)
2025-06-15T03:28:04.2608858Z Resolving deltas:   4% (1/23)
2025-06-15T03:28:04.2620464Z Resolving deltas:   8% (2/23)
2025-06-15T03:28:04.2621000Z Resolving deltas:  13% (3/23)
2025-06-15T03:28:04.2621574Z Resolving deltas:  17% (4/23)
2025-06-15T03:28:04.2622181Z Resolving deltas:  21% (5/23)
2025-06-15T03:28:04.2622561Z Resolving deltas:  26% (6/23)
2025-06-15T03:28:04.2622929Z Resolving deltas:  30% (7/23)
2025-06-15T03:28:04.2623321Z Resolving deltas:  34% (8/23)
2025-06-15T03:28:04.2623708Z Resolving deltas:  39% (9/23)
2025-06-15T03:28:04.2624080Z Resolving deltas:  43% (10/23)
2025-06-15T03:28:04.2624445Z Resolving deltas:  47% (11/23)
2025-06-15T03:28:04.2624819Z Resolving deltas:  52% (12/23)
2025-06-15T03:28:04.2625184Z Resolving deltas:  56% (13/23)
2025-06-15T03:28:04.2625576Z Resolving deltas:  60% (14/23)
2025-06-15T03:28:04.2625974Z Resolving deltas:  65% (15/23)
2025-06-15T03:28:04.2626322Z Resolving deltas:  69% (16/23)
2025-06-15T03:28:04.2626820Z Resolving deltas:  73% (17/23)
2025-06-15T03:28:04.2627061Z Resolving deltas:  82% (19/23)
2025-06-15T03:28:04.2627290Z Resolving deltas:  86% (20/23)
2025-06-15T03:28:04.2627697Z Resolving deltas:  91% (21/23)
2025-06-15T03:28:04.2655096Z Resolving deltas:  95% (22/23)
2025-06-15T03:28:04.2655718Z Resolving deltas: 100% (23/23)
2025-06-15T03:28:04.2656160Z Resolving deltas: 100% (23/23), done.
2025-06-15T03:28:04.2808487Z From https://github.com/thefaftek-git/CA_Scanner
2025-06-15T03:28:04.2809226Z  * [new ref]         eb815b680bc2c0a42c32b6faa27d04e1fec9996d -> pull/131/merge
2025-06-15T03:28:04.2841569Z ##[endgroup]
2025-06-15T03:28:04.2842434Z ##[group]Determining the checkout info
2025-06-15T03:28:04.2843777Z ##[endgroup]
2025-06-15T03:28:04.2844345Z ##[group]Checking out the ref
2025-06-15T03:28:04.2849369Z [command]/usr/bin/git checkout --progress --force refs/remotes/pull/131/merge
2025-06-15T03:28:04.2994362Z Note: switching to 'refs/remotes/pull/131/merge'.
2025-06-15T03:28:04.2994739Z 
2025-06-15T03:28:04.2995082Z You are in 'detached HEAD' state. You can look around, make experimental
2025-06-15T03:28:04.2995906Z changes and commit them, and you can discard any commits you make in this
2025-06-15T03:28:04.2996691Z state without impacting any branches by switching back to a branch.
2025-06-15T03:28:04.2997155Z 
2025-06-15T03:28:04.2997448Z If you want to create a new branch to retain commits you create, you may
2025-06-15T03:28:04.2998185Z do so (now or later) by using -c with the switch command. Example:
2025-06-15T03:28:04.2998602Z 
2025-06-15T03:28:04.2998795Z   git switch -c <new-branch-name>
2025-06-15T03:28:04.2999070Z 
2025-06-15T03:28:04.2999218Z Or undo this operation with:
2025-06-15T03:28:04.2999483Z 
2025-06-15T03:28:04.2999611Z   git switch -
2025-06-15T03:28:04.2999808Z 
2025-06-15T03:28:04.3000157Z Turn off this advice by setting config variable advice.detachedHead to false
2025-06-15T03:28:04.3000739Z 
2025-06-15T03:28:04.3001386Z HEAD is now at eb815b6 Merge bb3cea6aa7ebdde9afb5aff40bc4e2ab72ec3ac7 into b65212c17ea56c45c72500a33a5f4a69595be0e5
2025-06-15T03:28:04.3005360Z ##[endgroup]
2025-06-15T03:28:04.3040437Z [command]/usr/bin/git log -1 --format='%H'
2025-06-15T03:28:04.3062543Z 'eb815b680bc2c0a42c32b6faa27d04e1fec9996d'
2025-06-15T03:28:04.3279459Z ##[group]Run actions/setup-dotnet@v3
2025-06-15T03:28:04.3279729Z with:
2025-06-15T03:28:04.3279922Z   dotnet-version: 8.0.x
2025-06-15T03:28:04.3280137Z   cache: false
2025-06-15T03:28:04.3280324Z ##[endgroup]
2025-06-15T03:28:04.5142710Z [command]/home/runner/work/_actions/actions/setup-dotnet/v3/externals/install-dotnet.sh --channel 8.0
2025-06-15T03:28:04.7485720Z dotnet-install: Attempting to download using aka.ms link https://builds.dotnet.microsoft.com/dotnet/Sdk/8.0.411/dotnet-sdk-8.0.411-linux-x64.tar.gz
2025-06-15T03:28:05.5078075Z dotnet-install: Remote file https://builds.dotnet.microsoft.com/dotnet/Sdk/8.0.411/dotnet-sdk-8.0.411-linux-x64.tar.gz size is 216078119 bytes.
2025-06-15T03:28:05.5079992Z dotnet-install: Extracting archive from https://builds.dotnet.microsoft.com/dotnet/Sdk/8.0.411/dotnet-sdk-8.0.411-linux-x64.tar.gz
2025-06-15T03:28:10.0342750Z dotnet-install: Downloaded file size is 216078119 bytes.
2025-06-15T03:28:10.0343522Z dotnet-install: The remote and local file sizes are equal.
2025-06-15T03:28:10.2982271Z dotnet-install: Installed version is 8.0.411
2025-06-15T03:28:10.3047379Z dotnet-install: Adding to current process PATH: `/usr/share/dotnet`. Note: This change will be visible only when sourcing script.
2025-06-15T03:28:10.3049451Z dotnet-install: Note that the script does not resolve dependencies during installation.
2025-06-15T03:28:10.3050873Z dotnet-install: To check the list of dependencies, go to https://learn.microsoft.com/dotnet/core/install, select your operating system and check the "Dependencies" section.
2025-06-15T03:28:10.3051707Z dotnet-install: Installation finished successfully.
2025-06-15T03:28:10.3197564Z ##[group]Run dotnet --version && dotnet restore
2025-06-15T03:28:10.3197970Z [36;1mdotnet --version && dotnet restore[0m
2025-06-15T03:28:10.3287740Z shell: /usr/bin/bash -e {0}
2025-06-15T03:28:10.3287997Z env:
2025-06-15T03:28:10.3288184Z   DOTNET_ROOT: /usr/share/dotnet
2025-06-15T03:28:10.3288419Z ##[endgroup]
2025-06-15T03:28:10.4251005Z 8.0.411
2025-06-15T03:28:11.4454049Z   Determining projects to restore...
2025-06-15T03:28:18.9950715Z   Restored /home/runner/work/CA_Scanner/CA_Scanner/ConditionalAccessExporter/ConditionalAccessExporter.csproj (in 7.17 sec).
2025-06-15T03:28:19.0330840Z   Restored /home/runner/work/CA_Scanner/CA_Scanner/ConditionalAccessExporter.Tests/ConditionalAccessExporter.Tests.csproj (in 7.21 sec).
2025-06-15T03:28:19.0766704Z ##[group]Run dotnet --version && dotnet build --no-restore
2025-06-15T03:28:19.0767139Z [36;1mdotnet --version && dotnet build --no-restore[0m
2025-06-15T03:28:19.0826648Z shell: /usr/bin/bash -e {0}
2025-06-15T03:28:19.0826888Z env:
2025-06-15T03:28:19.0827092Z   DOTNET_ROOT: /usr/share/dotnet
2025-06-15T03:28:19.0827320Z ##[endgroup]
2025-06-15T03:28:19.1767365Z 8.0.411
2025-06-15T03:28:26.8829314Z   ConditionalAccessExporter -> /home/runner/work/CA_Scanner/CA_Scanner/ConditionalAccessExporter/bin/Debug/net8.0/ConditionalAccessExporter.dll
2025-06-15T03:28:30.5466361Z   ConditionalAccessExporter.Tests -> /home/runner/work/CA_Scanner/CA_Scanner/ConditionalAccessExporter.Tests/bin/Debug/net8.0/ConditionalAccessExporter.Tests.dll
2025-06-15T03:28:30.5695837Z 
2025-06-15T03:28:30.5702422Z Build succeeded.
2025-06-15T03:28:30.5703127Z     0 Warning(s)
2025-06-15T03:28:30.5703486Z     0 Error(s)
2025-06-15T03:28:30.5715813Z 
2025-06-15T03:28:30.5716281Z Time Elapsed 00:00:11.18
2025-06-15T03:28:30.6053942Z ##[group]Run dotnet --version && dotnet test --no-build --verbosity normal --collect:"XPlat Code Coverage" --logger "console;verbosity=detailed" --nologo
2025-06-15T03:28:30.6054918Z [36;1mdotnet --version && dotnet test --no-build --verbosity normal --collect:"XPlat Code Coverage" --logger "console;verbosity=detailed" --nologo[0m
2025-06-15T03:28:30.6114544Z shell: /usr/bin/bash -e {0}
2025-06-15T03:28:30.6114963Z env:
2025-06-15T03:28:30.6115155Z   DOTNET_ROOT: /usr/share/dotnet
2025-06-15T03:28:30.6115542Z   AZURE_TENANT_ID: ***
2025-06-15T03:28:30.6115799Z   AZURE_CLIENT_ID: ***
2025-06-15T03:28:30.6116131Z   AZURE_CLIENT_SECRET: ***
2025-06-15T03:28:30.6116352Z ##[endgroup]
2025-06-15T03:28:30.7163175Z 8.0.411
2025-06-15T03:28:31.0245963Z Build started 06/15/2025 03:28:31.
2025-06-15T03:28:31.2231813Z      1>Project "/home/runner/work/CA_Scanner/CA_Scanner/ConditionalAccessExporter.sln" on node 1 (VSTest target(s)).
2025-06-15T03:28:31.2235413Z      1>ValidateSolutionConfiguration:
2025-06-15T03:28:31.2239637Z          Building solution configuration "Debug|Any CPU".
2025-06-15T03:28:31.7233300Z Test run for /home/runner/work/CA_Scanner/CA_Scanner/ConditionalAccessExporter.Tests/bin/Debug/net8.0/ConditionalAccessExporter.Tests.dll (.NETCoreApp,Version=v8.0)
2025-06-15T03:28:31.9000981Z A total of 1 test files matched the specified pattern.
2025-06-15T03:28:31.9002776Z /home/runner/work/CA_Scanner/CA_Scanner/ConditionalAccessExporter.Tests/bin/Debug/net8.0/ConditionalAccessExporter.Tests.dll
2025-06-15T03:28:33.9809848Z [xUnit.net 00:00:00.00] xUnit.net VSTest Adapter v2.5.3.1+6b60a9e56a (64-bit .NET 8.0.17)
2025-06-15T03:28:34.2018830Z [xUnit.net 00:00:00.24]   Discovering: ConditionalAccessExporter.Tests
2025-06-15T03:28:34.2755341Z [xUnit.net 00:00:00.31]   Discovered:  ConditionalAccessExporter.Tests
2025-06-15T03:28:34.2776967Z [xUnit.net 00:00:00.31]   Starting:    ConditionalAccessExporter.Tests
2025-06-15T03:28:34.3438053Z Starting Conditional Access Policy remediation analysis...
2025-06-15T03:28:34.3467676Z Authentication credentials not found. Please set AZURE_TENANT_ID, AZURE_CLIENT_ID, and AZURE_CLIENT_SECRET environment variables.
2025-06-15T03:28:34.3552620Z Starting Conditional Access Policy remediation analysis...
2025-06-15T03:28:34.3566740Z Authentication credentials not found. Please set AZURE_TENANT_ID, AZURE_CLIENT_ID, and AZURE_CLIENT_SECRET environment variables.
2025-06-15T03:28:34.3576433Z Starting Conditional Access Policy remediation analysis...
2025-06-15T03:28:34.3583921Z Authentication credentials not found. Please set AZURE_TENANT_ID, AZURE_CLIENT_ID, and AZURE_CLIENT_SECRET environment variables.
2025-06-15T03:28:34.3585736Z Starting Conditional Access Policy remediation analysis...
2025-06-15T03:28:34.3598465Z Authentication credentials not found. Please set AZURE_TENANT_ID, AZURE_CLIENT_ID, and AZURE_CLIENT_SECRET environment variables.
2025-06-15T03:28:34.3600431Z Authentication credentials not found. Please set AZURE_TENANT_ID, AZURE_CLIENT_ID, and AZURE_CLIENT_SECRET environment variables.
2025-06-15T03:28:34.3604443Z Authentication credentials not found. Please set AZURE_TENANT_ID, AZURE_CLIENT_ID, and AZURE_CLIENT_SECRET environment variables.
2025-06-15T03:28:34.3605536Z Starting Conditional Access Policy remediation analysis...
2025-06-15T03:28:34.3606097Z Starting Conditional Access Policy remediation analysis...
2025-06-15T03:28:34.3606538Z Starting Conditional Access Policy remediation analysis...
2025-06-15T03:28:34.3607213Z Authentication credentials not found. Please set AZURE_TENANT_ID, AZURE_CLIENT_ID, and AZURE_CLIENT_SECRET environment variables.
2025-06-15T03:28:34.3753463Z Starting cross-format comparison between '/tmp/CrossFormatTests_63acc554/source' and '/tmp/CrossFormatTests_63acc554/reference'
2025-06-15T03:28:34.3978311Z Starting cross-format comparison between '/tmp/CrossFormatIntegrationTests_c6cbeaef/source' and '/tmp/CrossFormatIntegrationTests_c6cbeaef/reference'
2025-06-15T03:28:34.4085073Z Converting 1 Terraform policies to Graph JSON format using parallel processing...
2025-06-15T03:28:34.4221168Z Cross-format comparison report generated: /tmp/test-reports/cross-format-comparison-20250615-032834.json
2025-06-15T03:28:34.4677563Z   Passed ConditionalAccessExporter.Tests.RemediatePoliciesAsyncTests.RemediatePoliciesAsync_AcceptsValidRiskLevels(riskLevel: "All") [18 ms]
2025-06-15T03:28:34.4679699Z   Passed ConditionalAccessExporter.Tests.BaselineGenerationServiceTests.BaselineGenerationOptions_PropertiesSetCorrectly [16 ms]
2025-06-15T03:28:34.4682535Z   Passed ConditionalAccessExporter.Tests.BaselineGenerationServiceTests.BaselineGenerationOptions_DefaultConstructor_SetsDefaults [1 ms]
2025-06-15T03:28:34.4684696Z   Passed ConditionalAccessExporter.Tests.BaselineGenerationServiceTests.BaselineGenerationService_Constructor_CreatesInstance [< 1 ms]
2025-06-15T03:28:34.4686793Z   Passed ConditionalAccessExporter.Tests.RemediatePoliciesAsyncTests.RemediatePoliciesAsync_AcceptsValidRiskLevels(riskLevel: "High") [3 ms]
2025-06-15T03:28:34.4688980Z   Passed ConditionalAccessExporter.Tests.RemediatePoliciesAsyncTests.RemediatePoliciesAsync_AcceptsValidRiskLevels(riskLevel: "Critical") [< 1 ms]
2025-06-15T03:28:34.4691079Z   Passed ConditionalAccessExporter.Tests.RemediatePoliciesAsyncTests.RemediatePoliciesAsync_AcceptsValidRiskLevels(riskLevel: "Low") [< 1 ms]
2025-06-15T03:28:34.4693486Z   Passed ConditionalAccessExporter.Tests.RemediatePoliciesAsyncTests.RemediatePoliciesAsync_AcceptsValidRiskLevels(riskLevel: "Medium") [< 1 ms]
2025-06-15T03:28:34.4695559Z   Passed ConditionalAccessExporter.Tests.RemediatePoliciesAsyncTests.RemediatePoliciesAsync_CreatesOutputDirectory [< 1 ms]
2025-06-15T03:28:34.4697617Z   Passed ConditionalAccessExporter.Tests.RemediatePoliciesAsyncTests.RemediatePoliciesAsync_WithoutCredentials_ReturnsErrorExitCode [< 1 ms]
2025-06-15T03:28:34.4699744Z   Passed ConditionalAccessExporter.Tests.CrossFormatComparisonTests.CrossFormatMatchingOptions_DefaultValues_ShouldBeCorrect [6 ms]
2025-06-15T03:28:34.4701329Z No JSON files found in directory: /tmp/test-ref-empty. No files were processed.
2025-06-15T03:28:34.4707119Z ✓ All 0 reference files are valid
2025-06-15T03:28:34.4707950Z Converting policies: Progress: 1/1 (100.0%) - 51.0 items/sec, ETA: 00:00
2025-06-15T03:28:34.4708681Z Policy conversion completed in 43ms
2025-06-15T03:28:34.4709192Z Average speed: 23.4 policies/second
2025-06-15T03:28:34.4709841Z No JSON files found in reference directory '/tmp/test-ref-empty'
2025-06-15T03:28:34.4753667Z Found 0 source policies (Mixed) and 1 reference policies (Terraform)
2025-06-15T03:28:34.4837919Z Validating 1 policy files using parallel processing...
2025-06-15T03:28:34.4927818Z   Passed ConditionalAccessExporter.Tests.TerraformParsingServiceTests.ParseTerraformFileAsync_ValidTfFileWithSinglePolicy_ShouldParseSuccessfully [72 ms]
2025-06-15T03:28:34.4931426Z   Passed ConditionalAccessExporter.Tests.PolicyComparisonServiceTests.CompareAsync_EntraOnlyPolicy_ShouldReportAsEntraOnly [73 ms]
2025-06-15T03:28:34.4946448Z   Passed ConditionalAccessExporter.Tests.CrossFormatComparisonTests.CrossFormatReportGeneration_ShouldCreateValidJsonReport [99 ms]
2025-06-15T03:28:34.4948750Z   Passed ConditionalAccessExporter.Tests.CrossFormatPolicyComparisonServiceTests.ComparePoliciesAsync_EmptySourceDirectory_ShouldHandleGracefully [162 ms]
2025-06-15T03:28:34.4951470Z   Passed ConditionalAccessExporter.Tests.CrossFormatPolicyComparisonServiceSpecificMethodTests.CompareJsonToTerraformAsync_EmptyEntraExport_ShouldReturnEmptyResult [84 ms]
2025-06-15T03:28:34.4954071Z Starting cross-format comparison between '/tmp/CrossFormatTests_17b8eb1a/source' and '/tmp/CrossFormatTests_17b8eb1a/reference'
2025-06-15T03:28:34.4955443Z Starting cross-format comparison between '/tmp/test-source' and '/tmp/test-reference'
2025-06-15T03:28:34.4987749Z Found 1 source policies (Json) and 1 reference policies (Terraform)
2025-06-15T03:28:34.5045252Z Found 1 source policies (Json) and 1 reference policies (Terraform)
2025-06-15T03:28:34.5217379Z Starting cross-format comparison between '/tmp/CrossFormatTests_cbbe0b9c/source' and '/tmp/CrossFormatTests_cbbe0b9c/reference'
2025-06-15T03:28:34.5244997Z Found 1 source policies (Json) and 0 reference policies (Mixed)
2025-06-15T03:28:34.5248440Z   Passed ConditionalAccessExporter.Tests.TerraformParsingServiceTests.ParseTerraformFileAsync_TfFileWithUnsupportedResources_ShouldIgnoreOtherResources [6 ms]
2025-06-15T03:28:34.5252192Z   Passed ConditionalAccessExporter.Tests.JsonToTerraformServiceTests.ConvertJsonToTerraformAsync_WithDifferentStates_ShouldIncludeStateCorrectly(inputState: "disabled", expectedOutputState: "disabled") [142 ms]
2025-06-15T03:28:34.5259426Z   Passed ConditionalAccessExporter.Tests.TerraformParsingServiceTests.ParseTerraformFileAsync_TfFileWithLocalsOnly_ShouldParseLocals [14 ms]
2025-06-15T03:28:34.5262396Z   Passed ConditionalAccessExporter.Tests.CrossFormatPolicyComparisonServiceSpecificMethodTests.CompareJsonToTerraformAsync_ArrayOrderDifference_ShouldDetectSemanticEquivalence [20 ms]
2025-06-15T03:28:34.5265498Z   Passed ConditionalAccessExporter.Tests.CrossFormatPolicyComparisonServiceSpecificMethodTests.CompareJsonToTerraformAsync_DifferentPolicies_ShouldReturnDifferentStatus [3 ms]
2025-06-15T03:28:34.5268096Z   Passed ConditionalAccessExporter.Tests.CrossFormatComparisonTests.CrossFormatComparison_WithSampleData_ShouldProduceValidResults [33 ms]
2025-06-15T03:28:34.5270237Z   Passed ConditionalAccessExporter.Tests.TerraformParsingServiceTests.ParseTerraformFileAsync_FileDoesNotExist_ShouldReturnError [9 ms]
2025-06-15T03:28:34.5345972Z Starting cross-format comparison between '/tmp/CrossFormatSpecificTests_d295e05a/nonexistent_source' and '/tmp/CrossFormatSpecificTests_d295e05a/terraform_policies'
2025-06-15T03:28:34.5376388Z   Passed ConditionalAccessExporter.Tests.CrossFormatPolicyComparisonServiceTests.ComparePoliciesAsync_SemanticallyEquivalentPolicies_ShouldReturnSemanticallyEquivalentStatus [31 ms]
2025-06-15T03:28:34.5379381Z   Passed ConditionalAccessExporter.Tests.CrossFormatPolicyComparisonServiceSpecificMethodTests.CompareJsonToTerraformAsync_CaseInsensitiveValues_ShouldDetectSemanticEquivalence [6 ms]
2025-06-15T03:28:34.5382292Z   Passed ConditionalAccessExporter.Tests.TerraformParsingServiceTests.ParseTerraformFileAsync_TfFileWithVariablesOnly_ShouldParseVariables [7 ms]
2025-06-15T03:28:34.5398363Z   Passed ConditionalAccessExporter.Tests.JsonToTerraformServiceTests.ConvertJsonToTerraformAsync_WithDifferentStates_ShouldIncludeStateCorrectly(inputState: "enabled", expectedOutputState: "enabled") [20 ms]
2025-06-15T03:28:34.5400864Z   Passed ConditionalAccessExporter.Tests.TerraformParsingServiceTests.ParseTerraformFileAsync_EmptyFile_ShouldReturnEmptyPolicies [2 ms]
2025-06-15T03:28:34.5403210Z   Passed ConditionalAccessExporter.Tests.CrossFormatPolicyComparisonServiceTests.ComparePoliciesAsync_SourceOnlyPolicy_ShouldReturnSourceOnlyStatus [11 ms]
2025-06-15T03:28:34.5405345Z Starting cross-format comparison between '/tmp/CrossFormatTests_33f3c020/source' and '/tmp/CrossFormatTests_33f3c020/reference'
2025-06-15T03:28:34.5406546Z Found 0 source policies (Mixed) and 0 reference policies (Mixed)
2025-06-15T03:28:34.5435015Z Starting cross-format comparison between '/tmp/CrossFormatTests_f1d43cd4/source' and '/tmp/CrossFormatTests_f1d43cd4/reference'
2025-06-15T03:28:34.5436360Z Found 0 source policies (Unknown) and 1 reference policies (Terraform)
2025-06-15T03:28:34.5447435Z Found 1 source policies (Json) and 1 reference policies (Terraform)
2025-06-15T03:28:34.5536370Z   Passed ConditionalAccessExporter.Tests.CrossFormatPolicyComparisonServiceSpecificMethodTests.CompareJsonToTerraformAsync_ValidEntraExportAndTerraformDirectory_ShouldReturnComparisonResult [9 ms]
2025-06-15T03:28:34.5540245Z   Passed ConditionalAccessExporter.Tests.JsonToTerraformServiceTests.ConvertJsonToTerraformAsync_WithDifferentStates_ShouldIncludeStateCorrectly(inputState: "enabledForReportingButNotEnforced", expectedOutputState: "enabledforreportingbutnotenforced") [7 ms]
2025-06-15T03:28:34.5548537Z   Passed ConditionalAccessExporter.Tests.TerraformParsingServiceTests.ParseTerraformDirectoryAsync_DirectoryWithMixedFileTypes_ShouldOnlyProcessTerraformFiles [7 ms]
2025-06-15T03:28:34.5562932Z   Passed ConditionalAccessExporter.Tests.CrossFormatPolicyComparisonServiceTests.ComparePoliciesAsync_BothDirectoriesEmpty_ShouldReturnEmptyResult [8 ms]
2025-06-15T03:28:34.5565395Z   Passed ConditionalAccessExporter.Tests.TerraformParsingServiceTests.ParseTerraformDirectoryAsync_DirectoryWithMultipleTfFiles_ShouldAggregateAll [8 ms]
2025-06-15T03:28:34.5568048Z   Passed ConditionalAccessExporter.Tests.TerraformParsingServiceTests.ParseTerraformDirectoryAsync_DirectoryDoesNotExist_ShouldReturnError [< 1 ms]
2025-06-15T03:28:34.5633356Z Starting cross-format comparison between '/tmp/CrossFormatTests_a1d51e5c/source' and '/tmp/CrossFormatTests_a1d51e5c/reference'
2025-06-15T03:28:34.5658480Z Terraform parsing error: Directory not found: /tmp/CrossFormatSpecificTests_20ccc891/nonexistent
2025-06-15T03:28:34.5659892Z Found 1 source policies (Json) and 1 reference policies (Terraform)
2025-06-15T03:28:34.5684681Z Starting cross-format comparison between '/tmp/CrossFormatSpecificTests_7d557003/json_policies' and '/tmp/CrossFormatSpecificTests_7d557003/terraform_policies'
2025-06-15T03:28:34.5686774Z Starting cross-format comparison between '/tmp/CrossFormatTests_fa23b396/source' and '/tmp/CrossFormatTests_fa23b396/reference'
2025-06-15T03:28:34.5688201Z Found 1 source policies (Json) and 1 reference policies (Terraform)
2025-06-15T03:28:34.5694905Z   Passed ConditionalAccessExporter.Tests.CrossFormatPolicyComparisonServiceSpecificMethodTests.CompareAsync_NonExistentSourceDirectory_ShouldHandleGracefully [13 ms]
2025-06-15T03:28:34.5697599Z   Passed ConditionalAccessExporter.Tests.CrossFormatPolicyComparisonServiceTests.ComparePoliciesAsync_NullMatchingOptions_ShouldUseDefaults [10 ms]
2025-06-15T03:28:34.5700560Z   Passed ConditionalAccessExporter.Tests.TerraformParsingServiceTests.ParseTerraformFileAsync_TfFileWithSyntaxErrors_ShouldHandleGracefully [8 ms]
2025-06-15T03:28:34.5704077Z   Passed ConditionalAccessExporter.Tests.CrossFormatPolicyComparisonServiceSpecificMethodTests.CompareJsonToTerraformAsync_DisableSemanticComparison_ShouldPerformExactComparison [7 ms]
2025-06-15T03:28:34.5710739Z   Passed ConditionalAccessExporter.Tests.CrossFormatPolicyComparisonServiceSpecificMethodTests.CompareJsonToTerraformAsync_NonExistentTerraformDirectory_ShouldHandleGracefully [1 ms]
2025-06-15T03:28:34.5718754Z   Passed ConditionalAccessExporter.Tests.CrossFormatPolicyComparisonServiceSpecificMethodTests.CompareJsonToTerraformAsync_IdenticalPolicies_ShouldReturnIdenticalStatus [3 ms]
2025-06-15T03:28:34.5721418Z   Passed ConditionalAccessExporter.Tests.CrossFormatPolicyComparisonServiceTests.ComparePoliciesAsync_DifferentPolicies_ShouldReturnDifferentStatus [15 ms]
2025-06-15T03:28:34.5759372Z Found 1 source policies (Json) and 1 reference policies (Terraform)
2025-06-15T03:28:34.5760094Z Validation completed: 0 valid, 1 invalid files
2025-06-15T03:28:34.5760628Z Processing time: 88ms
2025-06-15T03:28:34.5761048Z Average speed: 11.4 files/second
2025-06-15T03:28:34.5761695Z Reference file validation failed. Found 1 invalid files out of 1.
2025-06-15T03:28:34.5762741Z   ✗ policy1.json: 2 errors
2025-06-15T03:28:34.5763974Z     - Required properties are missing from object: displayName, conditions, grantControls, state. Path '', line 1, position 1.
2025-06-15T03:28:34.5764984Z     - Display name is missing or empty.
2025-06-15T03:28:34.5765805Z       Suggestion: Ensure the policy structure matches the defined schema. Check field names and types.
2025-06-15T03:28:34.5766761Z       Suggestion: Provide a descriptive display name for the policy.
2025-06-15T03:28:34.5767588Z Loading 1 reference policy files using parallel processing...
2025-06-15T03:28:34.5775739Z Starting cross-format comparison between '/tmp/CrossFormatTests_c310763a/source' and '/tmp/CrossFormatTests_c310763a/reference'
2025-06-15T03:28:34.5786944Z Loading reference files: Progress: 1/1 (100.0%) - 517.1 items/sec, ETA: 00:00
2025-06-15T03:28:34.5789948Z Reference file loading completed: 1 files loaded successfully
2025-06-15T03:28:34.5791038Z Processing time: 3ms
2025-06-15T03:28:34.5793088Z Average speed: 350.6 files/second
2025-06-15T03:28:34.5833794Z Validating 1 policy files using parallel processing...
2025-06-15T03:28:34.5849339Z Reference file validation failed. Found 1 invalid files out of 1.
2025-06-15T03:28:34.5852676Z   ✗ policy1.json: 2 errors
2025-06-15T03:28:34.5857117Z     - Required properties are missing from object: displayName, conditions, grantControls, state. Path '', line 1, position 1.
2025-06-15T03:28:34.5860504Z     - Display name is missing or empty.
2025-06-15T03:28:34.5861470Z Validation completed: 0 valid, 1 invalid files
2025-06-15T03:28:34.5862378Z Processing time: 1ms
2025-06-15T03:28:34.5862834Z Average speed: 1188.8 files/second
2025-06-15T03:28:34.5863623Z       Suggestion: Ensure the policy structure matches the defined schema. Check field names and types.
2025-06-15T03:28:34.5864579Z       Suggestion: Provide a descriptive display name for the policy.
2025-06-15T03:28:34.5865349Z Loading 1 reference policy files using parallel processing...
2025-06-15T03:28:34.5866066Z Reference file loading completed: 1 files loaded successfully
2025-06-15T03:28:34.5866658Z Processing time: 1ms
2025-06-15T03:28:34.5867071Z Average speed: 1631.1 files/second
2025-06-15T03:28:34.5872854Z Starting cross-format comparison between '/tmp/CrossFormatSpecificTests_a3af27ca/json_policies' and '/tmp/CrossFormatSpecificTests_a3af27ca/terraform_policies'
2025-06-15T03:28:34.5885400Z Loading reference files: Progress: 1/1 (100.0%) - 4541.3 items/sec, ETA: 00:00
2025-06-15T03:28:34.5906862Z Found 1 source policies (Json) and 1 reference policies (Terraform)
2025-06-15T03:28:34.5915507Z   Passed ConditionalAccessExporter.Tests.CrossFormatPolicyComparisonServiceSpecificMethodTests.CompareAsync_ValidDirectories_ShouldReturnComparisonResult [7 ms]
2025-06-15T03:28:34.5924859Z   Passed ConditionalAccessExporter.Tests.CrossFormatPolicyComparisonServiceTests.ComparePoliciesAsync_ByNameCaseSensitive_ShouldRespectCaseSensitivity [7 ms]
2025-06-15T03:28:34.5931042Z   Passed ConditionalAccessExporter.Tests.JsonToTerraformServiceTests.ConvertJsonToTerraformAsync_WithUserConditions_ShouldMapCorrectly [40 ms]
2025-06-15T03:28:34.5933283Z   Passed ConditionalAccessExporter.Tests.PolicyComparisonServiceTests.CompareAsync_MatchingById_DifferentIds_ShouldNotMatch [101 ms]
2025-06-15T03:28:34.5935755Z   Passed ConditionalAccessExporter.Tests.CrossFormatPolicyComparisonServiceSpecificMethodTests.CompareJsonToTerraformAsync_CustomMappingStrategy_ShouldUseCustomMappings [8 ms]
2025-06-15T03:28:34.5938821Z   Passed ConditionalAccessExporter.Tests.CrossFormatPolicyComparisonServiceSpecificMethodTests.CompareJsonToTerraformAsync_EmptyTerraformDirectory_ShouldReturnSourceOnlyPolicies [2 ms]
2025-06-15T03:28:34.5941843Z Found 1 source policies (Json) and 1 reference policies (Terraform)
2025-06-15T03:28:34.5944051Z Starting cross-format comparison between '/tmp/CrossFormatSpecificTests_a3af27ca/json_policies' and '/tmp/CrossFormatSpecificTests_a3af27ca/terraform_policies'
2025-06-15T03:28:34.5997609Z Starting cross-format comparison between '/tmp/CrossFormatTests_32c37880/nonexistent-source' and '/tmp/CrossFormatTests_32c37880/reference'
2025-06-15T03:28:34.5999421Z Found 0 source policies (Unknown) and 0 reference policies (Mixed)
2025-06-15T03:28:34.6005111Z Starting cross-format comparison between '/tmp/CrossFormatTests_e9067d09/source' and '/tmp/CrossFormatTests_e9067d09/reference'
2025-06-15T03:28:34.6010981Z Found 1 source policies (Json) and 1 reference policies (Terraform)
2025-06-15T03:28:34.6023814Z Starting cross-format comparison between '/tmp/CrossFormatSpecificTests_a3af27ca/json_policies' and '/tmp/CrossFormatSpecificTests_a3af27ca/terraform_policies'
2025-06-15T03:28:34.6091540Z Found 1 source policies (Json) and 1 reference policies (Terraform)
2025-06-15T03:28:34.6092865Z Validating 3 policy files using parallel processing...
2025-06-15T03:28:34.6093731Z Validation completed: 0 valid, 3 invalid files
2025-06-15T03:28:34.6094429Z Processing time: 1ms
2025-06-15T03:28:34.6094962Z Average speed: 2591.3 files/second
2025-06-15T03:28:34.6095853Z       Suggestion: Ensure the policy structure matches the defined schema. Check field names and types.
2025-06-15T03:28:34.6096979Z       Suggestion: Provide a descriptive display name for the policy.
2025-06-15T03:28:34.6098485Z       Suggestion: Ensure the policy structure matches the defined schema. Check field names and types.
2025-06-15T03:28:34.6099442Z       Suggestion: Provide a descriptive display name for the policy.
2025-06-15T03:28:34.6100352Z       Suggestion: Ensure the policy structure matches the defined schema. Check field names and types.
2025-06-15T03:28:34.6101299Z       Suggestion: Provide a descriptive display name for the policy.
2025-06-15T03:28:34.6102357Z Loading 3 reference policy files using parallel processing...
2025-06-15T03:28:34.6103172Z Found 1 source policies (Json) and 1 reference policies (Terraform)
2025-06-15T03:28:34.6104022Z Reference file validation failed. Found 3 invalid files out of 3.
2025-06-15T03:28:34.6104814Z   ✗ policy2.json: 2 errors
2025-06-15T03:28:34.6105738Z     - Required properties are missing from object: displayName, conditions, grantControls, state. Path '', line 1, position 1.
2025-06-15T03:28:34.6106742Z     - Display name is missing or empty.
2025-06-15T03:28:34.6107363Z   ✗ policy1.json: 2 errors
2025-06-15T03:28:34.6108260Z     - Required properties are missing from object: displayName, conditions, grantControls, state. Path '', line 1, position 1.
2025-06-15T03:28:34.6109234Z     - Display name is missing or empty.
2025-06-15T03:28:34.6109811Z   ✗ policy4.json: 2 errors
2025-06-15T03:28:34.6110689Z     - Required properties are missing from object: displayName, conditions, grantControls, state. Path '', line 1, position 1.
2025-06-15T03:28:34.6111647Z     - Display name is missing or empty.
2025-06-15T03:28:34.6117647Z Starting cross-format comparison between '/tmp/CrossFormatSpecificTests_a3af27ca/json_policies' and '/tmp/CrossFormatSpecificTests_a3af27ca/terraform_policies'
2025-06-15T03:28:34.6132994Z Starting cross-format comparison between '/tmp/CrossFormatTests_98b896e8/source' and '/tmp/CrossFormatTests_98b896e8/reference'
2025-06-15T03:28:34.6134698Z Loading reference files: Progress: 1/3 (33.3%) - 702.0 items/sec, ETA: 00:00
2025-06-15T03:28:34.6143618Z Loading reference files: Progress: 2/3 (66.7%) - 1280.4 items/sec, ETA: 00:00
2025-06-15T03:28:34.6144994Z Loading reference files: Progress: 3/3 (100.0%) - 1735.8 items/sec, ETA: 00:00
2025-06-15T03:28:34.6146035Z Reference file loading completed: 3 files loaded successfully
2025-06-15T03:28:34.6146941Z Processing time: 7ms
2025-06-15T03:28:34.6147595Z Average speed: 406.5 files/second
2025-06-15T03:28:34.6169204Z Found 1 source policies (Json) and 1 reference policies (Terraform)
2025-06-15T03:28:34.6208010Z Found 1 source policies (Terraform) and 1 reference policies (Json)
2025-06-15T03:28:34.6213154Z Validating 1 policy files using parallel processing...
2025-06-15T03:28:34.6236077Z   Passed ConditionalAccessExporter.Tests.PolicyComparisonServiceTests.CompareAsync_CaseSensitiveFalse_DifferentCase_ShouldMatch [13 ms]
2025-06-15T03:28:34.6263670Z   Passed ConditionalAccessExporter.Tests.CrossFormatPolicyComparisonServiceTests.ComparePoliciesAsync_IdenticalPolicies_ShouldReturnIdenticalStatus [23 ms]
2025-06-15T03:28:34.6266257Z   Passed ConditionalAccessExporter.Tests.CrossFormatPolicyComparisonServiceTests.ComparePoliciesAsync_NonExistentSourceDirectory_ShouldHandleGracefully [1 ms]
2025-06-15T03:28:34.6268748Z   Passed ConditionalAccessExporter.Tests.JsonToTerraformServiceTests.ConvertJsonToTerraformAsync_WithMultiplePolicies_ShouldGenerateMultipleResources [17 ms]
2025-06-15T03:28:34.6271186Z   Passed ConditionalAccessExporter.Tests.CrossFormatPolicyComparisonServiceTests.ComparePoliciesAsync_VeryLongPolicyNames_ShouldHandleCorrectly [8 ms]
2025-06-15T03:28:34.6273889Z   Passed ConditionalAccessExporter.Tests.JsonToTerraformServiceTests.ConvertJsonToTerraformAsync_WithEmptyPoliciesList_ShouldReturnError [14 ms]
2025-06-15T03:28:34.6276368Z   Passed ConditionalAccessExporter.Tests.CrossFormatPolicyComparisonServiceSpecificMethodTests.CompareAsync_DifferentMatchingStrategies_ShouldHandleProperly [33 ms]
2025-06-15T03:28:34.6277964Z Validation completed: 0 valid, 1 invalid files
2025-06-15T03:28:34.6278712Z Processing time: 2ms
2025-06-15T03:28:34.6279116Z Average speed: 468.9 files/second
2025-06-15T03:28:34.6279855Z       Suggestion: Ensure the policy structure matches the defined schema. Check field names and types.
2025-06-15T03:28:34.6280788Z       Suggestion: Provide a descriptive display name for the policy.
2025-06-15T03:28:34.6281573Z Loading 1 reference policy files using parallel processing...
2025-06-15T03:28:34.6288537Z Reference file validation failed. Found 1 invalid files out of 1.
2025-06-15T03:28:34.6289284Z   ✗ policy1.json: 2 errors
2025-06-15T03:28:34.6290171Z     - Required properties are missing from object: displayName, conditions, grantControls, state. Path '', line 1, position 1.
2025-06-15T03:28:34.6291150Z     - Display name is missing or empty.
2025-06-15T03:28:34.6292435Z Loading reference files: Progress: 1/1 (100.0%) - 1780.9 items/sec, ETA: 00:00
2025-06-15T03:28:34.6293372Z Reference file loading completed: 1 files loaded successfully
2025-06-15T03:28:34.6293996Z Processing time: 3ms
2025-06-15T03:28:34.6294427Z Average speed: 397.4 files/second
2025-06-15T03:28:34.6295520Z Starting cross-format comparison between '/tmp/CrossFormatTests_8e10dc64/source' and '/tmp/CrossFormatTests_8e10dc64/reference'
2025-06-15T03:28:34.6315291Z Found 1 source policies (Json) and 1 reference policies (Terraform)
2025-06-15T03:28:34.6319661Z Validating 1 policy files using parallel processing...
2025-06-15T03:28:34.6331007Z Validation completed: 0 valid, 1 invalid files
2025-06-15T03:28:34.6344356Z Processing time: 1ms
2025-06-15T03:28:34.6346239Z Average speed: 913.5 files/second
2025-06-15T03:28:34.6349781Z       Suggestion: Ensure the policy structure matches the defined schema. Check field names and types.
2025-06-15T03:28:34.6354056Z       Suggestion: Provide a descriptive display name for the policy.
2025-06-15T03:28:34.6355204Z Loading 1 reference policy files using parallel processing...
2025-06-15T03:28:34.6359808Z Reference file validation failed. Found 1 invalid files out of 1.
2025-06-15T03:28:34.6361275Z   ✗ reference-policy.json: 2 errors
2025-06-15T03:28:34.6369084Z     - Required properties are missing from object: displayName, conditions, grantControls, state. Path '', line 1, position 1.
2025-06-15T03:28:34.6370895Z     - Display name is missing or empty.
2025-06-15T03:28:34.6372536Z Loading reference files: Progress: 1/1 (100.0%) - 738.2 items/sec, ETA: 00:00
2025-06-15T03:28:34.6379342Z Reference file loading completed: 1 files loaded successfully
2025-06-15T03:28:34.6379951Z Processing time: 2ms
2025-06-15T03:28:34.6381588Z Average speed: 407.7 files/second
2025-06-15T03:28:34.6382779Z No JSON files found in directory: /tmp/test-timestamp. No files were processed.
2025-06-15T03:28:34.6384295Z ✓ All 0 reference files are valid
2025-06-15T03:28:34.6384918Z No JSON files found in reference directory '/tmp/test-timestamp'
2025-06-15T03:28:34.6386222Z Starting cross-format comparison between '/tmp/CrossFormatTests_1ba2efb2/source' and '/tmp/CrossFormatTests_1ba2efb2/reference'
2025-06-15T03:28:34.6406436Z   Passed ConditionalAccessExporter.Tests.PolicyComparisonServiceTests.CompareAsync_MultipleDifferenceTypes_ShouldReportCorrectly [22 ms]
2025-06-15T03:28:34.6420352Z   Passed ConditionalAccessExporter.Tests.CrossFormatPolicyComparisonServiceTests.ComparePoliciesAsync_TerraformToJson_ShouldDetectFormatsCorrectly [17 ms]
2025-06-15T03:28:34.6422874Z   Passed ConditionalAccessExporter.Tests.PolicyComparisonServiceTests.CompareAsync_DifferentPolicies_ShouldReportAsDifferent [10 ms]
2025-06-15T03:28:34.6425226Z   Passed ConditionalAccessExporter.Tests.JsonToTerraformServiceTests.ConvertJsonToTerraformAsync_WithApplicationConditions_ShouldMapCorrectly [14 ms]
2025-06-15T03:28:34.6426958Z   Passed ConditionalAccessExporter.Tests.PolicyComparisonServiceTests.CompareAsync_CustomMapping_ShouldMapCorrectly [6 ms]
2025-06-15T03:28:34.6428110Z   Passed ConditionalAccessExporter.Tests.CrossFormatPolicyComparisonServiceTests.ComparePoliciesAsync_SpecialCharactersInPolicyNames_ShouldHandleCorrectly [11 ms]
2025-06-15T03:28:34.6429385Z   Passed ConditionalAccessExporter.Tests.PolicyComparisonServiceTests.CompareAsync_ShouldSetComparedAtTimestamp [2 ms]
2025-06-15T03:28:34.6430105Z Reference file validation failed. Found 0 invalid files out of 0.
2025-06-15T03:28:34.6430500Z Reference directory 'dummy-path' does not exist
2025-06-15T03:28:34.6534658Z Validating 1 policy files using parallel processing...
2025-06-15T03:28:34.6539877Z Validation completed: 0 valid, 1 invalid files
2025-06-15T03:28:34.6550919Z Processing time: 1ms
2025-06-15T03:28:34.6561316Z Average speed: 1341.7 files/second
2025-06-15T03:28:34.6570400Z Reference file validation failed. Found 1 invalid files out of 1.
2025-06-15T03:28:34.6583083Z Found 1 source policies (Json) and 1 reference policies (Terraform)
2025-06-15T03:28:34.6596560Z   ✗ policy1.json: 2 errors
2025-06-15T03:28:34.6599994Z       Suggestion: Ensure the policy structure matches the defined schema. Check field names and types.
2025-06-15T03:28:34.6610390Z     - Required properties are missing from object: displayName, conditions, grantControls, state. Path '', line 1, position 1.
2025-06-15T03:28:34.6614611Z     - Display name is missing or empty.
2025-06-15T03:28:34.6615888Z       Suggestion: Provide a descriptive display name for the policy.
2025-06-15T03:28:34.6617712Z Loading 1 reference policy files using parallel processing...
2025-06-15T03:28:34.6636894Z Loading reference files: Progress: 1/1 (100.0%) - 4235.5 items/sec, ETA: 00:00
2025-06-15T03:28:34.6640827Z Reference file loading completed: 1 files loaded successfully
2025-06-15T03:28:34.6642929Z Processing time: 3ms
2025-06-15T03:28:34.6643578Z Average speed: 376.4 files/second
2025-06-15T03:28:34.6689043Z Starting cross-format comparison between '/tmp/CrossFormatTests_aa42c569/source' and '/tmp/CrossFormatTests_aa42c569/reference'
2025-06-15T03:28:34.6690907Z No JSON files found in directory: /tmp/test-ref-empty-reference. No files were processed.
2025-06-15T03:28:34.6693689Z ✓ All 0 reference files are valid
2025-06-15T03:28:34.6694410Z No JSON files found in reference directory '/tmp/test-ref-empty-reference'
2025-06-15T03:28:34.6695276Z Found 1 source policies (Json) and 1 reference policies (Terraform)
2025-06-15T03:28:34.6708108Z Validating 1 policy files using parallel processing...
2025-06-15T03:28:34.6730287Z Validation completed: 0 valid, 1 invalid files
2025-06-15T03:28:34.6742837Z Processing time: 1ms
2025-06-15T03:28:34.6753984Z Average speed: 668.5 files/second
2025-06-15T03:28:34.6762365Z   Passed ConditionalAccessExporter.Tests.PolicyComparisonServiceTests.ParseEntraExport_ValidJObject_ShouldParseCorrectly [3 ms]
2025-06-15T03:28:34.6769642Z   Passed ConditionalAccessExporter.Tests.CrossFormatPolicyComparisonServiceTests.ComparePoliciesAsync_JsonToTerraform_ShouldDetectFormatsCorrectly [21 ms]
2025-06-15T03:28:34.6777607Z   Passed ConditionalAccessExporter.Tests.JsonToTerraformServiceTests.ConvertJsonToTerraformAsync_WithIncludeComments_ShouldGenerateAppropriateContent(includeComments: True) [25 ms]
2025-06-15T03:28:34.6780048Z   Passed ConditionalAccessExporter.Tests.PolicyComparisonServiceTests.CompareAsync_IdenticalPolicies_ShouldReportAsIdentical [23 ms]
2025-06-15T03:28:34.6782464Z   Passed ConditionalAccessExporter.Tests.PolicyComparisonServiceTests.CompareAsync_EmptyReferenceDirectory_ShouldReportAllAsEntraOnly [1 ms]
2025-06-15T03:28:34.6784803Z   Passed ConditionalAccessExporter.Tests.JsonToTerraformServiceTests.ConvertJsonToTerraformAsync_WithIncludeComments_ShouldGenerateAppropriateContent(includeComments: False) [7 ms]
2025-06-15T03:28:34.6787693Z   Passed ConditionalAccessExporter.Tests.CrossFormatPolicyComparisonServiceTests.ComparePoliciesAsync_UnicodeCharacters_ShouldHandleCorrectly [10 ms]
2025-06-15T03:28:34.6796422Z Reference file validation failed. Found 1 invalid files out of 1.
2025-06-15T03:28:34.6797219Z   ✗ policy1.json: 2 errors
2025-06-15T03:28:34.6807480Z     - Required properties are missing from object: displayName, conditions, grantControls, state. Path '', line 1, position 1.
2025-06-15T03:28:34.6808774Z     - Display name is missing or empty.
2025-06-15T03:28:34.6809574Z       Suggestion: Ensure the policy structure matches the defined schema. Check field names and types.
2025-06-15T03:28:34.6810526Z       Suggestion: Provide a descriptive display name for the policy.
2025-06-15T03:28:34.6811354Z Loading 1 reference policy files using parallel processing...
2025-06-15T03:28:34.6812493Z Loading reference files: Progress: 1/1 (100.0%) - 4782.4 items/sec, ETA: 00:00
2025-06-15T03:28:34.6813369Z Reference file loading completed: 1 files loaded successfully
2025-06-15T03:28:34.6813997Z Processing time: 1ms
2025-06-15T03:28:34.6814423Z Average speed: 1792.8 files/second
2025-06-15T03:28:34.6815528Z Starting cross-format comparison between '/tmp/CrossFormatTests_73496545/source' and '/tmp/CrossFormatTests_73496545/reference'
2025-06-15T03:28:34.6854260Z Validating 1 policy files using parallel processing...
2025-06-15T03:28:34.6856052Z Validation completed: 0 valid, 1 invalid files
2025-06-15T03:28:34.6856887Z Processing time: 0ms
2025-06-15T03:28:34.6857613Z Reference file validation failed. Found 1 invalid files out of 1.
2025-06-15T03:28:34.6859426Z   ✗ policy1.json: 2 errors
2025-06-15T03:28:34.6860348Z     - Required properties are missing from object: displayName, conditions, grantControls, state. Path '', line 1, position 1.
2025-06-15T03:28:34.6861329Z     - Display name is missing or empty.
2025-06-15T03:28:34.6861838Z Average speed: 2060.6 files/second
2025-06-15T03:28:34.6862834Z       Suggestion: Ensure the policy structure matches the defined schema. Check field names and types.
2025-06-15T03:28:34.6863766Z       Suggestion: Provide a descriptive display name for the policy.
2025-06-15T03:28:34.6864556Z Loading 1 reference policy files using parallel processing...
2025-06-15T03:28:34.6865374Z Terraform parsing error: Unmatched braces in resource 'invalid_policy'
2025-06-15T03:28:34.6866220Z Found 1 source policies (Json) and 1 reference policies (Terraform)
2025-06-15T03:28:34.6867175Z Loading reference files: Progress: 1/1 (100.0%) - 6357.3 items/sec, ETA: 00:00
2025-06-15T03:28:34.6868043Z Reference file loading completed: 1 files loaded successfully
2025-06-15T03:28:34.6868650Z Processing time: 1ms
2025-06-15T03:28:34.6869060Z Average speed: 1409.4 files/second
2025-06-15T03:28:34.6886019Z Validating 1 policy files using parallel processing...
2025-06-15T03:28:34.6902372Z Validation completed: 0 valid, 1 invalid files
2025-06-15T03:28:34.6902960Z Processing time: 0ms
2025-06-15T03:28:34.6903402Z Average speed: 2030.9 files/second
2025-06-15T03:28:34.6904199Z       Suggestion: Ensure the policy structure matches the defined schema. Check field names and types.
2025-06-15T03:28:34.6905121Z       Suggestion: Provide a descriptive display name for the policy.
2025-06-15T03:28:34.6905879Z Loading 1 reference policy files using parallel processing...
2025-06-15T03:28:34.6906653Z Reference file validation failed. Found 1 invalid files out of 1.
2025-06-15T03:28:34.6907340Z   ✗ policy1.json: 2 errors
2025-06-15T03:28:34.6908187Z     - Required properties are missing from object: displayName, conditions, grantControls, state. Path '', line 1, position 1.
2025-06-15T03:28:34.6909090Z     - Display name is missing or empty.
2025-06-15T03:28:34.6909809Z Loading reference files: Progress: 1/1 (100.0%) - 2116.4 items/sec, ETA: 00:00
2025-06-15T03:28:34.6910624Z Reference file loading completed: 1 files loaded successfully
2025-06-15T03:28:34.6911202Z Processing time: 1ms
2025-06-15T03:28:34.6936660Z Average speed: 1201.6 files/second
2025-06-15T03:28:34.6937565Z Found 50 source policies (Json) and 50 reference policies (Terraform)
2025-06-15T03:28:34.7024589Z Starting cross-format comparison between '/tmp/CrossFormatIntegrationTests_fbe9de04/source' and '/tmp/CrossFormatIntegrationTests_fbe9de04/reference'
2025-06-15T03:28:34.7067336Z   Passed ConditionalAccessExporter.Tests.PolicyComparisonServiceTests.CompareAsync_MatchingById_SameId_ShouldMatch [11 ms]
2025-06-15T03:28:34.7070478Z   Passed ConditionalAccessExporter.Tests.JsonToTerraformServiceTests.ConvertJsonToTerraformAsync_WithNullConditions_ShouldHandleGracefully [9 ms]
2025-06-15T03:28:34.7073121Z   Passed ConditionalAccessExporter.Tests.PolicyComparisonServiceTests.CompareAsync_MatchingByName_SameName_ShouldMatch [6 ms]
2025-06-15T03:28:34.7075351Z   Passed ConditionalAccessExporter.Tests.CrossFormatPolicyComparisonServiceTests.ComparePoliciesAsync_InvalidTerraformSyntax_ShouldSkipAndContinue [13 ms]
2025-06-15T03:28:34.7077785Z   Passed ConditionalAccessExporter.Tests.JsonToTerraformServiceTests.ConvertJsonToTerraformAsync_WithGenerateProvider_ShouldCreateProviderFile [15 ms]
2025-06-15T03:28:34.7080107Z   Passed ConditionalAccessExporter.Tests.TerraformParsingServiceTests.ParseTerraformFileAsync_TfStateWithMultipleInstances_ShouldParseAll [143 ms]
2025-06-15T03:28:34.7082829Z   Passed ConditionalAccessExporter.Tests.CrossFormatPolicyComparisonServiceIntegrationTests.CompareLargeNumberOfPolicies_ShouldPerformWithinReasonableTime [323 ms]
2025-06-15T03:28:34.7113360Z Validating 3 policy files using parallel processing...
2025-06-15T03:28:34.7114415Z Found 2 source policies (Json) and 2 reference policies (Terraform)
2025-06-15T03:28:34.7129700Z Validation completed: 0 valid, 3 invalid files
2025-06-15T03:28:34.7130272Z Processing time: 7ms
2025-06-15T03:28:34.7130692Z Average speed: 447.3 files/second
2025-06-15T03:28:34.7131460Z       Suggestion: Ensure the policy structure matches the defined schema. Check field names and types.
2025-06-15T03:28:34.7132638Z       Suggestion: Provide a descriptive display name for the policy.
2025-06-15T03:28:34.7133487Z Reference file validation failed. Found 3 invalid files out of 3.
2025-06-15T03:28:34.7140342Z       Suggestion: Ensure the JSON is well-formed. Check for missing commas, brackets, or quotes.
2025-06-15T03:28:34.7141390Z       Suggestion: Ensure the JSON is well-formed. Check for missing commas, brackets, or quotes.
2025-06-15T03:28:34.7142535Z Loading 3 reference policy files using parallel processing...
2025-06-15T03:28:34.7143325Z   ✗ valid-policy.json: 2 errors
2025-06-15T03:28:34.7144254Z     - Required properties are missing from object: displayName, conditions, grantControls, state. Path '', line 1, position 1.
2025-06-15T03:28:34.7145205Z     - Display name is missing or empty.
2025-06-15T03:28:34.7145794Z   ✗ incomplete.json: 1 errors
2025-06-15T03:28:34.7160456Z     - Invalid JSON syntax: Unexpected character encountered while parsing value: i. Path 'name', line 1, position 10. (line 1)
2025-06-15T03:28:34.7161763Z   ✗ malformed.json: 1 errors
2025-06-15T03:28:34.7162875Z     - Invalid JSON syntax: Invalid character after parsing property name. Expected ':' but got: j. Path '', line 1, position 10. (line 1)
2025-06-15T03:28:34.7180877Z   Passed ConditionalAccessExporter.Tests.PolicyComparisonServiceTests.CompareAsync_ReferenceOnlyPolicy_ShouldReportAsReferenceOnly [10 ms]
2025-06-15T03:28:34.7185254Z   Passed ConditionalAccessExporter.Tests.TerraformConversionServiceTests.ConvertToGraphJsonAsync_LocationsConditions_ShouldMapCorrectly [311 ms]
2025-06-15T03:28:34.7187661Z   Passed ConditionalAccessExporter.Tests.JsonToTerraformServiceTests.ConvertJsonToTerraformAsync_WithSpecialCharactersInDisplayName_ShouldSanitizeResourceName [13 ms]
2025-06-15T03:28:34.7229045Z   Passed ConditionalAccessExporter.Tests.TerraformParsingServiceTests.ParseTerraformFileAsync_ValidTfStateBackupFile_ShouldParseSuccessfully [2 ms]
2025-06-15T03:28:34.7232143Z   Passed ConditionalAccessExporter.Tests.CrossFormatPolicyComparisonServiceIntegrationTests.CompareWithCustomMappings_ComplexScenario_ShouldFollowMappings [13 ms]
2025-06-15T03:28:34.7234066Z Loading reference files: Progress: 1/3 (33.3%) - 1001.9 items/sec, ETA: 00:00
2025-06-15T03:28:34.7234993Z Loading reference files: Progress: 2/3 (66.7%) - 522.4 items/sec, ETA: 00:00
2025-06-15T03:28:34.7235911Z Loading reference files: Progress: 3/3 (100.0%) - 756.6 items/sec, ETA: 00:00
2025-06-15T03:28:34.7237325Z Failed to load reference file 'malformed.json': Invalid character after parsing property name. Expected ':' but got: j. Path '', line 1, position 10.
2025-06-15T03:28:34.7238644Z   Invalid JSON syntax at line 1, position 10
2025-06-15T03:28:34.7239832Z Failed to load reference file 'incomplete.json': Unexpected character encountered while parsing value: i. Path 'name', line 1, position 10.
2025-06-15T03:28:34.7240878Z   Invalid JSON syntax at line 1, position 10
2025-06-15T03:28:34.7241539Z   Suggestion: Check the JSON structure for missing commas, brackets, or quotes.
2025-06-15T03:28:34.7242589Z   Suggestion: Check the JSON structure for missing commas, brackets, or quotes.
2025-06-15T03:28:34.7243439Z Reference file loading completed: 1 files loaded successfully
2025-06-15T03:28:34.7244035Z Processing time: 5ms
2025-06-15T03:28:34.7244467Z Average speed: 549.5 files/second
2025-06-15T03:28:34.7245765Z Starting cross-format comparison between '/tmp/CrossFormatIntegrationTests_250978fd/source' and '/tmp/CrossFormatIntegrationTests_250978fd/reference'
2025-06-15T03:28:34.7247272Z Converting 1 Terraform policies to Graph JSON format using parallel processing...
2025-06-15T03:28:34.7248534Z No JSON files found in directory: /tmp/test-ref-both-empty. No files were processed.
2025-06-15T03:28:34.7270231Z ✓ All 0 reference files are valid
2025-06-15T03:28:34.7271092Z No JSON files found in reference directory '/tmp/test-ref-both-empty'
2025-06-15T03:28:34.7272480Z Validating 1 policy files using parallel processing...
2025-06-15T03:28:34.7273830Z Converting policies: Progress: 1/1 (100.0%) - 2144.5 items/sec, ETA: 00:00
2025-06-15T03:28:34.7280874Z Policy conversion completed in 5ms
2025-06-15T03:28:34.7300324Z Validation completed: 0 valid, 1 invalid files
2025-06-15T03:28:34.7305163Z Processing time: 2ms
2025-06-15T03:28:34.7308008Z Average speed: 515.5 files/second
2025-06-15T03:28:34.7342773Z Reference file validation failed. Found 1 invalid files out of 1.
2025-06-15T03:28:34.7344277Z   ✗ policy1.json: 2 errors
2025-06-15T03:28:34.7346653Z     - Required properties are missing from object: displayName, conditions, grantControls, state. Path '', line 1, position 1.
2025-06-15T03:28:34.7347687Z     - Display name is missing or empty.
2025-06-15T03:28:34.7348460Z       Suggestion: Ensure the policy structure matches the defined schema. Check field names and types.
2025-06-15T03:28:34.7349337Z       Suggestion: Provide a descriptive display name for the policy.
2025-06-15T03:28:34.7358678Z Loading 1 reference policy files using parallel processing...
2025-06-15T03:28:34.7359412Z Average speed: 205.5 policies/second
2025-06-15T03:28:34.7360206Z Loading reference files: Progress: 1/1 (100.0%) - 352.5 items/sec, ETA: 00:00
2025-06-15T03:28:34.7361056Z Reference file loading completed: 1 files loaded successfully
2025-06-15T03:28:34.7361634Z Processing time: 4ms
2025-06-15T03:28:34.7368394Z Average speed: 255.9 files/second
2025-06-15T03:28:34.7413583Z   Passed ConditionalAccessExporter.Tests.TerraformParsingServiceTests.ParseTerraformDirectoryAsync_EmptyDirectory_ShouldReturnEmptyResults [5 ms]
2025-06-15T03:28:34.7418531Z   Passed ConditionalAccessExporter.Tests.JsonToTerraformServiceTests.ConvertJsonToTerraformAsync_WithMinimalPolicy_ShouldGenerateCorrectHCL [10 ms]
2025-06-15T03:28:34.7423404Z   Passed ConditionalAccessExporter.Tests.PolicyComparisonServiceTests.CompareAsync_ReferenceDirectoryWithMalformedJson_ShouldSkipMalformedFiles [16 ms]
2025-06-15T03:28:34.7425529Z   Passed ConditionalAccessExporter.Tests.PolicyComparisonServiceTests.CompareAsync_BothEmpty_ShouldReturnEmptyResult [2 ms]
2025-06-15T03:28:34.7441300Z   Passed ConditionalAccessExporter.Tests.TerraformParsingServiceTests.ParseTerraformDirectoryAsync_DirectoryWithValidAndInvalidFiles_ShouldParseValidOnesAndReportErrors [12 ms]
2025-06-15T03:28:34.7444181Z   Passed ConditionalAccessExporter.Tests.ParallelProcessingServiceTests.ProcessInParallelAsync_WithCustomParallelism_RespectsMaxDegreeOfParallelism [407 ms]
2025-06-15T03:28:34.7445640Z   Standard Output Messages:
2025-06-15T03:28:34.7446074Z  Max concurrent operations observed: 3
2025-06-15T03:28:34.7446850Z  Configured max degree of parallelism: 3
2025-06-15T03:28:34.7447205Z 
2025-06-15T03:28:34.7447213Z 
2025-06-15T03:28:34.7517003Z No JSON files found in directory: /tmp/test-ref-custom-mapping-missing. No files were processed.
2025-06-15T03:28:34.7518755Z ✓ All 0 reference files are valid
2025-06-15T03:28:34.7519792Z No JSON files found in reference directory '/tmp/test-ref-custom-mapping-missing'
2025-06-15T03:28:34.7522930Z Starting cross-format comparison between '/tmp/CrossFormatTests_7bdbadd2/source' and '/tmp/CrossFormatTests_7bdbadd2/reference'
2025-06-15T03:28:34.7557403Z   Passed ConditionalAccessExporter.Tests.TerraformParsingServiceTests.ParseTerraformFileAsync_ValidTfFileWithMultiplePolicies_ShouldParseAll [9 ms]
2025-06-15T03:28:34.7559120Z Reference file validation failed. Found 0 invalid files out of 0.
2025-06-15T03:28:34.7559874Z Reference directory 'dummy-path' does not exist
2025-06-15T03:28:34.7560605Z Reference file validation failed. Found 0 invalid files out of 0.
2025-06-15T03:28:34.7561357Z Reference directory 'dummy-path' does not exist
2025-06-15T03:28:34.7562457Z No JSON files found in directory: /tmp/test-ref-dir. No files were processed.
2025-06-15T03:28:34.7563381Z ✓ All 0 reference files are valid
2025-06-15T03:28:34.7564069Z No JSON files found in reference directory '/tmp/test-ref-dir'
2025-06-15T03:28:34.7573516Z   Passed ConditionalAccessExporter.Tests.PolicyComparisonServiceTests.CompareAsync_CaseSensitiveTrue_DifferentCase_ShouldNotMatch [15 ms]
2025-06-15T03:28:34.7575960Z   Passed ConditionalAccessExporter.Tests.JsonToTerraformServiceTests.ConvertJsonToTerraformAsync_WithSessionControls_ShouldMapCorrectly [24 ms]
2025-06-15T03:28:34.7578322Z   Passed ConditionalAccessExporter.Tests.PolicyComparisonServiceTests.ParseEntraExport_InvalidJsonString_ShouldThrowException [4 ms]
2025-06-15T03:28:34.7580740Z   Passed ConditionalAccessExporter.Tests.PolicyComparisonServiceTests.CompareAsync_CustomMapping_NonExistentReference_ShouldReportAsEntraOnly [1 ms]
2025-06-15T03:28:34.7583095Z   Passed ConditionalAccessExporter.Tests.PolicyComparisonServiceTests.ParseEntraExport_NullInput_ShouldThrowException [1 ms]
2025-06-15T03:28:34.7585245Z   Passed ConditionalAccessExporter.Tests.JsonToTerraformServiceTests.ConvertJsonToTerraformAsync_WithInvalidJson_ShouldHandleErrorGracefully [5 ms]
2025-06-15T03:28:34.7612836Z Found 4 source policies (Json) and 4 reference policies (Terraform)
2025-06-15T03:28:34.7631609Z Validating 1 policy files using parallel processing...
2025-06-15T03:28:34.7632956Z Validation completed: 0 valid, 1 invalid files
2025-06-15T03:28:34.7641457Z Processing time: 2ms
2025-06-15T03:28:34.7648981Z Average speed: 415.9 files/second
2025-06-15T03:28:34.7657357Z Reference file validation failed. Found 1 invalid files out of 1.
2025-06-15T03:28:34.7692839Z   ✗ valid-policy.json: 2 errors
2025-06-15T03:28:34.7694161Z     - Required properties are missing from object: displayName, conditions, grantControls, state. Path '', line 1, position 1.
2025-06-15T03:28:34.7695181Z     - Display name is missing or empty.
2025-06-15T03:28:34.7696004Z       Suggestion: Ensure the policy structure matches the defined schema. Check field names and types.
2025-06-15T03:28:34.7696941Z       Suggestion: Provide a descriptive display name for the policy.
2025-06-15T03:28:34.7697744Z Loading 1 reference policy files using parallel processing...
2025-06-15T03:28:34.7699197Z Loading reference files: Progress: 1/1 (100.0%) - 2659.6 items/sec, ETA: 00:00
2025-06-15T03:28:34.7701030Z Reference file loading completed: 1 files loaded successfully
2025-06-15T03:28:34.7704873Z Processing time: 1ms
2025-06-15T03:28:34.7705546Z Average speed: 1996.0 files/second
2025-06-15T03:28:34.7707908Z Starting cross-format comparison between '/tmp/CrossFormatIntegrationTests_65b3cb5d/source' and '/tmp/CrossFormatIntegrationTests_65b3cb5d/reference'
2025-06-15T03:28:34.7710031Z   Passed ConditionalAccessExporter.Tests.TerraformParsingServiceTests.ParseTerraformFileAsync_FullyPopulatedPolicy_ShouldMapAllAttributes [12 ms]
2025-06-15T03:28:34.7712668Z   Passed ConditionalAccessExporter.Tests.PolicyComparisonServiceTests.ParseEntraExport_EmptyPoliciesArray_ShouldHandleGracefully [4 ms]
2025-06-15T03:28:34.7714675Z   Passed ConditionalAccessExporter.Tests.PolicyComparisonServiceTests.ParseEntraExport_MissingTenantId_ShouldUseEmptyString [1 ms]
2025-06-15T03:28:34.7716546Z   Passed ConditionalAccessExporter.Tests.PolicyComparisonServiceTests.CompareAsync_ShouldSetReferenceDirectoryCorrectly [1 ms]
2025-06-15T03:28:34.7761242Z   Passed ConditionalAccessExporter.Tests.CrossFormatPolicyComparisonServiceIntegrationTests.CompareMixedFormats_MultiplePolicies_ShouldHandleAllCombinations [48 ms]
2025-06-15T03:28:34.7763966Z   Passed ConditionalAccessExporter.Tests.TerraformParsingServiceTests.ParseTerraformFileAsync_TfFileWithVariableInterpolations_ShouldParseCorrectly [9 ms]
2025-06-15T03:28:34.7766273Z   Passed ConditionalAccessExporter.Tests.TerraformConversionServiceTests.ConvertToGraphJsonAsync_VariableResolution_ShouldResolveCorrectly [55 ms]
2025-06-15T03:28:34.7767794Z Reference file validation failed. Found 0 invalid files out of 0.
2025-06-15T03:28:34.7768474Z Reference directory 'dummy-path' does not exist
2025-06-15T03:28:34.7769264Z Converting 1 Terraform policies to Graph JSON format using parallel processing...
2025-06-15T03:28:34.7770144Z Found 1 source policies (Json) and 1 reference policies (Terraform)
2025-06-15T03:28:34.7770983Z Converting policies: Progress: 1/1 (100.0%) - 501.0 items/sec, ETA: 00:00
2025-06-15T03:28:34.7771645Z Policy conversion completed in 2ms
2025-06-15T03:28:34.7772260Z Average speed: 436.9 policies/second
2025-06-15T03:28:34.7807952Z Starting cross-format comparison between '/tmp/CrossFormatIntegrationTests_bb2100c9/source' and '/tmp/CrossFormatIntegrationTests_bb2100c9/reference'
2025-06-15T03:28:34.7814865Z   Passed ConditionalAccessExporter.Tests.TerraformParsingServiceTests.ParseTerraformFileAsync_TfFileWithComments_ShouldIgnoreComments [1 ms]
2025-06-15T03:28:34.7826382Z   Passed ConditionalAccessExporter.Tests.PolicyComparisonServiceTests.CompareAsync_ReferenceDirectoryWithNonJsonFiles_ShouldIgnoreNonJsonFiles [11 ms]
2025-06-15T03:28:34.7828629Z   Passed ConditionalAccessExporter.Tests.JsonToTerraformServiceTests.ConvertJsonToTerraformAsync_WithGrantControls_ShouldMapCorrectly [19 ms]
2025-06-15T03:28:34.7830741Z   Passed ConditionalAccessExporter.Tests.PolicyComparisonServiceTests.ParseEntraExport_MissingPoliciesProperty_ShouldHandleGracefully [4 ms]
2025-06-15T03:28:34.7833016Z   Passed ConditionalAccessExporter.Tests.TerraformParsingServiceTests.ParseTerraformFileAsync_ValidTfStateFile_ShouldParseSuccessfully [7 ms]
2025-06-15T03:28:34.7835411Z   Passed ConditionalAccessExporter.Tests.CrossFormatPolicyComparisonServiceIntegrationTests.CompareWithMixedFileTypes_ShouldIgnoreNonPolicyFiles [14 ms]
2025-06-15T03:28:34.7885578Z Found 1 source policies (Json) and 1 reference policies (Terraform)
2025-06-15T03:28:34.7946058Z Starting cross-format comparison between '/tmp/CrossFormatIntegrationTests_4cf7e498/source' and '/tmp/CrossFormatIntegrationTests_4cf7e498/reference'
2025-06-15T03:28:34.7957305Z Found 0 source policies (Mixed) and 0 reference policies (Mixed)
2025-06-15T03:28:34.7972844Z Starting cross-format comparison between '/tmp/CrossFormatIntegrationTests_31bd18c7/source' and '/tmp/CrossFormatIntegrationTests_31bd18c7/reference'
2025-06-15T03:28:34.8084578Z Found 1 source policies (Json) and 1 reference policies (Terraform)
2025-06-15T03:28:34.8125583Z Validating 1 policy files using parallel processing...
2025-06-15T03:28:34.8156493Z Validation completed: 0 valid, 1 invalid files
2025-06-15T03:28:34.8158652Z Processing time: 1ms
2025-06-15T03:28:34.8159312Z Average speed: 1215.1 files/second
2025-06-15T03:28:34.8164373Z       Suggestion: Ensure the policy structure matches the defined schema. Check field names and types.
2025-06-15T03:28:34.8165947Z       Suggestion: Provide a descriptive display name for the policy.
2025-06-15T03:28:34.8168786Z Loading 1 reference policy files using parallel processing...
2025-06-15T03:28:34.8170160Z Reference file validation failed. Found 1 invalid files out of 1.
2025-06-15T03:28:34.8171275Z   ✗ complex-policy.json: 2 errors
2025-06-15T03:28:34.8172580Z     - Required properties are missing from object: displayName, conditions, grantControls, state. Path '', line 1, position 1.
2025-06-15T03:28:34.8173721Z     - Display name is missing or empty.
2025-06-15T03:28:34.8174624Z Loading reference files: Progress: 1/1 (100.0%) - 2206.5 items/sec, ETA: 00:00
2025-06-15T03:28:34.8175657Z Reference file loading completed: 1 files loaded successfully
2025-06-15T03:28:34.8176413Z Processing time: 1ms
2025-06-15T03:28:34.8177939Z   Passed ConditionalAccessExporter.Tests.TerraformParsingServiceTests.ParseTerraformFileAsync_PolicyWithMissingRequiredAttributes_ShouldHandleGracefully [4 ms]
2025-06-15T03:28:34.8181689Z   Passed ConditionalAccessExporter.Tests.JsonToTerraformServiceTests.ConvertJsonToTerraformAsync_WithGenerateVariables_ShouldCreateVariablesFile [19 ms]
2025-06-15T03:28:34.8184632Z   Passed ConditionalAccessExporter.Tests.CrossFormatPolicyComparisonServiceIntegrationTests.CompareComplexPolicies_MultipleConditionsAndControls_ShouldAnalyzeCorrectly [10 ms]
2025-06-15T03:28:34.8187248Z   Passed ConditionalAccessExporter.Tests.TerraformParsingServiceTests.ParseTerraformFileAsync_UnknownFileExtension_ShouldAttemptHclParsing [10 ms]
2025-06-15T03:28:34.8189685Z   Passed ConditionalAccessExporter.Tests.CrossFormatPolicyComparisonServiceIntegrationTests.CompareWithEmptyDirectories_ShouldHandleGracefully [6 ms]
2025-06-15T03:28:34.8207320Z   Passed ConditionalAccessExporter.Tests.TerraformParsingServiceTests.ParseTerraformDirectoryAsync_DirectoryWithSubdirectories_ShouldParseRecursively [10 ms]
2025-06-15T03:28:34.8216284Z   Passed ConditionalAccessExporter.Tests.CrossFormatPolicyComparisonServiceIntegrationTests.CompareWithDifferentNamingConventions_ShouldDetectSimilarPolicies [13 ms]
2025-06-15T03:28:34.8219771Z   Passed ConditionalAccessExporter.Tests.TerraformParsingServiceTests.ParseTerraformFileAsync_TfStateWithNoResources_ShouldReturnEmpty [8 ms]
2025-06-15T03:28:34.8222312Z   Passed ConditionalAccessExporter.Tests.TerraformConversionServiceTests.ConvertToGraphJsonAsync_GrantControls_ShouldMapCorrectly [48 ms]
2025-06-15T03:28:34.8231832Z Average speed: 1074.7 files/second
2025-06-15T03:28:34.8232826Z Converting 1 Terraform policies to Graph JSON format using parallel processing...
2025-06-15T03:28:34.8233715Z Reference file validation failed. Found 0 invalid files out of 0.
2025-06-15T03:28:34.8234410Z Reference directory 'dummy-path' does not exist
2025-06-15T03:28:34.8248572Z Converting policies: Progress: 1/1 (100.0%) - 209.7 items/sec, ETA: 00:00
2025-06-15T03:28:34.8250780Z Policy conversion completed in 5ms
2025-06-15T03:28:34.8253374Z Average speed: 206.3 policies/second
2025-06-15T03:28:34.8265558Z Validating 1 policy files using parallel processing...
2025-06-15T03:28:34.8269101Z Validation completed: 0 valid, 1 invalid files
2025-06-15T03:28:34.8270026Z Processing time: 0ms
2025-06-15T03:28:34.8270651Z Average speed: 2333.2 files/second
2025-06-15T03:28:34.8271450Z       Suggestion: Ensure the policy structure matches the defined schema. Check field names and types.
2025-06-15T03:28:34.8272607Z       Suggestion: Provide a descriptive display name for the policy.
2025-06-15T03:28:34.8273417Z Loading 1 reference policy files using parallel processing...
2025-06-15T03:28:34.8274186Z Reference file validation failed. Found 1 invalid files out of 1.
2025-06-15T03:28:34.8275174Z   ✗ policy1.json: 2 errors
2025-06-15T03:28:34.8276064Z     - Required properties are missing from object: displayName, conditions, grantControls, state. Path '', line 1, position 1.
2025-06-15T03:28:34.8277037Z     - Display name is missing or empty.
2025-06-15T03:28:34.8277793Z Loading reference files: Progress: 1/1 (100.0%) - 4606.2 items/sec, ETA: 00:00
2025-06-15T03:28:34.8278628Z Reference file loading completed: 1 files loaded successfully
2025-06-15T03:28:34.8279426Z Processing time: 0ms
2025-06-15T03:28:34.8279839Z Average speed: 3093.1 files/second
2025-06-15T03:28:34.8302441Z Reference file validation failed. Found 0 invalid files out of 0.
2025-06-15T03:28:34.8303639Z Reference directory '/tmp/non-existent-directory' does not exist
2025-06-15T03:28:34.8501133Z Converting 1 Terraform policies to Graph JSON format using parallel processing...
2025-06-15T03:28:34.8513016Z Converting policies: Progress: 1/1 (100.0%) - 8888.9 items/sec, ETA: 00:00
2025-06-15T03:28:34.8529745Z Policy conversion completed in 0ms
2025-06-15T03:28:34.8530334Z Average speed: 3701.0 policies/second
2025-06-15T03:28:34.8531129Z Converting 1 Terraform policies to Graph JSON format using parallel processing...
2025-06-15T03:28:34.8535991Z Policy conversion completed in 1ms
2025-06-15T03:28:34.8540935Z Average speed: 1241.0 policies/second
2025-06-15T03:28:34.8543880Z Converting policies: Progress: 1/1 (100.0%) - 1517.7 items/sec, ETA: 00:00
2025-06-15T03:28:34.8547400Z Converting 1 Terraform policies to Graph JSON format using parallel processing...
2025-06-15T03:28:34.8552115Z Policy conversion completed in 0ms
2025-06-15T03:28:34.8553697Z Average speed: 5952.4 policies/second
2025-06-15T03:28:34.8557548Z Converting policies: Progress: 1/1 (100.0%) - 10515.2 items/sec, ETA: 00:00
2025-06-15T03:28:34.8558805Z Converting 1 Terraform policies to Graph JSON format using parallel processing...
2025-06-15T03:28:34.8561248Z Converting policies: Progress: 1/1 (100.0%) - 4271.7 items/sec, ETA: 00:00
2025-06-15T03:28:34.8562105Z Policy conversion completed in 1ms
2025-06-15T03:28:34.8562608Z Average speed: 1234.9 policies/second
2025-06-15T03:28:34.8563366Z Converting 1 Terraform policies to Graph JSON format using parallel processing...
2025-06-15T03:28:34.8564326Z Converting policies: Progress: 1/1 (100.0%) - 6150.1 items/sec, ETA: 00:00
2025-06-15T03:28:34.8565034Z Policy conversion completed in 1ms
2025-06-15T03:28:34.8565543Z Average speed: 1873.0 policies/second
2025-06-15T03:28:34.8577432Z No Terraform policies found to convert.
2025-06-15T03:28:34.8603029Z   Passed ConditionalAccessExporter.Tests.PolicyComparisonServiceTests.CompareAsync_ComplexNestedDifferences_ShouldDetectCorrectly [46 ms]
2025-06-15T03:28:34.8618234Z   Passed ConditionalAccessExporter.Tests.PolicyComparisonServiceTests.ParseEntraExport_ValidJsonString_ShouldParseCorrectly [1 ms]
2025-06-15T03:28:34.8624759Z   Passed ConditionalAccessExporter.Tests.PolicyComparisonServiceTests.CompareAsync_EmptyEntraExport_ShouldReportAllAsReferenceOnly [6 ms]
2025-06-15T03:28:34.8630460Z   Passed ConditionalAccessExporter.Tests.PolicyComparisonServiceTests.CompareAsync_NonExistentReferenceDirectory_ShouldHandleGracefully [2 ms]
2025-06-15T03:28:34.8633138Z   Passed ConditionalAccessExporter.Tests.ParallelProcessingServiceTests.ProcessInParallelAsync_WithCancellation_ThrowsOperationCancelledException [111 ms]
2025-06-15T03:28:34.8635546Z   Passed ConditionalAccessExporter.Tests.TerraformConversionServiceTests.ConvertToGraphJsonAsync_SingleFullyPopulatedPolicy_ShouldConvertSuccessfully [35 ms]
2025-06-15T03:28:34.8638218Z   Passed ConditionalAccessExporter.Tests.TerraformConversionServiceTests.ConvertToGraphJsonAsync_DifferentStates_ShouldMapCorrectly(terraformState: "enabled", expectedState: "enabled") [1 ms]
2025-06-15T03:28:34.8641093Z   Passed ConditionalAccessExporter.Tests.TerraformConversionServiceTests.ConvertToGraphJsonAsync_DifferentStates_ShouldMapCorrectly(terraformState: "invalid", expectedState: "disabled") [1 ms]
2025-06-15T03:28:34.8643555Z Converting 2 Terraform policies to Graph JSON format using parallel processing...
2025-06-15T03:28:34.8644628Z Converting policies: Progress: 1/2 (50.0%) - 573.7 items/sec, ETA: 00:00
2025-06-15T03:28:34.8645569Z Converting policies: Progress: 2/2 (100.0%) - 1080.4 items/sec, ETA: 00:00
2025-06-15T03:28:34.8646291Z Policy conversion completed in 2ms
2025-06-15T03:28:34.8646799Z Average speed: 1052.0 policies/second
2025-06-15T03:28:34.8647601Z Converting 1 Terraform policies to Graph JSON format using parallel processing...
2025-06-15T03:28:34.8648879Z Converting policies: Progress: 1/1 (100.0%) - 5820.7 items/sec, ETA: 00:00
2025-06-15T03:28:34.8649602Z Policy conversion completed in 0ms
2025-06-15T03:28:34.8650113Z Average speed: 4118.6 policies/second
2025-06-15T03:28:34.8669102Z Converting 1 Terraform policies to Graph JSON format using parallel processing...
2025-06-15T03:28:34.8682192Z Converting policies: Progress: 1/1 (100.0%) - 17182.1 items/sec, ETA: 00:00
2025-06-15T03:28:34.8682942Z Policy conversion completed in 0ms
2025-06-15T03:28:34.8683470Z Average speed: 2664.5 policies/second
2025-06-15T03:28:34.8694379Z   Passed ConditionalAccessExporter.Tests.TerraformConversionServiceTests.ConvertToGraphJsonAsync_DifferentStates_ShouldMapCorrectly(terraformState: "enabledForReportingButNotEnforced", expectedState: "enabledForReportingButNotEnforced") [< 1 ms]
2025-06-15T03:28:34.8697586Z   Passed ConditionalAccessExporter.Tests.TerraformConversionServiceTests.ConvertToGraphJsonAsync_DifferentStates_ShouldMapCorrectly(terraformState: null, expectedState: "disabled") [1 ms]
2025-06-15T03:28:34.8700380Z   Passed ConditionalAccessExporter.Tests.TerraformConversionServiceTests.ConvertToGraphJsonAsync_DifferentStates_ShouldMapCorrectly(terraformState: "disabled", expectedState: "disabled") [< 1 ms]
2025-06-15T03:28:34.8703157Z   Passed ConditionalAccessExporter.Tests.TerraformConversionServiceTests.ConvertToGraphJsonAsync_EmptyPoliciesList_ShouldReturnEmptyList [3 ms]
2025-06-15T03:28:34.8705444Z   Passed ConditionalAccessExporter.Tests.ParallelProcessingServiceTests.ProcessFilesInParallelAsync_WithTestFiles_ProcessesCorrectly [16 ms]
2025-06-15T03:28:34.8706808Z   Standard Output Messages:
2025-06-15T03:28:34.8707259Z  Processed 5 files with 5 progress reports
2025-06-15T03:28:34.8707596Z 
2025-06-15T03:28:34.8707603Z 
2025-06-15T03:28:34.8708689Z   Passed ConditionalAccessExporter.Tests.TerraformConversionServiceTests.ConvertToGraphJsonAsync_PolicyConversionFailure_ShouldContinueWithOthers [2 ms]
2025-06-15T03:28:34.8711026Z   Passed ConditionalAccessExporter.Tests.TerraformConversionServiceTests.ConvertToGraphJsonAsync_UnresolvedVariables_ShouldGenerateWarnings [1 ms]
2025-06-15T03:28:34.8713375Z   Passed ConditionalAccessExporter.Tests.TerraformConversionServiceTests.ConvertToGraphJsonAsync_NullNestedObjects_ShouldHandleGracefully [2 ms]
2025-06-15T03:28:34.8729463Z Converting 1 Terraform policies to Graph JSON format using parallel processing...
2025-06-15T03:28:34.8730569Z Converting policies: Progress: 1/1 (100.0%) - 11627.9 items/sec, ETA: 00:00
2025-06-15T03:28:34.8731271Z Policy conversion completed in 0ms
2025-06-15T03:28:34.8731767Z Average speed: 2475.2 policies/second
2025-06-15T03:28:34.8875082Z Converting 1 Terraform policies to Graph JSON format using parallel processing...
2025-06-15T03:28:34.8882934Z Converting policies: Progress: 1/1 (100.0%) - 7127.6 items/sec, ETA: 00:00
2025-06-15T03:28:34.8884044Z Policy conversion completed in 0ms
2025-06-15T03:28:34.8884808Z Average speed: 5254.9 policies/second
2025-06-15T03:28:34.8927670Z Converting 1 Terraform policies to Graph JSON format using parallel processing...
2025-06-15T03:28:34.8928698Z Converting policies: Progress: 1/1 (100.0%) - 4086.6 items/sec, ETA: 00:00
2025-06-15T03:28:34.8929398Z Policy conversion completed in 0ms
2025-06-15T03:28:34.8929914Z Average speed: 3206.2 policies/second
2025-06-15T03:28:34.9004176Z Converting 1 Terraform policies to Graph JSON format using parallel processing...
2025-06-15T03:28:34.9005836Z Converting policies: Progress: 1/1 (100.0%) - 8912.7 items/sec, ETA: 00:00
2025-06-15T03:28:34.9012903Z Policy conversion completed in 0ms
2025-06-15T03:28:34.9013392Z Average speed: 5963.0 policies/second
2025-06-15T03:28:34.9058252Z Found 100 source policies (Json) and 100 reference policies (Terraform)
2025-06-15T03:28:34.9134001Z Converting 1 Terraform policies to Graph JSON format using parallel processing...
2025-06-15T03:28:34.9140676Z Policy conversion completed in 0ms
2025-06-15T03:28:34.9141507Z Average speed: 2835.3 policies/second
2025-06-15T03:28:34.9142417Z Converting policies: Progress: 1/1 (100.0%) - 9542.0 items/sec, ETA: 00:00
2025-06-15T03:28:34.9224754Z Starting cross-format comparison between '/tmp/CrossFormatTests_a6625631/source' and '/tmp/CrossFormatTests_a6625631/reference'
2025-06-15T03:28:34.9237254Z Converting 1 Terraform policies to Graph JSON format using parallel processing...
2025-06-15T03:28:34.9243680Z Converting policies: Progress: 1/1 (100.0%) - 3112.4 items/sec, ETA: 00:00
2025-06-15T03:28:34.9258814Z Policy conversion completed in 2ms
2025-06-15T03:28:34.9274577Z   Passed ConditionalAccessExporter.Tests.TerraformConversionServiceTests.ConvertToGraphJsonAsync_UsersConditions_ShouldMapCorrectly [21 ms]
2025-06-15T03:28:34.9286954Z   Passed ConditionalAccessExporter.Tests.TerraformConversionServiceTests.ConvertToGraphJsonAsync_DataSourceReferences_ShouldGenerateWarnings [1 ms]
2025-06-15T03:28:34.9289355Z   Passed ConditionalAccessExporter.Tests.ParallelProcessingServiceTests.ProcessInParallelAsync_WithErrorsAndContinueOnError_HandlesErrorsGracefully [32 ms]
2025-06-15T03:28:34.9290806Z   Standard Output Messages:
2025-06-15T03:28:34.9291248Z  Successfully processed 7 out of 10 items
2025-06-15T03:28:34.9291737Z  Errors encountered: 3
2025-06-15T03:28:34.9292215Z 
2025-06-15T03:28:34.9292223Z 
2025-06-15T03:28:34.9300623Z   Passed ConditionalAccessExporter.Tests.TerraformConversionServiceTests.ConvertToGraphJsonAsync_ClientApplicationsConditions_ShouldMapCorrectly [10 ms]
2025-06-15T03:28:34.9303180Z   Passed ConditionalAccessExporter.Tests.TerraformConversionServiceTests.ConvertToGraphJsonAsync_PlatformsConditions_ShouldMapCorrectly [11 ms]
2025-06-15T03:28:34.9305562Z   Passed ConditionalAccessExporter.Tests.CrossFormatPolicyComparisonServiceTests.ComparePoliciesAsync_LargeNumberOfPolicies_ShouldHandleEfficiently [235 ms]
2025-06-15T03:28:34.9307909Z   Passed ConditionalAccessExporter.Tests.TerraformConversionServiceTests.ConvertToGraphJsonAsync_ApplicationsConditions_ShouldMapCorrectly [12 ms]
2025-06-15T03:28:34.9309329Z Average speed: 560.7 policies/second
2025-06-15T03:28:34.9310024Z Found 1 source policies (Json) and 1 reference policies (Terraform)
2025-06-15T03:28:34.9328245Z Starting cross-format comparison between '/tmp/CrossFormatTests_1c2f0205/source' and '/tmp/CrossFormatTests_1c2f0205/reference'
2025-06-15T03:28:34.9329485Z Found 1 source policies (Json) and 0 reference policies (Mixed)
2025-06-15T03:28:34.9362876Z Converting 3 Terraform policies to Graph JSON format using parallel processing...
2025-06-15T03:28:34.9364195Z Converting policies: Progress: 1/3 (33.3%) - 5027.7 items/sec, ETA: 00:00
2025-06-15T03:28:34.9365364Z Converting policies: Progress: 2/3 (66.7%) - 7898.9 items/sec, ETA: 00:00
2025-06-15T03:28:34.9366488Z Converting policies: Progress: 3/3 (100.0%) - 8600.9 items/sec, ETA: 00:00
2025-06-15T03:28:34.9368047Z Starting cross-format comparison between '/tmp/CrossFormatTests_1f54a540/source' and '/tmp/CrossFormatTests_1f54a540/reference'
2025-06-15T03:28:34.9369344Z Policy conversion completed in 2ms
2025-06-15T03:28:34.9370001Z Average speed: 1888.7 policies/second
2025-06-15T03:28:34.9370805Z Found 1 source policies (Json) and 1 reference policies (Terraform)
2025-06-15T03:28:34.9417587Z Converting 1 Terraform policies to Graph JSON format using parallel processing...
2025-06-15T03:28:34.9441634Z Converting policies: Progress: 1/1 (100.0%) - 1551.8 items/sec, ETA: 00:00
2025-06-15T03:28:34.9446472Z Policy conversion completed in 1ms
2025-06-15T03:28:34.9450878Z Average speed: 712.9 policies/second
2025-06-15T03:28:34.9479397Z   Passed ConditionalAccessExporter.Tests.TerraformConversionServiceTests.ConvertToGraphJsonAsync_LocalResolution_ShouldResolveCorrectly [5 ms]
2025-06-15T03:28:34.9481685Z   Passed ConditionalAccessExporter.Tests.CrossFormatPolicyComparisonServiceTests.ComparePoliciesAsync_ReadOnlyFileSystem_ShouldNotThrow [9 ms]
2025-06-15T03:28:34.9484276Z   Passed ConditionalAccessExporter.Tests.CrossFormatPolicyComparisonServiceTests.ComparePoliciesAsync_EmptyReferenceDirectory_ShouldHandleGracefully [2 ms]
2025-06-15T03:28:34.9486800Z   Passed ConditionalAccessExporter.Tests.TerraformConversionServiceTests.ConvertToGraphJsonAsync_MultiplePolicies_ShouldConvertAll [7 ms]
2025-06-15T03:28:34.9489014Z   Passed ConditionalAccessExporter.Tests.CrossFormatPolicyComparisonServiceTests.ComparePoliciesAsync_CustomMapping_ShouldUseCustomMappings [5 ms]
2025-06-15T03:28:34.9491331Z   Passed ConditionalAccessExporter.Tests.ParallelProcessingServiceTests.ProcessInParallelAsync_WithValidItems_ProcessesSuccessfully [50 ms]
2025-06-15T03:28:34.9496702Z   Standard Output Messages:
2025-06-15T03:28:34.9497142Z  Processed 10 items in 44.2924ms
2025-06-15T03:28:34.9497581Z  Average speed: 225.77 items/second
2025-06-15T03:28:34.9497875Z 
2025-06-15T03:28:34.9497882Z 
2025-06-15T03:28:34.9498884Z   Passed ConditionalAccessExporter.Tests.ParallelProcessingServiceTests.GetOptimalDegreeOfParallelism_ReturnsReasonableValue [< 1 ms]
2025-06-15T03:28:34.9500180Z   Standard Output Messages:
2025-06-15T03:28:34.9500630Z  Optimal parallelism: 3 (System cores: 4)
2025-06-15T03:28:34.9500969Z 
2025-06-15T03:28:34.9500976Z 
2025-06-15T03:28:34.9518570Z Starting cross-format comparison between '/tmp/CrossFormatTests_4d71692d/source' and '/tmp/CrossFormatTests_4d71692d/reference'
2025-06-15T03:28:34.9522325Z Warning: Failed to load JSON file '/tmp/CrossFormatTests_4d71692d/source/malformed.json': Invalid character after parsing property name. Expected ':' but got: j. Path '', line 1, position 10.
2025-06-15T03:28:34.9532932Z Found 1 source policies (Json) and 0 reference policies (Mixed)
2025-06-15T03:28:34.9534270Z Starting cross-format comparison between '/tmp/CrossFormatTests_813f74c6/source' and '/tmp/CrossFormatTests_813f74c6/reference'
2025-06-15T03:28:34.9535554Z Found 0 source policies (Mixed) and 1 reference policies (Terraform)
2025-06-15T03:28:34.9623652Z Starting cross-format comparison between '/tmp/CrossFormatTests_a13a4b3b/source' and '/tmp/CrossFormatTests_a13a4b3b/reference'
2025-06-15T03:28:34.9641359Z Found 1 source policies (Json) and 1 reference policies (Terraform)
2025-06-15T03:28:34.9754988Z Converting 1 Terraform policies to Graph JSON format using parallel processing...
2025-06-15T03:28:34.9758188Z Converting policies: Progress: 1/1 (100.0%) - 7745.9 items/sec, ETA: 00:00
2025-06-15T03:28:34.9761656Z Policy conversion completed in 0ms
2025-06-15T03:28:34.9763648Z Average speed: 4562.0 policies/second
2025-06-15T03:28:34.9833269Z Converting 1 Terraform policies to Graph JSON format using parallel processing...
2025-06-15T03:28:34.9837973Z Converting policies: Progress: 1/1 (100.0%) - 9794.3 items/sec, ETA: 00:00
2025-06-15T03:28:34.9842916Z Policy conversion completed in 0ms
2025-06-15T03:28:34.9846045Z Average speed: 5920.7 policies/second
2025-06-15T03:28:34.9902883Z Converting 1 Terraform policies to Graph JSON format using parallel processing...
2025-06-15T03:28:34.9904450Z Converting policies: Progress: 1/1 (100.0%) - 4957.9 items/sec, ETA: 00:00
2025-06-15T03:28:34.9905366Z Policy conversion completed in 0ms
2025-06-15T03:28:34.9906496Z Average speed: 2750.3 policies/second
2025-06-15T03:28:34.9992941Z Converting 1 Terraform policies to Graph JSON format using parallel processing...
2025-06-15T03:28:34.9994342Z Converting policies: Progress: 1/1 (100.0%) - 8952.6 items/sec, ETA: 00:00
2025-06-15T03:28:34.9995348Z Policy conversion completed in 0ms
2025-06-15T03:28:34.9996848Z Average speed: 4088.3 policies/second
2025-06-15T03:28:35.0066874Z   Passed ConditionalAccessExporter.Tests.CrossFormatPolicyComparisonServiceTests.ComparePoliciesAsync_MalformedJsonFile_ShouldSkipAndContinue [11 ms]
2025-06-15T03:28:35.0069587Z   Passed ConditionalAccessExporter.Tests.CrossFormatPolicyComparisonServiceTests.ComparePoliciesAsync_ReferenceOnlyPolicy_ShouldReturnReferenceOnlyStatus [2 ms]
2025-06-15T03:28:35.0073765Z   Passed ConditionalAccessExporter.Tests.CrossFormatPolicyComparisonServiceTests.ComparePoliciesAsync_ByNameCaseInsensitive_ShouldIgnoreCase [12 ms]
2025-06-15T03:28:35.0077585Z   Passed ConditionalAccessExporter.Tests.TerraformConversionServiceTests.ConvertToGraphJsonAsync_SessionControls_ShouldMapCorrectly [37 ms]
2025-06-15T03:28:35.0087225Z   Passed ConditionalAccessExporter.Tests.TerraformConversionServiceTests.ConvertToGraphJsonAsync_ClientAppTypes_ShouldMapCorrectly [7 ms]
2025-06-15T03:28:35.0089393Z   Passed ConditionalAccessExporter.Tests.TerraformConversionServiceTests.ConvertToGraphJsonAsync_SpecialValues_ShouldMapCorrectly [4 ms]
2025-06-15T03:28:35.0091380Z   Passed ConditionalAccessExporter.Tests.TerraformConversionServiceTests.ConvertToGraphJsonAsync_RiskLevels_ShouldMapCorrectly [9 ms]
2025-06-15T03:28:35.0093670Z   Passed ConditionalAccessExporter.Tests.ParallelProcessingServiceTests.ProcessInParallelAsync_WithProgressReporting_ReportsProgressCorrectly [58 ms]
2025-06-15T03:28:35.0094976Z   Standard Output Messages:
2025-06-15T03:28:35.0095484Z  Progress: Progress: 5/20 (25.0%) - 191.9 items/sec, ETA: 00:00
2025-06-15T03:28:35.0096150Z  Progress: Progress: 10/20 (50.0%) - 275.3 items/sec, ETA: 00:00
2025-06-15T03:28:35.0096816Z  Progress: Progress: 15/20 (75.0%) - 322.4 items/sec, ETA: 00:00
2025-06-15T03:28:35.0097460Z  Progress: Progress: 20/20 (100.0%) - 352.8 items/sec, ETA: 00:00
2025-06-15T03:28:35.0098016Z  Received 4 progress reports
2025-06-15T03:28:35.0098296Z 
2025-06-15T03:28:35.0098305Z 
2025-06-15T03:28:35.0099125Z Starting cross-format comparison between '/tmp/CrossFormatTests_8c07ab38/source' and '/tmp/CrossFormatTests_8c07ab38/reference'
2025-06-15T03:28:35.0202856Z Converting 1 Terraform policies to Graph JSON format using parallel processing...
2025-06-15T03:28:35.0208195Z Converting policies: Progress: 1/1 (100.0%) - 8650.5 items/sec, ETA: 00:00
2025-06-15T03:28:35.0208894Z Policy conversion completed in 0ms
2025-06-15T03:28:35.0209378Z Average speed: 5230.1 policies/second
2025-06-15T03:28:35.0575946Z Found 50 source policies (Json) and 50 reference policies (Terraform)
2025-06-15T03:28:35.0616778Z Starting cross-format comparison between '/tmp/CrossFormatTests_a72b102a/source' and '/tmp/CrossFormatTests_a72b102a/nonexistent-reference'
2025-06-15T03:28:35.0623601Z Found 0 source policies (Mixed) and 0 reference policies (Unknown)
2025-06-15T03:28:35.4720342Z   Passed ConditionalAccessExporter.Tests.TerraformConversionServiceTests.ConvertToGraphJsonAsync_GeneralStructure_ShouldBeCorrect [10 ms]
2025-06-15T03:28:35.4722994Z   Passed ConditionalAccessExporter.Tests.TerraformConversionServiceTests.ConvertToGraphJsonAsync_MinimalRequiredFields_ShouldConvertWithDefaults [15 ms]
2025-06-15T03:28:35.4725883Z   Passed ConditionalAccessExporter.Tests.CrossFormatPolicyComparisonServiceTests.ComparePoliciesAsync_PerformanceWithManyComplexPolicies_ShouldCompleteWithinReasonableTime [95 ms]
2025-06-15T03:28:35.4728686Z   Passed ConditionalAccessExporter.Tests.CrossFormatPolicyComparisonServiceTests.ComparePoliciesAsync_NonExistentReferenceDirectory_ShouldHandleGracefully [1 ms]
2025-06-15T03:28:35.4731054Z   Passed ConditionalAccessExporter.Tests.PerformanceBenchmarkServiceTests.MonitorMemoryUsageAsync_WithException_HandlesGracefully [89 ms]
2025-06-15T03:28:35.4733551Z   Passed ConditionalAccessExporter.Tests.PerformanceBenchmarkServiceTests.MonitorMemoryUsageAsync_WithSimpleOperation_ReturnsValidResults [115 ms]
2025-06-15T03:28:35.4735795Z   Passed ConditionalAccessExporter.Tests.PerformanceBenchmarkServiceTests.MemoryUsageResult_FormattedProperties_ReturnValidStrings [< 1 ms]
2025-06-15T03:28:35.4738418Z   Passed ConditionalAccessExporter.Tests.PerformanceBenchmarkServiceTests.PerformanceBenchmarkService_WithProgressReporter_ReportsProgress [108 ms]
2025-06-15T03:28:35.4740949Z   Passed ConditionalAccessExporter.Tests.PerformanceBenchmarkServiceTests.RunPerformanceRegressionTestsAsync_WithValidThresholds_ReturnsResults [152 ms]
2025-06-15T03:28:35.8979176Z   Passed ConditionalAccessExporter.Tests.PerformanceBenchmarkServiceTests.RunPerformanceRegressionTestsAsync_WithStrictThresholds_DetectsFailures [152 ms]
2025-06-15T03:28:35.8980458Z   Passed ConditionalAccessExporter.Tests.PerformanceBenchmarkServiceTests.MonitorMemoryUsageAsync_WithCancellation_HandlesCancellation [59 ms]
2025-06-15T03:28:35.8982134Z   Passed ConditionalAccessExporter.Tests.PerformanceBenchmarkServiceTests.RegressionTestResult_FormattedResult_ReturnsValidString [< 1 ms]
2025-06-15T03:28:35.8983137Z   Passed ConditionalAccessExporter.Tests.ProgressIndicatorTests.ProgressInfo_FormattedProperties_ReturnValidStrings [4 ms]
2025-06-15T03:28:35.8984069Z   Passed ConditionalAccessExporter.Tests.ProgressIndicatorTests.ProgressInfo_ToString_ReturnsComprehensiveString [< 1 ms]
2025-06-15T03:28:35.8984985Z   Passed ConditionalAccessExporter.Tests.ProgressIndicatorTests.ProgressIndicator_SetProgress_UpdatesCorrectly [103 ms]
2025-06-15T03:28:35.8985958Z   Passed ConditionalAccessExporter.Tests.ProgressIndicatorTests.PerformanceThresholdMonitor_CheckProgress_CallsProgressReporter [103 ms]
2025-06-15T03:28:35.8986966Z   Passed ConditionalAccessExporter.Tests.ProgressIndicatorTests.ProgressIndicator_Constructor_InitializesCorrectly [< 1 ms]
2025-06-15T03:28:35.8987912Z   Passed ConditionalAccessExporter.Tests.ProgressIndicatorTests.ProgressInfo_EstimatedTimeRemaining_CalculatesCorrectly [< 1 ms]
2025-06-15T03:28:36.3993764Z Test: 1/10 (10.0%) | Elapsed: 00:00:00 | ETA: Calculating... | Rate: 0.0 items/sec | Memory: 0.0 MB | Delta: +0.0 MB
2025-06-15T03:28:36.4006213Z Test message
2025-06-15T03:28:36.4047864Z Markdown cross-format comparison report generated: /tmp/CrossFormatReportGenerationTests/91dfe6e4-2cb1-475a-af13-87b57bba739d/cross-format-comparison-20250615-032836.md
2025-06-15T03:28:36.4181427Z Cross-format comparison report generated: /tmp/CrossFormatReportGenerationTests/fc87d036-e04d-401d-acc7-316157622d60/cross-format-comparison-20250615-032836.json
2025-06-15T03:28:36.4201073Z HTML cross-format comparison report generated: /tmp/CrossFormatReportGenerationTests/fc87d036-e04d-401d-acc7-316157622d60/cross-format-comparison-20250615-032836.html
2025-06-15T03:28:36.4209267Z Markdown cross-format comparison report generated: /tmp/CrossFormatReportGenerationTests/fc87d036-e04d-401d-acc7-316157622d60/cross-format-comparison-20250615-032836.md
2025-06-15T03:28:36.4221113Z CSV cross-format comparison report generated: /tmp/CrossFormatReportGenerationTests/fc87d036-e04d-401d-acc7-316157622d60/cross-format-comparison-20250615-032836.csv
2025-06-15T03:28:36.4259400Z Cross-format comparison report generated: /tmp/CrossFormatReportGenerationTests/211f05d7-d758-4927-9cdc-5eef29427786/cross-format-comparison-20250615-032836.json
2025-06-15T03:28:36.4314181Z   Passed ConditionalAccessExporter.Tests.ProgressIndicatorTests.PerformanceThreshold_CheckThresholds_DetectsViolations [1 ms]
2025-06-15T03:28:36.4315219Z   Passed ConditionalAccessExporter.Tests.ProgressIndicatorTests.ProgressIndicator_IncrementProgress_UpdatesCorrectly [100 ms]
2025-06-15T03:28:36.4316342Z   Passed ConditionalAccessExporter.Tests.ProgressIndicatorTests.ProgressInfo_NegativeMemoryDelta_FormatsCorrectly [< 1 ms]
2025-06-15T03:28:36.4318238Z   Passed ConditionalAccessExporter.Tests.ProgressIndicatorTests.PerformanceThreshold_CheckThresholds_NoViolations_ReturnsEmpty [< 1 ms]
2025-06-15T03:28:36.4320126Z   Passed ConditionalAccessExporter.Tests.ProgressIndicatorTests.ProgressIndicator_Dispose_StopsUpdates [400 ms]
2025-06-15T03:28:36.4322117Z   Passed ConditionalAccessExporter.Tests.ProgressIndicatorTests.ConsoleProgressReporter_Report_DoesNotThrow [< 1 ms]
2025-06-15T03:28:36.4324452Z   Passed ConditionalAccessExporter.Tests.CrossFormatReportGenerationServiceTests.GenerateMarkdownReport_ValidatesMarkdownSyntax [4 ms]
2025-06-15T03:28:36.4326796Z   Passed ConditionalAccessExporter.Tests.CrossFormatReportGenerationServiceTests.GenerateReports_AllFormats_ShouldContainSameDataAccuracy [19 ms]
2025-06-15T03:28:36.4329189Z   Passed ConditionalAccessExporter.Tests.CrossFormatReportGenerationServiceTests.GenerateJsonReport_WithEmptyResult_ShouldCreateValidJsonFile [4 ms]
2025-06-15T03:28:36.4331651Z Cross-format comparison report generated: /tmp/CrossFormatReportGenerationTests/26127923-5dce-421d-8418-5711306e48e4/cross-format-comparison-20250615-032836.json
2025-06-15T03:28:36.4453511Z HTML cross-format comparison report generated: /tmp/CrossFormatReportGenerationTests/d5f4816e-885e-493d-891b-8dc92df3d973/cross-format-comparison-20250615-032836.html
2025-06-15T03:28:36.4475768Z CSV cross-format comparison report generated: /tmp/CrossFormatReportGenerationTests/36a49ad1-f9e3-4e66-b2a0-6773e7aad58d/cross-format-comparison-20250615-032836.csv
2025-06-15T03:28:36.4493037Z Cross-format comparison report generated: /tmp/CrossFormatReportGenerationTests/f734272a-eae3-4159-bb99-94356beb1bd6/cross-format-comparison-20250615-032836.json
2025-06-15T03:28:36.4497750Z HTML cross-format comparison report generated: /tmp/CrossFormatReportGenerationTests/f734272a-eae3-4159-bb99-94356beb1bd6/cross-format-comparison-20250615-032836.html
2025-06-15T03:28:36.4500706Z Markdown cross-format comparison report generated: /tmp/CrossFormatReportGenerationTests/f734272a-eae3-4159-bb99-94356beb1bd6/cross-format-comparison-20250615-032836.md
2025-06-15T03:28:36.4507442Z CSV cross-format comparison report generated: /tmp/CrossFormatReportGenerationTests/f734272a-eae3-4159-bb99-94356beb1bd6/cross-format-comparison-20250615-032836.csv
2025-06-15T03:28:36.4524821Z HTML cross-format comparison report generated: /tmp/CrossFormatReportGenerationTests/2be5bb0a-7fd6-40be-8676-1814416b9132/cross-format-comparison-20250615-032836.html
2025-06-15T03:28:36.4550426Z Cross-format comparison report generated: /tmp/CrossFormatReportGenerationTests/a0b37aaf-b14c-4be4-81fa-1fe2d5af3064/cross-format-comparison-20250615-032836.json
2025-06-15T03:28:36.4559219Z CSV cross-format comparison report generated: /tmp/CrossFormatReportGenerationTests/b8e6d6b4-5011-49c1-be8a-8d91fe271bd9/cross-format-comparison-20250615-032836.csv
2025-06-15T03:28:36.4578635Z HTML cross-format comparison report generated: /tmp/CrossFormatReportGenerationTests/3ff47d4c-cffe-484b-b281-70917e7bd975/cross-format-comparison-20250615-032836.html
2025-06-15T03:28:36.4611410Z Cross-format comparison report generated: /tmp/CrossFormatReportGenerationTests/edf3844e-9741-4997-9aaf-6dd7e0de2ed2/new-directory/cross-format-comparison-20250615-032836.json
2025-06-15T03:28:36.4636215Z Markdown cross-format comparison report generated: /tmp/CrossFormatReportGenerationTests/8d791892-e301-4277-891c-bf4b89eae052/cross-format-comparison-20250615-032836.md
2025-06-15T03:28:36.4642962Z   Passed ConditionalAccessExporter.Tests.CrossFormatReportGenerationServiceTests.GenerateReport_WithDefaultFormat_ShouldCreateJsonReport [14 ms]
2025-06-15T03:28:36.4645308Z   Passed ConditionalAccessExporter.Tests.CrossFormatReportGenerationServiceTests.GenerateHtmlReport_WithSemanticallyEquivalent_ShouldDisplaySemanticInfo [1 ms]
2025-06-15T03:28:36.4647932Z   Passed ConditionalAccessExporter.Tests.CrossFormatReportGenerationServiceTests.GenerateCsvReport_WithConversionSuggestions_ShouldReflectInHasSuggestions [1 ms]
2025-06-15T03:28:36.4650338Z   Passed ConditionalAccessExporter.Tests.CrossFormatReportGenerationServiceTests.GenerateReport_WithEmptyResult_ShouldHandleGracefully [2 ms]
2025-06-15T03:28:36.4652830Z   Passed ConditionalAccessExporter.Tests.CrossFormatReportGenerationServiceTests.GenerateHtmlReport_WithConversionSuggestions_ShouldDisplaySuggestions [1 ms]
2025-06-15T03:28:36.4655189Z   Passed ConditionalAccessExporter.Tests.CrossFormatReportGenerationServiceTests.GenerateReport_WithUnknownFormat_ShouldDefaultToJson [1 ms]
2025-06-15T03:28:36.4657693Z   Passed ConditionalAccessExporter.Tests.CrossFormatReportGenerationServiceTests.GenerateCsvReport_WithAllStatuses_ShouldCreateValidCsvFile [1 ms]
2025-06-15T03:28:36.4660049Z   Passed ConditionalAccessExporter.Tests.CrossFormatReportGenerationServiceTests.GenerateHtmlReport_WithAllStatuses_ShouldCreateValidHtmlFile [2 ms]
2025-06-15T03:28:36.4662543Z   Passed ConditionalAccessExporter.Tests.CrossFormatReportGenerationServiceTests.GenerateReport_CreatesOutputDirectory_WhenNotExists [1 ms]
2025-06-15T03:28:36.4681266Z Markdown cross-format comparison report generated: /tmp/CrossFormatReportGenerationTests/6f9bf4b9-6a61-4de8-8e4a-71e3362882b2/cross-format-comparison-20250615-032836.md
2025-06-15T03:28:36.4699155Z Cross-format comparison report generated: /tmp/CrossFormatReportGenerationTests/03603caf-85ac-4679-aa63-3a5b4d0b74fa/cross-format-comparison-20250615-032836.json
2025-06-15T03:28:36.4828159Z Starting cross-format comparison between '/tmp/EndToEndTests_f054f469/json-policies' and '/tmp/EndToEndTests_f054f469/terraform-policies'
2025-06-15T03:28:36.4841188Z Found 1 source policies (Json) and 1 reference policies (Terraform)
2025-06-15T03:28:36.4917883Z Baseline Generation
2025-06-15T03:28:36.4918786Z ==================
2025-06-15T03:28:36.4919194Z Fetching policies from tenant...
2025-06-15T03:28:36.4926727Z Tenant ID: d385***
2025-06-15T03:28:36.4927999Z Client ID: 1c6d***
2025-06-15T03:28:36.4928519Z Client Secret: [HIDDEN]
2025-06-15T03:28:36.5254570Z Authenticating to Microsoft Graph...
2025-06-15T03:28:37.8661082Z Found 1 policies in tenant
2025-06-15T03:28:37.8666660Z Applied filter: Enabled policies only
2025-06-15T03:28:37.8670340Z After filtering: 1 policies selected
2025-06-15T03:28:37.8671044Z Generating baseline files for 1 policies using parallel processing...
2025-06-15T03:28:37.8870833Z Generated: notrustisrael.json
2025-06-15T03:28:37.8875816Z Generating baseline files: Progress: 1/1 (100.0%) - 49.9 items/sec, ETA: 00:00
2025-06-15T03:28:37.8878361Z Baseline file generation completed in 20ms
2025-06-15T03:28:37.8881148Z Average speed: 49.5 policies/second
2025-06-15T03:28:37.8881658Z Baseline Generation Summary:
2025-06-15T03:28:37.8882273Z ============================
2025-06-15T03:28:37.8882683Z Total policies fetched: 1
2025-06-15T03:28:37.8883095Z Policies after filtering: 1
2025-06-15T03:28:37.8883517Z Files generated: 1
2025-06-15T03:28:37.8884077Z Output directory: /tmp/EndToEndTests_c3b000c1/baseline-output
2025-06-15T03:28:37.8884668Z Generated files:
2025-06-15T03:28:37.8885019Z   - notrustisrael.json
2025-06-15T03:28:37.8885533Z Baseline generation completed successfully!
2025-06-15T03:28:37.8912879Z   Passed ConditionalAccessExporter.Tests.CrossFormatReportGenerationServiceTests.GenerateMarkdownReport_WithAllStatuses_ShouldCreateValidMarkdownFile [2 ms]
2025-06-15T03:28:37.8916543Z   Passed ConditionalAccessExporter.Tests.CrossFormatReportGenerationServiceTests.GenerateReports_ShouldLogFileGeneration [2 ms]
2025-06-15T03:28:37.8918876Z   Passed ConditionalAccessExporter.Tests.CrossFormatReportGenerationServiceTests.GenerateMarkdownReport_WithSemanticallyEquivalent_ShouldFormatCorrectly [1 ms]
2025-06-15T03:28:37.8921293Z   Passed ConditionalAccessExporter.Tests.CrossFormatReportGenerationServiceTests.GenerateJsonReport_WithAllStatuses_ShouldCreateValidJsonFile [2 ms]
2025-06-15T03:28:37.8923912Z   Passed ConditionalAccessExporter.Tests.EndToEndWorkflowIntegrationTests.TemplateWorkflow_ListAndCreateTemplate_ShouldProvideTemplateCapabilities [3 ms]
2025-06-15T03:28:37.8925331Z   Standard Output Messages:
2025-06-15T03:28:37.8925817Z  Test directory: /tmp/EndToEndTests_cb0389bd
2025-06-15T03:28:37.8926504Z  No templates available - service returned empty list but functioned properly
2025-06-15T03:28:37.8927269Z  Template workflow: 0 templates available, 0 files created
2025-06-15T03:28:37.8927698Z 
2025-06-15T03:28:37.8927706Z 
2025-06-15T03:28:37.8928734Z   Passed ConditionalAccessExporter.Tests.EndToEndWorkflowIntegrationTests.ErrorHandlingWorkflow_MalformedFiles_ShouldHandleGracefully [2 ms]
2025-06-15T03:28:37.8930109Z   Standard Output Messages:
2025-06-15T03:28:37.8930831Z  Test directory: /tmp/EndToEndTests_1a7c0272
2025-06-15T03:28:37.8931524Z  Error handling test completed: Source files=2, Reference files=1
2025-06-15T03:28:37.8932352Z 
2025-06-15T03:28:37.8932361Z 
2025-06-15T03:28:37.8933271Z   Passed ConditionalAccessExporter.Tests.EndToEndWorkflowIntegrationTests.FileIOWorkflow_LargeFiles_ShouldHandleEfficiently [3 ms]
2025-06-15T03:28:37.8934484Z   Standard Output Messages:
2025-06-15T03:28:37.8935192Z  Test directory: /tmp/EndToEndTests_6fb267f6
2025-06-15T03:28:37.8935763Z  Large file I/O completed in 0.81ms, file size: 4151 bytes
2025-06-15T03:28:37.8936147Z 
2025-06-15T03:28:37.8936155Z 
2025-06-15T03:28:37.8937252Z   Passed ConditionalAccessExporter.Tests.EndToEndWorkflowIntegrationTests.CrossFormatComparisonWorkflow_JsonVsTerraform_ShouldAnalyzeCorrectly [3 ms]
2025-06-15T03:28:37.8938732Z   Standard Output Messages:
2025-06-15T03:28:37.8939216Z  Test directory: /tmp/EndToEndTests_f054f469
2025-06-15T03:28:37.8939818Z  Cross-format comparison completed with 1 comparisons
2025-06-15T03:28:37.8940217Z 
2025-06-15T03:28:37.8940224Z 
2025-06-15T03:28:37.8941396Z   Passed ConditionalAccessExporter.Tests.EndToEndWorkflowIntegrationTests.BaselineGenerationWorkflow_CreateFromJsonFiles_ShouldCreateValidBaseline [1 s]
2025-06-15T03:28:37.8943028Z   Standard Output Messages:
2025-06-15T03:28:37.8943491Z  Test directory: /tmp/EndToEndTests_c3b000c1
2025-06-15T03:28:37.8944047Z  Baseline generation completed with result: 0
2025-06-15T03:28:37.8944418Z 
2025-06-15T03:28:37.8944437Z 
2025-06-15T03:28:37.8945112Z No JSON files found in directory: /tmp/EndToEndTests_a16af290/terraform-validation. No files were processed.
2025-06-15T03:28:38.1834038Z custom_export.json
2025-06-15T03:28:38.7157082Z Conditional Access Policy Exporter
2025-06-15T03:28:38.7158647Z ==================================
2025-06-15T03:28:38.7159333Z Tenant ID: ***
2025-06-15T03:28:38.7160742Z Client ID: ***
2025-06-15T03:28:38.7161149Z Client Secret: [HIDDEN]
2025-06-15T03:28:38.7161591Z Authenticating to Microsoft Graph...
2025-06-15T03:28:38.7162333Z Fetching Conditional Access Policies...
2025-06-15T03:28:38.7162707Z info: ConditionalAccessExporter.Program[0]
2025-06-15T03:28:38.7163026Z       Conditional Access Policy Exporter
2025-06-15T03:28:38.7163344Z info: ConditionalAccessExporter.Program[0]
2025-06-15T03:28:38.7163612Z       ==================================
2025-06-15T03:28:38.7163905Z info: ConditionalAccessExporter.Program[0]
2025-06-15T03:28:38.7164274Z       Tenant ID: ***
2025-06-15T03:28:38.7164559Z info: ConditionalAccessExporter.Program[0]
2025-06-15T03:28:38.7164870Z       Client ID: ***
2025-06-15T03:28:38.7165123Z info: ConditionalAccessExporter.Program[0]
2025-06-15T03:28:38.7165393Z       Client Secret: [HIDDEN]
2025-06-15T03:28:38.7165659Z info: ConditionalAccessExporter.Program[0]
2025-06-15T03:28:38.7165970Z info: ConditionalAccessExporter.Program[0]
2025-06-15T03:28:38.7166260Z       Authenticating to Microsoft Graph...
2025-06-15T03:28:38.7166567Z info: ConditionalAccessExporter.Program[0]
2025-06-15T03:28:38.7166849Z       Fetching Conditional Access Policies...
2025-06-15T03:28:38.7167141Z Found 1 Conditional Access Policies
2025-06-15T03:28:38.7167550Z info: ConditionalAccessExporter.Program[0]
2025-06-15T03:28:38.7168031Z       Found 1 Conditional Access Policies
2025-06-15T03:28:38.7168548Z info: ConditionalAccessExporter.Program[0]
2025-06-15T03:28:38.7169000Z Policy Summary:
2025-06-15T03:28:38.7169303Z ================
2025-06-15T03:28:38.7169716Z info: ConditionalAccessExporter.Program[0]
2025-06-15T03:28:38.7170160Z       Policy Summary:
2025-06-15T03:28:38.7170591Z info: ConditionalAccessExporter.Program[0]
2025-06-15T03:28:38.7170993Z       ================
2025-06-15T03:28:38.7171342Z - notrustisrael (State: Enabled)
2025-06-15T03:28:38.7171792Z info: ConditionalAccessExporter.Program[0]
2025-06-15T03:28:38.7172501Z       - notrustisrael (State: Enabled)
2025-06-15T03:28:38.7173028Z info: ConditionalAccessExporter.Program[0]
2025-06-15T03:28:38.7173951Z Conditional Access Policies exported successfully to: custom_export.json
2025-06-15T03:28:38.7174670Z info: ConditionalAccessExporter.Program[0]
2025-06-15T03:28:38.7175341Z       Conditional Access Policies exported successfully to: custom_export.json
2025-06-15T03:28:38.7175953Z File size: 1.25 KB
2025-06-15T03:28:38.7176331Z Export completed successfully!
2025-06-15T03:28:38.7176844Z info: ConditionalAccessExporter.Program[0]
2025-06-15T03:28:38.7177617Z       File size: 1.25 KB
2025-06-15T03:28:38.7178103Z info: ConditionalAccessExporter.Program[0]
2025-06-15T03:28:38.7178605Z       Export completed successfully!
2025-06-15T03:28:38.7179139Z ConditionalAccessPolicies_20250615_032838.json
2025-06-15T03:28:38.9576529Z Conditional Access Policy Exporter
2025-06-15T03:28:38.9577313Z ==================================
2025-06-15T03:28:38.9578329Z Tenant ID: ***
2025-06-15T03:28:38.9578791Z info: ConditionalAccessExporter.Program[0]
2025-06-15T03:28:38.9579316Z       Conditional Access Policy Exporter
2025-06-15T03:28:38.9579891Z info: ConditionalAccessExporter.Program[0]
2025-06-15T03:28:38.9580368Z       ==================================
2025-06-15T03:28:38.9580887Z info: ConditionalAccessExporter.Program[0]
2025-06-15T03:28:38.9581583Z       Tenant ID: ***
2025-06-15T03:28:38.9582489Z Client ID: ***
2025-06-15T03:28:38.9582852Z Client Secret: [HIDDEN]
2025-06-15T03:28:38.9583327Z info: ConditionalAccessExporter.Program[0]
2025-06-15T03:28:38.9584008Z       Client ID: ***
2025-06-15T03:28:38.9584471Z info: ConditionalAccessExporter.Program[0]
2025-06-15T03:28:38.9584970Z       Client Secret: [HIDDEN]
2025-06-15T03:28:38.9585488Z info: ConditionalAccessExporter.Program[0]
2025-06-15T03:28:38.9586058Z Authenticating to Microsoft Graph...
2025-06-15T03:28:38.9586608Z Fetching Conditional Access Policies...
2025-06-15T03:28:38.9587207Z info: ConditionalAccessExporter.Program[0]
2025-06-15T03:28:38.9587732Z       Authenticating to Microsoft Graph...
2025-06-15T03:28:38.9588297Z info: ConditionalAccessExporter.Program[0]
2025-06-15T03:28:38.9588837Z       Fetching Conditional Access Policies...
2025-06-15T03:28:38.9589353Z Found 1 Conditional Access Policies
2025-06-15T03:28:38.9589878Z info: ConditionalAccessExporter.Program[0]
2025-06-15T03:28:38.9590386Z       Found 1 Conditional Access Policies
2025-06-15T03:28:38.9590937Z info: ConditionalAccessExporter.Program[0]
2025-06-15T03:28:38.9591406Z Policy Summary:
2025-06-15T03:28:38.9591711Z ================
2025-06-15T03:28:38.9592304Z - notrustisrael (State: Enabled)
2025-06-15T03:28:38.9592815Z info: ConditionalAccessExporter.Program[0]
2025-06-15T03:28:38.9593297Z       Policy Summary:
2025-06-15T03:28:38.9593763Z info: ConditionalAccessExporter.Program[0]
2025-06-15T03:28:38.9594222Z       ================
2025-06-15T03:28:38.9594670Z info: ConditionalAccessExporter.Program[0]
2025-06-15T03:28:38.9595174Z       - notrustisrael (State: Enabled)
2025-06-15T03:28:38.9595720Z info: ConditionalAccessExporter.Program[0]
2025-06-15T03:28:38.9596667Z Conditional Access Policies exported successfully to: ConditionalAccessPolicies_20250615_032838.json
2025-06-15T03:28:38.9597585Z info: ConditionalAccessExporter.Program[0]
2025-06-15T03:28:38.9598420Z       Conditional Access Policies exported successfully to: ConditionalAccessPolicies_20250615_032838.json
2025-06-15T03:28:38.9599317Z File size: 1.25 KB
2025-06-15T03:28:38.9599731Z Export completed successfully!
2025-06-15T03:28:38.9600283Z info: ConditionalAccessExporter.Program[0]
2025-06-15T03:28:38.9600822Z       File size: 1.25 KB
2025-06-15T03:28:38.9601331Z info: ConditionalAccessExporter.Program[0]
2025-06-15T03:28:38.9602065Z       Export completed successfully!
2025-06-15T03:28:39.0036983Z   Passed ConditionalAccessExporter.Tests.EndToEndWorkflowIntegrationTests.TerraformValidationWorkflow_CompleteValidation_ShouldValidateAllAspects [3 ms]
2025-06-15T03:28:39.0038133Z   Standard Output Messages:
2025-06-15T03:28:39.0038616Z  Test directory: /tmp/EndToEndTests_a16af290
2025-06-15T03:28:39.0039429Z  Terraform validation completed successfully
2025-06-15T03:28:39.0039808Z 
2025-06-15T03:28:39.0039817Z 
2025-06-15T03:28:39.0040854Z   Passed ConditionalAccessExporter.Tests.EndToEndWorkflowIntegrationTests.JsonToTerraformWorkflow_SingleFile_ShouldConvertSuccessfully [5 ms]
2025-06-15T03:28:39.0042463Z   Standard Output Messages:
2025-06-15T03:28:39.0042942Z  Test directory: /tmp/EndToEndTests_c2f7f4ae
2025-06-15T03:28:39.0043549Z  JSON to Terraform conversion completed: 3 files generated
2025-06-15T03:28:39.0044268Z 
2025-06-15T03:28:39.0044277Z 
2025-06-15T03:28:39.0045067Z   Passed ConditionalAccessExporter.Tests.ProgramTests.CrossFormatComparePoliciesAsync_Success_ReturnsZero [15 ms]
2025-06-15T03:28:39.0046762Z   Passed ConditionalAccessExporter.Tests.ProgramTests.ExportPoliciesAsync_Exception_HandlesErrorAndReturnsOne [268 ms]
2025-06-15T03:28:39.0048567Z   Passed ConditionalAccessExporter.Tests.ProgramTests.Export_Command_ValidArgs_CallsHandler(args: ["export", "--output", "custom_export.json"]) [533 ms]
2025-06-15T03:28:39.0050344Z   Passed ConditionalAccessExporter.Tests.ProgramTests.Export_Command_ValidArgs_CallsHandler(args: ["export"]) [241 ms]
2025-06-15T03:28:39.0052106Z   Passed ConditionalAccessExporter.Tests.ProgramTests.ConvertJsonToTerraformAsync_Success_ReturnsZero [13 ms]
2025-06-15T03:28:39.0053660Z   Passed ConditionalAccessExporter.Tests.ProgramTests.ComparePoliciesAsync_ServiceFailure_ReturnsOne [3 ms]
2025-06-15T03:28:39.0055223Z   Passed ConditionalAccessExporter.Tests.ProgramTests.JsonToTerraform_Command_MissingInput_ReturnsError [27 ms]
2025-06-15T03:28:39.4768668Z   Passed ConditionalAccessExporter.Tests.ProgramTests.CrossCompare_Command_MissingRequiredOption_ReturnsError(args: ["cross-compare", "--source-dir", "./src"]) [2 ms]
2025-06-15T03:28:39.4772771Z   Passed ConditionalAccessExporter.Tests.ProgramTests.CrossCompare_Command_MissingRequiredOption_ReturnsError(args: ["cross-compare", "--reference-dir", "./ref"]) [1 ms]
2025-06-15T03:28:39.4775654Z   Passed ConditionalAccessExporter.Tests.ProgramTests.CrossCompare_Command_ValidArgs_CallsHandler(args: ["cross-compare", "--source-dir", "./src_tf", "--reference-dir", "./ref_json", ···]) [3 ms]
2025-06-15T03:28:39.4778065Z   Passed ConditionalAccessExporter.Tests.ProgramTests.CrossCompare_Command_ValidArgs_CallsHandler(args: ["cross-compare", "--source-dir", "./src", "--reference-dir", "./ref"]) [1 ms]
2025-06-15T03:28:39.4779942Z   Passed ConditionalAccessExporter.Tests.ProgramTests.Terraform_Command_MissingInput_ReturnsError [1 ms]
2025-06-15T03:28:39.4781640Z   Passed ConditionalAccessExporter.Tests.ProgramTests.Terraform_Command_ValidArgs_CallsHandler(args: ["terraform", "--input", "file.tf"]) [12 ms]
2025-06-15T03:28:39.4784210Z   Passed ConditionalAccessExporter.Tests.ProgramTests.Terraform_Command_ValidArgs_CallsHandler(args: ["terraform", "--input", "dir/", "--output", "converted.json", ···]) [1 ms]
2025-06-15T03:28:39.4786009Z   Passed ConditionalAccessExporter.Tests.ProgramTests.ExportPoliciesAsync_Success_ReturnsZero [446 ms]
2025-06-15T03:28:39.4787510Z   Passed ConditionalAccessExporter.Tests.ProgramTests.ConvertTerraformAsync_ServiceFailure_ReturnsOne [1 ms]
2025-06-15T03:28:39.7799569Z [xUnit.net 00:00:05.82]     ConditionalAccessExporter.Tests.ProgramTests.JsonToTerraform_Command_ValidArgs_CallsHandler(args: ["json-to-terraform", "--input", "policies.json"]) [FAIL]
2025-06-15T03:28:39.7803981Z [xUnit.net 00:00:05.82]       System.ArgumentOutOfRangeException : Index was out of range. Must be non-negative and less than or equal to the size of the collection. (Parameter 'chunkLength')
2025-06-15T03:28:39.7807513Z [xUnit.net 00:00:05.82]       Stack Trace:
2025-06-15T03:28:39.7811379Z [xUnit.net 00:00:05.82]            at System.Text.StringBuilder.ToString()
2025-06-15T03:28:39.7813826Z [xUnit.net 00:00:05.82]         /home/runner/work/CA_Scanner/CA_Scanner/ConditionalAccessExporter.Tests/ProgramTestHelper.cs(250,0): at ConditionalAccessExporter.Tests.ProgramTestHelper.CaptureConsoleOutputInternal(Func`1 action)
2025-06-15T03:28:39.7817068Z [xUnit.net 00:00:05.82]         /home/runner/work/CA_Scanner/CA_Scanner/ConditionalAccessExporter.Tests/ProgramTestHelper.cs(218,0): at ConditionalAccessExporter.Tests.ProgramTestHelper.CaptureConsoleOutputAsync(Func`1 action)
2025-06-15T03:28:39.7818792Z [xUnit.net 00:00:05.82]         /home/runner/work/CA_Scanner/CA_Scanner/ConditionalAccessExporter.Tests/ProgramTests.cs(187,0): at ConditionalAccessExporter.Tests.ProgramTests.JsonToTerraform_Command_ValidArgs_CallsHandler(String[] args)
2025-06-15T03:28:39.7819979Z [xUnit.net 00:00:05.82]         --- End of stack trace from previous location ---
2025-06-15T03:28:39.7849215Z   Passed ConditionalAccessExporter.Tests.ProgramTests.ConvertJsonToTerraformAsync_ServiceFailure_ReturnsOne [1 ms]
2025-06-15T03:28:39.7851698Z   Passed ConditionalAccessExporter.Tests.ProgramTests.Compare_Command_ValidArgs_CallsHandler(args: ["compare", "--reference-dir", "./ref", "--entra-file", "entra_export.json", ···]) [9 ms]
2025-06-15T03:28:39.7854119Z   Passed ConditionalAccessExporter.Tests.ProgramTests.Compare_Command_ValidArgs_CallsHandler(args: ["compare", "--reference-dir", "./ref"]) [274 ms]
2025-06-15T03:28:39.7855834Z   Passed ConditionalAccessExporter.Tests.ProgramTests.ConvertTerraformAsync_Success_ReturnsZero [3 ms]
2025-06-15T03:28:39.7857224Z   Passed ConditionalAccessExporter.Tests.ProgramTests.ComparePoliciesAsync_Success_ReturnsZero [7 ms]
2025-06-15T03:28:39.7859595Z   Passed ConditionalAccessExporter.Tests.ProgramTests.JsonToTerraform_Command_ValidArgs_CallsHandler(args: ["json-to-terraform", "--input", "policies.json", "--output-dir", "custom_tf_out", ···]) [2 ms]
2025-06-15T03:28:39.7862238Z   Failed ConditionalAccessExporter.Tests.ProgramTests.JsonToTerraform_Command_ValidArgs_CallsHandler(args: ["json-to-terraform", "--input", "policies.json"]) [1 ms]
2025-06-15T03:28:39.7863604Z   Error Message:
2025-06-15T03:28:39.7864656Z    System.ArgumentOutOfRangeException : Index was out of range. Must be non-negative and less than or equal to the size of the collection. (Parameter 'chunkLength')
2025-06-15T03:28:39.7865767Z   Stack Trace:
2025-06-15T03:28:39.7866159Z      at System.Text.StringBuilder.ToString()
2025-06-15T03:28:39.7867854Z    at ConditionalAccessExporter.Tests.ProgramTestHelper.CaptureConsoleOutputInternal(Func`1 action) in /home/runner/work/CA_Scanner/CA_Scanner/ConditionalAccessExporter.Tests/ProgramTestHelper.cs:line 250
2025-06-15T03:28:39.7870563Z    at ConditionalAccessExporter.Tests.ProgramTestHelper.CaptureConsoleOutputAsync(Func`1 action) in /home/runner/work/CA_Scanner/CA_Scanner/ConditionalAccessExporter.Tests/ProgramTestHelper.cs:line 218
2025-06-15T03:28:39.7873362Z    at ConditionalAccessExporter.Tests.ProgramTests.JsonToTerraform_Command_ValidArgs_CallsHandler(String[] args) in /home/runner/work/CA_Scanner/CA_Scanner/ConditionalAccessExporter.Tests/ProgramTests.cs:line 187
2025-06-15T03:28:39.7874935Z --- End of stack trace from previous location ---
2025-06-15T03:28:39.7875854Z   Passed ConditionalAccessExporter.Tests.ProgramTests.Compare_Command_MissingReferenceDir_ReturnsError [3 ms]
2025-06-15T03:28:39.7877187Z   Passed ConditionalAccessExporter.Tests.ProgramTests.Help_Option_PrintsHelpText(args: ["--help"]) [3 ms]
2025-06-15T03:28:40.5176302Z HTML report generated: /tmp/ReportGenerationTests/1457a841-c89d-4197-b6a7-1a08cbf6579a/CA_Comparison_20250615_032840.html
2025-06-15T03:28:40.5190861Z JSON report generated: /tmp/ReportGenerationTests/68deeb57-1e3d-4e03-8087-52f8cea1ed97/CA_Comparison_20250615_032840.json
2025-06-15T03:28:40.5233045Z CSV report generated: /tmp/ReportGenerationTests/c6e2b883-b19f-4d7e-a382-a8f99be72af3/CA_Comparison_20250615_032840.csv
2025-06-15T03:28:40.5245770Z JSON report generated: /tmp/ReportGenerationTests/a517dba9-586c-404a-ab64-fef49dc7216b/CA_Comparison_20250615_032840.json
2025-06-15T03:28:40.5248167Z HTML report generated: /tmp/ReportGenerationTests/a517dba9-586c-404a-ab64-fef49dc7216b/CA_Comparison_20250615_032840.html
2025-06-15T03:28:40.5254291Z CSV report generated: /tmp/ReportGenerationTests/a517dba9-586c-404a-ab64-fef49dc7216b/CA_Comparison_20250615_032840.csv
2025-06-15T03:28:40.5265630Z   Passed ConditionalAccessExporter.Tests.ProgramTests.Help_Option_PrintsHelpText(args: ["export", "--help"]) [1 ms]
2025-06-15T03:28:40.5266831Z   Passed ConditionalAccessExporter.Tests.ProgramTests.Main_NoArgs_CallsExportCommand [727 ms]
2025-06-15T03:28:40.5267674Z   Passed ConditionalAccessExporter.Tests.ProgramTests.CrossFormatComparePoliciesAsync_ServiceFailure_ReturnsOne [1 ms]
2025-06-15T03:28:40.5268923Z   Passed ConditionalAccessExporter.Tests.ReportGenerationServiceTests.GenerateConsoleReport_WithAllIdentical_ShouldShowAllIdentical [1 ms]
2025-06-15T03:28:40.5270032Z   Passed ConditionalAccessExporter.Tests.ReportGenerationServiceTests.GenerateConsoleReport_WithAllEntraOnly_ShouldShowEntraOnlySection [< 1 ms]
2025-06-15T03:28:40.5271766Z   Passed ConditionalAccessExporter.Tests.ReportGenerationServiceTests.GenerateHtmlReport_WithEmptyResult_ShouldCreateValidHtmlFile [1 ms]
2025-06-15T03:28:40.5273971Z   Passed ConditionalAccessExporter.Tests.ReportGenerationServiceTests.GenerateJsonReport_WithEmptyResult_ShouldCreateValidJsonFile [3 ms]
2025-06-15T03:28:40.5275818Z   Passed ConditionalAccessExporter.Tests.ReportGenerationServiceTests.GenerateCsvReport_WithAllStatusTypes_ShouldCreateValidCsvFile [2 ms]
2025-06-15T03:28:40.5276866Z   Passed ConditionalAccessExporter.Tests.ReportGenerationServiceTests.GenerateReports_WithNullDifferences_ShouldHandleGracefully [1 ms]
2025-06-15T03:28:40.5277851Z JSON report generated: /tmp/ReportGenerationTests/573828f4-5118-4e35-a51c-b994cebc27e4/CA_Comparison_20250615_032840.json
2025-06-15T03:28:40.5320949Z JSON report generated: /tmp/ReportGenerationTests/3113895a-4426-4792-8d50-939e0eb5e39e/new-directory/CA_Comparison_20250615_032840.json
2025-06-15T03:28:40.5331459Z JSON report generated: /tmp/ReportGenerationTests/fa19a870-31ce-4c77-9cf7-8fa66c8fb118/CA_Comparison_20250615_032840.json
2025-06-15T03:28:40.5333296Z HTML report generated: /tmp/ReportGenerationTests/fa19a870-31ce-4c77-9cf7-8fa66c8fb118/CA_Comparison_20250615_032840.html
2025-06-15T03:28:40.5336529Z CSV report generated: /tmp/ReportGenerationTests/fa19a870-31ce-4c77-9cf7-8fa66c8fb118/CA_Comparison_20250615_032840.csv
2025-06-15T03:28:40.5347661Z HTML report generated: /tmp/ReportGenerationTests/884b9da2-d8a4-4d86-a75b-0bc1768ce4fa/CA_Comparison_20250615_032840.html
2025-06-15T03:28:40.5377265Z Validating 2 policy files using parallel processing...
2025-06-15T03:28:40.5382255Z Validation completed: 0 valid, 2 invalid files
2025-06-15T03:28:40.5382812Z Processing time: 0ms
2025-06-15T03:28:40.5383226Z Average speed: 4309.4 files/second
2025-06-15T03:28:40.5403288Z   Passed ConditionalAccessExporter.Tests.ReportGenerationServiceTests.GenerateJsonReport_WithAllStatusTypes_ShouldCreateValidJsonFile [3 ms]
2025-06-15T03:28:40.5405333Z   Passed ConditionalAccessExporter.Tests.ReportGenerationServiceTests.GenerateReports_WithInvalidFormat_ShouldHandleGracefully [< 1 ms]
2025-06-15T03:28:40.5407329Z   Passed ConditionalAccessExporter.Tests.ReportGenerationServiceTests.GenerateConsoleReport_WithEmptyResult_ShouldShowEmptyReport [< 1 ms]
2025-06-15T03:28:40.5409096Z   Passed ConditionalAccessExporter.Tests.ReportGenerationServiceTests.GenerateConsoleReport_WithAllStatusTypes_ShouldProduceStructuredOutput [< 1 ms]
2025-06-15T03:28:40.5410439Z   Passed ConditionalAccessExporter.Tests.ReportGenerationServiceTests.GenerateReports_CreatesOutputDirectory_WhenNotExists [1 ms]
2025-06-15T03:28:40.5412244Z   Passed ConditionalAccessExporter.Tests.ReportGenerationServiceTests.GenerateReports_WithMultipleFormats_ShouldCreateAllFiles [1 ms]
2025-06-15T03:28:40.5422749Z   Passed ConditionalAccessExporter.Tests.ReportGenerationServiceTests.GenerateHtmlReport_WithAllStatusTypes_ShouldCreateValidHtmlFile [1 ms]
2025-06-15T03:28:40.5424782Z   Passed ConditionalAccessExporter.Tests.WorkflowIntegrationTests.ValidationWorkflow_MixedFiles_ShouldValidateAppropriately [2 ms]
2025-06-15T03:28:40.5425807Z   Standard Output Messages:
2025-06-15T03:28:40.5426301Z  Test directory: /tmp/WorkflowIntegrationTests_a848e68d
2025-06-15T03:28:40.5426678Z  Directory validation completed - Valid: False
2025-06-15T03:28:40.5426886Z 
2025-06-15T03:28:40.5426892Z 
2025-06-15T03:28:40.5427416Z   Passed ConditionalAccessExporter.Tests.WorkflowIntegrationTests.ErrorHandlingWorkflow_NonExistentDirectory_ShouldHandleGracefully [< 1 ms]
2025-06-15T03:28:40.5428111Z   Standard Output Messages:
2025-06-15T03:28:40.5428398Z  Test directory: /tmp/WorkflowIntegrationTests_61402e7b
2025-06-15T03:28:40.5428852Z  Non-existent directory handled gracefully
2025-06-15T03:28:40.5429043Z 
2025-06-15T03:28:40.5429047Z 
2025-06-15T03:28:40.5429461Z No JSON files found in directory: /tmp/WorkflowIntegrationTests_eb5dd891/empty-directory. No files were processed.
2025-06-15T03:28:40.5474673Z Validating 20 policy files using parallel processing...
2025-06-15T03:28:40.5491081Z Validation completed: 0 valid, 20 invalid files
2025-06-15T03:28:40.5492219Z Processing time: 2ms
2025-06-15T03:28:40.5492857Z Average speed: 12390.8 files/second
2025-06-15T03:28:40.5525630Z Starting cross-format comparison between '/tmp/WorkflowIntegrationTests_0f9dde9f/json-source' and '/tmp/WorkflowIntegrationTests_0f9dde9f/terraform-reference'
2025-06-15T03:28:40.5536922Z Found 2 source policies (Json) and 2 reference policies (Terraform)
2025-06-15T03:28:40.5542780Z Cross-format comparison report generated: /tmp/WorkflowIntegrationTests_0f9dde9f/report-output/comparison-report.json/cross-format-comparison-20250615-032840.json
2025-06-15T03:28:40.5643880Z Starting cross-format comparison between '/tmp/WorkflowIntegrationTests_bab772d0/json-policies' and '/tmp/WorkflowIntegrationTests_bab772d0/terraform-policies'
2025-06-15T03:28:40.5650242Z Found 1 source policies (Json) and 1 reference policies (Terraform)
2025-06-15T03:28:40.5683799Z [xUnit.net 00:00:06.60]   Finished:    ConditionalAccessExporter.Tests
2025-06-15T03:28:42.0409095Z   Passed ConditionalAccessExporter.Tests.WorkflowIntegrationTests.TerraformParsingWorkflow_ValidConfiguration_ShouldParseSuccessfully [1 ms]
2025-06-15T03:28:42.0410396Z   Standard Output Messages:
2025-06-15T03:28:42.0410884Z  Test directory: /tmp/WorkflowIntegrationTests_635288ab
2025-06-15T03:28:42.0411427Z  Parsed 1 Terraform policies successfully
2025-06-15T03:28:42.0411757Z 
2025-06-15T03:28:42.0411765Z 
2025-06-15T03:28:42.0412866Z   Passed ConditionalAccessExporter.Tests.WorkflowIntegrationTests.ErrorHandlingWorkflow_EmptyDirectory_ShouldReturnEmptyResults [< 1 ms]
2025-06-15T03:28:42.0414085Z   Standard Output Messages:
2025-06-15T03:28:42.0414562Z  Test directory: /tmp/WorkflowIntegrationTests_eb5dd891
2025-06-15T03:28:42.0415100Z  Empty directory handled gracefully
2025-06-15T03:28:42.0415376Z 
2025-06-15T03:28:42.0415382Z 
2025-06-15T03:28:42.0416331Z   Passed ConditionalAccessExporter.Tests.WorkflowIntegrationTests.TemplateWorkflow_ListAndCreateBasicTemplate_ShouldProvideTemplateSupport [1 ms]
2025-06-15T03:28:42.0417563Z   Standard Output Messages:
2025-06-15T03:28:42.0417958Z  Test directory: /tmp/WorkflowIntegrationTests_f9bd9cc1
2025-06-15T03:28:42.0418330Z  No templates available - template system accessible
2025-06-15T03:28:42.0418538Z 
2025-06-15T03:28:42.0418542Z 
2025-06-15T03:28:42.0419028Z   Passed ConditionalAccessExporter.Tests.WorkflowIntegrationTests.TerraformParsingWorkflow_InvalidSyntax_ShouldReportErrors [1 ms]
2025-06-15T03:28:42.0419666Z   Standard Output Messages:
2025-06-15T03:28:42.0419957Z  Test directory: /tmp/WorkflowIntegrationTests_ac2b3864
2025-06-15T03:28:42.0420309Z  Invalid Terraform correctly identified: 1 errors found
2025-06-15T03:28:42.0420521Z 
2025-06-15T03:28:42.0420525Z 
2025-06-15T03:28:42.0421073Z   Passed ConditionalAccessExporter.Tests.WorkflowIntegrationTests.PerformanceWorkflow_MultipleFileProcessing_ShouldCompleteWithinReasonableTime [5 ms]
2025-06-15T03:28:42.0421781Z   Standard Output Messages:
2025-06-15T03:28:42.0422330Z  Test directory: /tmp/WorkflowIntegrationTests_44c94c09
2025-06-15T03:28:42.0422685Z  Performance test: 20 files processed in 0.00 seconds
2025-06-15T03:28:42.0423194Z 
2025-06-15T03:28:42.0423208Z 
2025-06-15T03:28:42.0423765Z   Passed ConditionalAccessExporter.Tests.WorkflowIntegrationTests.CrossFormatWorkflow_JsonToTerraformWithReport_ShouldGenerateComprehensiveReport [4 ms]
2025-06-15T03:28:42.0424486Z   Standard Output Messages:
2025-06-15T03:28:42.0424763Z  Test directory: /tmp/WorkflowIntegrationTests_0f9dde9f
2025-06-15T03:28:42.0425424Z  Report generated at: /tmp/WorkflowIntegrationTests_0f9dde9f/report-output/comparison-report.json/cross-format-comparison-20250615-032840.json
2025-06-15T03:28:42.0426094Z 
2025-06-15T03:28:42.0426098Z 
2025-06-15T03:28:42.0426582Z   Passed ConditionalAccessExporter.Tests.WorkflowIntegrationTests.JsonToTerraformWorkflow_SinglePolicy_ShouldConvertWithMetadata [2 ms]
2025-06-15T03:28:42.0427230Z   Standard Output Messages:
2025-06-15T03:28:42.0427508Z  Test directory: /tmp/WorkflowIntegrationTests_a689daa9
2025-06-15T03:28:42.0427814Z  Conversion successful: 3 files created
2025-06-15T03:28:42.0427992Z 
2025-06-15T03:28:42.0428003Z 
2025-06-15T03:28:42.0428478Z   Passed ConditionalAccessExporter.Tests.WorkflowIntegrationTests.JsonToTerraformWorkflow_ComplexPolicy_ShouldPreserveStructure [5 ms]
2025-06-15T03:28:42.0429123Z   Standard Output Messages:
2025-06-15T03:28:42.0429396Z  Test directory: /tmp/WorkflowIntegrationTests_d22153cb
2025-06-15T03:28:42.0429730Z  Complex policy converted successfully with 3 files
2025-06-15T03:28:42.0429934Z 
2025-06-15T03:28:42.0429943Z 
2025-06-15T03:28:42.0430475Z   Passed ConditionalAccessExporter.Tests.WorkflowIntegrationTests.CrossFormatWorkflow_JsonToTerraformComparison_ShouldDetectEquivalentPolicies [2 ms]
2025-06-15T03:28:42.0431174Z   Standard Output Messages:
2025-06-15T03:28:42.0431442Z  Test directory: /tmp/WorkflowIntegrationTests_bab772d0
2025-06-15T03:28:42.0431817Z  Cross-format comparison: 1 JSON policies, 1 Terraform policies
2025-06-15T03:28:42.0432246Z 
2025-06-15T03:28:42.0432250Z 
2025-06-15T03:28:51.6311780Z 
2025-06-15T03:28:51.6353114Z Test Run Failed.
2025-06-15T03:28:51.6353532Z Total tests: 253
2025-06-15T03:28:51.6353821Z      Passed: 252
2025-06-15T03:28:51.6354015Z      Failed: 1
2025-06-15T03:28:51.6368374Z  Total time: 19.7332 Seconds
2025-06-15T03:28:51.6491154Z      1>Project "/home/runner/work/CA_Scanner/CA_Scanner/ConditionalAccessExporter.sln" (1) is building "/home/runner/work/CA_Scanner/CA_Scanner/ConditionalAccessExporter.Tests/ConditionalAccessExporter.Tests.csproj" (3) on node 2 (VSTest target(s)).
2025-06-15T03:28:51.6493140Z      3>_VSTestConsole:
2025-06-15T03:28:51.6493714Z          MSB4181: The "VSTestTask" task returned false but did not log an error.
2025-06-15T03:28:51.6526873Z      3>Done Building Project "/home/runner/work/CA_Scanner/CA_Scanner/ConditionalAccessExporter.Tests/ConditionalAccessExporter.Tests.csproj" (VSTest target(s)) -- FAILED.
2025-06-15T03:28:51.6593016Z      1>Done Building Project "/home/runner/work/CA_Scanner/CA_Scanner/ConditionalAccessExporter.sln" (VSTest target(s)) -- FAILED.
2025-06-15T03:28:51.6638983Z 
2025-06-15T03:28:51.6639364Z Build FAILED.
2025-06-15T03:28:51.6639898Z     0 Warning(s)
2025-06-15T03:28:51.6640887Z     0 Error(s)
2025-06-15T03:28:51.6646412Z 
2025-06-15T03:28:51.6646820Z Time Elapsed 00:00:20.64
2025-06-15T03:28:51.8383813Z 
2025-06-15T03:28:51.8388441Z Attachments:
2025-06-15T03:28:51.8390497Z   /home/runner/work/CA_Scanner/CA_Scanner/ConditionalAccessExporter.Tests/TestResults/19a28349-90e2-4a3d-9744-347ace6fe064/coverage.cobertura.xml
2025-06-15T03:28:51.8955537Z ##[error]Process completed with exit code 1.
2025-06-15T03:28:51.9072485Z Post job cleanup.
2025-06-15T03:28:51.9783192Z [command]/usr/bin/git version
2025-06-15T03:28:51.9817847Z git version 2.49.0
2025-06-15T03:28:51.9860881Z Temporarily overriding HOME='/home/runner/work/_temp/d8ff9afc-fc61-4a7b-bccd-10b7bc01ce5b' before making global git config changes
2025-06-15T03:28:51.9862518Z Adding repository directory to the temporary git global config as a safe directory
2025-06-15T03:28:51.9865912Z [command]/usr/bin/git config --global --add safe.directory /home/runner/work/CA_Scanner/CA_Scanner
2025-06-15T03:28:51.9896963Z [command]/usr/bin/git config --local --name-only --get-regexp core\.sshCommand
2025-06-15T03:28:51.9927902Z [command]/usr/bin/git submodule foreach --recursive sh -c "git config --local --name-only --get-regexp 'core\.sshCommand' && git config --local --unset-all 'core.sshCommand' || :"
2025-06-15T03:28:52.0152771Z [command]/usr/bin/git config --local --name-only --get-regexp http\.https\:\/\/github\.com\/\.extraheader
2025-06-15T03:28:52.0171098Z http.https://github.com/.extraheader
2025-06-15T03:28:52.0182202Z [command]/usr/bin/git config --local --unset-all http.https://github.com/.extraheader
2025-06-15T03:28:52.0209761Z [command]/usr/bin/git submodule foreach --recursive sh -c "git config --local --name-only --get-regexp 'http\.https\:\/\/github\.com\/\.extraheader' && git config --local --unset-all 'http.https://github.com/.extraheader' || :"
2025-06-15T03:28:52.0532358Z Cleaning up orphan processes
2025-06-15T03:28:52.0962204Z Terminate orphan process: pid (2360) (dotnet)
2025-06-15T03:28:52.1126946Z Terminate orphan process: pid (2457) (dotnet)
