2025-06-06T18:50:13.7996294Z Current runner version: '2.325.0'
2025-06-06T18:50:13.8021539Z ##[group]Operating System
2025-06-06T18:50:13.8022357Z Ubuntu
2025-06-06T18:50:13.8022905Z 24.04.2
2025-06-06T18:50:13.8023422Z LTS
2025-06-06T18:50:13.8023912Z ##[endgroup]
2025-06-06T18:50:13.8024629Z ##[group]Runner Image
2025-06-06T18:50:13.8025264Z Image: ubuntu-24.04
2025-06-06T18:50:13.8025789Z Version: 20250602.3.0
2025-06-06T18:50:13.8026865Z Included Software: https://github.com/actions/runner-images/blob/ubuntu24/20250602.3/images/ubuntu/Ubuntu2404-Readme.md
2025-06-06T18:50:13.8028236Z Image Release: https://github.com/actions/runner-images/releases/tag/ubuntu24%2F20250602.3
2025-06-06T18:50:13.8029108Z ##[endgroup]
2025-06-06T18:50:13.8029722Z ##[group]Runner Image Provisioner
2025-06-06T18:50:13.8030324Z 2.0.437.1
2025-06-06T18:50:13.8030784Z ##[endgroup]
2025-06-06T18:50:13.8031992Z ##[group]GITHUB_TOKEN Permissions
2025-06-06T18:50:13.8034084Z Contents: read
2025-06-06T18:50:13.8035119Z Metadata: read
2025-06-06T18:50:13.8035808Z Packages: read
2025-06-06T18:50:13.8036468Z ##[endgroup]
2025-06-06T18:50:13.8038696Z Secret source: Actions
2025-06-06T18:50:13.8039392Z Prepare workflow directory
2025-06-06T18:50:13.8364067Z Prepare all required actions
2025-06-06T18:50:13.8403471Z Getting action download info
2025-06-06T18:50:14.3969595Z ##[group]Download immutable action package 'actions/checkout@v3'
2025-06-06T18:50:14.3970912Z Version: 3.6.0
2025-06-06T18:50:14.3971986Z Digest: sha256:942562b9c7d4b1f2557f1da21f4d3eb4eb4fd01f2ad78b2a6e187d1b193e0a0f
2025-06-06T18:50:14.3973224Z Source commit SHA: f43a0e5ff2bd294095638e18286ca9a3d1956744
2025-06-06T18:50:14.3974086Z ##[endgroup]
2025-06-06T18:50:14.4945716Z ##[group]Download immutable action package 'actions/setup-dotnet@v3'
2025-06-06T18:50:14.4946660Z Version: 3.4.2
2025-06-06T18:50:14.4947511Z Digest: sha256:b988103bd1785dcf8ff8b209ba81500bd5f2a083a3b82e66f1d11ee61cf4c24d
2025-06-06T18:50:14.4948587Z Source commit SHA: 55ec9447dda3d1cf6bd587150f3262f30ee10815
2025-06-06T18:50:14.4949392Z ##[endgroup]
2025-06-06T18:50:14.8983878Z Download action repository 'danielpalme/ReportGenerator-GitHub-Action@5.2.0' (SHA:4d510cbed8a05af5aefea46c7fd6e05b95844c89)
2025-06-06T18:50:15.3616790Z ##[group]Download immutable action package 'actions/upload-artifact@v4'
2025-06-06T18:50:15.3618125Z Version: 4.6.2
2025-06-06T18:50:15.3619574Z Digest: sha256:290722aa3281d5caf23d0acdc3dbeb3424786a1a01a9cc97e72f147225e37c38
2025-06-06T18:50:15.3621642Z Source commit SHA: ea165f8d65b6e75b540449e92b4886f43607fa02
2025-06-06T18:50:15.3622797Z ##[endgroup]
2025-06-06T18:50:15.4789760Z Download action repository 'JamesIves/github-pages-deploy-action@v4' (SHA:6c2d9db40f9296374acc17b90404b6e8864128c8)
2025-06-06T18:50:17.0340920Z Complete job name: build-and-test
2025-06-06T18:50:17.0987454Z ##[group]Run actions/checkout@v3
2025-06-06T18:50:17.0988101Z with:
2025-06-06T18:50:17.0988371Z   repository: thefaftek-git/CA_Scanner
2025-06-06T18:50:17.0988870Z   token: ***
2025-06-06T18:50:17.0989095Z   ssh-strict: true
2025-06-06T18:50:17.0989367Z   persist-credentials: true
2025-06-06T18:50:17.0989634Z   clean: true
2025-06-06T18:50:17.0989878Z   sparse-checkout-cone-mode: true
2025-06-06T18:50:17.0990157Z   fetch-depth: 1
2025-06-06T18:50:17.0990388Z   fetch-tags: false
2025-06-06T18:50:17.0990620Z   lfs: false
2025-06-06T18:50:17.0990851Z   submodules: false
2025-06-06T18:50:17.0991106Z   set-safe-directory: true
2025-06-06T18:50:17.0991592Z ##[endgroup]
2025-06-06T18:50:17.2719005Z Syncing repository: thefaftek-git/CA_Scanner
2025-06-06T18:50:17.2720361Z ##[group]Getting Git version info
2025-06-06T18:50:17.2720791Z Working directory is '/home/runner/work/CA_Scanner/CA_Scanner'
2025-06-06T18:50:17.2721384Z [command]/usr/bin/git version
2025-06-06T18:50:17.2761374Z git version 2.49.0
2025-06-06T18:50:17.2790043Z ##[endgroup]
2025-06-06T18:50:17.2806215Z Temporarily overriding HOME='/home/runner/work/_temp/bb1b65a4-202a-4cf9-8ed6-c0bd112b8fc5' before making global git config changes
2025-06-06T18:50:17.2809829Z Adding repository directory to the temporary git global config as a safe directory
2025-06-06T18:50:17.2810947Z [command]/usr/bin/git config --global --add safe.directory /home/runner/work/CA_Scanner/CA_Scanner
2025-06-06T18:50:17.2844761Z Deleting the contents of '/home/runner/work/CA_Scanner/CA_Scanner'
2025-06-06T18:50:17.2848599Z ##[group]Initializing the repository
2025-06-06T18:50:17.2852006Z [command]/usr/bin/git init /home/runner/work/CA_Scanner/CA_Scanner
2025-06-06T18:50:17.2913586Z hint: Using 'master' as the name for the initial branch. This default branch name
2025-06-06T18:50:17.2915138Z hint: is subject to change. To configure the initial branch name to use in all
2025-06-06T18:50:17.2915728Z hint: of your new repositories, which will suppress this warning, call:
2025-06-06T18:50:17.2916246Z hint:
2025-06-06T18:50:17.2916797Z hint: 	git config --global init.defaultBranch <name>
2025-06-06T18:50:17.2917380Z hint:
2025-06-06T18:50:17.2917945Z hint: Names commonly chosen instead of 'master' are 'main', 'trunk' and
2025-06-06T18:50:17.2918868Z hint: 'development'. The just-created branch can be renamed via this command:
2025-06-06T18:50:17.2919566Z hint:
2025-06-06T18:50:17.2919966Z hint: 	git branch -m <name>
2025-06-06T18:50:17.2920743Z Initialized empty Git repository in /home/runner/work/CA_Scanner/CA_Scanner/.git/
2025-06-06T18:50:17.2929832Z [command]/usr/bin/git remote add origin https://github.com/thefaftek-git/CA_Scanner
2025-06-06T18:50:17.2961723Z ##[endgroup]
2025-06-06T18:50:17.2962433Z ##[group]Disabling automatic garbage collection
2025-06-06T18:50:17.2965034Z [command]/usr/bin/git config --local gc.auto 0
2025-06-06T18:50:17.2990735Z ##[endgroup]
2025-06-06T18:50:17.2991216Z ##[group]Setting up auth
2025-06-06T18:50:17.2996540Z [command]/usr/bin/git config --local --name-only --get-regexp core\.sshCommand
2025-06-06T18:50:17.3022340Z [command]/usr/bin/git submodule foreach --recursive sh -c "git config --local --name-only --get-regexp 'core\.sshCommand' && git config --local --unset-all 'core.sshCommand' || :"
2025-06-06T18:50:17.3330950Z [command]/usr/bin/git config --local --name-only --get-regexp http\.https\:\/\/github\.com\/\.extraheader
2025-06-06T18:50:17.3357485Z [command]/usr/bin/git submodule foreach --recursive sh -c "git config --local --name-only --get-regexp 'http\.https\:\/\/github\.com\/\.extraheader' && git config --local --unset-all 'http.https://github.com/.extraheader' || :"
2025-06-06T18:50:17.3578229Z [command]/usr/bin/git config --local http.https://github.com/.extraheader AUTHORIZATION: basic ***
2025-06-06T18:50:17.3611371Z ##[endgroup]
2025-06-06T18:50:17.3619432Z ##[group]Fetching the repository
2025-06-06T18:50:17.3620854Z [command]/usr/bin/git -c protocol.version=2 fetch --no-tags --prune --progress --no-recurse-submodules --depth=1 origin +dc1aade2b7d7cbc407667aebebfb7ebbe01570f5:refs/remotes/pull/63/merge
2025-06-06T18:50:17.8974927Z remote: Enumerating objects: 50, done.        
2025-06-06T18:50:17.8975723Z remote: Counting objects:   2% (1/50)        
2025-06-06T18:50:17.8976431Z remote: Counting objects:   4% (2/50)        
2025-06-06T18:50:17.8977070Z remote: Counting objects:   6% (3/50)        
2025-06-06T18:50:17.8977730Z remote: Counting objects:   8% (4/50)        
2025-06-06T18:50:17.8978383Z remote: Counting objects:  10% (5/50)        
2025-06-06T18:50:17.8979033Z remote: Counting objects:  12% (6/50)        
2025-06-06T18:50:17.8979676Z remote: Counting objects:  14% (7/50)        
2025-06-06T18:50:17.8980332Z remote: Counting objects:  16% (8/50)        
2025-06-06T18:50:17.8980979Z remote: Counting objects:  18% (9/50)        
2025-06-06T18:50:17.8981638Z remote: Counting objects:  20% (10/50)        
2025-06-06T18:50:17.8982200Z remote: Counting objects:  22% (11/50)        
2025-06-06T18:50:17.8982644Z remote: Counting objects:  24% (12/50)        
2025-06-06T18:50:17.8983068Z remote: Counting objects:  26% (13/50)        
2025-06-06T18:50:17.8983520Z remote: Counting objects:  28% (14/50)        
2025-06-06T18:50:17.8983931Z remote: Counting objects:  30% (15/50)        
2025-06-06T18:50:17.8984923Z remote: Counting objects:  32% (16/50)        
2025-06-06T18:50:17.8985337Z remote: Counting objects:  34% (17/50)        
2025-06-06T18:50:17.8985679Z remote: Counting objects:  36% (18/50)        
2025-06-06T18:50:17.8985993Z remote: Counting objects:  38% (19/50)        
2025-06-06T18:50:17.8986321Z remote: Counting objects:  40% (20/50)        
2025-06-06T18:50:17.8986645Z remote: Counting objects:  42% (21/50)        
2025-06-06T18:50:17.8986974Z remote: Counting objects:  44% (22/50)        
2025-06-06T18:50:17.8987296Z remote: Counting objects:  46% (23/50)        
2025-06-06T18:50:17.8987626Z remote: Counting objects:  48% (24/50)        
2025-06-06T18:50:17.8988026Z remote: Counting objects:  50% (25/50)        
2025-06-06T18:50:17.8988362Z remote: Counting objects:  52% (26/50)        
2025-06-06T18:50:17.8988699Z remote: Counting objects:  54% (27/50)        
2025-06-06T18:50:17.8989045Z remote: Counting objects:  56% (28/50)        
2025-06-06T18:50:17.8989469Z remote: Counting objects:  58% (29/50)        
2025-06-06T18:50:17.8989797Z remote: Counting objects:  60% (30/50)        
2025-06-06T18:50:17.8990112Z remote: Counting objects:  62% (31/50)        
2025-06-06T18:50:17.8990432Z remote: Counting objects:  64% (32/50)        
2025-06-06T18:50:17.8990748Z remote: Counting objects:  66% (33/50)        
2025-06-06T18:50:17.8991066Z remote: Counting objects:  68% (34/50)        
2025-06-06T18:50:17.8991376Z remote: Counting objects:  70% (35/50)        
2025-06-06T18:50:17.8991692Z remote: Counting objects:  72% (36/50)        
2025-06-06T18:50:17.8992008Z remote: Counting objects:  74% (37/50)        
2025-06-06T18:50:17.8992326Z remote: Counting objects:  76% (38/50)        
2025-06-06T18:50:17.8992642Z remote: Counting objects:  78% (39/50)        
2025-06-06T18:50:17.8992963Z remote: Counting objects:  80% (40/50)        
2025-06-06T18:50:17.8993283Z remote: Counting objects:  82% (41/50)        
2025-06-06T18:50:17.8993602Z remote: Counting objects:  84% (42/50)        
2025-06-06T18:50:17.8993917Z remote: Counting objects:  86% (43/50)        
2025-06-06T18:50:17.8994374Z remote: Counting objects:  88% (44/50)        
2025-06-06T18:50:17.8994695Z remote: Counting objects:  90% (45/50)        
2025-06-06T18:50:17.8995027Z remote: Counting objects:  92% (46/50)        
2025-06-06T18:50:17.8995338Z remote: Counting objects:  94% (47/50)        
2025-06-06T18:50:17.8995654Z remote: Counting objects:  96% (48/50)        
2025-06-06T18:50:17.8995965Z remote: Counting objects:  98% (49/50)        
2025-06-06T18:50:17.8996277Z remote: Counting objects: 100% (50/50)        
2025-06-06T18:50:17.8996608Z remote: Counting objects: 100% (50/50), done.        
2025-06-06T18:50:17.8997120Z remote: Compressing objects:   2% (1/42)        
2025-06-06T18:50:17.8997474Z remote: Compressing objects:   4% (2/42)        
2025-06-06T18:50:17.8997808Z remote: Compressing objects:   7% (3/42)        
2025-06-06T18:50:17.9181865Z remote: Compressing objects:   9% (4/42)        
2025-06-06T18:50:17.9182501Z remote: Compressing objects:  11% (5/42)        
2025-06-06T18:50:17.9182884Z remote: Compressing objects:  14% (6/42)        
2025-06-06T18:50:17.9183241Z remote: Compressing objects:  16% (7/42)        
2025-06-06T18:50:17.9183602Z remote: Compressing objects:  19% (8/42)        
2025-06-06T18:50:17.9183939Z remote: Compressing objects:  21% (9/42)        
2025-06-06T18:50:17.9184531Z remote: Compressing objects:  23% (10/42)        
2025-06-06T18:50:17.9184871Z remote: Compressing objects:  26% (11/42)        
2025-06-06T18:50:17.9185206Z remote: Compressing objects:  28% (12/42)        
2025-06-06T18:50:17.9185555Z remote: Compressing objects:  30% (13/42)        
2025-06-06T18:50:17.9186015Z remote: Compressing objects:  33% (14/42)        
2025-06-06T18:50:17.9186361Z remote: Compressing objects:  35% (15/42)        
2025-06-06T18:50:17.9186694Z remote: Compressing objects:  38% (16/42)        
2025-06-06T18:50:17.9187036Z remote: Compressing objects:  40% (17/42)        
2025-06-06T18:50:17.9187661Z remote: Compressing objects:  42% (18/42)        
2025-06-06T18:50:17.9187997Z remote: Compressing objects:  45% (19/42)        
2025-06-06T18:50:17.9188330Z remote: Compressing objects:  47% (20/42)        
2025-06-06T18:50:17.9188729Z remote: Compressing objects:  50% (21/42)        
2025-06-06T18:50:17.9189079Z remote: Compressing objects:  52% (22/42)        
2025-06-06T18:50:17.9189413Z remote: Compressing objects:  54% (23/42)        
2025-06-06T18:50:17.9189741Z remote: Compressing objects:  57% (24/42)        
2025-06-06T18:50:17.9190078Z remote: Compressing objects:  59% (25/42)        
2025-06-06T18:50:17.9190407Z remote: Compressing objects:  61% (26/42)        
2025-06-06T18:50:17.9192368Z remote: Compressing objects:  64% (27/42)        
2025-06-06T18:50:17.9194464Z remote: Compressing objects:  66% (28/42)        
2025-06-06T18:50:17.9195051Z remote: Compressing objects:  69% (29/42)        
2025-06-06T18:50:17.9195660Z remote: Compressing objects:  71% (30/42)        
2025-06-06T18:50:17.9196257Z remote: Compressing objects:  73% (31/42)        
2025-06-06T18:50:17.9196840Z remote: Compressing objects:  76% (32/42)        
2025-06-06T18:50:17.9197403Z remote: Compressing objects:  78% (33/42)        
2025-06-06T18:50:17.9197845Z remote: Compressing objects:  80% (34/42)        
2025-06-06T18:50:17.9198179Z remote: Compressing objects:  83% (35/42)        
2025-06-06T18:50:17.9198540Z remote: Compressing objects:  85% (36/42)        
2025-06-06T18:50:17.9198892Z remote: Compressing objects:  88% (37/42)        
2025-06-06T18:50:17.9199234Z remote: Compressing objects:  90% (38/42)        
2025-06-06T18:50:17.9199586Z remote: Compressing objects:  92% (39/42)        
2025-06-06T18:50:17.9199958Z remote: Compressing objects:  95% (40/42)        
2025-06-06T18:50:17.9200314Z remote: Compressing objects:  97% (41/42)        
2025-06-06T18:50:17.9200666Z remote: Compressing objects: 100% (42/42)        
2025-06-06T18:50:17.9201052Z remote: Compressing objects: 100% (42/42), done.        
2025-06-06T18:50:17.9747376Z remote: Total 50 (delta 6), reused 35 (delta 5), pack-reused 0 (from 0)        
2025-06-06T18:50:17.9830512Z From https://github.com/thefaftek-git/CA_Scanner
2025-06-06T18:50:17.9831461Z  * [new ref]         dc1aade2b7d7cbc407667aebebfb7ebbe01570f5 -> pull/63/merge
2025-06-06T18:50:17.9860295Z ##[endgroup]
2025-06-06T18:50:17.9861037Z ##[group]Determining the checkout info
2025-06-06T18:50:17.9863812Z ##[endgroup]
2025-06-06T18:50:17.9865132Z ##[group]Checking out the ref
2025-06-06T18:50:17.9869334Z [command]/usr/bin/git checkout --progress --force refs/remotes/pull/63/merge
2025-06-06T18:50:17.9956976Z Note: switching to 'refs/remotes/pull/63/merge'.
2025-06-06T18:50:17.9957498Z 
2025-06-06T18:50:17.9958181Z You are in 'detached HEAD' state. You can look around, make experimental
2025-06-06T18:50:17.9958850Z changes and commit them, and you can discard any commits you make in this
2025-06-06T18:50:17.9959397Z state without impacting any branches by switching back to a branch.
2025-06-06T18:50:17.9959720Z 
2025-06-06T18:50:17.9959954Z If you want to create a new branch to retain commits you create, you may
2025-06-06T18:50:17.9960447Z do so (now or later) by using -c with the switch command. Example:
2025-06-06T18:50:17.9960714Z 
2025-06-06T18:50:17.9960859Z   git switch -c <new-branch-name>
2025-06-06T18:50:17.9961057Z 
2025-06-06T18:50:17.9961189Z Or undo this operation with:
2025-06-06T18:50:17.9961364Z 
2025-06-06T18:50:17.9961469Z   git switch -
2025-06-06T18:50:17.9961611Z 
2025-06-06T18:50:17.9962008Z Turn off this advice by setting config variable advice.detachedHead to false
2025-06-06T18:50:17.9962607Z 
2025-06-06T18:50:17.9963352Z HEAD is now at dc1aade Merge ece384cfc85401628f5dd1e1a6cb77147cd1a860 into 543cafafc3cf7c1a6499c15361a2e2a3e3f9829b
2025-06-06T18:50:17.9967462Z ##[endgroup]
2025-06-06T18:50:18.0002999Z [command]/usr/bin/git log -1 --format='%H'
2025-06-06T18:50:18.0025032Z 'dc1aade2b7d7cbc407667aebebfb7ebbe01570f5'
2025-06-06T18:50:18.0233841Z ##[group]Run actions/setup-dotnet@v3
2025-06-06T18:50:18.0234572Z with:
2025-06-06T18:50:18.0234796Z   dotnet-version: 8.0.x
2025-06-06T18:50:18.0235039Z   cache: false
2025-06-06T18:50:18.0235265Z ##[endgroup]
2025-06-06T18:50:18.2208420Z [command]/home/runner/work/_actions/actions/setup-dotnet/v3/externals/install-dotnet.sh --channel 8.0
2025-06-06T18:50:18.4565158Z dotnet-install: Attempting to download using aka.ms link https://builds.dotnet.microsoft.com/dotnet/Sdk/8.0.410/dotnet-sdk-8.0.410-linux-x64.tar.gz
2025-06-06T18:50:19.4736980Z dotnet-install: Remote file https://builds.dotnet.microsoft.com/dotnet/Sdk/8.0.410/dotnet-sdk-8.0.410-linux-x64.tar.gz size is 216261108 bytes.
2025-06-06T18:50:19.4738880Z dotnet-install: Extracting archive from https://builds.dotnet.microsoft.com/dotnet/Sdk/8.0.410/dotnet-sdk-8.0.410-linux-x64.tar.gz
2025-06-06T18:50:24.0161021Z dotnet-install: Downloaded file size is 216261108 bytes.
2025-06-06T18:50:24.0161846Z dotnet-install: The remote and local file sizes are equal.
2025-06-06T18:50:24.2821176Z dotnet-install: Installed version is 8.0.410
2025-06-06T18:50:24.2883841Z dotnet-install: Adding to current process PATH: `/usr/share/dotnet`. Note: This change will be visible only when sourcing script.
2025-06-06T18:50:24.2886384Z dotnet-install: Note that the script does not resolve dependencies during installation.
2025-06-06T18:50:24.2888445Z dotnet-install: To check the list of dependencies, go to https://learn.microsoft.com/dotnet/core/install, select your operating system and check the "Dependencies" section.
2025-06-06T18:50:24.2889871Z dotnet-install: Installation finished successfully.
2025-06-06T18:50:24.3049554Z ##[group]Run dotnet --version && dotnet restore
2025-06-06T18:50:24.3049969Z [36;1mdotnet --version && dotnet restore[0m
2025-06-06T18:50:24.3122596Z shell: /usr/bin/bash -e {0}
2025-06-06T18:50:24.3122916Z env:
2025-06-06T18:50:24.3123124Z   DOTNET_ROOT: /usr/share/dotnet
2025-06-06T18:50:24.3123386Z ##[endgroup]
2025-06-06T18:50:24.4210504Z 8.0.410
2025-06-06T18:50:25.4952274Z   Determining projects to restore...
2025-06-06T18:50:32.5001566Z   Restored /home/runner/work/CA_Scanner/CA_Scanner/ConditionalAccessExporter/ConditionalAccessExporter.csproj (in 6.6 sec).
2025-06-06T18:50:32.5664755Z   Restored /home/runner/work/CA_Scanner/CA_Scanner/ConditionalAccessExporter.Tests/ConditionalAccessExporter.Tests.csproj (in 6.68 sec).
2025-06-06T18:50:32.6120660Z ##[group]Run dotnet --version && dotnet build --no-restore
2025-06-06T18:50:32.6121106Z [36;1mdotnet --version && dotnet build --no-restore[0m
2025-06-06T18:50:32.6172864Z shell: /usr/bin/bash -e {0}
2025-06-06T18:50:32.6173132Z env:
2025-06-06T18:50:32.6173324Z   DOTNET_ROOT: /usr/share/dotnet
2025-06-06T18:50:32.6173550Z ##[endgroup]
2025-06-06T18:50:32.7089077Z 8.0.410
2025-06-06T18:50:37.3729958Z ##[warning]/home/runner/work/CA_Scanner/CA_Scanner/ConditionalAccessExporter/Services/CrossFormatPolicyComparisonService.cs(86,42): warning CS1998: This async method lacks 'await' operators and will run synchronously. Consider using the 'await' operator to await non-blocking API calls, or 'await Task.Run(...)' to do CPU-bound work on a background thread. [/home/runner/work/CA_Scanner/CA_Scanner/ConditionalAccessExporter/ConditionalAccessExporter.csproj]
2025-06-06T18:50:37.3739965Z ##[warning]/home/runner/work/CA_Scanner/CA_Scanner/ConditionalAccessExporter/Services/TerraformParsingService.cs(291,46): warning CS8601: Possible null reference assignment. [/home/runner/work/CA_Scanner/CA_Scanner/ConditionalAccessExporter/ConditionalAccessExporter.csproj]
2025-06-06T18:50:37.3743750Z ##[warning]/home/runner/work/CA_Scanner/CA_Scanner/ConditionalAccessExporter/Program.cs(946,35): warning CS1998: This async method lacks 'await' operators and will run synchronously. Consider using the 'await' operator to await non-blocking API calls, or 'await Task.Run(...)' to do CPU-bound work on a background thread. [/home/runner/work/CA_Scanner/CA_Scanner/ConditionalAccessExporter/ConditionalAccessExporter.csproj]
2025-06-06T18:50:37.3748223Z ##[warning]/home/runner/work/CA_Scanner/CA_Scanner/ConditionalAccessExporter/Services/TerraformConversionService.cs(405,33): warning CS1998: This async method lacks 'await' operators and will run synchronously. Consider using the 'await' operator to await non-blocking API calls, or 'await Task.Run(...)' to do CPU-bound work on a background thread. [/home/runner/work/CA_Scanner/CA_Scanner/ConditionalAccessExporter/ConditionalAccessExporter.csproj]
2025-06-06T18:50:37.3752559Z ##[warning]/home/runner/work/CA_Scanner/CA_Scanner/ConditionalAccessExporter/Services/PolicyComparisonService.cs(79,31): warning CS8600: Converting null literal or possible null value to non-nullable type. [/home/runner/work/CA_Scanner/CA_Scanner/ConditionalAccessExporter/ConditionalAccessExporter.csproj]
2025-06-06T18:50:37.3756679Z ##[warning]/home/runner/work/CA_Scanner/CA_Scanner/ConditionalAccessExporter/Services/PolicyComparisonService.cs(280,46): warning CS1998: This async method lacks 'await' operators and will run synchronously. Consider using the 'await' operator to await non-blocking API calls, or 'await Task.Run(...)' to do CPU-bound work on a background thread. [/home/runner/work/CA_Scanner/CA_Scanner/ConditionalAccessExporter/ConditionalAccessExporter.csproj]
2025-06-06T18:50:37.5565493Z   ConditionalAccessExporter -> /home/runner/work/CA_Scanner/CA_Scanner/ConditionalAccessExporter/bin/Debug/net8.0/ConditionalAccessExporter.dll
2025-06-06T18:50:40.2021332Z ##[warning]/home/runner/work/CA_Scanner/CA_Scanner/ConditionalAccessExporter.Tests/CrossFormatPolicyComparisonServiceTests.cs(458,125): warning CS8625: Cannot convert null literal to non-nullable reference type. [/home/runner/work/CA_Scanner/CA_Scanner/ConditionalAccessExporter.Tests/ConditionalAccessExporter.Tests.csproj]
2025-06-06T18:50:40.2031431Z ##[warning]/home/runner/work/CA_Scanner/CA_Scanner/ConditionalAccessExporter.Tests/CrossFormatPolicyComparisonServiceTests.cs(495,139): warning CS8625: Cannot convert null literal to non-nullable reference type. [/home/runner/work/CA_Scanner/CA_Scanner/ConditionalAccessExporter.Tests/ConditionalAccessExporter.Tests.csproj]
2025-06-06T18:50:40.2038018Z ##[warning]/home/runner/work/CA_Scanner/CA_Scanner/ConditionalAccessExporter.Tests/ProgramTestHelper.cs(30,32): warning CS8600: Converting null literal or possible null value to non-nullable type. [/home/runner/work/CA_Scanner/CA_Scanner/ConditionalAccessExporter.Tests/ConditionalAccessExporter.Tests.csproj]
2025-06-06T18:50:40.2043156Z ##[warning]/home/runner/work/CA_Scanner/CA_Scanner/ConditionalAccessExporter.Tests/ProgramTestHelper.cs(30,32): warning CS8602: Dereference of a possibly null reference. [/home/runner/work/CA_Scanner/CA_Scanner/ConditionalAccessExporter.Tests/ConditionalAccessExporter.Tests.csproj]
2025-06-06T18:50:40.2048666Z ##[warning]/home/runner/work/CA_Scanner/CA_Scanner/ConditionalAccessExporter.Tests/ProgramTestHelper.cs(41,32): warning CS8600: Converting null literal or possible null value to non-nullable type. [/home/runner/work/CA_Scanner/CA_Scanner/ConditionalAccessExporter.Tests/ConditionalAccessExporter.Tests.csproj]
2025-06-06T18:50:40.2053894Z ##[warning]/home/runner/work/CA_Scanner/CA_Scanner/ConditionalAccessExporter.Tests/ProgramTestHelper.cs(41,32): warning CS8602: Dereference of a possibly null reference. [/home/runner/work/CA_Scanner/CA_Scanner/ConditionalAccessExporter.Tests/ConditionalAccessExporter.Tests.csproj]
2025-06-06T18:50:40.2059706Z ##[warning]/home/runner/work/CA_Scanner/CA_Scanner/ConditionalAccessExporter.Tests/ProgramTestHelper.cs(56,32): warning CS8600: Converting null literal or possible null value to non-nullable type. [/home/runner/work/CA_Scanner/CA_Scanner/ConditionalAccessExporter.Tests/ConditionalAccessExporter.Tests.csproj]
2025-06-06T18:50:40.2065276Z ##[warning]/home/runner/work/CA_Scanner/CA_Scanner/ConditionalAccessExporter.Tests/ProgramTestHelper.cs(56,32): warning CS8602: Dereference of a possibly null reference. [/home/runner/work/CA_Scanner/CA_Scanner/ConditionalAccessExporter.Tests/ConditionalAccessExporter.Tests.csproj]
2025-06-06T18:50:40.2071006Z ##[warning]/home/runner/work/CA_Scanner/CA_Scanner/ConditionalAccessExporter.Tests/ProgramTestHelper.cs(75,32): warning CS8600: Converting null literal or possible null value to non-nullable type. [/home/runner/work/CA_Scanner/CA_Scanner/ConditionalAccessExporter.Tests/ConditionalAccessExporter.Tests.csproj]
2025-06-06T18:50:40.2075405Z ##[warning]/home/runner/work/CA_Scanner/CA_Scanner/ConditionalAccessExporter.Tests/ProgramTestHelper.cs(75,32): warning CS8602: Dereference of a possibly null reference. [/home/runner/work/CA_Scanner/CA_Scanner/ConditionalAccessExporter.Tests/ConditionalAccessExporter.Tests.csproj]
2025-06-06T18:50:40.2078770Z ##[warning]/home/runner/work/CA_Scanner/CA_Scanner/ConditionalAccessExporter.Tests/ProgramTestHelper.cs(103,32): warning CS8600: Converting null literal or possible null value to non-nullable type. [/home/runner/work/CA_Scanner/CA_Scanner/ConditionalAccessExporter.Tests/ConditionalAccessExporter.Tests.csproj]
2025-06-06T18:50:40.2083047Z ##[warning]/home/runner/work/CA_Scanner/CA_Scanner/ConditionalAccessExporter.Tests/ProgramTestHelper.cs(103,32): warning CS8602: Dereference of a possibly null reference. [/home/runner/work/CA_Scanner/CA_Scanner/ConditionalAccessExporter.Tests/ConditionalAccessExporter.Tests.csproj]
2025-06-06T18:50:40.2088592Z ##[warning]/home/runner/work/CA_Scanner/CA_Scanner/ConditionalAccessExporter.Tests/ProgramTestHelper.cs(131,32): warning CS8600: Converting null literal or possible null value to non-nullable type. [/home/runner/work/CA_Scanner/CA_Scanner/ConditionalAccessExporter.Tests/ConditionalAccessExporter.Tests.csproj]
2025-06-06T18:50:40.2091867Z ##[warning]/home/runner/work/CA_Scanner/CA_Scanner/ConditionalAccessExporter.Tests/ProgramTestHelper.cs(131,32): warning CS8602: Dereference of a possibly null reference. [/home/runner/work/CA_Scanner/CA_Scanner/ConditionalAccessExporter.Tests/ConditionalAccessExporter.Tests.csproj]
2025-06-06T18:50:40.2095984Z ##[warning]/home/runner/work/CA_Scanner/CA_Scanner/ConditionalAccessExporter.Tests/ProgramTestHelper.cs(153,32): warning CS8600: Converting null literal or possible null value to non-nullable type. [/home/runner/work/CA_Scanner/CA_Scanner/ConditionalAccessExporter.Tests/ConditionalAccessExporter.Tests.csproj]
2025-06-06T18:50:40.2101330Z ##[warning]/home/runner/work/CA_Scanner/CA_Scanner/ConditionalAccessExporter.Tests/ProgramTestHelper.cs(153,32): warning CS8602: Dereference of a possibly null reference. [/home/runner/work/CA_Scanner/CA_Scanner/ConditionalAccessExporter.Tests/ConditionalAccessExporter.Tests.csproj]
2025-06-06T18:50:40.2106684Z ##[warning]/home/runner/work/CA_Scanner/CA_Scanner/ConditionalAccessExporter.Tests/ProgramTestHelper.cs(164,19): warning CS8600: Converting null literal or possible null value to non-nullable type. [/home/runner/work/CA_Scanner/CA_Scanner/ConditionalAccessExporter.Tests/ConditionalAccessExporter.Tests.csproj]
2025-06-06T18:50:40.2111740Z ##[warning]/home/runner/work/CA_Scanner/CA_Scanner/ConditionalAccessExporter.Tests/ProgramTestHelper.cs(164,19): warning CS8602: Dereference of a possibly null reference. [/home/runner/work/CA_Scanner/CA_Scanner/ConditionalAccessExporter.Tests/ConditionalAccessExporter.Tests.csproj]
2025-06-06T18:50:40.2117484Z ##[warning]/home/runner/work/CA_Scanner/CA_Scanner/ConditionalAccessExporter.Tests/CrossFormatPolicyComparisonServiceSpecificMethodTests.cs(272,13): warning CS8602: Dereference of a possibly null reference. [/home/runner/work/CA_Scanner/CA_Scanner/ConditionalAccessExporter.Tests/ConditionalAccessExporter.Tests.csproj]
2025-06-06T18:50:40.2123219Z ##[warning]/home/runner/work/CA_Scanner/CA_Scanner/ConditionalAccessExporter.Tests/CrossFormatPolicyComparisonServiceSpecificMethodTests.cs(472,13): warning CS8602: Dereference of a possibly null reference. [/home/runner/work/CA_Scanner/CA_Scanner/ConditionalAccessExporter.Tests/ConditionalAccessExporter.Tests.csproj]
2025-06-06T18:50:40.2128742Z ##[warning]/home/runner/work/CA_Scanner/CA_Scanner/ConditionalAccessExporter.Tests/CrossFormatPolicyComparisonServiceSpecificMethodTests.cs(472,13): warning CS8602: Dereference of a possibly null reference. [/home/runner/work/CA_Scanner/CA_Scanner/ConditionalAccessExporter.Tests/ConditionalAccessExporter.Tests.csproj]
2025-06-06T18:50:40.2135411Z ##[warning]/home/runner/work/CA_Scanner/CA_Scanner/ConditionalAccessExporter.Tests/CrossFormatPolicyComparisonServiceTests.cs(464,17): warning CS8602: Dereference of a possibly null reference. [/home/runner/work/CA_Scanner/CA_Scanner/ConditionalAccessExporter.Tests/ConditionalAccessExporter.Tests.csproj]
2025-06-06T18:50:40.2141213Z ##[warning]/home/runner/work/CA_Scanner/CA_Scanner/ConditionalAccessExporter.Tests/CrossFormatPolicyComparisonServiceTests.cs(464,17): warning CS8602: Dereference of a possibly null reference. [/home/runner/work/CA_Scanner/CA_Scanner/ConditionalAccessExporter.Tests/ConditionalAccessExporter.Tests.csproj]
2025-06-06T18:50:40.2148639Z ##[warning]/home/runner/work/CA_Scanner/CA_Scanner/ConditionalAccessExporter.Tests/TerraformParsingServiceTests.cs(453,36): warning CS8604: Possible null reference argument for parameter 'collection' in 'void Assert.Contains<string>(string expected, IEnumerable<string> collection)'. [/home/runner/work/CA_Scanner/CA_Scanner/ConditionalAccessExporter.Tests/ConditionalAccessExporter.Tests.csproj]
2025-06-06T18:50:40.2155965Z ##[warning]/home/runner/work/CA_Scanner/CA_Scanner/ConditionalAccessExporter.Tests/TerraformParsingServiceTests.cs(454,45): warning CS8604: Possible null reference argument for parameter 'collection' in 'void Assert.Contains<string>(string expected, IEnumerable<string> collection)'. [/home/runner/work/CA_Scanner/CA_Scanner/ConditionalAccessExporter.Tests/ConditionalAccessExporter.Tests.csproj]
2025-06-06T18:50:40.2163240Z ##[warning]/home/runner/work/CA_Scanner/CA_Scanner/ConditionalAccessExporter.Tests/TerraformParsingServiceTests.cs(457,36): warning CS8604: Possible null reference argument for parameter 'collection' in 'void Assert.Contains<string>(string expected, IEnumerable<string> collection)'. [/home/runner/work/CA_Scanner/CA_Scanner/ConditionalAccessExporter.Tests/ConditionalAccessExporter.Tests.csproj]
2025-06-06T18:50:40.2171409Z ##[warning]/home/runner/work/CA_Scanner/CA_Scanner/ConditionalAccessExporter.Tests/TerraformParsingServiceTests.cs(458,43): warning CS8604: Possible null reference argument for parameter 'collection' in 'void Assert.Contains<string>(string expected, IEnumerable<string> collection)'. [/home/runner/work/CA_Scanner/CA_Scanner/ConditionalAccessExporter.Tests/ConditionalAccessExporter.Tests.csproj]
2025-06-06T18:50:40.2179066Z ##[warning]/home/runner/work/CA_Scanner/CA_Scanner/ConditionalAccessExporter.Tests/TerraformParsingServiceTests.cs(463,36): warning CS8604: Possible null reference argument for parameter 'collection' in 'void Assert.Contains<string>(string expected, IEnumerable<string> collection)'. [/home/runner/work/CA_Scanner/CA_Scanner/ConditionalAccessExporter.Tests/ConditionalAccessExporter.Tests.csproj]
2025-06-06T18:50:40.2187201Z ##[warning]/home/runner/work/CA_Scanner/CA_Scanner/ConditionalAccessExporter.Tests/CrossFormatPolicyComparisonServiceSpecificMethodTests.cs(85,13): warning xUnit2012: Do not use Assert.True() to check if a value exists in a collection. Use Assert.Contains instead. (https://xunit.net/xunit.analyzers/rules/xUnit2012) [/home/runner/work/CA_Scanner/CA_Scanner/ConditionalAccessExporter.Tests/ConditionalAccessExporter.Tests.csproj]
2025-06-06T18:50:40.3973768Z   ConditionalAccessExporter.Tests -> /home/runner/work/CA_Scanner/CA_Scanner/ConditionalAccessExporter.Tests/bin/Debug/net8.0/ConditionalAccessExporter.Tests.dll
2025-06-06T18:50:40.4225768Z 
2025-06-06T18:50:40.4232422Z Build succeeded.
2025-06-06T18:50:40.4232976Z 
2025-06-06T18:50:40.4269609Z ##[warning]/home/runner/work/CA_Scanner/CA_Scanner/ConditionalAccessExporter/Services/CrossFormatPolicyComparisonService.cs(86,42): warning CS1998: This async method lacks 'await' operators and will run synchronously. Consider using the 'await' operator to await non-blocking API calls, or 'await Task.Run(...)' to do CPU-bound work on a background thread. [/home/runner/work/CA_Scanner/CA_Scanner/ConditionalAccessExporter/ConditionalAccessExporter.csproj]
2025-06-06T18:50:40.4276992Z ##[warning]/home/runner/work/CA_Scanner/CA_Scanner/ConditionalAccessExporter/Services/TerraformParsingService.cs(291,46): warning CS8601: Possible null reference assignment. [/home/runner/work/CA_Scanner/CA_Scanner/ConditionalAccessExporter/ConditionalAccessExporter.csproj]
2025-06-06T18:50:40.4284049Z ##[warning]/home/runner/work/CA_Scanner/CA_Scanner/ConditionalAccessExporter/Program.cs(946,35): warning CS1998: This async method lacks 'await' operators and will run synchronously. Consider using the 'await' operator to await non-blocking API calls, or 'await Task.Run(...)' to do CPU-bound work on a background thread. [/home/runner/work/CA_Scanner/CA_Scanner/ConditionalAccessExporter/ConditionalAccessExporter.csproj]
2025-06-06T18:50:40.4292334Z ##[warning]/home/runner/work/CA_Scanner/CA_Scanner/ConditionalAccessExporter/Services/TerraformConversionService.cs(405,33): warning CS1998: This async method lacks 'await' operators and will run synchronously. Consider using the 'await' operator to await non-blocking API calls, or 'await Task.Run(...)' to do CPU-bound work on a background thread. [/home/runner/work/CA_Scanner/CA_Scanner/ConditionalAccessExporter/ConditionalAccessExporter.csproj]
2025-06-06T18:50:40.4329491Z ##[warning]/home/runner/work/CA_Scanner/CA_Scanner/ConditionalAccessExporter/Services/PolicyComparisonService.cs(79,31): warning CS8600: Converting null literal or possible null value to non-nullable type. [/home/runner/work/CA_Scanner/CA_Scanner/ConditionalAccessExporter/ConditionalAccessExporter.csproj]
2025-06-06T18:50:40.4339804Z ##[warning]/home/runner/work/CA_Scanner/CA_Scanner/ConditionalAccessExporter/Services/PolicyComparisonService.cs(280,46): warning CS1998: This async method lacks 'await' operators and will run synchronously. Consider using the 'await' operator to await non-blocking API calls, or 'await Task.Run(...)' to do CPU-bound work on a background thread. [/home/runner/work/CA_Scanner/CA_Scanner/ConditionalAccessExporter/ConditionalAccessExporter.csproj]
2025-06-06T18:50:40.4346725Z ##[warning]/home/runner/work/CA_Scanner/CA_Scanner/ConditionalAccessExporter.Tests/CrossFormatPolicyComparisonServiceTests.cs(458,125): warning CS8625: Cannot convert null literal to non-nullable reference type. [/home/runner/work/CA_Scanner/CA_Scanner/ConditionalAccessExporter.Tests/ConditionalAccessExporter.Tests.csproj]
2025-06-06T18:50:40.4352525Z ##[warning]/home/runner/work/CA_Scanner/CA_Scanner/ConditionalAccessExporter.Tests/CrossFormatPolicyComparisonServiceTests.cs(495,139): warning CS8625: Cannot convert null literal to non-nullable reference type. [/home/runner/work/CA_Scanner/CA_Scanner/ConditionalAccessExporter.Tests/ConditionalAccessExporter.Tests.csproj]
2025-06-06T18:50:40.4358348Z ##[warning]/home/runner/work/CA_Scanner/CA_Scanner/ConditionalAccessExporter.Tests/ProgramTestHelper.cs(30,32): warning CS8600: Converting null literal or possible null value to non-nullable type. [/home/runner/work/CA_Scanner/CA_Scanner/ConditionalAccessExporter.Tests/ConditionalAccessExporter.Tests.csproj]
2025-06-06T18:50:40.4363622Z ##[warning]/home/runner/work/CA_Scanner/CA_Scanner/ConditionalAccessExporter.Tests/ProgramTestHelper.cs(30,32): warning CS8602: Dereference of a possibly null reference. [/home/runner/work/CA_Scanner/CA_Scanner/ConditionalAccessExporter.Tests/ConditionalAccessExporter.Tests.csproj]
2025-06-06T18:50:40.4369319Z ##[warning]/home/runner/work/CA_Scanner/CA_Scanner/ConditionalAccessExporter.Tests/ProgramTestHelper.cs(41,32): warning CS8600: Converting null literal or possible null value to non-nullable type. [/home/runner/work/CA_Scanner/CA_Scanner/ConditionalAccessExporter.Tests/ConditionalAccessExporter.Tests.csproj]
2025-06-06T18:50:40.4382035Z ##[warning]/home/runner/work/CA_Scanner/CA_Scanner/ConditionalAccessExporter.Tests/ProgramTestHelper.cs(41,32): warning CS8602: Dereference of a possibly null reference. [/home/runner/work/CA_Scanner/CA_Scanner/ConditionalAccessExporter.Tests/ConditionalAccessExporter.Tests.csproj]
2025-06-06T18:50:40.4387982Z ##[warning]/home/runner/work/CA_Scanner/CA_Scanner/ConditionalAccessExporter.Tests/ProgramTestHelper.cs(56,32): warning CS8600: Converting null literal or possible null value to non-nullable type. [/home/runner/work/CA_Scanner/CA_Scanner/ConditionalAccessExporter.Tests/ConditionalAccessExporter.Tests.csproj]
2025-06-06T18:50:40.4393066Z ##[warning]/home/runner/work/CA_Scanner/CA_Scanner/ConditionalAccessExporter.Tests/ProgramTestHelper.cs(56,32): warning CS8602: Dereference of a possibly null reference. [/home/runner/work/CA_Scanner/CA_Scanner/ConditionalAccessExporter.Tests/ConditionalAccessExporter.Tests.csproj]
2025-06-06T18:50:40.4398818Z ##[warning]/home/runner/work/CA_Scanner/CA_Scanner/ConditionalAccessExporter.Tests/ProgramTestHelper.cs(75,32): warning CS8600: Converting null literal or possible null value to non-nullable type. [/home/runner/work/CA_Scanner/CA_Scanner/ConditionalAccessExporter.Tests/ConditionalAccessExporter.Tests.csproj]
2025-06-06T18:50:40.4403902Z ##[warning]/home/runner/work/CA_Scanner/CA_Scanner/ConditionalAccessExporter.Tests/ProgramTestHelper.cs(75,32): warning CS8602: Dereference of a possibly null reference. [/home/runner/work/CA_Scanner/CA_Scanner/ConditionalAccessExporter.Tests/ConditionalAccessExporter.Tests.csproj]
2025-06-06T18:50:40.4409499Z ##[warning]/home/runner/work/CA_Scanner/CA_Scanner/ConditionalAccessExporter.Tests/ProgramTestHelper.cs(103,32): warning CS8600: Converting null literal or possible null value to non-nullable type. [/home/runner/work/CA_Scanner/CA_Scanner/ConditionalAccessExporter.Tests/ConditionalAccessExporter.Tests.csproj]
2025-06-06T18:50:40.4414760Z ##[warning]/home/runner/work/CA_Scanner/CA_Scanner/ConditionalAccessExporter.Tests/ProgramTestHelper.cs(103,32): warning CS8602: Dereference of a possibly null reference. [/home/runner/work/CA_Scanner/CA_Scanner/ConditionalAccessExporter.Tests/ConditionalAccessExporter.Tests.csproj]
2025-06-06T18:50:40.4420310Z ##[warning]/home/runner/work/CA_Scanner/CA_Scanner/ConditionalAccessExporter.Tests/ProgramTestHelper.cs(131,32): warning CS8600: Converting null literal or possible null value to non-nullable type. [/home/runner/work/CA_Scanner/CA_Scanner/ConditionalAccessExporter.Tests/ConditionalAccessExporter.Tests.csproj]
2025-06-06T18:50:40.4425636Z ##[warning]/home/runner/work/CA_Scanner/CA_Scanner/ConditionalAccessExporter.Tests/ProgramTestHelper.cs(131,32): warning CS8602: Dereference of a possibly null reference. [/home/runner/work/CA_Scanner/CA_Scanner/ConditionalAccessExporter.Tests/ConditionalAccessExporter.Tests.csproj]
2025-06-06T18:50:40.4430897Z ##[warning]/home/runner/work/CA_Scanner/CA_Scanner/ConditionalAccessExporter.Tests/ProgramTestHelper.cs(153,32): warning CS8600: Converting null literal or possible null value to non-nullable type. [/home/runner/work/CA_Scanner/CA_Scanner/ConditionalAccessExporter.Tests/ConditionalAccessExporter.Tests.csproj]
2025-06-06T18:50:40.4436451Z ##[warning]/home/runner/work/CA_Scanner/CA_Scanner/ConditionalAccessExporter.Tests/ProgramTestHelper.cs(153,32): warning CS8602: Dereference of a possibly null reference. [/home/runner/work/CA_Scanner/CA_Scanner/ConditionalAccessExporter.Tests/ConditionalAccessExporter.Tests.csproj]
2025-06-06T18:50:40.4441823Z ##[warning]/home/runner/work/CA_Scanner/CA_Scanner/ConditionalAccessExporter.Tests/ProgramTestHelper.cs(164,19): warning CS8600: Converting null literal or possible null value to non-nullable type. [/home/runner/work/CA_Scanner/CA_Scanner/ConditionalAccessExporter.Tests/ConditionalAccessExporter.Tests.csproj]
2025-06-06T18:50:40.4447068Z ##[warning]/home/runner/work/CA_Scanner/CA_Scanner/ConditionalAccessExporter.Tests/ProgramTestHelper.cs(164,19): warning CS8602: Dereference of a possibly null reference. [/home/runner/work/CA_Scanner/CA_Scanner/ConditionalAccessExporter.Tests/ConditionalAccessExporter.Tests.csproj]
2025-06-06T18:50:40.4455256Z ##[warning]/home/runner/work/CA_Scanner/CA_Scanner/ConditionalAccessExporter.Tests/CrossFormatPolicyComparisonServiceSpecificMethodTests.cs(272,13): warning CS8602: Dereference of a possibly null reference. [/home/runner/work/CA_Scanner/CA_Scanner/ConditionalAccessExporter.Tests/ConditionalAccessExporter.Tests.csproj]
2025-06-06T18:50:40.4461140Z ##[warning]/home/runner/work/CA_Scanner/CA_Scanner/ConditionalAccessExporter.Tests/CrossFormatPolicyComparisonServiceSpecificMethodTests.cs(472,13): warning CS8602: Dereference of a possibly null reference. [/home/runner/work/CA_Scanner/CA_Scanner/ConditionalAccessExporter.Tests/ConditionalAccessExporter.Tests.csproj]
2025-06-06T18:50:40.4466882Z ##[warning]/home/runner/work/CA_Scanner/CA_Scanner/ConditionalAccessExporter.Tests/CrossFormatPolicyComparisonServiceSpecificMethodTests.cs(472,13): warning CS8602: Dereference of a possibly null reference. [/home/runner/work/CA_Scanner/CA_Scanner/ConditionalAccessExporter.Tests/ConditionalAccessExporter.Tests.csproj]
2025-06-06T18:50:40.4472397Z ##[warning]/home/runner/work/CA_Scanner/CA_Scanner/ConditionalAccessExporter.Tests/CrossFormatPolicyComparisonServiceTests.cs(464,17): warning CS8602: Dereference of a possibly null reference. [/home/runner/work/CA_Scanner/CA_Scanner/ConditionalAccessExporter.Tests/ConditionalAccessExporter.Tests.csproj]
2025-06-06T18:50:40.4478078Z ##[warning]/home/runner/work/CA_Scanner/CA_Scanner/ConditionalAccessExporter.Tests/CrossFormatPolicyComparisonServiceTests.cs(464,17): warning CS8602: Dereference of a possibly null reference. [/home/runner/work/CA_Scanner/CA_Scanner/ConditionalAccessExporter.Tests/ConditionalAccessExporter.Tests.csproj]
2025-06-06T18:50:40.4485004Z ##[warning]/home/runner/work/CA_Scanner/CA_Scanner/ConditionalAccessExporter.Tests/TerraformParsingServiceTests.cs(453,36): warning CS8604: Possible null reference argument for parameter 'collection' in 'void Assert.Contains<string>(string expected, IEnumerable<string> collection)'. [/home/runner/work/CA_Scanner/CA_Scanner/ConditionalAccessExporter.Tests/ConditionalAccessExporter.Tests.csproj]
2025-06-06T18:50:40.4492578Z ##[warning]/home/runner/work/CA_Scanner/CA_Scanner/ConditionalAccessExporter.Tests/TerraformParsingServiceTests.cs(454,45): warning CS8604: Possible null reference argument for parameter 'collection' in 'void Assert.Contains<string>(string expected, IEnumerable<string> collection)'. [/home/runner/work/CA_Scanner/CA_Scanner/ConditionalAccessExporter.Tests/ConditionalAccessExporter.Tests.csproj]
2025-06-06T18:50:40.4499870Z ##[warning]/home/runner/work/CA_Scanner/CA_Scanner/ConditionalAccessExporter.Tests/TerraformParsingServiceTests.cs(457,36): warning CS8604: Possible null reference argument for parameter 'collection' in 'void Assert.Contains<string>(string expected, IEnumerable<string> collection)'. [/home/runner/work/CA_Scanner/CA_Scanner/ConditionalAccessExporter.Tests/ConditionalAccessExporter.Tests.csproj]
2025-06-06T18:50:40.4507124Z ##[warning]/home/runner/work/CA_Scanner/CA_Scanner/ConditionalAccessExporter.Tests/TerraformParsingServiceTests.cs(458,43): warning CS8604: Possible null reference argument for parameter 'collection' in 'void Assert.Contains<string>(string expected, IEnumerable<string> collection)'. [/home/runner/work/CA_Scanner/CA_Scanner/ConditionalAccessExporter.Tests/ConditionalAccessExporter.Tests.csproj]
2025-06-06T18:50:40.4514456Z ##[warning]/home/runner/work/CA_Scanner/CA_Scanner/ConditionalAccessExporter.Tests/TerraformParsingServiceTests.cs(463,36): warning CS8604: Possible null reference argument for parameter 'collection' in 'void Assert.Contains<string>(string expected, IEnumerable<string> collection)'. [/home/runner/work/CA_Scanner/CA_Scanner/ConditionalAccessExporter.Tests/ConditionalAccessExporter.Tests.csproj]
2025-06-06T18:50:40.4522375Z ##[warning]/home/runner/work/CA_Scanner/CA_Scanner/ConditionalAccessExporter.Tests/CrossFormatPolicyComparisonServiceSpecificMethodTests.cs(85,13): warning xUnit2012: Do not use Assert.True() to check if a value exists in a collection. Use Assert.Contains instead. (https://xunit.net/xunit.analyzers/rules/xUnit2012) [/home/runner/work/CA_Scanner/CA_Scanner/ConditionalAccessExporter.Tests/ConditionalAccessExporter.Tests.csproj]
2025-06-06T18:50:40.4526456Z     35 Warning(s)
2025-06-06T18:50:40.4526803Z     0 Error(s)
2025-06-06T18:50:40.4527003Z 
2025-06-06T18:50:40.4527189Z Time Elapsed 00:00:07.51
2025-06-06T18:50:40.4624819Z ##[group]Run dotnet --version && dotnet test --no-build --verbosity normal --collect:"XPlat Code Coverage" --logger "console;verbosity=detailed" --nologo
2025-06-06T18:50:40.4626513Z [36;1mdotnet --version && dotnet test --no-build --verbosity normal --collect:"XPlat Code Coverage" --logger "console;verbosity=detailed" --nologo[0m
2025-06-06T18:50:40.4701853Z shell: /usr/bin/bash -e {0}
2025-06-06T18:50:40.4702279Z env:
2025-06-06T18:50:40.4702591Z   DOTNET_ROOT: /usr/share/dotnet
2025-06-06T18:50:40.4703583Z   AZURE_TENANT_ID: ***
2025-06-06T18:50:40.4704057Z   AZURE_CLIENT_ID: ***
2025-06-06T18:50:40.4704897Z   AZURE_CLIENT_SECRET: ***
2025-06-06T18:50:40.4705338Z ##[endgroup]
2025-06-06T18:50:40.5673791Z 8.0.410
2025-06-06T18:50:40.9483692Z Build started 06/06/2025 18:50:40.
2025-06-06T18:50:41.1704894Z      1>Project "/home/runner/work/CA_Scanner/CA_Scanner/ConditionalAccessExporter.sln" on node 1 (VSTest target(s)).
2025-06-06T18:50:41.1707260Z      1>ValidateSolutionConfiguration:
2025-06-06T18:50:41.1707792Z          Building solution configuration "Debug|Any CPU".
2025-06-06T18:50:41.7043957Z Test run for /home/runner/work/CA_Scanner/CA_Scanner/ConditionalAccessExporter.Tests/bin/Debug/net8.0/ConditionalAccessExporter.Tests.dll (.NETCoreApp,Version=v8.0)
2025-06-06T18:50:41.8806001Z A total of 1 test files matched the specified pattern.
2025-06-06T18:50:41.8807698Z /home/runner/work/CA_Scanner/CA_Scanner/ConditionalAccessExporter.Tests/bin/Debug/net8.0/ConditionalAccessExporter.Tests.dll
2025-06-06T18:50:43.3751586Z [xUnit.net 00:00:00.00] xUnit.net VSTest Adapter v2.5.3.1+6b60a9e56a (64-bit .NET 8.0.16)
2025-06-06T18:50:43.5908915Z [xUnit.net 00:00:00.22]   Discovering: ConditionalAccessExporter.Tests
2025-06-06T18:50:43.6490041Z [xUnit.net 00:00:00.28]   Discovered:  ConditionalAccessExporter.Tests
2025-06-06T18:50:43.6513793Z [xUnit.net 00:00:00.29]   Starting:    ConditionalAccessExporter.Tests
2025-06-06T18:50:43.7421941Z Starting comparison with reference directory: /tmp/test-ref-empty
2025-06-06T18:50:43.7425014Z Starting cross-format comparison between '/tmp/CrossFormatTests_73106b19/source' and '/tmp/CrossFormatTests_73106b19/reference'
2025-06-06T18:50:43.7506808Z Found 1 policies in Entra export
2025-06-06T18:50:43.7510372Z Found 0 reference policy files
2025-06-06T18:50:43.7869787Z Cross-format comparison report generated: /tmp/test-reports/cross-format-comparison-20250606-185043.json
2025-06-06T18:50:43.7913801Z Starting comparison with reference directory: /tmp/test-ref-id-nomatch
2025-06-06T18:50:43.7916214Z Found 1 policies in Entra export
2025-06-06T18:50:43.8122205Z Found 1 reference policy files
2025-06-06T18:50:43.8279564Z Starting cross-format comparison between '/tmp/CrossFormatIntegrationTests_5913ff6b/source' and '/tmp/CrossFormatIntegrationTests_5913ff6b/reference'
2025-06-06T18:50:43.8391864Z   Passed ConditionalAccessExporter.Tests.CrossFormatComparisonTests.CrossFormatMatchingOptions_DefaultValues_ShouldBeCorrect [14 ms]
2025-06-06T18:50:43.8395505Z   Passed ConditionalAccessExporter.Tests.PolicyComparisonServiceTests.CompareAsync_EntraOnlyPolicy_ShouldReportAsEntraOnly [65 ms]
2025-06-06T18:50:43.8445496Z Found 1 source policies (Json) and 1 reference policies (Terraform)
2025-06-06T18:50:43.8845909Z Starting comparison with reference directory: /tmp/test-ref-case-insensitive
2025-06-06T18:50:43.8860921Z Found 1 policies in Entra export
2025-06-06T18:50:43.9013166Z Starting cross-format comparison between '/tmp/test-source' and '/tmp/test-reference'
2025-06-06T18:50:43.9035482Z Found 1 source policies (Json) and 1 reference policies (Terraform)
2025-06-06T18:50:43.9054564Z   Passed ConditionalAccessExporter.Tests.PolicyComparisonServiceTests.CompareAsync_MatchingById_DifferentIds_ShouldNotMatch [62 ms]
2025-06-06T18:50:43.9057295Z   Passed ConditionalAccessExporter.Tests.TerraformParsingServiceTests.ParseTerraformFileAsync_ValidTfFileWithSinglePolicy_ShouldParseSuccessfully [60 ms]
2025-06-06T18:50:43.9059744Z   Passed ConditionalAccessExporter.Tests.CrossFormatComparisonTests.CrossFormatReportGeneration_ShouldCreateValidJsonReport [109 ms]
2025-06-06T18:50:43.9062124Z   Passed ConditionalAccessExporter.Tests.CrossFormatPolicyComparisonServiceSpecificMethodTests.CompareJsonToTerraformAsync_EmptyEntraExport_ShouldReturnEmptyResult [154 ms]
2025-06-06T18:50:43.9065732Z   Passed ConditionalAccessExporter.Tests.CrossFormatPolicyComparisonServiceTests.ComparePoliciesAsync_SemanticallyEquivalentPolicies_ShouldReturnSemanticallyEquivalentStatus [154 ms]
2025-06-06T18:50:43.9380877Z Starting cross-format comparison between '/tmp/CrossFormatTests_14f1ac40/source' and '/tmp/CrossFormatTests_14f1ac40/reference'
2025-06-06T18:50:43.9384408Z Found 1 reference policy files
2025-06-06T18:50:43.9970665Z   Passed ConditionalAccessExporter.Tests.TerraformConversionServiceTests.ConvertToGraphJsonAsync_LocationsConditions_ShouldMapCorrectly [164 ms]
2025-06-06T18:50:43.9983336Z   Passed ConditionalAccessExporter.Tests.TerraformConversionServiceTests.ConvertToGraphJsonAsync_VariableResolution_ShouldResolveCorrectly [14 ms]
2025-06-06T18:50:43.9985639Z   Passed ConditionalAccessExporter.Tests.TerraformConversionServiceTests.ConvertToGraphJsonAsync_GrantControls_ShouldMapCorrectly [21 ms]
2025-06-06T18:50:43.9988050Z   Passed ConditionalAccessExporter.Tests.TerraformConversionServiceTests.ConvertToGraphJsonAsync_SingleFullyPopulatedPolicy_ShouldConvertSuccessfully [22 ms]
2025-06-06T18:50:43.9990614Z   Passed ConditionalAccessExporter.Tests.TerraformConversionServiceTests.ConvertToGraphJsonAsync_DifferentStates_ShouldMapCorrectly(terraformState: "enabled", expectedState: "enabled") [1 ms]
2025-06-06T18:50:43.9993338Z   Passed ConditionalAccessExporter.Tests.TerraformConversionServiceTests.ConvertToGraphJsonAsync_DifferentStates_ShouldMapCorrectly(terraformState: "invalid", expectedState: "disabled") [< 1 ms]
2025-06-06T18:50:43.9996725Z   Passed ConditionalAccessExporter.Tests.TerraformConversionServiceTests.ConvertToGraphJsonAsync_DifferentStates_ShouldMapCorrectly(terraformState: "enabledForReportingButNotEnforced", expectedState: "enabledForReportingButNotEnforced") [< 1 ms]
2025-06-06T18:50:43.9999975Z   Passed ConditionalAccessExporter.Tests.TerraformConversionServiceTests.ConvertToGraphJsonAsync_DifferentStates_ShouldMapCorrectly(terraformState: null, expectedState: "disabled") [< 1 ms]
2025-06-06T18:50:44.0002811Z   Passed ConditionalAccessExporter.Tests.TerraformConversionServiceTests.ConvertToGraphJsonAsync_DifferentStates_ShouldMapCorrectly(terraformState: "disabled", expectedState: "disabled") [< 1 ms]
2025-06-06T18:50:44.0308563Z Found 1 source policies (Json) and 0 reference policies (Mixed)
2025-06-06T18:50:44.0370546Z   Passed ConditionalAccessExporter.Tests.TerraformConversionServiceTests.ConvertToGraphJsonAsync_EmptyPoliciesList_ShouldReturnEmptyList [2 ms]
2025-06-06T18:50:44.0374075Z   Passed ConditionalAccessExporter.Tests.TerraformConversionServiceTests.ConvertToGraphJsonAsync_PolicyConversionFailure_ShouldContinueWithOthers [< 1 ms]
2025-06-06T18:50:44.0376552Z   Passed ConditionalAccessExporter.Tests.TerraformConversionServiceTests.ConvertToGraphJsonAsync_UnresolvedVariables_ShouldGenerateWarnings [< 1 ms]
2025-06-06T18:50:44.0378669Z   Passed ConditionalAccessExporter.Tests.TerraformConversionServiceTests.ConvertToGraphJsonAsync_NullNestedObjects_ShouldHandleGracefully [1 ms]
2025-06-06T18:50:44.0380777Z   Passed ConditionalAccessExporter.Tests.TerraformConversionServiceTests.ConvertToGraphJsonAsync_UsersConditions_ShouldMapCorrectly [12 ms]
2025-06-06T18:50:44.0382832Z   Passed ConditionalAccessExporter.Tests.TerraformConversionServiceTests.ConvertToGraphJsonAsync_DataSourceReferences_ShouldGenerateWarnings [< 1 ms]
2025-06-06T18:50:44.0385176Z   Passed ConditionalAccessExporter.Tests.TerraformConversionServiceTests.ConvertToGraphJsonAsync_ClientApplicationsConditions_ShouldMapCorrectly [7 ms]
2025-06-06T18:50:44.0388006Z   Passed ConditionalAccessExporter.Tests.TerraformParsingServiceTests.ParseTerraformFileAsync_TfFileWithUnsupportedResources_ShouldIgnoreOtherResources [184 ms]
2025-06-06T18:50:44.0546806Z   Passed ConditionalAccessExporter.Tests.CrossFormatPolicyComparisonServiceSpecificMethodTests.CompareJsonToTerraformAsync_ArrayOrderDifference_ShouldDetectSemanticEquivalence [175 ms]
2025-06-06T18:50:44.0559104Z   Passed ConditionalAccessExporter.Tests.PolicyComparisonServiceTests.CompareAsync_CaseSensitiveFalse_DifferentCase_ShouldMatch [189 ms]
2025-06-06T18:50:44.0561393Z   Passed ConditionalAccessExporter.Tests.TerraformConversionServiceTests.ConvertToGraphJsonAsync_PlatformsConditions_ShouldMapCorrectly [14 ms]
2025-06-06T18:50:44.0564031Z   Passed ConditionalAccessExporter.Tests.TerraformConversionServiceTests.ConvertToGraphJsonAsync_ApplicationsConditions_ShouldMapCorrectly [14 ms]
2025-06-06T18:50:44.0566847Z   Passed ConditionalAccessExporter.Tests.CrossFormatComparisonTests.CrossFormatComparison_WithSampleData_ShouldProduceValidResults [191 ms]
2025-06-06T18:50:44.0569188Z   Passed ConditionalAccessExporter.Tests.TerraformConversionServiceTests.ConvertToGraphJsonAsync_LocalResolution_ShouldResolveCorrectly [2 ms]
2025-06-06T18:50:44.0571284Z   Passed ConditionalAccessExporter.Tests.TerraformConversionServiceTests.ConvertToGraphJsonAsync_MultiplePolicies_ShouldConvertAll [1 ms]
2025-06-06T18:50:44.0852885Z Starting comparison with reference directory: /tmp/test-ref-mixed
2025-06-06T18:50:44.0861892Z Found 3 policies in Entra export
2025-06-06T18:50:44.0895817Z Starting cross-format comparison between '/tmp/CrossFormatTests_0b31f171/source' and '/tmp/CrossFormatTests_0b31f171/reference'
2025-06-06T18:50:44.0948383Z Found 1 source policies (Json) and 1 reference policies (Terraform)
2025-06-06T18:50:44.0949817Z Found 3 reference policy files
2025-06-06T18:50:44.2218263Z   Passed ConditionalAccessExporter.Tests.TerraformConversionServiceTests.ConvertToGraphJsonAsync_SessionControls_ShouldMapCorrectly [17 ms]
2025-06-06T18:50:44.2222859Z   Passed ConditionalAccessExporter.Tests.TerraformConversionServiceTests.ConvertToGraphJsonAsync_ClientAppTypes_ShouldMapCorrectly [4 ms]
2025-06-06T18:50:44.2225030Z   Passed ConditionalAccessExporter.Tests.TerraformConversionServiceTests.ConvertToGraphJsonAsync_SpecialValues_ShouldMapCorrectly [3 ms]
2025-06-06T18:50:44.2226958Z   Passed ConditionalAccessExporter.Tests.TerraformConversionServiceTests.ConvertToGraphJsonAsync_RiskLevels_ShouldMapCorrectly [6 ms]
2025-06-06T18:50:44.2228856Z   Passed ConditionalAccessExporter.Tests.CrossFormatPolicyComparisonServiceTests.ComparePoliciesAsync_SourceOnlyPolicy_ShouldReturnSourceOnlyStatus [165 ms]
2025-06-06T18:50:44.2230926Z   Passed ConditionalAccessExporter.Tests.TerraformConversionServiceTests.ConvertToGraphJsonAsync_GeneralStructure_ShouldBeCorrect [6 ms]
2025-06-06T18:50:44.2232980Z   Passed ConditionalAccessExporter.Tests.TerraformConversionServiceTests.ConvertToGraphJsonAsync_MinimalRequiredFields_ShouldConvertWithDefaults [2 ms]
2025-06-06T18:50:44.2235785Z   Passed ConditionalAccessExporter.Tests.CrossFormatPolicyComparisonServiceSpecificMethodTests.CompareJsonToTerraformAsync_DifferentPolicies_ShouldReturnDifferentStatus [187 ms]
2025-06-06T18:50:44.3338028Z Starting cross-format comparison between '/tmp/CrossFormatTests_945a874b/source' and '/tmp/CrossFormatTests_945a874b/reference'
2025-06-06T18:50:44.3343139Z Starting comparison with reference directory: /tmp/test-ref-different
2025-06-06T18:50:44.3345466Z Found 1 policies in Entra export
2025-06-06T18:50:44.3349623Z Found 1 reference policy files
2025-06-06T18:50:44.3891501Z   Passed ConditionalAccessExporter.Tests.TerraformParsingServiceTests.ParseTerraformFileAsync_TfFileWithLocalsOnly_ShouldParseLocals [182 ms]
2025-06-06T18:50:44.3894325Z   Passed ConditionalAccessExporter.Tests.TerraformParsingServiceTests.ParseTerraformFileAsync_FileDoesNotExist_ShouldReturnError [< 1 ms]
2025-06-06T18:50:44.3897725Z   Passed ConditionalAccessExporter.Tests.JsonToTerraformServiceTests.ConvertJsonToTerraformAsync_WithDifferentStates_ShouldIncludeStateCorrectly(inputState: "disabled", expectedOutputState: "disabled") [412 ms]
2025-06-06T18:50:44.3907223Z   Passed ConditionalAccessExporter.Tests.CrossFormatPolicyComparisonServiceTests.ComparePoliciesAsync_DifferentPolicies_ShouldReturnDifferentStatus [241 ms]
2025-06-06T18:50:44.3909440Z   Passed ConditionalAccessExporter.Tests.PolicyComparisonServiceTests.CompareAsync_MultipleDifferenceTypes_ShouldReportCorrectly [250 ms]
2025-06-06T18:50:44.3911917Z   Passed ConditionalAccessExporter.Tests.CrossFormatPolicyComparisonServiceSpecificMethodTests.CompareJsonToTerraformAsync_CaseInsensitiveValues_ShouldDetectSemanticEquivalence [169 ms]
2025-06-06T18:50:44.3973009Z Found 1 source policies (Json) and 1 reference policies (Terraform)
2025-06-06T18:50:44.5311253Z Starting cross-format comparison between '/tmp/CrossFormatTests_ffa67c45/source' and '/tmp/CrossFormatTests_ffa67c45/reference'
2025-06-06T18:50:44.5312581Z Starting comparison with reference directory: /tmp/test-ref-custom-mapping
2025-06-06T18:50:44.5313268Z Found 1 policies in Entra export
2025-06-06T18:50:44.5314820Z   Passed ConditionalAccessExporter.Tests.TerraformParsingServiceTests.ParseTerraformFileAsync_TfFileWithVariablesOnly_ShouldParseVariables [167 ms]
2025-06-06T18:50:44.5316924Z   Passed ConditionalAccessExporter.Tests.TerraformParsingServiceTests.ParseTerraformFileAsync_EmptyFile_ShouldReturnEmptyPolicies [6 ms]
2025-06-06T18:50:44.5323323Z   Passed ConditionalAccessExporter.Tests.JsonToTerraformServiceTests.ConvertJsonToTerraformAsync_WithDifferentStates_ShouldIncludeStateCorrectly(inputState: "enabled", expectedOutputState: "enabled") [253 ms]
2025-06-06T18:50:44.5325803Z   Passed ConditionalAccessExporter.Tests.PolicyComparisonServiceTests.CompareAsync_DifferentPolicies_ShouldReportAsDifferent [191 ms]
2025-06-06T18:50:44.5327773Z   Passed ConditionalAccessExporter.Tests.CrossFormatPolicyComparisonServiceTests.ComparePoliciesAsync_ByNameCaseSensitive_ShouldRespectCaseSensitivity [164 ms]
2025-06-06T18:50:44.5329138Z Found 1 reference policy files
2025-06-06T18:50:44.5329731Z Found 1 source policies (Json) and 1 reference policies (Terraform)
2025-06-06T18:50:44.6314658Z Starting cross-format comparison between '/tmp/CrossFormatSpecificTests_7524337e/nonexistent_source' and '/tmp/CrossFormatSpecificTests_7524337e/terraform_policies'
2025-06-06T18:50:44.6325300Z Found 0 source policies (Unknown) and 1 reference policies (Terraform)
2025-06-06T18:50:44.6881652Z Starting comparison with reference directory: /tmp/test-timestamp
2025-06-06T18:50:44.6915234Z Found 0 policies in Entra export
2025-06-06T18:50:44.6926482Z Found 0 reference policy files
2025-06-06T18:50:44.6927912Z Starting cross-format comparison between '/tmp/CrossFormatTests_0c63db70/nonexistent-source' and '/tmp/CrossFormatTests_0c63db70/reference'
2025-06-06T18:50:44.6929455Z Found 0 source policies (Unknown) and 0 reference policies (Mixed)
2025-06-06T18:50:44.6930470Z Starting comparison with reference directory: dummy-path
2025-06-06T18:50:44.6931316Z Found 2 policies in Entra export
2025-06-06T18:50:44.6932061Z Warning: Reference directory 'dummy-path' does not exist
2025-06-06T18:50:44.6932793Z Found 0 reference policy files
2025-06-06T18:50:44.6934860Z   Passed ConditionalAccessExporter.Tests.CrossFormatPolicyComparisonServiceSpecificMethodTests.CompareJsonToTerraformAsync_ValidEntraExportAndTerraformDirectory_ShouldReturnComparisonResult [144 ms]
2025-06-06T18:50:44.6937827Z   Passed ConditionalAccessExporter.Tests.TerraformParsingServiceTests.ParseTerraformDirectoryAsync_DirectoryWithMixedFileTypes_ShouldOnlyProcessTerraformFiles [173 ms]
2025-06-06T18:50:44.6940050Z   Passed ConditionalAccessExporter.Tests.PolicyComparisonServiceTests.CompareAsync_CustomMapping_ShouldMapCorrectly [156 ms]
2025-06-06T18:50:44.6941867Z   Passed ConditionalAccessExporter.Tests.PolicyComparisonServiceTests.CompareAsync_ShouldSetComparedAtTimestamp [1 ms]
2025-06-06T18:50:44.6948543Z   Passed ConditionalAccessExporter.Tests.CrossFormatPolicyComparisonServiceTests.ComparePoliciesAsync_IdenticalPolicies_ShouldReturnIdenticalStatus [156 ms]
2025-06-06T18:50:44.6951162Z   Passed ConditionalAccessExporter.Tests.TerraformParsingServiceTests.ParseTerraformDirectoryAsync_DirectoryWithMultipleTfFiles_ShouldAggregateAll [110 ms]
2025-06-06T18:50:44.6952763Z Starting comparison with reference directory: /tmp/test-ref-identical
2025-06-06T18:50:44.6953414Z Found 1 policies in Entra export
2025-06-06T18:50:44.6953848Z Found 1 reference policy files
2025-06-06T18:50:44.6955052Z Starting cross-format comparison between '/tmp/CrossFormatTests_2b39d632/source' and '/tmp/CrossFormatTests_2b39d632/reference'
2025-06-06T18:50:44.7074910Z   Passed ConditionalAccessExporter.Tests.TerraformParsingServiceTests.ParseTerraformDirectoryAsync_DirectoryDoesNotExist_ShouldReturnError [< 1 ms]
2025-06-06T18:50:44.7077165Z   Passed ConditionalAccessExporter.Tests.CrossFormatPolicyComparisonServiceTests.ComparePoliciesAsync_NonExistentSourceDirectory_ShouldHandleGracefully [1 ms]
2025-06-06T18:50:44.7079173Z   Passed ConditionalAccessExporter.Tests.PolicyComparisonServiceTests.ParseEntraExport_ValidJObject_ShouldParseCorrectly [4 ms]
2025-06-06T18:50:44.7080798Z   Passed ConditionalAccessExporter.Tests.CrossFormatPolicyComparisonServiceSpecificMethodTests.CompareAsync_NonExistentSourceDirectory_ShouldHandleGracefully [155 ms]
2025-06-06T18:50:44.7082456Z   Passed ConditionalAccessExporter.Tests.JsonToTerraformServiceTests.ConvertJsonToTerraformAsync_WithDifferentStates_ShouldIncludeStateCorrectly(inputState: "enabledForReportingButNotEnforced", expectedOutputState: "enabledforreportingbutnotenforced") [215 ms]
2025-06-06T18:50:44.7142253Z Found 1 source policies (Terraform) and 1 reference policies (Json)
2025-06-06T18:50:44.7459878Z Terraform parsing error: Directory not found: /tmp/CrossFormatSpecificTests_3d732b70/nonexistent
2025-06-06T18:50:44.7512641Z Starting comparison with reference directory: /tmp/test-ref-empty-reference
2025-06-06T18:50:44.7513424Z Found 1 policies in Entra export
2025-06-06T18:50:44.7521941Z Found 0 reference policy files
2025-06-06T18:50:44.7548389Z   Passed ConditionalAccessExporter.Tests.TerraformParsingServiceTests.ParseTerraformFileAsync_TfFileWithSyntaxErrors_ShouldHandleGracefully [45 ms]
2025-06-06T18:50:44.7551287Z   Passed ConditionalAccessExporter.Tests.CrossFormatPolicyComparisonServiceSpecificMethodTests.CompareJsonToTerraformAsync_DisableSemanticComparison_ShouldPerformExactComparison [50 ms]
2025-06-06T18:50:44.7554663Z   Passed ConditionalAccessExporter.Tests.CrossFormatPolicyComparisonServiceSpecificMethodTests.CompareJsonToTerraformAsync_NonExistentTerraformDirectory_ShouldHandleGracefully [1 ms]
2025-06-06T18:50:44.7557584Z   Passed ConditionalAccessExporter.Tests.CrossFormatPolicyComparisonServiceTests.ComparePoliciesAsync_TerraformToJson_ShouldDetectFormatsCorrectly [57 ms]
2025-06-06T18:50:44.7559694Z   Passed ConditionalAccessExporter.Tests.PolicyComparisonServiceTests.CompareAsync_IdenticalPolicies_ShouldReportAsIdentical [51 ms]
2025-06-06T18:50:44.7561900Z   Passed ConditionalAccessExporter.Tests.PolicyComparisonServiceTests.CompareAsync_EmptyReferenceDirectory_ShouldReportAllAsEntraOnly [1 ms]
2025-06-06T18:50:44.7564412Z Starting cross-format comparison between '/tmp/CrossFormatTests_cca1cd75/source' and '/tmp/CrossFormatTests_cca1cd75/reference'
2025-06-06T18:50:44.7606045Z Starting comparison with reference directory: /tmp/test-ref-id-match
2025-06-06T18:50:44.7610030Z Found 1 policies in Entra export
2025-06-06T18:50:44.7614700Z Found 1 reference policy files
2025-06-06T18:50:44.7682568Z Found 1 source policies (Json) and 1 reference policies (Terraform)
2025-06-06T18:50:44.7790960Z Starting cross-format comparison between '/tmp/CrossFormatSpecificTests_1935b7dd/json_policies' and '/tmp/CrossFormatSpecificTests_1935b7dd/terraform_policies'
2025-06-06T18:50:44.7829955Z Found 1 source policies (Json) and 1 reference policies (Terraform)
2025-06-06T18:50:44.8755670Z Starting cross-format comparison between '/tmp/CrossFormatTests_c4b4ce52/source' and '/tmp/CrossFormatTests_c4b4ce52/reference'
2025-06-06T18:50:44.8790230Z Found 1 source policies (Json) and 1 reference policies (Terraform)
2025-06-06T18:50:44.9259390Z   Passed ConditionalAccessExporter.Tests.TerraformParsingServiceTests.ParseTerraformFileAsync_TfStateWithMultipleInstances_ShouldParseAll [38 ms]
2025-06-06T18:50:44.9264596Z   Passed ConditionalAccessExporter.Tests.CrossFormatPolicyComparisonServiceSpecificMethodTests.CompareJsonToTerraformAsync_IdenticalPolicies_ShouldReturnIdenticalStatus [38 ms]
2025-06-06T18:50:44.9269406Z   Passed ConditionalAccessExporter.Tests.CrossFormatPolicyComparisonServiceTests.ComparePoliciesAsync_JsonToTerraform_ShouldDetectFormatsCorrectly [88 ms]
2025-06-06T18:50:44.9271511Z   Passed ConditionalAccessExporter.Tests.PolicyComparisonServiceTests.CompareAsync_MatchingById_SameId_ShouldMatch [134 ms]
2025-06-06T18:50:44.9273536Z   Passed ConditionalAccessExporter.Tests.TerraformParsingServiceTests.ParseTerraformFileAsync_ValidTfStateBackupFile_ShouldParseSuccessfully [153 ms]
2025-06-06T18:50:44.9279125Z   Passed ConditionalAccessExporter.Tests.TerraformParsingServiceTests.ParseTerraformDirectoryAsync_EmptyDirectory_ShouldReturnEmptyResults [1 ms]
2025-06-06T18:50:44.9760566Z Starting comparison with reference directory: /tmp/test-ref-name-match
2025-06-06T18:50:44.9777302Z Found 1 policies in Entra export
2025-06-06T18:50:44.9782337Z Found 1 reference policy files
2025-06-06T18:50:44.9898148Z Found 50 source policies (Json) and 50 reference policies (Terraform)
2025-06-06T18:50:45.0206024Z Starting cross-format comparison between '/tmp/CrossFormatIntegrationTests_9f6d5f41/source' and '/tmp/CrossFormatIntegrationTests_9f6d5f41/reference'
2025-06-06T18:50:45.0231769Z Starting cross-format comparison between '/tmp/CrossFormatTests_2d29edb0/source' and '/tmp/CrossFormatTests_2d29edb0/reference'
2025-06-06T18:50:45.0241731Z Warning: Failed to load JSON file '/tmp/CrossFormatTests_2d29edb0/source/malformed.json': Invalid character after parsing property name. Expected ':' but got: j. Path '', line 1, position 10.
2025-06-06T18:50:45.0256172Z Found 1 source policies (Json) and 0 reference policies (Mixed)
2025-06-06T18:50:45.0270422Z   Passed ConditionalAccessExporter.Tests.JsonToTerraformServiceTests.ConvertJsonToTerraformAsync_WithUserConditions_ShouldMapCorrectly [280 ms]
2025-06-06T18:50:45.0272878Z   Passed ConditionalAccessExporter.Tests.CrossFormatPolicyComparisonServiceSpecificMethodTests.CompareAsync_ValidDirectories_ShouldReturnComparisonResult [194 ms]
2025-06-06T18:50:45.0275692Z   Passed ConditionalAccessExporter.Tests.CrossFormatPolicyComparisonServiceTests.ComparePoliciesAsync_CustomMapping_ShouldUseCustomMappings [141 ms]
2025-06-06T18:50:45.0278110Z   Passed ConditionalAccessExporter.Tests.CrossFormatPolicyComparisonServiceIntegrationTests.CompareLargeNumberOfPolicies_ShouldPerformWithinReasonableTime [1 s]
2025-06-06T18:50:45.0280314Z   Passed ConditionalAccessExporter.Tests.PolicyComparisonServiceTests.CompareAsync_MatchingByName_SameName_ShouldMatch [140 ms]
2025-06-06T18:50:45.0828174Z Starting comparison with reference directory: /tmp/test-ref-only
2025-06-06T18:50:45.0830703Z Found 0 policies in Entra export
2025-06-06T18:50:45.0858674Z Starting cross-format comparison between '/tmp/CrossFormatSpecificTests_bdfe464f/json_policies' and '/tmp/CrossFormatSpecificTests_bdfe464f/terraform_policies'
2025-06-06T18:50:45.0868817Z Found 1 reference policy files
2025-06-06T18:50:45.0882868Z Starting cross-format comparison between '/tmp/CrossFormatTests_658fe404/source' and '/tmp/CrossFormatTests_658fe404/reference'
2025-06-06T18:50:45.0897177Z Found 2 source policies (Json) and 2 reference policies (Terraform)
2025-06-06T18:50:45.0912031Z Found 1 source policies (Json) and 1 reference policies (Terraform)
2025-06-06T18:50:45.0917429Z Starting cross-format comparison between '/tmp/CrossFormatSpecificTests_bdfe464f/json_policies' and '/tmp/CrossFormatSpecificTests_bdfe464f/terraform_policies'
2025-06-06T18:50:45.0938637Z Found 0 source policies (Mixed) and 1 reference policies (Terraform)
2025-06-06T18:50:45.0966003Z Starting cross-format comparison between '/tmp/CrossFormatIntegrationTests_28c43a8f/source' and '/tmp/CrossFormatIntegrationTests_28c43a8f/reference'
2025-06-06T18:50:45.0988717Z Found 1 source policies (Json) and 1 reference policies (Terraform)
2025-06-06T18:50:45.1011652Z Starting cross-format comparison between '/tmp/CrossFormatSpecificTests_bdfe464f/json_policies' and '/tmp/CrossFormatSpecificTests_bdfe464f/terraform_policies'
2025-06-06T18:50:45.1026473Z   Passed ConditionalAccessExporter.Tests.TerraformParsingServiceTests.ParseTerraformDirectoryAsync_DirectoryWithValidAndInvalidFiles_ShouldParseValidOnesAndReportErrors [101 ms]
2025-06-06T18:50:45.1033520Z   Passed ConditionalAccessExporter.Tests.CrossFormatPolicyComparisonServiceSpecificMethodTests.CompareJsonToTerraformAsync_CustomMappingStrategy_ShouldUseCustomMappings [107 ms]
2025-06-06T18:50:45.1044081Z   Passed ConditionalAccessExporter.Tests.CrossFormatPolicyComparisonServiceSpecificMethodTests.CompareJsonToTerraformAsync_EmptyTerraformDirectory_ShouldReturnSourceOnlyPolicies [1 ms]
2025-06-06T18:50:45.1046873Z   Passed ConditionalAccessExporter.Tests.JsonToTerraformServiceTests.ConvertJsonToTerraformAsync_WithMultiplePolicies_ShouldGenerateMultipleResources [112 ms]
2025-06-06T18:50:45.1049168Z   Passed ConditionalAccessExporter.Tests.CrossFormatPolicyComparisonServiceTests.ComparePoliciesAsync_MalformedJsonFile_ShouldSkipAndContinue [113 ms]
2025-06-06T18:50:45.1051515Z   Passed ConditionalAccessExporter.Tests.CrossFormatPolicyComparisonServiceIntegrationTests.CompareWithCustomMappings_ComplexScenario_ShouldFollowMappings [90 ms]
2025-06-06T18:50:45.1053277Z Found 1 source policies (Json) and 1 reference policies (Terraform)
2025-06-06T18:50:45.1062696Z Starting cross-format comparison between '/tmp/CrossFormatSpecificTests_bdfe464f/json_policies' and '/tmp/CrossFormatSpecificTests_bdfe464f/terraform_policies'
2025-06-06T18:50:45.1078019Z Found 4 source policies (Json) and 4 reference policies (Terraform)
2025-06-06T18:50:45.1081232Z Found 1 source policies (Json) and 1 reference policies (Terraform)
2025-06-06T18:50:45.1349346Z Starting comparison with reference directory: /tmp/test-ref-malformed
2025-06-06T18:50:45.1350059Z Found 1 policies in Entra export
2025-06-06T18:50:45.1362604Z Warning: Failed to load reference file '/tmp/test-ref-malformed/incomplete.json': Unexpected character encountered while parsing value: i. Path 'name', line 1, position 10.
2025-06-06T18:50:45.1366378Z Warning: Failed to load reference file '/tmp/test-ref-malformed/malformed.json': Invalid character after parsing property name. Expected ':' but got: j. Path '', line 1, position 10.
2025-06-06T18:50:45.1367109Z Found 1 reference policy files
2025-06-06T18:50:45.1388114Z   Passed ConditionalAccessExporter.Tests.TerraformParsingServiceTests.ParseTerraformFileAsync_ValidTfFileWithMultiplePolicies_ShouldParseAll [70 ms]
2025-06-06T18:50:45.1390491Z   Passed ConditionalAccessExporter.Tests.PolicyComparisonServiceTests.CompareAsync_ReferenceOnlyPolicy_ShouldReportAsReferenceOnly [74 ms]
2025-06-06T18:50:45.1392584Z   Passed ConditionalAccessExporter.Tests.JsonToTerraformServiceTests.ConvertJsonToTerraformAsync_WithEmptyPoliciesList_ShouldReturnError [16 ms]
2025-06-06T18:50:45.1395306Z   Passed ConditionalAccessExporter.Tests.CrossFormatPolicyComparisonServiceSpecificMethodTests.CompareAsync_DifferentMatchingStrategies_ShouldHandleProperly [27 ms]
2025-06-06T18:50:45.1398012Z   Passed ConditionalAccessExporter.Tests.CrossFormatPolicyComparisonServiceTests.ComparePoliciesAsync_ReferenceOnlyPolicy_ShouldReturnReferenceOnlyStatus [47 ms]
2025-06-06T18:50:45.1798355Z Starting cross-format comparison between '/tmp/CrossFormatTests_0f7e1c1b/source' and '/tmp/CrossFormatTests_0f7e1c1b/reference'
2025-06-06T18:50:45.1832988Z Found 1 source policies (Json) and 1 reference policies (Terraform)
2025-06-06T18:50:45.2244598Z Starting comparison with reference directory: /tmp/test-ref-both-empty
2025-06-06T18:50:45.2250100Z Found 0 policies in Entra export
2025-06-06T18:50:45.2250595Z Found 0 reference policy files
2025-06-06T18:50:45.2257042Z Starting cross-format comparison between '/tmp/CrossFormatIntegrationTests_21eb9737/source' and '/tmp/CrossFormatIntegrationTests_21eb9737/reference'
2025-06-06T18:50:45.2284824Z Found 1 source policies (Json) and 1 reference policies (Terraform)
2025-06-06T18:50:45.2300564Z Starting comparison with reference directory: /tmp/test-ref-case-sensitive
2025-06-06T18:50:45.2321053Z Found 1 policies in Entra export
2025-06-06T18:50:45.2329634Z Found 1 reference policy files
2025-06-06T18:50:45.2365758Z Starting cross-format comparison between '/tmp/CrossFormatTests_8ca509ee/source' and '/tmp/CrossFormatTests_8ca509ee/nonexistent-reference'
2025-06-06T18:50:45.2367558Z Found 0 source policies (Mixed) and 0 reference policies (Unknown)
2025-06-06T18:50:45.2396902Z   Passed ConditionalAccessExporter.Tests.CrossFormatPolicyComparisonServiceIntegrationTests.CompareMixedFormats_MultiplePolicies_ShouldHandleAllCombinations [87 ms]
2025-06-06T18:50:45.2400537Z   Passed ConditionalAccessExporter.Tests.TerraformParsingServiceTests.ParseTerraformFileAsync_FullyPopulatedPolicy_ShouldMapAllAttributes [125 ms]
2025-06-06T18:50:45.2402596Z   Passed ConditionalAccessExporter.Tests.PolicyComparisonServiceTests.CompareAsync_ReferenceDirectoryWithMalformedJson_ShouldSkipMalformedFiles [124 ms]
2025-06-06T18:50:45.2404693Z   Passed ConditionalAccessExporter.Tests.PolicyComparisonServiceTests.CompareAsync_BothEmpty_ShouldReturnEmptyResult [1 ms]
2025-06-06T18:50:45.2406642Z   Passed ConditionalAccessExporter.Tests.CrossFormatPolicyComparisonServiceTests.ComparePoliciesAsync_ByNameCaseInsensitive_ShouldIgnoreCase [98 ms]
2025-06-06T18:50:45.2408913Z   Passed ConditionalAccessExporter.Tests.CrossFormatPolicyComparisonServiceTests.ComparePoliciesAsync_NonExistentReferenceDirectory_ShouldHandleGracefully [1 ms]
2025-06-06T18:50:45.2411193Z   Passed ConditionalAccessExporter.Tests.JsonToTerraformServiceTests.ConvertJsonToTerraformAsync_WithApplicationConditions_ShouldMapCorrectly [136 ms]
2025-06-06T18:50:45.2881718Z Starting cross-format comparison between '/tmp/CrossFormatIntegrationTests_0ebcc097/source' and '/tmp/CrossFormatIntegrationTests_0ebcc097/reference'
2025-06-06T18:50:45.2906757Z Found 1 source policies (Json) and 1 reference policies (Terraform)
2025-06-06T18:50:45.3334571Z Starting comparison with reference directory: dummy-path
2025-06-06T18:50:45.3340771Z Starting comparison with reference directory: /tmp/test-ref-custom-mapping-missing
2025-06-06T18:50:45.3342576Z Found 1 policies in Entra export
2025-06-06T18:50:45.3344834Z Found 0 reference policy files
2025-06-06T18:50:45.3350830Z Starting comparison with reference directory: dummy-path
2025-06-06T18:50:45.3365182Z Starting comparison with reference directory: dummy-path
2025-06-06T18:50:45.3370289Z Found 0 policies in Entra export
2025-06-06T18:50:45.3375463Z Warning: Reference directory 'dummy-path' does not exist
2025-06-06T18:50:45.3378931Z Found 0 reference policy files
2025-06-06T18:50:45.3392856Z Starting comparison with reference directory: dummy-path
2025-06-06T18:50:45.3398236Z Found 1 policies in Entra export
2025-06-06T18:50:45.3400906Z Warning: Reference directory 'dummy-path' does not exist
2025-06-06T18:50:45.3407670Z   Passed ConditionalAccessExporter.Tests.TerraformParsingServiceTests.ParseTerraformFileAsync_TfFileWithVariableInterpolations_ShouldParseCorrectly [58 ms]
2025-06-06T18:50:45.3409969Z   Passed ConditionalAccessExporter.Tests.CrossFormatPolicyComparisonServiceIntegrationTests.CompareWithMixedFileTypes_ShouldIgnoreNonPolicyFiles [103 ms]
2025-06-06T18:50:45.3412095Z   Passed ConditionalAccessExporter.Tests.PolicyComparisonServiceTests.CompareAsync_CaseSensitiveTrue_DifferentCase_ShouldNotMatch [103 ms]
2025-06-06T18:50:45.3413941Z   Passed ConditionalAccessExporter.Tests.PolicyComparisonServiceTests.ParseEntraExport_InvalidJsonString_ShouldThrowException [5 ms]
2025-06-06T18:50:45.3416373Z   Passed ConditionalAccessExporter.Tests.PolicyComparisonServiceTests.CompareAsync_CustomMapping_NonExistentReference_ShouldReportAsEntraOnly [1 ms]
2025-06-06T18:50:45.3418382Z   Passed ConditionalAccessExporter.Tests.PolicyComparisonServiceTests.ParseEntraExport_NullInput_ShouldThrowException [1 ms]
2025-06-06T18:50:45.3419466Z Found 0 reference policy files
2025-06-06T18:50:45.3420044Z Starting comparison with reference directory: /tmp/test-ref-dir
2025-06-06T18:50:45.3420609Z Found 0 policies in Entra export
2025-06-06T18:50:45.3425387Z Found 0 reference policy files
2025-06-06T18:50:45.3711794Z Starting comparison with reference directory: /tmp/test-ref-mixed-files
2025-06-06T18:50:45.3714992Z Found 1 policies in Entra export
2025-06-06T18:50:45.3720766Z Found 1 reference policy files
2025-06-06T18:50:45.3779587Z   Passed ConditionalAccessExporter.Tests.PolicyComparisonServiceTests.ParseEntraExport_EmptyPoliciesArray_ShouldHandleGracefully [2 ms]
2025-06-06T18:50:45.3781472Z   Passed ConditionalAccessExporter.Tests.PolicyComparisonServiceTests.ParseEntraExport_MissingTenantId_ShouldUseEmptyString [1 ms]
2025-06-06T18:50:45.3783218Z   Passed ConditionalAccessExporter.Tests.PolicyComparisonServiceTests.CompareAsync_ShouldSetReferenceDirectoryCorrectly [1 ms]
2025-06-06T18:50:45.3785304Z   Passed ConditionalAccessExporter.Tests.JsonToTerraformServiceTests.ConvertJsonToTerraformAsync_WithIncludeComments_ShouldGenerateAppropriateContent(includeComments: True) [131 ms]
2025-06-06T18:50:45.3786555Z   Passed ConditionalAccessExporter.Tests.TerraformParsingServiceTests.ParseTerraformFileAsync_TfFileWithComments_ShouldIgnoreComments [92 ms]
2025-06-06T18:50:45.3787799Z   Passed ConditionalAccessExporter.Tests.CrossFormatPolicyComparisonServiceIntegrationTests.CompareComplexPolicies_MultipleConditionsAndControls_ShouldAnalyzeCorrectly [90 ms]
2025-06-06T18:50:45.3789104Z Starting cross-format comparison between '/tmp/CrossFormatIntegrationTests_6b387bbb/source' and '/tmp/CrossFormatIntegrationTests_6b387bbb/reference'
2025-06-06T18:50:45.3789851Z Found 0 source policies (Mixed) and 0 reference policies (Mixed)
2025-06-06T18:50:45.3803750Z Starting cross-format comparison between '/tmp/CrossFormatIntegrationTests_a125dc00/source' and '/tmp/CrossFormatIntegrationTests_a125dc00/reference'
2025-06-06T18:50:45.3823434Z Found 1 source policies (Json) and 1 reference policies (Terraform)
2025-06-06T18:50:45.4400507Z Starting comparison with reference directory: dummy-path
2025-06-06T18:50:45.4435392Z Found 0 policies in Entra export
2025-06-06T18:50:45.4436114Z Warning: Reference directory 'dummy-path' does not exist
2025-06-06T18:50:45.4436742Z Found 0 reference policy files
2025-06-06T18:50:45.4812330Z Starting comparison with reference directory: /tmp/test-ref-complex
2025-06-06T18:50:45.4813132Z Found 1 policies in Entra export
2025-06-06T18:50:45.4821106Z Found 1 reference policy files
2025-06-06T18:50:45.4943453Z   Passed ConditionalAccessExporter.Tests.CrossFormatPolicyComparisonServiceIntegrationTests.CompareWithEmptyDirectories_ShouldHandleGracefully [1 ms]
2025-06-06T18:50:45.4966191Z   Passed ConditionalAccessExporter.Tests.PolicyComparisonServiceTests.CompareAsync_ReferenceDirectoryWithNonJsonFiles_ShouldIgnoreNonJsonFiles [96 ms]
2025-06-06T18:50:45.4968652Z   Passed ConditionalAccessExporter.Tests.JsonToTerraformServiceTests.ConvertJsonToTerraformAsync_WithIncludeComments_ShouldGenerateAppropriateContent(includeComments: False) [73 ms]
2025-06-06T18:50:45.4971158Z   Passed ConditionalAccessExporter.Tests.PolicyComparisonServiceTests.ParseEntraExport_MissingPoliciesProperty_ShouldHandleGracefully [2 ms]
2025-06-06T18:50:45.4973157Z   Passed ConditionalAccessExporter.Tests.TerraformParsingServiceTests.ParseTerraformFileAsync_ValidTfStateFile_ShouldParseSuccessfully [74 ms]
2025-06-06T18:50:45.4975869Z   Passed ConditionalAccessExporter.Tests.CrossFormatPolicyComparisonServiceIntegrationTests.CompareWithDifferentNamingConventions_ShouldDetectSimilarPolicies [72 ms]
2025-06-06T18:50:45.4978698Z   Passed ConditionalAccessExporter.Tests.TerraformParsingServiceTests.ParseTerraformFileAsync_PolicyWithMissingRequiredAttributes_ShouldHandleGracefully [40 ms]
2025-06-06T18:50:45.5292564Z Starting comparison with reference directory: dummy-path
2025-06-06T18:50:45.5293406Z Found 1 policies in Entra export
2025-06-06T18:50:45.5294448Z Warning: Reference directory 'dummy-path' does not exist
2025-06-06T18:50:45.5297310Z Found 0 reference policy files
2025-06-06T18:50:45.5780000Z Starting comparison with reference directory: /tmp/test-ref-empty-entra
2025-06-06T18:50:45.5781152Z Found 0 policies in Entra export
2025-06-06T18:50:45.5782051Z Found 1 reference policy files
2025-06-06T18:50:45.5891146Z Starting comparison with reference directory: /tmp/non-existent-directory
2025-06-06T18:50:45.5891692Z Found 1 policies in Entra export
2025-06-06T18:50:45.5892319Z Warning: Reference directory '/tmp/non-existent-directory' does not exist
2025-06-06T18:50:45.5893038Z Found 0 reference policy files
2025-06-06T18:50:45.5902789Z   Passed ConditionalAccessExporter.Tests.JsonToTerraformServiceTests.ConvertJsonToTerraformAsync_WithNullConditions_ShouldHandleGracefully [49 ms]
2025-06-06T18:50:45.5904431Z   Passed ConditionalAccessExporter.Tests.PolicyComparisonServiceTests.CompareAsync_ComplexNestedDifferences_ShouldDetectCorrectly [85 ms]
2025-06-06T18:50:45.5905553Z   Passed ConditionalAccessExporter.Tests.PolicyComparisonServiceTests.ParseEntraExport_ValidJsonString_ShouldParseCorrectly [1 ms]
2025-06-06T18:50:45.5906597Z   Passed ConditionalAccessExporter.Tests.TerraformParsingServiceTests.ParseTerraformFileAsync_UnknownFileExtension_ShouldAttemptHclParsing [50 ms]
2025-06-06T18:50:45.5907755Z   Passed ConditionalAccessExporter.Tests.JsonToTerraformServiceTests.ConvertJsonToTerraformAsync_WithGenerateProvider_ShouldCreateProviderFile [51 ms]
2025-06-06T18:50:45.5908923Z   Passed ConditionalAccessExporter.Tests.TerraformParsingServiceTests.ParseTerraformDirectoryAsync_DirectoryWithSubdirectories_ShouldParseRecursively [41 ms]
2025-06-06T18:50:45.5910038Z   Passed ConditionalAccessExporter.Tests.PolicyComparisonServiceTests.CompareAsync_EmptyEntraExport_ShouldReportAllAsReferenceOnly [59 ms]
2025-06-06T18:50:45.6240706Z Markdown cross-format comparison report generated: /tmp/CrossFormatReportGenerationTests/fbde1e1b-7070-43cf-90a7-f2412a6bbd7a/cross-format-comparison-20250606-185045.md
2025-06-06T18:50:45.6273417Z   Passed ConditionalAccessExporter.Tests.PolicyComparisonServiceTests.CompareAsync_NonExistentReferenceDirectory_ShouldHandleGracefully [1 ms]
2025-06-06T18:50:45.6275270Z   Passed ConditionalAccessExporter.Tests.TerraformParsingServiceTests.ParseTerraformFileAsync_TfStateWithNoResources_ShouldReturnEmpty [11 ms]
2025-06-06T18:50:45.6276502Z   Passed ConditionalAccessExporter.Tests.JsonToTerraformServiceTests.ConvertJsonToTerraformAsync_WithSpecialCharactersInDisplayName_ShouldSanitizeResourceName [54 ms]
2025-06-06T18:50:45.6277743Z   Passed ConditionalAccessExporter.Tests.JsonToTerraformServiceTests.ConvertJsonToTerraformAsync_WithMinimalPolicy_ShouldGenerateCorrectHCL [2 ms]
2025-06-06T18:50:45.6278850Z   Passed ConditionalAccessExporter.Tests.JsonToTerraformServiceTests.ConvertJsonToTerraformAsync_WithSessionControls_ShouldMapCorrectly [9 ms]
2025-06-06T18:50:45.6279945Z   Passed ConditionalAccessExporter.Tests.JsonToTerraformServiceTests.ConvertJsonToTerraformAsync_WithInvalidJson_ShouldHandleErrorGracefully [1 ms]
2025-06-06T18:50:45.6281035Z   Passed ConditionalAccessExporter.Tests.JsonToTerraformServiceTests.ConvertJsonToTerraformAsync_WithGrantControls_ShouldMapCorrectly [6 ms]
2025-06-06T18:50:45.6282136Z   Passed ConditionalAccessExporter.Tests.JsonToTerraformServiceTests.ConvertJsonToTerraformAsync_WithGenerateVariables_ShouldCreateVariablesFile [2 ms]
2025-06-06T18:50:45.6283239Z   Passed ConditionalAccessExporter.Tests.CrossFormatReportGenerationServiceTests.GenerateMarkdownReport_ValidatesMarkdownSyntax [5 ms]
2025-06-06T18:50:45.6373556Z Cross-format comparison report generated: /tmp/CrossFormatReportGenerationTests/20dfb795-4165-401a-a26e-22efd7fc102b/cross-format-comparison-20250606-185045.json
2025-06-06T18:50:45.6396185Z HTML cross-format comparison report generated: /tmp/CrossFormatReportGenerationTests/20dfb795-4165-401a-a26e-22efd7fc102b/cross-format-comparison-20250606-185045.html
2025-06-06T18:50:45.6400883Z Markdown cross-format comparison report generated: /tmp/CrossFormatReportGenerationTests/20dfb795-4165-401a-a26e-22efd7fc102b/cross-format-comparison-20250606-185045.md
2025-06-06T18:50:45.6412948Z CSV cross-format comparison report generated: /tmp/CrossFormatReportGenerationTests/20dfb795-4165-401a-a26e-22efd7fc102b/cross-format-comparison-20250606-185045.csv
2025-06-06T18:50:45.6448422Z Cross-format comparison report generated: /tmp/CrossFormatReportGenerationTests/9a1e5d9b-3b10-4925-8b07-24520b0240e4/cross-format-comparison-20250606-185045.json
2025-06-06T18:50:45.6494102Z Cross-format comparison report generated: /tmp/CrossFormatReportGenerationTests/908004c0-aa57-4fff-9b79-794e0c8ede1b/cross-format-comparison-20250606-185045.json
2025-06-06T18:50:45.6682704Z HTML cross-format comparison report generated: /tmp/CrossFormatReportGenerationTests/7d2b7fb1-71f4-430d-ad8a-4cf794413c78/cross-format-comparison-20250606-185045.html
2025-06-06T18:50:45.6702698Z CSV cross-format comparison report generated: /tmp/CrossFormatReportGenerationTests/3758248e-cda3-4b91-a944-c7738f26ba28/cross-format-comparison-20250606-185045.csv
2025-06-06T18:50:45.6717068Z Cross-format comparison report generated: /tmp/CrossFormatReportGenerationTests/975f9118-4dce-4913-829b-73ca0b498fcd/cross-format-comparison-20250606-185045.json
2025-06-06T18:50:45.6721420Z HTML cross-format comparison report generated: /tmp/CrossFormatReportGenerationTests/975f9118-4dce-4913-829b-73ca0b498fcd/cross-format-comparison-20250606-185045.html
2025-06-06T18:50:45.6726364Z Markdown cross-format comparison report generated: /tmp/CrossFormatReportGenerationTests/975f9118-4dce-4913-829b-73ca0b498fcd/cross-format-comparison-20250606-185045.md
2025-06-06T18:50:45.6727738Z CSV cross-format comparison report generated: /tmp/CrossFormatReportGenerationTests/975f9118-4dce-4913-829b-73ca0b498fcd/cross-format-comparison-20250606-185045.csv
2025-06-06T18:50:45.6739186Z HTML cross-format comparison report generated: /tmp/CrossFormatReportGenerationTests/21327fd0-f417-4ecd-85dd-9522ca0bb499/cross-format-comparison-20250606-185045.html
2025-06-06T18:50:45.6759885Z Cross-format comparison report generated: /tmp/CrossFormatReportGenerationTests/ca599b99-c2d8-4fb7-9d2f-1baea71cd834/cross-format-comparison-20250606-185045.json
2025-06-06T18:50:45.6772440Z CSV cross-format comparison report generated: /tmp/CrossFormatReportGenerationTests/cb7063d5-0a52-4a59-9879-8ac87caa67ee/cross-format-comparison-20250606-185045.csv
2025-06-06T18:50:45.6805258Z HTML cross-format comparison report generated: /tmp/CrossFormatReportGenerationTests/63d0891f-bfa3-4a1d-88bb-72c80b117863/cross-format-comparison-20250606-185045.html
2025-06-06T18:50:45.6812110Z   Passed ConditionalAccessExporter.Tests.CrossFormatReportGenerationServiceTests.GenerateReports_AllFormats_ShouldContainSameDataAccuracy [18 ms]
2025-06-06T18:50:45.6814407Z   Passed ConditionalAccessExporter.Tests.CrossFormatReportGenerationServiceTests.GenerateJsonReport_WithEmptyResult_ShouldCreateValidJsonFile [4 ms]
2025-06-06T18:50:45.6816419Z   Passed ConditionalAccessExporter.Tests.CrossFormatReportGenerationServiceTests.GenerateReport_WithDefaultFormat_ShouldCreateJsonReport [18 ms]
2025-06-06T18:50:45.6818492Z   Passed ConditionalAccessExporter.Tests.CrossFormatReportGenerationServiceTests.GenerateHtmlReport_WithSemanticallyEquivalent_ShouldDisplaySemanticInfo [1 ms]
2025-06-06T18:50:45.6820715Z   Passed ConditionalAccessExporter.Tests.CrossFormatReportGenerationServiceTests.GenerateCsvReport_WithConversionSuggestions_ShouldReflectInHasSuggestions [1 ms]
2025-06-06T18:50:45.6822721Z   Passed ConditionalAccessExporter.Tests.CrossFormatReportGenerationServiceTests.GenerateReport_WithEmptyResult_ShouldHandleGracefully [1 ms]
2025-06-06T18:50:45.6825040Z   Passed ConditionalAccessExporter.Tests.CrossFormatReportGenerationServiceTests.GenerateHtmlReport_WithConversionSuggestions_ShouldDisplaySuggestions [1 ms]
2025-06-06T18:50:45.6827205Z   Passed ConditionalAccessExporter.Tests.CrossFormatReportGenerationServiceTests.GenerateReport_WithUnknownFormat_ShouldDefaultToJson [1 ms]
2025-06-06T18:50:45.6829055Z   Passed ConditionalAccessExporter.Tests.CrossFormatReportGenerationServiceTests.GenerateCsvReport_WithAllStatuses_ShouldCreateValidCsvFile [1 ms]
2025-06-06T18:50:45.6857305Z Cross-format comparison report generated: /tmp/CrossFormatReportGenerationTests/bc76859f-5c16-4334-889a-c21691aa7149/new-directory/cross-format-comparison-20250606-185045.json
2025-06-06T18:50:45.6864008Z Markdown cross-format comparison report generated: /tmp/CrossFormatReportGenerationTests/35e2a0d7-12be-42c4-9ed2-80487eae460e/cross-format-comparison-20250606-185045.md
2025-06-06T18:50:45.6920279Z Markdown cross-format comparison report generated: /tmp/CrossFormatReportGenerationTests/3e2b68c2-4aa0-4be5-adf4-245e02d52369/cross-format-comparison-20250606-185045.md
2025-06-06T18:50:45.6943825Z Cross-format comparison report generated: /tmp/CrossFormatReportGenerationTests/42a7a22f-1756-49f0-9ec7-190f5373aa3e/cross-format-comparison-20250606-185045.json
2025-06-06T18:50:47.0493822Z custom_export.json
2025-06-06T18:50:47.1804844Z   Passed ConditionalAccessExporter.Tests.CrossFormatReportGenerationServiceTests.GenerateHtmlReport_WithAllStatuses_ShouldCreateValidHtmlFile [4 ms]
2025-06-06T18:50:47.1807538Z   Passed ConditionalAccessExporter.Tests.CrossFormatReportGenerationServiceTests.GenerateReport_CreatesOutputDirectory_WhenNotExists [2 ms]
2025-06-06T18:50:47.1810154Z   Passed ConditionalAccessExporter.Tests.CrossFormatReportGenerationServiceTests.GenerateMarkdownReport_WithAllStatuses_ShouldCreateValidMarkdownFile [2 ms]
2025-06-06T18:50:47.1812701Z   Passed ConditionalAccessExporter.Tests.CrossFormatReportGenerationServiceTests.GenerateReports_ShouldLogFileGeneration [2 ms]
2025-06-06T18:50:47.1815362Z   Passed ConditionalAccessExporter.Tests.CrossFormatReportGenerationServiceTests.GenerateMarkdownReport_WithSemanticallyEquivalent_ShouldFormatCorrectly [2 ms]
2025-06-06T18:50:47.1817734Z   Passed ConditionalAccessExporter.Tests.CrossFormatReportGenerationServiceTests.GenerateJsonReport_WithAllStatuses_ShouldCreateValidJsonFile [3 ms]
2025-06-06T18:50:47.1819610Z   Passed ConditionalAccessExporter.Tests.ProgramTests.CrossFormatComparePoliciesAsync_Success_ReturnsZero [18 ms]
2025-06-06T18:50:47.1820686Z   Passed ConditionalAccessExporter.Tests.ProgramTests.ExportPoliciesAsync_Exception_HandlesErrorAndReturnsOne [1 s]
2025-06-06T18:50:47.7146836Z Conditional Access Policy Exporter
2025-06-06T18:50:47.7149831Z ==================================
2025-06-06T18:50:47.7150638Z Tenant ID: ***
2025-06-06T18:50:47.7151065Z Client ID: ***
2025-06-06T18:50:47.7151406Z Client Secret: [HIDDEN]
2025-06-06T18:50:47.7151833Z Authenticating to Microsoft Graph...
2025-06-06T18:50:47.7152261Z Fetching Conditional Access Policies...
2025-06-06T18:50:47.7152684Z Found 1 Conditional Access Policies
2025-06-06T18:50:47.7153044Z Policy Summary:
2025-06-06T18:50:47.7153320Z ================
2025-06-06T18:50:47.7153678Z - notrustisrael (State: Enabled)
2025-06-06T18:50:47.7154591Z Conditional Access Policies exported successfully to: custom_export.json
2025-06-06T18:50:47.7155221Z File size: 1.25 KB
2025-06-06T18:50:47.7155608Z Export completed successfully!
2025-06-06T18:50:47.7156080Z ConditionalAccessPolicies_20250606_185047.json
2025-06-06T18:50:48.0330702Z Conditional Access Policy Exporter
2025-06-06T18:50:48.0332601Z ==================================
2025-06-06T18:50:48.0333467Z Tenant ID: ***
2025-06-06T18:50:48.0333963Z Client ID: ***
2025-06-06T18:50:48.0334584Z Client Secret: [HIDDEN]
2025-06-06T18:50:48.0334998Z Authenticating to Microsoft Graph...
2025-06-06T18:50:48.0335507Z Fetching Conditional Access Policies...
2025-06-06T18:50:48.0336331Z Found 1 Conditional Access Policies
2025-06-06T18:50:48.0336760Z Policy Summary:
2025-06-06T18:50:48.0337078Z ================
2025-06-06T18:50:48.0337447Z - notrustisrael (State: Enabled)
2025-06-06T18:50:48.0338527Z Conditional Access Policies exported successfully to: ConditionalAccessPolicies_20250606_185047.json
2025-06-06T18:50:48.0339381Z File size: 1.25 KB
2025-06-06T18:50:48.0339782Z Export completed successfully!
2025-06-06T18:50:48.0476609Z Exception occurred: Assert.Equal() Failure: Values differ
2025-06-06T18:50:48.0476967Z Expected: 0
2025-06-06T18:50:48.0477145Z Actual:   1
2025-06-06T18:50:48.0485862Z    at Xunit.Assert.Equal[T](T expected, T actual, IEqualityComparer`1 comparer) in /_/src/xunit.assert/Asserts/EqualityAsserts.cs:line 137
2025-06-06T18:50:48.0487034Z    at Xunit.Assert.Equal[T](T expected, T actual) in /_/src/xunit.assert/Asserts/EqualityAsserts.cs:line 82
2025-06-06T18:50:48.0488170Z    at ConditionalAccessExporter.Tests.ProgramTests.<>c__DisplayClass16_0.<<ConvertJsonToTerraformAsync_Success_ReturnsZero>b__0>d.MoveNext() in /home/runner/work/CA_Scanner/CA_Scanner/ConditionalAccessExporter.Tests/ProgramTests.cs:line 727
2025-06-06T18:50:48.0489209Z --- End of stack trace from previous location ---
2025-06-06T18:50:48.0490113Z    at ConditionalAccessExporter.Tests.ProgramTestHelper.CaptureConsoleOutputInternal(Func`1 action) in /home/runner/work/CA_Scanner/CA_Scanner/ConditionalAccessExporter.Tests/ProgramTestHelper.cs:line 196
2025-06-06T18:50:48.0537470Z Option '--input' is required.
2025-06-06T18:50:48.0821101Z Option '--reference-dir' is required.
2025-06-06T18:50:48.0829799Z Option '--source-dir' is required.
2025-06-06T18:50:48.0884589Z   Passed ConditionalAccessExporter.Tests.ProgramTests.Export_Command_ValidArgs_CallsHandler(args: ["export", "--output", "custom_export.json"]) [666 ms]
2025-06-06T18:50:48.0886608Z   Passed ConditionalAccessExporter.Tests.ProgramTests.Export_Command_ValidArgs_CallsHandler(args: ["export"]) [318 ms]
2025-06-06T18:50:48.0888015Z   Passed ConditionalAccessExporter.Tests.ProgramTests.ConvertJsonToTerraformAsync_Success_ReturnsZero [15 ms]
2025-06-06T18:50:48.0889102Z   Passed ConditionalAccessExporter.Tests.ProgramTests.ComparePoliciesAsync_ServiceFailure_ReturnsOne [2 ms]
2025-06-06T18:50:48.0890178Z   Passed ConditionalAccessExporter.Tests.ProgramTests.JsonToTerraform_Command_MissingInput_ReturnsError [29 ms]
2025-06-06T18:50:48.0891506Z   Passed ConditionalAccessExporter.Tests.ProgramTests.CrossCompare_Command_MissingRequiredOption_ReturnsError(args: ["cross-compare", "--source-dir", "./src"]) [2 ms]
2025-06-06T18:50:48.0893047Z   Passed ConditionalAccessExporter.Tests.ProgramTests.CrossCompare_Command_MissingRequiredOption_ReturnsError(args: ["cross-compare", "--reference-dir", "./ref"]) [< 1 ms]
2025-06-06T18:50:48.0894865Z   Passed ConditionalAccessExporter.Tests.ProgramTests.CrossCompare_Command_ValidArgs_CallsHandler(args: ["cross-compare", "--source-dir", "./src_tf", "--reference-dir", "./ref_json", ···]) [3 ms]
2025-06-06T18:50:48.0896162Z   Passed ConditionalAccessExporter.Tests.ProgramTests.CrossCompare_Command_ValidArgs_CallsHandler(args: ["cross-compare", "--source-dir", "./src", "--reference-dir", "./ref"]) [< 1 ms]
2025-06-06T18:50:48.0896939Z Option '--input' is required.
2025-06-06T18:50:48.9769114Z   Passed ConditionalAccessExporter.Tests.ProgramTests.Terraform_Command_MissingInput_ReturnsError [1 ms]
2025-06-06T18:50:48.9772127Z   Passed ConditionalAccessExporter.Tests.ProgramTests.Terraform_Command_ValidArgs_CallsHandler(args: ["terraform", "--input", "file.tf"]) [12 ms]
2025-06-06T18:50:48.9774872Z   Passed ConditionalAccessExporter.Tests.ProgramTests.Terraform_Command_ValidArgs_CallsHandler(args: ["terraform", "--input", "dir/", "--output", "converted.json", ···]) [< 1 ms]
2025-06-06T18:50:48.9776661Z   Passed ConditionalAccessExporter.Tests.ProgramTests.ExportPoliciesAsync_Success_ReturnsZero [461 ms]
2025-06-06T18:50:48.9778362Z   Passed ConditionalAccessExporter.Tests.ProgramTests.ConvertTerraformAsync_ServiceFailure_ReturnsOne [1 ms]
2025-06-06T18:50:48.9780270Z   Passed ConditionalAccessExporter.Tests.ProgramTests.ConvertJsonToTerraformAsync_ServiceFailure_ReturnsOne [1 ms]
2025-06-06T18:50:48.9782999Z   Passed ConditionalAccessExporter.Tests.ProgramTests.Compare_Command_ValidArgs_CallsHandler(args: ["compare", "--reference-dir", "./ref", "--entra-file", "entra_export.json", ···]) [13 ms]
2025-06-06T18:50:48.9785379Z   Passed ConditionalAccessExporter.Tests.ProgramTests.Compare_Command_ValidArgs_CallsHandler(args: ["compare", "--reference-dir", "./ref"]) [393 ms]
2025-06-06T18:50:48.9787026Z   Passed ConditionalAccessExporter.Tests.ProgramTests.ConvertTerraformAsync_Success_ReturnsZero [2 ms]
2025-06-06T18:50:48.9824575Z Option '--reference-dir' is required.
2025-06-06T18:50:49.3710213Z   Passed ConditionalAccessExporter.Tests.ProgramTests.ComparePoliciesAsync_Success_ReturnsZero [4 ms]
2025-06-06T18:50:49.3712642Z   Passed ConditionalAccessExporter.Tests.ProgramTests.JsonToTerraform_Command_ValidArgs_CallsHandler(args: ["json-to-terraform", "--input", "policies.json", "--output-dir", "custom_tf_out", ···]) [1 ms]
2025-06-06T18:50:49.3715142Z   Passed ConditionalAccessExporter.Tests.ProgramTests.JsonToTerraform_Command_ValidArgs_CallsHandler(args: ["json-to-terraform", "--input", "policies.json"]) [< 1 ms]
2025-06-06T18:50:49.3716652Z   Passed ConditionalAccessExporter.Tests.ProgramTests.Compare_Command_MissingReferenceDir_ReturnsError [1 ms]
2025-06-06T18:50:49.3718082Z   Passed ConditionalAccessExporter.Tests.ProgramTests.Help_Option_PrintsHelpText(args: ["--help"]) [1 ms]
2025-06-06T18:50:49.3719438Z   Passed ConditionalAccessExporter.Tests.ProgramTests.Help_Option_PrintsHelpText(args: ["export", "--help"]) [< 1 ms]
2025-06-06T18:50:49.3720742Z   Passed ConditionalAccessExporter.Tests.ProgramTests.Main_NoArgs_CallsExportCommand [380 ms]
2025-06-06T18:50:49.3722192Z   Passed ConditionalAccessExporter.Tests.ProgramTests.CrossFormatComparePoliciesAsync_ServiceFailure_ReturnsOne [1 ms]
2025-06-06T18:50:49.3724075Z   Passed ConditionalAccessExporter.Tests.ReportGenerationServiceTests.GenerateConsoleReport_WithAllIdentical_ShouldShowAllIdentical [1 ms]
2025-06-06T18:50:49.3726187Z HTML report generated: /tmp/ReportGenerationTests/70d27411-6d3d-4639-a1d8-165efe8634d6/CA_Comparison_20250606_185049.html
2025-06-06T18:50:49.3733462Z JSON report generated: /tmp/ReportGenerationTests/6e25ea6a-f81d-455a-a757-287883f2ba3c/CA_Comparison_20250606_185049.json
2025-06-06T18:50:49.3775892Z CSV report generated: /tmp/ReportGenerationTests/af10a5ff-521a-495f-b51f-f40c10fdc50d/CA_Comparison_20250606_185049.csv
2025-06-06T18:50:49.3787895Z JSON report generated: /tmp/ReportGenerationTests/a9d1d095-addb-4adf-ae21-e0b3b0cc7176/CA_Comparison_20250606_185049.json
2025-06-06T18:50:49.3794023Z HTML report generated: /tmp/ReportGenerationTests/a9d1d095-addb-4adf-ae21-e0b3b0cc7176/CA_Comparison_20250606_185049.html
2025-06-06T18:50:49.3795892Z CSV report generated: /tmp/ReportGenerationTests/a9d1d095-addb-4adf-ae21-e0b3b0cc7176/CA_Comparison_20250606_185049.csv
2025-06-06T18:50:49.3813527Z JSON report generated: /tmp/ReportGenerationTests/810f2e4d-feec-46fb-b203-b7f6fe2d65ea/CA_Comparison_20250606_185049.json
2025-06-06T18:50:49.3861936Z   Passed ConditionalAccessExporter.Tests.ReportGenerationServiceTests.GenerateConsoleReport_WithAllEntraOnly_ShouldShowEntraOnlySection [< 1 ms]
2025-06-06T18:50:49.3863945Z   Passed ConditionalAccessExporter.Tests.ReportGenerationServiceTests.GenerateHtmlReport_WithEmptyResult_ShouldCreateValidHtmlFile [1 ms]
2025-06-06T18:50:49.3865887Z   Passed ConditionalAccessExporter.Tests.ReportGenerationServiceTests.GenerateJsonReport_WithEmptyResult_ShouldCreateValidJsonFile [3 ms]
2025-06-06T18:50:49.3866948Z   Passed ConditionalAccessExporter.Tests.ReportGenerationServiceTests.GenerateCsvReport_WithAllStatusTypes_ShouldCreateValidCsvFile [2 ms]
2025-06-06T18:50:49.3867970Z   Passed ConditionalAccessExporter.Tests.ReportGenerationServiceTests.GenerateReports_WithNullDifferences_ShouldHandleGracefully [1 ms]
2025-06-06T18:50:49.3869224Z   Passed ConditionalAccessExporter.Tests.ReportGenerationServiceTests.GenerateJsonReport_WithAllStatusTypes_ShouldCreateValidJsonFile [2 ms]
2025-06-06T18:50:49.3870866Z   Passed ConditionalAccessExporter.Tests.ReportGenerationServiceTests.GenerateReports_WithInvalidFormat_ShouldHandleGracefully [1 ms]
2025-06-06T18:50:49.3872761Z   Passed ConditionalAccessExporter.Tests.ReportGenerationServiceTests.GenerateConsoleReport_WithEmptyResult_ShouldShowEmptyReport [< 1 ms]
2025-06-06T18:50:49.3874944Z   Passed ConditionalAccessExporter.Tests.ReportGenerationServiceTests.GenerateConsoleReport_WithAllStatusTypes_ShouldProduceStructuredOutput [< 1 ms]
2025-06-06T18:50:49.3876930Z JSON report generated: /tmp/ReportGenerationTests/1f86729e-7541-45e5-bb94-c97b3173a676/new-directory/CA_Comparison_20250606_185049.json
2025-06-06T18:50:49.3878537Z JSON report generated: /tmp/ReportGenerationTests/1be99a18-52c5-40f4-b2db-041a21102658/CA_Comparison_20250606_185049.json
2025-06-06T18:50:49.3880020Z HTML report generated: /tmp/ReportGenerationTests/1be99a18-52c5-40f4-b2db-041a21102658/CA_Comparison_20250606_185049.html
2025-06-06T18:50:49.3881454Z CSV report generated: /tmp/ReportGenerationTests/1be99a18-52c5-40f4-b2db-041a21102658/CA_Comparison_20250606_185049.csv
2025-06-06T18:50:49.3891190Z HTML report generated: /tmp/ReportGenerationTests/39ec3a00-d430-4275-913f-83babe882a53/CA_Comparison_20250606_185049.html
2025-06-06T18:50:49.3930860Z [xUnit.net 00:00:06.03]   Finished:    ConditionalAccessExporter.Tests
2025-06-06T18:50:50.8873236Z   Passed ConditionalAccessExporter.Tests.ReportGenerationServiceTests.GenerateReports_CreatesOutputDirectory_WhenNotExists [1 ms]
2025-06-06T18:50:50.8875012Z   Passed ConditionalAccessExporter.Tests.ReportGenerationServiceTests.GenerateReports_WithMultipleFormats_ShouldCreateAllFiles [1 ms]
2025-06-06T18:50:50.8876435Z   Passed ConditionalAccessExporter.Tests.ReportGenerationServiceTests.GenerateHtmlReport_WithAllStatusTypes_ShouldCreateValidHtmlFile [1 ms]
2025-06-06T18:51:00.6242814Z 
2025-06-06T18:51:00.6284303Z Test Run Successful.
2025-06-06T18:51:00.6284716Z Total tests: 187
2025-06-06T18:51:00.6285019Z      Passed: 187
2025-06-06T18:51:00.6300477Z  Total time: 18.7491 Seconds
2025-06-06T18:51:00.6552463Z      1>Done Building Project "/home/runner/work/CA_Scanner/CA_Scanner/ConditionalAccessExporter.sln" (VSTest target(s)).
2025-06-06T18:51:00.6604639Z 
2025-06-06T18:51:00.6605388Z Build succeeded.
2025-06-06T18:51:00.6607344Z     0 Warning(s)
2025-06-06T18:51:00.6607673Z     0 Error(s)
2025-06-06T18:51:00.6615506Z 
2025-06-06T18:51:00.6615785Z Time Elapsed 00:00:19.71
2025-06-06T18:51:00.8392943Z 
2025-06-06T18:51:00.8398570Z Attachments:
2025-06-06T18:51:00.8400772Z   /home/runner/work/CA_Scanner/CA_Scanner/ConditionalAccessExporter.Tests/TestResults/1a11db92-9466-413f-89bf-b615b75de2ba/coverage.cobertura.xml
2025-06-06T18:51:00.9033635Z ##[group]Run danielpalme/ReportGenerator-GitHub-Action@5.2.0
2025-06-06T18:51:00.9033995Z with:
2025-06-06T18:51:00.9034789Z   reports: **/coverage.opencover.xml
2025-06-06T18:51:00.9035191Z   targetdir: coveragereport
2025-06-06T18:51:00.9035474Z   reporttypes: HtmlInline_AzurePipelines;Cobertura;Badges
2025-06-06T18:51:00.9035783Z   toolpath: reportgeneratortool
2025-06-06T18:51:00.9036002Z   assemblyfilters: +*
2025-06-06T18:51:00.9036197Z   classfilters: +*
2025-06-06T18:51:00.9036378Z   filefilters: +*
2025-06-06T18:51:00.9036556Z   verbosity: Info
2025-06-06T18:51:00.9036721Z   tag: 57_15497613129
2025-06-06T18:51:00.9036905Z env:
2025-06-06T18:51:00.9037083Z   DOTNET_ROOT: /usr/share/dotnet
2025-06-06T18:51:00.9037299Z ##[endgroup]
2025-06-06T18:51:00.9738264Z Detecting .NET Core SDK
2025-06-06T18:51:00.9763364Z [command]/usr/share/dotnet/dotnet --version
2025-06-06T18:51:01.0848195Z 8.0.410
2025-06-06T18:51:01.0897942Z Detected .NET Core SDK version '8.0.410
2025-06-06T18:51:01.0898542Z '
2025-06-06T18:51:01.0899401Z Installing ReportGenerator global tool (https://www.nuget.org/packages/dotnet-reportgenerator-globaltool)
2025-06-06T18:51:01.0902281Z [command]/usr/share/dotnet/dotnet tool install dotnet-reportgenerator-globaltool --tool-path reportgeneratortool --version 5.2.0 --ignore-failed-sources
2025-06-06T18:51:02.1796392Z You can invoke the tool using the following command: reportgenerator
2025-06-06T18:51:02.1797249Z Tool 'dotnet-reportgenerator-globaltool' (version '5.2.0') was successfully installed.
2025-06-06T18:51:02.1975814Z Successfully installed ReportGenerator global tool
2025-06-06T18:51:02.1976458Z Executing ReportGenerator
2025-06-06T18:51:02.1982382Z [command]/home/runner/work/CA_Scanner/CA_Scanner/reportgeneratortool/reportgenerator -reports:**/coverage.opencover.xml -targetdir:coveragereport -reporttypes:HtmlInline_AzurePipelines;Cobertura;Badges -sourcedirs: -historydir: -plugins: -assemblyfilters:+* -classfilters:+* -filefilters:+* -verbosity:Info -title: -tag:57_15497613129 -license:
2025-06-06T18:51:02.3435990Z 2025-06-06T18:51:02: The report file pattern '**/coverage.opencover.xml' found no matching files.
2025-06-06T18:51:02.3436881Z 2025-06-06T18:51:02: No report files specified.
2025-06-06T18:51:02.3539690Z ##[error]Failed to execute ReportGenerator global tool
2025-06-06T18:51:02.3650412Z Post job cleanup.
2025-06-06T18:51:02.4382347Z [command]/usr/bin/git version
2025-06-06T18:51:02.4418231Z git version 2.49.0
2025-06-06T18:51:02.4462327Z Temporarily overriding HOME='/home/runner/work/_temp/f2717f42-d97a-4540-a456-8a031a6bc3e4' before making global git config changes
2025-06-06T18:51:02.4464062Z Adding repository directory to the temporary git global config as a safe directory
2025-06-06T18:51:02.4466671Z [command]/usr/bin/git config --global --add safe.directory /home/runner/work/CA_Scanner/CA_Scanner
2025-06-06T18:51:02.4500949Z [command]/usr/bin/git config --local --name-only --get-regexp core\.sshCommand
2025-06-06T18:51:02.4532774Z [command]/usr/bin/git submodule foreach --recursive sh -c "git config --local --name-only --get-regexp 'core\.sshCommand' && git config --local --unset-all 'core.sshCommand' || :"
2025-06-06T18:51:02.4767445Z [command]/usr/bin/git config --local --name-only --get-regexp http\.https\:\/\/github\.com\/\.extraheader
2025-06-06T18:51:02.4789334Z http.https://github.com/.extraheader
2025-06-06T18:51:02.4801335Z [command]/usr/bin/git config --local --unset-all http.https://github.com/.extraheader
2025-06-06T18:51:02.4831388Z [command]/usr/bin/git submodule foreach --recursive sh -c "git config --local --name-only --get-regexp 'http\.https\:\/\/github\.com\/\.extraheader' && git config --local --unset-all 'http.https://github.com/.extraheader' || :"
2025-06-06T18:51:02.5162394Z Cleaning up orphan processes
2025-06-06T18:51:02.5440064Z Terminate orphan process: pid (2314) (dotnet)
2025-06-06T18:51:02.5474298Z Terminate orphan process: pid (2398) (dotnet)
