2025-06-14T05:02:12.6988769Z Current runner version: '2.325.0'
2025-06-14T05:02:12.7013036Z ##[group]Operating System
2025-06-14T05:02:12.7013859Z Ubuntu
2025-06-14T05:02:12.7014378Z 24.04.2
2025-06-14T05:02:12.7014955Z LTS
2025-06-14T05:02:12.7015409Z ##[endgroup]
2025-06-14T05:02:12.7015960Z ##[group]Runner Image
2025-06-14T05:02:12.7016622Z Image: ubuntu-24.04
2025-06-14T05:02:12.7017153Z Version: 20250609.1.0
2025-06-14T05:02:12.7018141Z Included Software: https://github.com/actions/runner-images/blob/ubuntu24/20250609.1/images/ubuntu/Ubuntu2404-Readme.md
2025-06-14T05:02:12.7019582Z Image Release: https://github.com/actions/runner-images/releases/tag/ubuntu24%2F20250609.1
2025-06-14T05:02:12.7020649Z ##[endgroup]
2025-06-14T05:02:12.7021211Z ##[group]Runner Image Provisioner
2025-06-14T05:02:12.7022007Z 2.0.437.1
2025-06-14T05:02:12.7022490Z ##[endgroup]
2025-06-14T05:02:12.7023594Z ##[group]GITHUB_TOKEN Permissions
2025-06-14T05:02:12.7025633Z Contents: write
2025-06-14T05:02:12.7026199Z Metadata: read
2025-06-14T05:02:12.7026987Z Pages: write
2025-06-14T05:02:12.7027540Z ##[endgroup]
2025-06-14T05:02:12.7029893Z Secret source: Actions
2025-06-14T05:02:12.7030733Z Prepare workflow directory
2025-06-14T05:02:12.7406158Z Prepare all required actions
2025-06-14T05:02:12.7443901Z Getting action download info
2025-06-14T05:02:13.1846642Z ##[group]Download immutable action package 'actions/checkout@v3'
2025-06-14T05:02:13.1847643Z Version: 3.6.0
2025-06-14T05:02:13.1848768Z Digest: sha256:942562b9c7d4b1f2557f1da21f4d3eb4eb4fd01f2ad78b2a6e187d1b193e0a0f
2025-06-14T05:02:13.1850506Z Source commit SHA: f43a0e5ff2bd294095638e18286ca9a3d1956744
2025-06-14T05:02:13.1851281Z ##[endgroup]
2025-06-14T05:02:13.2641422Z ##[group]Download immutable action package 'actions/setup-dotnet@v3'
2025-06-14T05:02:13.2642237Z Version: 3.4.2
2025-06-14T05:02:13.2643099Z Digest: sha256:b988103bd1785dcf8ff8b209ba81500bd5f2a083a3b82e66f1d11ee61cf4c24d
2025-06-14T05:02:13.2644133Z Source commit SHA: 55ec9447dda3d1cf6bd587150f3262f30ee10815
2025-06-14T05:02:13.2644815Z ##[endgroup]
2025-06-14T05:02:13.6493437Z Download action repository 'danielpalme/ReportGenerator-GitHub-Action@5.2.0' (SHA:4d510cbed8a05af5aefea46c7fd6e05b95844c89)
2025-06-14T05:02:14.4197652Z ##[group]Download immutable action package 'actions/upload-artifact@v4'
2025-06-14T05:02:14.4198750Z Version: 4.6.2
2025-06-14T05:02:14.4199486Z Digest: sha256:290722aa3281d5caf23d0acdc3dbeb3424786a1a01a9cc97e72f147225e37c38
2025-06-14T05:02:14.4200653Z Source commit SHA: ea165f8d65b6e75b540449e92b4886f43607fa02
2025-06-14T05:02:14.4201344Z ##[endgroup]
2025-06-14T05:02:14.5275792Z Download action repository 'JamesIves/github-pages-deploy-action@v4' (SHA:6c2d9db40f9296374acc17b90404b6e8864128c8)
2025-06-14T05:02:16.3938871Z Complete job name: build-and-test
2025-06-14T05:02:16.4578320Z ##[group]Run actions/checkout@v3
2025-06-14T05:02:16.4578939Z with:
2025-06-14T05:02:16.4579195Z   repository: thefaftek-git/CA_Scanner
2025-06-14T05:02:16.4579650Z   token: ***
2025-06-14T05:02:16.4579874Z   ssh-strict: true
2025-06-14T05:02:16.4580127Z   persist-credentials: true
2025-06-14T05:02:16.4580623Z   clean: true
2025-06-14T05:02:16.4580881Z   sparse-checkout-cone-mode: true
2025-06-14T05:02:16.4581150Z   fetch-depth: 1
2025-06-14T05:02:16.4581375Z   fetch-tags: false
2025-06-14T05:02:16.4581598Z   lfs: false
2025-06-14T05:02:16.4581813Z   submodules: false
2025-06-14T05:02:16.4582043Z   set-safe-directory: true
2025-06-14T05:02:16.4582552Z ##[endgroup]
2025-06-14T05:02:16.5996617Z Syncing repository: thefaftek-git/CA_Scanner
2025-06-14T05:02:16.5997991Z ##[group]Getting Git version info
2025-06-14T05:02:16.5998420Z Working directory is '/home/runner/work/CA_Scanner/CA_Scanner'
2025-06-14T05:02:16.5999008Z [command]/usr/bin/git version
2025-06-14T05:02:16.6023985Z git version 2.49.0
2025-06-14T05:02:16.6052296Z ##[endgroup]
2025-06-14T05:02:16.6068473Z Temporarily overriding HOME='/home/runner/work/_temp/72e4b814-9468-49fe-8b87-e3aaaed5f3be' before making global git config changes
2025-06-14T05:02:16.6069928Z Adding repository directory to the temporary git global config as a safe directory
2025-06-14T05:02:16.6073629Z [command]/usr/bin/git config --global --add safe.directory /home/runner/work/CA_Scanner/CA_Scanner
2025-06-14T05:02:16.6104818Z Deleting the contents of '/home/runner/work/CA_Scanner/CA_Scanner'
2025-06-14T05:02:16.6108677Z ##[group]Initializing the repository
2025-06-14T05:02:16.6112664Z [command]/usr/bin/git init /home/runner/work/CA_Scanner/CA_Scanner
2025-06-14T05:02:16.6167573Z hint: Using 'master' as the name for the initial branch. This default branch name
2025-06-14T05:02:16.6168530Z hint: is subject to change. To configure the initial branch name to use in all
2025-06-14T05:02:16.6169267Z hint: of your new repositories, which will suppress this warning, call:
2025-06-14T05:02:16.6169975Z hint:
2025-06-14T05:02:16.6170690Z hint: 	git config --global init.defaultBranch <name>
2025-06-14T05:02:16.6171304Z hint:
2025-06-14T05:02:16.6171870Z hint: Names commonly chosen instead of 'master' are 'main', 'trunk' and
2025-06-14T05:02:16.6172876Z hint: 'development'. The just-created branch can be renamed via this command:
2025-06-14T05:02:16.6173557Z hint:
2025-06-14T05:02:16.6173944Z hint: 	git branch -m <name>
2025-06-14T05:02:16.6174640Z Initialized empty Git repository in /home/runner/work/CA_Scanner/CA_Scanner/.git/
2025-06-14T05:02:16.6182540Z [command]/usr/bin/git remote add origin https://github.com/thefaftek-git/CA_Scanner
2025-06-14T05:02:16.6212906Z ##[endgroup]
2025-06-14T05:02:16.6213632Z ##[group]Disabling automatic garbage collection
2025-06-14T05:02:16.6215827Z [command]/usr/bin/git config --local gc.auto 0
2025-06-14T05:02:16.6241441Z ##[endgroup]
2025-06-14T05:02:16.6242090Z ##[group]Setting up auth
2025-06-14T05:02:16.6246960Z [command]/usr/bin/git config --local --name-only --get-regexp core\.sshCommand
2025-06-14T05:02:16.6274780Z [command]/usr/bin/git submodule foreach --recursive sh -c "git config --local --name-only --get-regexp 'core\.sshCommand' && git config --local --unset-all 'core.sshCommand' || :"
2025-06-14T05:02:16.6540958Z [command]/usr/bin/git config --local --name-only --get-regexp http\.https\:\/\/github\.com\/\.extraheader
2025-06-14T05:02:16.6566431Z [command]/usr/bin/git submodule foreach --recursive sh -c "git config --local --name-only --get-regexp 'http\.https\:\/\/github\.com\/\.extraheader' && git config --local --unset-all 'http.https://github.com/.extraheader' || :"
2025-06-14T05:02:16.6791511Z [command]/usr/bin/git config --local http.https://github.com/.extraheader AUTHORIZATION: basic ***
2025-06-14T05:02:16.6825775Z ##[endgroup]
2025-06-14T05:02:16.6826285Z ##[group]Fetching the repository
2025-06-14T05:02:16.6835435Z [command]/usr/bin/git -c protocol.version=2 fetch --no-tags --prune --progress --no-recurse-submodules --depth=1 origin +ffb67d626ecd0652b8a5fe656fafb5faac31dcdf:refs/remotes/pull/131/merge
2025-06-14T05:02:17.1687697Z remote: Enumerating objects: 131, done.        
2025-06-14T05:02:17.1688744Z remote: Counting objects:   0% (1/131)        
2025-06-14T05:02:17.1689699Z remote: Counting objects:   1% (2/131)        
2025-06-14T05:02:17.1690928Z remote: Counting objects:   2% (3/131)        
2025-06-14T05:02:17.1691494Z remote: Counting objects:   3% (4/131)        
2025-06-14T05:02:17.1692024Z remote: Counting objects:   4% (6/131)        
2025-06-14T05:02:17.1692553Z remote: Counting objects:   5% (7/131)        
2025-06-14T05:02:17.1693376Z remote: Counting objects:   6% (8/131)        
2025-06-14T05:02:17.1694207Z remote: Counting objects:   7% (10/131)        
2025-06-14T05:02:17.1694917Z remote: Counting objects:   8% (11/131)        
2025-06-14T05:02:17.1695363Z remote: Counting objects:   9% (12/131)        
2025-06-14T05:02:17.1695775Z remote: Counting objects:  10% (14/131)        
2025-06-14T05:02:17.1696215Z remote: Counting objects:  11% (15/131)        
2025-06-14T05:02:17.1696639Z remote: Counting objects:  12% (16/131)        
2025-06-14T05:02:17.1697058Z remote: Counting objects:  13% (18/131)        
2025-06-14T05:02:17.1697468Z remote: Counting objects:  14% (19/131)        
2025-06-14T05:02:17.1698102Z remote: Counting objects:  15% (20/131)        
2025-06-14T05:02:17.1698517Z remote: Counting objects:  16% (21/131)        
2025-06-14T05:02:17.1698929Z remote: Counting objects:  17% (23/131)        
2025-06-14T05:02:17.1699339Z remote: Counting objects:  18% (24/131)        
2025-06-14T05:02:17.1699754Z remote: Counting objects:  19% (25/131)        
2025-06-14T05:02:17.1700169Z remote: Counting objects:  20% (27/131)        
2025-06-14T05:02:17.1700783Z remote: Counting objects:  21% (28/131)        
2025-06-14T05:02:17.1701105Z remote: Counting objects:  22% (29/131)        
2025-06-14T05:02:17.1701447Z remote: Counting objects:  23% (31/131)        
2025-06-14T05:02:17.1701815Z remote: Counting objects:  24% (32/131)        
2025-06-14T05:02:17.1702153Z remote: Counting objects:  25% (33/131)        
2025-06-14T05:02:17.1702475Z remote: Counting objects:  26% (35/131)        
2025-06-14T05:02:17.1702859Z remote: Counting objects:  27% (36/131)        
2025-06-14T05:02:17.1703199Z remote: Counting objects:  28% (37/131)        
2025-06-14T05:02:17.1703531Z remote: Counting objects:  29% (38/131)        
2025-06-14T05:02:17.1703856Z remote: Counting objects:  30% (40/131)        
2025-06-14T05:02:17.1704172Z remote: Counting objects:  31% (41/131)        
2025-06-14T05:02:17.1704498Z remote: Counting objects:  32% (42/131)        
2025-06-14T05:02:17.1704819Z remote: Counting objects:  33% (44/131)        
2025-06-14T05:02:17.1705142Z remote: Counting objects:  34% (45/131)        
2025-06-14T05:02:17.1705454Z remote: Counting objects:  35% (46/131)        
2025-06-14T05:02:17.1705777Z remote: Counting objects:  36% (48/131)        
2025-06-14T05:02:17.1706110Z remote: Counting objects:  37% (49/131)        
2025-06-14T05:02:17.1706431Z remote: Counting objects:  38% (50/131)        
2025-06-14T05:02:17.1706743Z remote: Counting objects:  39% (52/131)        
2025-06-14T05:02:17.1707065Z remote: Counting objects:  40% (53/131)        
2025-06-14T05:02:17.1707403Z remote: Counting objects:  41% (54/131)        
2025-06-14T05:02:17.1707728Z remote: Counting objects:  42% (56/131)        
2025-06-14T05:02:17.1708045Z remote: Counting objects:  43% (57/131)        
2025-06-14T05:02:17.1708374Z remote: Counting objects:  44% (58/131)        
2025-06-14T05:02:17.1708709Z remote: Counting objects:  45% (59/131)        
2025-06-14T05:02:17.1709034Z remote: Counting objects:  46% (61/131)        
2025-06-14T05:02:17.1709348Z remote: Counting objects:  47% (62/131)        
2025-06-14T05:02:17.1709662Z remote: Counting objects:  48% (63/131)        
2025-06-14T05:02:17.1709977Z remote: Counting objects:  49% (65/131)        
2025-06-14T05:02:17.1710293Z remote: Counting objects:  50% (66/131)        
2025-06-14T05:02:17.1710915Z remote: Counting objects:  51% (67/131)        
2025-06-14T05:02:17.1711246Z remote: Counting objects:  52% (69/131)        
2025-06-14T05:02:17.1711562Z remote: Counting objects:  53% (70/131)        
2025-06-14T05:02:17.1711873Z remote: Counting objects:  54% (71/131)        
2025-06-14T05:02:17.1712187Z remote: Counting objects:  55% (73/131)        
2025-06-14T05:02:17.1712498Z remote: Counting objects:  56% (74/131)        
2025-06-14T05:02:17.1712809Z remote: Counting objects:  57% (75/131)        
2025-06-14T05:02:17.1713118Z remote: Counting objects:  58% (76/131)        
2025-06-14T05:02:17.1713425Z remote: Counting objects:  59% (78/131)        
2025-06-14T05:02:17.1713736Z remote: Counting objects:  60% (79/131)        
2025-06-14T05:02:17.1714050Z remote: Counting objects:  61% (80/131)        
2025-06-14T05:02:17.1714360Z remote: Counting objects:  62% (82/131)        
2025-06-14T05:02:17.1714669Z remote: Counting objects:  63% (83/131)        
2025-06-14T05:02:17.1715000Z remote: Counting objects:  64% (84/131)        
2025-06-14T05:02:17.1715315Z remote: Counting objects:  65% (86/131)        
2025-06-14T05:02:17.1715630Z remote: Counting objects:  66% (87/131)        
2025-06-14T05:02:17.1715945Z remote: Counting objects:  67% (88/131)        
2025-06-14T05:02:17.1716381Z remote: Counting objects:  68% (90/131)        
2025-06-14T05:02:17.1716706Z remote: Counting objects:  69% (91/131)        
2025-06-14T05:02:17.1717022Z remote: Counting objects:  70% (92/131)        
2025-06-14T05:02:17.1717339Z remote: Counting objects:  71% (94/131)        
2025-06-14T05:02:17.1717650Z remote: Counting objects:  72% (95/131)        
2025-06-14T05:02:17.1717970Z remote: Counting objects:  73% (96/131)        
2025-06-14T05:02:17.1718287Z remote: Counting objects:  74% (97/131)        
2025-06-14T05:02:17.1718603Z remote: Counting objects:  75% (99/131)        
2025-06-14T05:02:17.1718920Z remote: Counting objects:  76% (100/131)        
2025-06-14T05:02:17.1719259Z remote: Counting objects:  77% (101/131)        
2025-06-14T05:02:17.1719587Z remote: Counting objects:  78% (103/131)        
2025-06-14T05:02:17.1719908Z remote: Counting objects:  79% (104/131)        
2025-06-14T05:02:17.1720222Z remote: Counting objects:  80% (105/131)        
2025-06-14T05:02:17.1720809Z remote: Counting objects:  81% (107/131)        
2025-06-14T05:02:17.1721143Z remote: Counting objects:  82% (108/131)        
2025-06-14T05:02:17.1721468Z remote: Counting objects:  83% (109/131)        
2025-06-14T05:02:17.1721782Z remote: Counting objects:  84% (111/131)        
2025-06-14T05:02:17.1722103Z remote: Counting objects:  85% (112/131)        
2025-06-14T05:02:17.1722427Z remote: Counting objects:  86% (113/131)        
2025-06-14T05:02:17.1722751Z remote: Counting objects:  87% (114/131)        
2025-06-14T05:02:17.1723063Z remote: Counting objects:  88% (116/131)        
2025-06-14T05:02:17.1723384Z remote: Counting objects:  89% (117/131)        
2025-06-14T05:02:17.1723713Z remote: Counting objects:  90% (118/131)        
2025-06-14T05:02:17.1724037Z remote: Counting objects:  91% (120/131)        
2025-06-14T05:02:17.1724352Z remote: Counting objects:  92% (121/131)        
2025-06-14T05:02:17.1724670Z remote: Counting objects:  93% (122/131)        
2025-06-14T05:02:17.1724990Z remote: Counting objects:  94% (124/131)        
2025-06-14T05:02:17.1725306Z remote: Counting objects:  95% (125/131)        
2025-06-14T05:02:17.1725620Z remote: Counting objects:  96% (126/131)        
2025-06-14T05:02:17.1725938Z remote: Counting objects:  97% (128/131)        
2025-06-14T05:02:17.1726255Z remote: Counting objects:  98% (129/131)        
2025-06-14T05:02:17.1726573Z remote: Counting objects:  99% (130/131)        
2025-06-14T05:02:17.1726885Z remote: Counting objects: 100% (131/131)        
2025-06-14T05:02:17.1727228Z remote: Counting objects: 100% (131/131), done.        
2025-06-14T05:02:17.1861874Z remote: Compressing objects:   0% (1/110)        
2025-06-14T05:02:17.1862769Z remote: Compressing objects:   1% (2/110)        
2025-06-14T05:02:17.1863273Z remote: Compressing objects:   2% (3/110)        
2025-06-14T05:02:17.1863633Z remote: Compressing objects:   3% (4/110)        
2025-06-14T05:02:17.1863968Z remote: Compressing objects:   4% (5/110)        
2025-06-14T05:02:17.1864314Z remote: Compressing objects:   5% (6/110)        
2025-06-14T05:02:17.1864633Z remote: Compressing objects:   6% (7/110)        
2025-06-14T05:02:17.1864957Z remote: Compressing objects:   7% (8/110)        
2025-06-14T05:02:17.1865289Z remote: Compressing objects:   8% (9/110)        
2025-06-14T05:02:17.1865628Z remote: Compressing objects:   9% (10/110)        
2025-06-14T05:02:17.1865963Z remote: Compressing objects:  10% (11/110)        
2025-06-14T05:02:17.1866296Z remote: Compressing objects:  11% (13/110)        
2025-06-14T05:02:17.1866631Z remote: Compressing objects:  12% (14/110)        
2025-06-14T05:02:17.1866961Z remote: Compressing objects:  13% (15/110)        
2025-06-14T05:02:17.1867291Z remote: Compressing objects:  14% (16/110)        
2025-06-14T05:02:17.1867624Z remote: Compressing objects:  15% (17/110)        
2025-06-14T05:02:17.1867951Z remote: Compressing objects:  16% (18/110)        
2025-06-14T05:02:17.1868280Z remote: Compressing objects:  17% (19/110)        
2025-06-14T05:02:17.1868740Z remote: Compressing objects:  18% (20/110)        
2025-06-14T05:02:17.1869071Z remote: Compressing objects:  19% (21/110)        
2025-06-14T05:02:17.1869409Z remote: Compressing objects:  20% (22/110)        
2025-06-14T05:02:17.1869745Z remote: Compressing objects:  21% (24/110)        
2025-06-14T05:02:17.1870074Z remote: Compressing objects:  22% (25/110)        
2025-06-14T05:02:17.1870593Z remote: Compressing objects:  23% (26/110)        
2025-06-14T05:02:17.1870931Z remote: Compressing objects:  24% (27/110)        
2025-06-14T05:02:17.1871263Z remote: Compressing objects:  25% (28/110)        
2025-06-14T05:02:17.1871591Z remote: Compressing objects:  26% (29/110)        
2025-06-14T05:02:17.1871932Z remote: Compressing objects:  27% (30/110)        
2025-06-14T05:02:17.1872266Z remote: Compressing objects:  28% (31/110)        
2025-06-14T05:02:17.2080711Z remote: Compressing objects:  29% (32/110)        
2025-06-14T05:02:17.2081714Z remote: Compressing objects:  30% (33/110)        
2025-06-14T05:02:17.2082603Z remote: Compressing objects:  31% (35/110)        
2025-06-14T05:02:17.2083106Z remote: Compressing objects:  32% (36/110)        
2025-06-14T05:02:17.2083531Z remote: Compressing objects:  33% (37/110)        
2025-06-14T05:02:17.2083961Z remote: Compressing objects:  34% (38/110)        
2025-06-14T05:02:17.2084641Z remote: Compressing objects:  35% (39/110)        
2025-06-14T05:02:17.2085303Z remote: Compressing objects:  36% (40/110)        
2025-06-14T05:02:17.2086175Z remote: Compressing objects:  37% (41/110)        
2025-06-14T05:02:17.2086684Z remote: Compressing objects:  38% (42/110)        
2025-06-14T05:02:17.2087103Z remote: Compressing objects:  39% (43/110)        
2025-06-14T05:02:17.2087577Z remote: Compressing objects:  40% (44/110)        
2025-06-14T05:02:17.2087990Z remote: Compressing objects:  41% (46/110)        
2025-06-14T05:02:17.2088406Z remote: Compressing objects:  42% (47/110)        
2025-06-14T05:02:17.2088822Z remote: Compressing objects:  43% (48/110)        
2025-06-14T05:02:17.2089255Z remote: Compressing objects:  44% (49/110)        
2025-06-14T05:02:17.2089605Z remote: Compressing objects:  45% (50/110)        
2025-06-14T05:02:17.2089953Z remote: Compressing objects:  46% (51/110)        
2025-06-14T05:02:17.2090298Z remote: Compressing objects:  47% (52/110)        
2025-06-14T05:02:17.2090818Z remote: Compressing objects:  48% (53/110)        
2025-06-14T05:02:17.2091173Z remote: Compressing objects:  49% (54/110)        
2025-06-14T05:02:17.2111830Z remote: Compressing objects:  50% (55/110)        
2025-06-14T05:02:17.2127333Z remote: Compressing objects:  51% (57/110)        
2025-06-14T05:02:17.2138494Z remote: Compressing objects:  52% (58/110)        
2025-06-14T05:02:17.2149335Z remote: Compressing objects:  53% (59/110)        
2025-06-14T05:02:17.2164860Z remote: Compressing objects:  54% (60/110)        
2025-06-14T05:02:17.2178789Z remote: Compressing objects:  55% (61/110)        
2025-06-14T05:02:17.2211963Z remote: Compressing objects:  56% (62/110)        
2025-06-14T05:02:17.2213313Z remote: Compressing objects:  57% (63/110)        
2025-06-14T05:02:17.2214346Z remote: Compressing objects:  58% (64/110)        
2025-06-14T05:02:17.2215072Z remote: Compressing objects:  59% (65/110)        
2025-06-14T05:02:17.2215537Z remote: Compressing objects:  60% (66/110)        
2025-06-14T05:02:17.2215990Z remote: Compressing objects:  61% (68/110)        
2025-06-14T05:02:17.2216440Z remote: Compressing objects:  62% (69/110)        
2025-06-14T05:02:17.2216886Z remote: Compressing objects:  63% (70/110)        
2025-06-14T05:02:17.2217372Z remote: Compressing objects:  64% (71/110)        
2025-06-14T05:02:17.2217817Z remote: Compressing objects:  65% (72/110)        
2025-06-14T05:02:17.2218252Z remote: Compressing objects:  66% (73/110)        
2025-06-14T05:02:17.2218706Z remote: Compressing objects:  67% (74/110)        
2025-06-14T05:02:17.2219188Z remote: Compressing objects:  68% (75/110)        
2025-06-14T05:02:17.2219847Z remote: Compressing objects:  69% (76/110)        
2025-06-14T05:02:17.2220222Z remote: Compressing objects:  70% (77/110)        
2025-06-14T05:02:17.2220800Z remote: Compressing objects:  71% (79/110)        
2025-06-14T05:02:17.2221181Z remote: Compressing objects:  72% (80/110)        
2025-06-14T05:02:17.2223461Z remote: Compressing objects:  73% (81/110)        
2025-06-14T05:02:17.2231818Z remote: Compressing objects:  74% (82/110)        
2025-06-14T05:02:17.2232445Z remote: Compressing objects:  75% (83/110)        
2025-06-14T05:02:17.2241915Z remote: Compressing objects:  76% (84/110)        
2025-06-14T05:02:17.2249814Z remote: Compressing objects:  77% (85/110)        
2025-06-14T05:02:17.2258137Z remote: Compressing objects:  78% (86/110)        
2025-06-14T05:02:17.2258759Z remote: Compressing objects:  79% (87/110)        
2025-06-14T05:02:17.2269383Z remote: Compressing objects:  80% (88/110)        
2025-06-14T05:02:17.2277257Z remote: Compressing objects:  81% (90/110)        
2025-06-14T05:02:17.2281531Z remote: Compressing objects:  82% (91/110)        
2025-06-14T05:02:17.2283713Z remote: Compressing objects:  83% (92/110)        
2025-06-14T05:02:17.2291516Z remote: Compressing objects:  84% (93/110)        
2025-06-14T05:02:17.2299162Z remote: Compressing objects:  85% (94/110)        
2025-06-14T05:02:17.2300944Z remote: Compressing objects:  86% (95/110)        
2025-06-14T05:02:17.2301884Z remote: Compressing objects:  87% (96/110)        
2025-06-14T05:02:17.2302743Z remote: Compressing objects:  88% (97/110)        
2025-06-14T05:02:17.2303346Z remote: Compressing objects:  89% (98/110)        
2025-06-14T05:02:17.2303754Z remote: Compressing objects:  90% (99/110)        
2025-06-14T05:02:17.2304152Z remote: Compressing objects:  91% (101/110)        
2025-06-14T05:02:17.2304541Z remote: Compressing objects:  92% (102/110)        
2025-06-14T05:02:17.2304917Z remote: Compressing objects:  93% (103/110)        
2025-06-14T05:02:17.2305506Z remote: Compressing objects:  94% (104/110)        
2025-06-14T05:02:17.2305939Z remote: Compressing objects:  95% (105/110)        
2025-06-14T05:02:17.2306372Z remote: Compressing objects:  96% (106/110)        
2025-06-14T05:02:17.2306748Z remote: Compressing objects:  97% (107/110)        
2025-06-14T05:02:17.2307115Z remote: Compressing objects:  98% (108/110)        
2025-06-14T05:02:17.2307485Z remote: Compressing objects:  99% (109/110)        
2025-06-14T05:02:17.2307854Z remote: Compressing objects: 100% (110/110)        
2025-06-14T05:02:17.2308255Z remote: Compressing objects: 100% (110/110), done.        
2025-06-14T05:02:17.2413229Z Receiving objects:   0% (1/131)
2025-06-14T05:02:17.2413825Z Receiving objects:   1% (2/131)
2025-06-14T05:02:17.2414545Z Receiving objects:   2% (3/131)
2025-06-14T05:02:17.2415031Z Receiving objects:   3% (4/131)
2025-06-14T05:02:17.2415357Z Receiving objects:   4% (6/131)
2025-06-14T05:02:17.2415701Z Receiving objects:   5% (7/131)
2025-06-14T05:02:17.2615614Z Receiving objects:   6% (8/131)
2025-06-14T05:02:17.2668131Z Receiving objects:   7% (10/131)
2025-06-14T05:02:17.2707165Z Receiving objects:   8% (11/131)
2025-06-14T05:02:17.2752264Z Receiving objects:   9% (12/131)
2025-06-14T05:02:17.2754243Z Receiving objects:  10% (14/131)
2025-06-14T05:02:17.2778442Z Receiving objects:  11% (15/131)
2025-06-14T05:02:17.2779044Z Receiving objects:  12% (16/131)
2025-06-14T05:02:17.2829705Z Receiving objects:  13% (18/131)
2025-06-14T05:02:17.2834719Z Receiving objects:  14% (19/131)
2025-06-14T05:02:17.2835207Z Receiving objects:  15% (20/131)
2025-06-14T05:02:17.2917985Z Receiving objects:  16% (21/131)
2025-06-14T05:02:17.3137381Z Receiving objects:  17% (23/131)
2025-06-14T05:02:17.3138551Z Receiving objects:  18% (24/131)
2025-06-14T05:02:17.3139795Z Receiving objects:  19% (25/131)
2025-06-14T05:02:17.3140909Z Receiving objects:  20% (27/131)
2025-06-14T05:02:17.3184751Z Receiving objects:  21% (28/131)
2025-06-14T05:02:17.3186857Z Receiving objects:  22% (29/131)
2025-06-14T05:02:17.3195872Z Receiving objects:  23% (31/131)
2025-06-14T05:02:17.3198290Z Receiving objects:  24% (32/131)
2025-06-14T05:02:17.3200964Z Receiving objects:  25% (33/131)
2025-06-14T05:02:17.3201924Z Receiving objects:  26% (35/131)
2025-06-14T05:02:17.3204133Z Receiving objects:  27% (36/131)
2025-06-14T05:02:17.3206654Z Receiving objects:  28% (37/131)
2025-06-14T05:02:17.3209639Z Receiving objects:  29% (38/131)
2025-06-14T05:02:17.3223301Z Receiving objects:  30% (40/131)
2025-06-14T05:02:17.3225279Z Receiving objects:  31% (41/131)
2025-06-14T05:02:17.3235180Z Receiving objects:  32% (42/131)
2025-06-14T05:02:17.3236581Z Receiving objects:  33% (44/131)
2025-06-14T05:02:17.3270256Z Receiving objects:  34% (45/131)
2025-06-14T05:02:17.3287748Z Receiving objects:  35% (46/131)
2025-06-14T05:02:17.3288682Z Receiving objects:  36% (48/131)
2025-06-14T05:02:17.3289240Z Receiving objects:  37% (49/131)
2025-06-14T05:02:17.3289744Z Receiving objects:  38% (50/131)
2025-06-14T05:02:17.3290237Z Receiving objects:  39% (52/131)
2025-06-14T05:02:17.3290958Z Receiving objects:  40% (53/131)
2025-06-14T05:02:17.3337727Z Receiving objects:  41% (54/131)
2025-06-14T05:02:17.3338647Z Receiving objects:  42% (56/131)
2025-06-14T05:02:17.3339259Z Receiving objects:  43% (57/131)
2025-06-14T05:02:17.3348017Z Receiving objects:  44% (58/131)
2025-06-14T05:02:17.3349960Z Receiving objects:  45% (59/131)
2025-06-14T05:02:17.3359607Z Receiving objects:  46% (61/131)
2025-06-14T05:02:17.3362176Z Receiving objects:  47% (62/131)
2025-06-14T05:02:17.3366282Z Receiving objects:  48% (63/131)
2025-06-14T05:02:17.3664152Z Receiving objects:  49% (65/131)
2025-06-14T05:02:17.3666286Z Receiving objects:  50% (66/131)
2025-06-14T05:02:17.3668429Z Receiving objects:  51% (67/131)
2025-06-14T05:02:17.3669922Z Receiving objects:  52% (69/131)
2025-06-14T05:02:17.3670804Z Receiving objects:  53% (70/131)
2025-06-14T05:02:17.3673536Z Receiving objects:  54% (71/131)
2025-06-14T05:02:17.3712917Z Receiving objects:  55% (73/131)
2025-06-14T05:02:17.3715028Z Receiving objects:  56% (74/131)
2025-06-14T05:02:17.3717623Z Receiving objects:  57% (75/131)
2025-06-14T05:02:17.3721490Z Receiving objects:  58% (76/131)
2025-06-14T05:02:17.3723700Z Receiving objects:  59% (78/131)
2025-06-14T05:02:17.3726238Z Receiving objects:  60% (79/131)
2025-06-14T05:02:17.3727909Z Receiving objects:  61% (80/131)
2025-06-14T05:02:17.3728622Z Receiving objects:  62% (82/131)
2025-06-14T05:02:17.3729095Z Receiving objects:  63% (83/131)
2025-06-14T05:02:17.3737694Z Receiving objects:  64% (84/131)
2025-06-14T05:02:17.3738476Z Receiving objects:  65% (86/131)
2025-06-14T05:02:17.3738959Z Receiving objects:  66% (87/131)
2025-06-14T05:02:17.3739384Z Receiving objects:  67% (88/131)
2025-06-14T05:02:17.3740025Z Receiving objects:  68% (90/131)
2025-06-14T05:02:17.3740642Z Receiving objects:  69% (91/131)
2025-06-14T05:02:17.3741044Z Receiving objects:  70% (92/131)
2025-06-14T05:02:17.3741457Z Receiving objects:  71% (94/131)
2025-06-14T05:02:17.3741841Z Receiving objects:  72% (95/131)
2025-06-14T05:02:17.3742232Z Receiving objects:  73% (96/131)
2025-06-14T05:02:17.3742623Z Receiving objects:  74% (97/131)
2025-06-14T05:02:17.3743008Z Receiving objects:  75% (99/131)
2025-06-14T05:02:17.3743402Z Receiving objects:  76% (100/131)
2025-06-14T05:02:17.3743786Z Receiving objects:  77% (101/131)
2025-06-14T05:02:17.3744196Z Receiving objects:  78% (103/131)
2025-06-14T05:02:17.3744604Z Receiving objects:  79% (104/131)
2025-06-14T05:02:17.3745029Z Receiving objects:  80% (105/131)
2025-06-14T05:02:17.3745434Z Receiving objects:  81% (107/131)
2025-06-14T05:02:17.3745840Z Receiving objects:  82% (108/131)
2025-06-14T05:02:17.3746259Z Receiving objects:  83% (109/131)
2025-06-14T05:02:17.3746672Z Receiving objects:  84% (111/131)
2025-06-14T05:02:17.3750140Z Receiving objects:  85% (112/131)
2025-06-14T05:02:17.3751069Z Receiving objects:  86% (113/131)
2025-06-14T05:02:17.3751581Z Receiving objects:  87% (114/131)
2025-06-14T05:02:17.3754568Z Receiving objects:  88% (116/131)
2025-06-14T05:02:17.3755257Z Receiving objects:  89% (117/131)
2025-06-14T05:02:17.3755692Z Receiving objects:  90% (118/131)
2025-06-14T05:02:17.3764142Z Receiving objects:  91% (120/131)
2025-06-14T05:02:17.3765147Z Receiving objects:  92% (121/131)
2025-06-14T05:02:17.3765643Z Receiving objects:  93% (122/131)
2025-06-14T05:02:17.3766094Z Receiving objects:  94% (124/131)
2025-06-14T05:02:17.3769194Z Receiving objects:  95% (125/131)
2025-06-14T05:02:17.3818522Z Receiving objects:  96% (126/131)
2025-06-14T05:02:17.3818966Z Receiving objects:  97% (128/131)
2025-06-14T05:02:17.3821472Z Receiving objects:  98% (129/131)
2025-06-14T05:02:17.3843595Z Receiving objects:  99% (130/131)
2025-06-14T05:02:17.3845357Z remote: Total 131 (delta 23), reused 76 (delta 17), pack-reused 0 (from 0)        
2025-06-14T05:02:17.3846981Z Receiving objects: 100% (131/131)
2025-06-14T05:02:17.3847778Z Receiving objects: 100% (131/131), 418.33 KiB | 2.87 MiB/s, done.
2025-06-14T05:02:17.3859247Z Resolving deltas:   0% (0/23)
2025-06-14T05:02:17.3859675Z Resolving deltas:   4% (1/23)
2025-06-14T05:02:17.3860065Z Resolving deltas:   8% (2/23)
2025-06-14T05:02:17.3878920Z Resolving deltas:  13% (3/23)
2025-06-14T05:02:17.3879432Z Resolving deltas:  17% (4/23)
2025-06-14T05:02:17.3879844Z Resolving deltas:  21% (5/23)
2025-06-14T05:02:17.3882482Z Resolving deltas:  26% (6/23)
2025-06-14T05:02:17.3882948Z Resolving deltas:  30% (7/23)
2025-06-14T05:02:17.3883323Z Resolving deltas:  34% (8/23)
2025-06-14T05:02:17.3917496Z Resolving deltas:  39% (9/23)
2025-06-14T05:02:17.3917914Z Resolving deltas:  43% (10/23)
2025-06-14T05:02:17.3918307Z Resolving deltas:  47% (11/23)
2025-06-14T05:02:17.3918676Z Resolving deltas:  52% (12/23)
2025-06-14T05:02:17.3919036Z Resolving deltas:  56% (13/23)
2025-06-14T05:02:17.3919418Z Resolving deltas:  60% (14/23)
2025-06-14T05:02:17.3919796Z Resolving deltas:  65% (15/23)
2025-06-14T05:02:17.3920219Z Resolving deltas:  69% (16/23)
2025-06-14T05:02:17.3920739Z Resolving deltas:  73% (17/23)
2025-06-14T05:02:17.3921120Z Resolving deltas:  78% (18/23)
2025-06-14T05:02:17.3921506Z Resolving deltas:  82% (19/23)
2025-06-14T05:02:17.3921884Z Resolving deltas:  86% (20/23)
2025-06-14T05:02:17.3922250Z Resolving deltas:  91% (21/23)
2025-06-14T05:02:17.3922623Z Resolving deltas:  95% (22/23)
2025-06-14T05:02:17.3923004Z Resolving deltas: 100% (23/23)
2025-06-14T05:02:17.3923397Z Resolving deltas: 100% (23/23), done.
2025-06-14T05:02:17.4057688Z From https://github.com/thefaftek-git/CA_Scanner
2025-06-14T05:02:17.4058418Z  * [new ref]         ffb67d626ecd0652b8a5fe656fafb5faac31dcdf -> pull/131/merge
2025-06-14T05:02:17.4092116Z ##[endgroup]
2025-06-14T05:02:17.4092697Z ##[group]Determining the checkout info
2025-06-14T05:02:17.4094741Z ##[endgroup]
2025-06-14T05:02:17.4095532Z ##[group]Checking out the ref
2025-06-14T05:02:17.4100587Z [command]/usr/bin/git checkout --progress --force refs/remotes/pull/131/merge
2025-06-14T05:02:17.4237013Z Note: switching to 'refs/remotes/pull/131/merge'.
2025-06-14T05:02:17.4237350Z 
2025-06-14T05:02:17.4237608Z You are in 'detached HEAD' state. You can look around, make experimental
2025-06-14T05:02:17.4238161Z changes and commit them, and you can discard any commits you make in this
2025-06-14T05:02:17.4238708Z state without impacting any branches by switching back to a branch.
2025-06-14T05:02:17.4239022Z 
2025-06-14T05:02:17.4239237Z If you want to create a new branch to retain commits you create, you may
2025-06-14T05:02:17.4239731Z do so (now or later) by using -c with the switch command. Example:
2025-06-14T05:02:17.4240013Z 
2025-06-14T05:02:17.4240151Z   git switch -c <new-branch-name>
2025-06-14T05:02:17.4240526Z 
2025-06-14T05:02:17.4240648Z Or undo this operation with:
2025-06-14T05:02:17.4240825Z 
2025-06-14T05:02:17.4240925Z   git switch -
2025-06-14T05:02:17.4241062Z 
2025-06-14T05:02:17.4241302Z Turn off this advice by setting config variable advice.detachedHead to false
2025-06-14T05:02:17.4241645Z 
2025-06-14T05:02:17.4242207Z HEAD is now at ffb67d6 Merge 90f3d5602546644bfc43f94cc0cfc0971e32dbd8 into b65212c17ea56c45c72500a33a5f4a69595be0e5
2025-06-14T05:02:17.4246761Z ##[endgroup]
2025-06-14T05:02:17.4280602Z [command]/usr/bin/git log -1 --format='%H'
2025-06-14T05:02:17.4301410Z 'ffb67d626ecd0652b8a5fe656fafb5faac31dcdf'
2025-06-14T05:02:17.4503412Z ##[group]Run actions/setup-dotnet@v3
2025-06-14T05:02:17.4503689Z with:
2025-06-14T05:02:17.4503870Z   dotnet-version: 8.0.x
2025-06-14T05:02:17.4504074Z   cache: false
2025-06-14T05:02:17.4504245Z ##[endgroup]
2025-06-14T05:02:17.6396623Z [command]/home/runner/work/_actions/actions/setup-dotnet/v3/externals/install-dotnet.sh --channel 8.0
2025-06-14T05:02:17.9922877Z dotnet-install: Attempting to download using aka.ms link https://builds.dotnet.microsoft.com/dotnet/Sdk/8.0.411/dotnet-sdk-8.0.411-linux-x64.tar.gz
2025-06-14T05:02:19.2576851Z dotnet-install: Remote file https://builds.dotnet.microsoft.com/dotnet/Sdk/8.0.411/dotnet-sdk-8.0.411-linux-x64.tar.gz size is 216078119 bytes.
2025-06-14T05:02:19.2578827Z dotnet-install: Extracting archive from https://builds.dotnet.microsoft.com/dotnet/Sdk/8.0.411/dotnet-sdk-8.0.411-linux-x64.tar.gz
2025-06-14T05:02:23.8262550Z dotnet-install: Downloaded file size is 216078119 bytes.
2025-06-14T05:02:23.8263433Z dotnet-install: The remote and local file sizes are equal.
2025-06-14T05:02:24.0902426Z dotnet-install: Installed version is 8.0.411
2025-06-14T05:02:24.0964916Z dotnet-install: Adding to current process PATH: `/usr/share/dotnet`. Note: This change will be visible only when sourcing script.
2025-06-14T05:02:24.0966487Z dotnet-install: Note that the script does not resolve dependencies during installation.
2025-06-14T05:02:24.0968138Z dotnet-install: To check the list of dependencies, go to https://learn.microsoft.com/dotnet/core/install, select your operating system and check the "Dependencies" section.
2025-06-14T05:02:24.0969270Z dotnet-install: Installation finished successfully.
2025-06-14T05:02:24.1120282Z ##[group]Run dotnet --version && dotnet restore
2025-06-14T05:02:24.1121345Z [36;1mdotnet --version && dotnet restore[0m
2025-06-14T05:02:24.1211899Z shell: /usr/bin/bash -e {0}
2025-06-14T05:02:24.1212168Z env:
2025-06-14T05:02:24.1212383Z   DOTNET_ROOT: /usr/share/dotnet
2025-06-14T05:02:24.1212659Z ##[endgroup]
2025-06-14T05:02:24.2221977Z 8.0.411
2025-06-14T05:02:25.1064966Z   Determining projects to restore...
2025-06-14T05:02:34.3675851Z   Restored /home/runner/work/CA_Scanner/CA_Scanner/ConditionalAccessExporter/ConditionalAccessExporter.csproj (in 8.88 sec).
2025-06-14T05:02:34.3923218Z   Restored /home/runner/work/CA_Scanner/CA_Scanner/ConditionalAccessExporter.Tests/ConditionalAccessExporter.Tests.csproj (in 8.91 sec).
2025-06-14T05:02:34.4362801Z ##[group]Run dotnet --version && dotnet build --no-restore
2025-06-14T05:02:34.4363466Z [36;1mdotnet --version && dotnet build --no-restore[0m
2025-06-14T05:02:34.4421146Z shell: /usr/bin/bash -e {0}
2025-06-14T05:02:34.4421378Z env:
2025-06-14T05:02:34.4421555Z   DOTNET_ROOT: /usr/share/dotnet
2025-06-14T05:02:34.4421781Z ##[endgroup]
2025-06-14T05:02:34.5341838Z 8.0.411
2025-06-14T05:02:41.4981805Z   ConditionalAccessExporter -> /home/runner/work/CA_Scanner/CA_Scanner/ConditionalAccessExporter/bin/Debug/net8.0/ConditionalAccessExporter.dll
2025-06-14T05:02:45.0757311Z   ConditionalAccessExporter.Tests -> /home/runner/work/CA_Scanner/CA_Scanner/ConditionalAccessExporter.Tests/bin/Debug/net8.0/ConditionalAccessExporter.Tests.dll
2025-06-14T05:02:45.0994803Z 
2025-06-14T05:02:45.1015321Z Build succeeded.
2025-06-14T05:02:45.1016083Z     0 Warning(s)
2025-06-14T05:02:45.1016831Z     0 Error(s)
2025-06-14T05:02:45.1021448Z 
2025-06-14T05:02:45.1022008Z Time Elapsed 00:00:10.35
2025-06-14T05:02:45.1307660Z ##[group]Run dotnet --version && dotnet test --no-build --verbosity normal --collect:"XPlat Code Coverage" --logger "console;verbosity=detailed" --nologo
2025-06-14T05:02:45.1308628Z [36;1mdotnet --version && dotnet test --no-build --verbosity normal --collect:"XPlat Code Coverage" --logger "console;verbosity=detailed" --nologo[0m
2025-06-14T05:02:45.1366675Z shell: /usr/bin/bash -e {0}
2025-06-14T05:02:45.1366903Z env:
2025-06-14T05:02:45.1367077Z   DOTNET_ROOT: /usr/share/dotnet
2025-06-14T05:02:45.1367451Z   AZURE_TENANT_ID: ***
2025-06-14T05:02:45.1367714Z   AZURE_CLIENT_ID: ***
2025-06-14T05:02:45.1368048Z   AZURE_CLIENT_SECRET: ***
2025-06-14T05:02:45.1368263Z ##[endgroup]
2025-06-14T05:02:45.2278917Z 8.0.411
2025-06-14T05:02:45.5396720Z Build started 06/14/2025 05:02:45.
2025-06-14T05:02:45.7383204Z      1>Project "/home/runner/work/CA_Scanner/CA_Scanner/ConditionalAccessExporter.sln" on node 1 (VSTest target(s)).
2025-06-14T05:02:45.7422536Z      1>ValidateSolutionConfiguration:
2025-06-14T05:02:45.7463459Z          Building solution configuration "Debug|Any CPU".
2025-06-14T05:02:46.2821719Z Test run for /home/runner/work/CA_Scanner/CA_Scanner/ConditionalAccessExporter.Tests/bin/Debug/net8.0/ConditionalAccessExporter.Tests.dll (.NETCoreApp,Version=v8.0)
2025-06-14T05:02:46.4490643Z A total of 1 test files matched the specified pattern.
2025-06-14T05:02:46.4494204Z /home/runner/work/CA_Scanner/CA_Scanner/ConditionalAccessExporter.Tests/bin/Debug/net8.0/ConditionalAccessExporter.Tests.dll
2025-06-14T05:02:48.3292185Z [xUnit.net 00:00:00.00] xUnit.net VSTest Adapter v2.5.3.1+6b60a9e56a (64-bit .NET 8.0.17)
2025-06-14T05:02:48.5232935Z [xUnit.net 00:00:00.20]   Discovering: ConditionalAccessExporter.Tests
2025-06-14T05:02:48.5929956Z [xUnit.net 00:00:00.27]   Discovered:  ConditionalAccessExporter.Tests
2025-06-14T05:02:48.5952730Z [xUnit.net 00:00:00.28]   Starting:    ConditionalAccessExporter.Tests
2025-06-14T05:02:48.6696538Z Starting Conditional Access Policy remediation analysis...
2025-06-14T05:02:48.6723567Z Authentication credentials not found. Please set AZURE_TENANT_ID, AZURE_CLIENT_ID, and AZURE_CLIENT_SECRET environment variables.
2025-06-14T05:02:48.6820663Z Starting Conditional Access Policy remediation analysis...
2025-06-14T05:02:48.6821797Z Starting Conditional Access Policy remediation analysis...
2025-06-14T05:02:48.6836283Z Starting Conditional Access Policy remediation analysis...
2025-06-14T05:02:48.6837043Z Starting Conditional Access Policy remediation analysis...
2025-06-14T05:02:48.6838586Z Authentication credentials not found. Please set AZURE_TENANT_ID, AZURE_CLIENT_ID, and AZURE_CLIENT_SECRET environment variables.
2025-06-14T05:02:48.6840244Z Authentication credentials not found. Please set AZURE_TENANT_ID, AZURE_CLIENT_ID, and AZURE_CLIENT_SECRET environment variables.
2025-06-14T05:02:48.6842076Z Authentication credentials not found. Please set AZURE_TENANT_ID, AZURE_CLIENT_ID, and AZURE_CLIENT_SECRET environment variables.
2025-06-14T05:02:48.6843710Z Authentication credentials not found. Please set AZURE_TENANT_ID, AZURE_CLIENT_ID, and AZURE_CLIENT_SECRET environment variables.
2025-06-14T05:02:48.6869097Z Starting Conditional Access Policy remediation analysis...
2025-06-14T05:02:48.6883262Z Authentication credentials not found. Please set AZURE_TENANT_ID, AZURE_CLIENT_ID, and AZURE_CLIENT_SECRET environment variables.
2025-06-14T05:02:48.6897824Z Starting Conditional Access Policy remediation analysis...
2025-06-14T05:02:48.6911267Z Authentication credentials not found. Please set AZURE_TENANT_ID, AZURE_CLIENT_ID, and AZURE_CLIENT_SECRET environment variables.
2025-06-14T05:02:48.7068690Z Converting 1 Terraform policies to Graph JSON format using parallel processing...
2025-06-14T05:02:48.7297254Z Starting cross-format comparison between '/tmp/CrossFormatIntegrationTests_66bb5249/source' and '/tmp/CrossFormatIntegrationTests_66bb5249/reference'
2025-06-14T05:02:48.7385481Z Starting cross-format comparison between '/tmp/CrossFormatTests_2e8de8ba/source' and '/tmp/CrossFormatTests_2e8de8ba/reference'
2025-06-14T05:02:48.7467159Z No JSON files found in directory: /tmp/test-ref-empty. No files were processed.
2025-06-14T05:02:48.7475335Z ✓ All 0 reference files are valid
2025-06-14T05:02:48.7524683Z No JSON files found in reference directory '/tmp/test-ref-empty'
2025-06-14T05:02:48.7701842Z Cross-format comparison report generated: /tmp/test-reports/cross-format-comparison-20250614-050248.json
2025-06-14T05:02:48.7704101Z Validating 1 policy files using parallel processing...
2025-06-14T05:02:48.7914736Z Policy conversion completed in 59ms
2025-06-14T05:02:48.7919438Z Average speed: 17.1 policies/second
2025-06-14T05:02:48.7967856Z   Passed ConditionalAccessExporter.Tests.RemediatePoliciesAsyncTests.RemediatePoliciesAsync_AcceptsValidRiskLevels(riskLevel: "All") [28 ms]
2025-06-14T05:02:48.7978817Z   Passed ConditionalAccessExporter.Tests.RemediatePoliciesAsyncTests.RemediatePoliciesAsync_AcceptsValidRiskLevels(riskLevel: "High") [< 1 ms]
2025-06-14T05:02:48.7984219Z   Passed ConditionalAccessExporter.Tests.RemediatePoliciesAsyncTests.RemediatePoliciesAsync_AcceptsValidRiskLevels(riskLevel: "Critical") [< 1 ms]
2025-06-14T05:02:48.7990587Z   Passed ConditionalAccessExporter.Tests.RemediatePoliciesAsyncTests.RemediatePoliciesAsync_AcceptsValidRiskLevels(riskLevel: "Low") [< 1 ms]
2025-06-14T05:02:48.8004133Z   Passed ConditionalAccessExporter.Tests.RemediatePoliciesAsyncTests.RemediatePoliciesAsync_AcceptsValidRiskLevels(riskLevel: "Medium") [< 1 ms]
2025-06-14T05:02:48.8006065Z   Passed ConditionalAccessExporter.Tests.RemediatePoliciesAsyncTests.RemediatePoliciesAsync_CreatesOutputDirectory [5 ms]
2025-06-14T05:02:48.8007503Z Converting policies: Progress: 1/1 (100.0%) - 24.4 items/sec, ETA: 00:00
2025-06-14T05:02:48.8008957Z   Passed ConditionalAccessExporter.Tests.RemediatePoliciesAsyncTests.RemediatePoliciesAsync_WithoutCredentials_ReturnsErrorExitCode [1 ms]
2025-06-14T05:02:48.8011200Z   Passed ConditionalAccessExporter.Tests.BaselineGenerationServiceTests.BaselineGenerationOptions_PropertiesSetCorrectly [13 ms]
2025-06-14T05:02:48.8013281Z   Passed ConditionalAccessExporter.Tests.BaselineGenerationServiceTests.BaselineGenerationOptions_DefaultConstructor_SetsDefaults [< 1 ms]
2025-06-14T05:02:48.8015378Z   Passed ConditionalAccessExporter.Tests.BaselineGenerationServiceTests.BaselineGenerationService_Constructor_CreatesInstance [< 1 ms]
2025-06-14T05:02:48.8017387Z   Passed ConditionalAccessExporter.Tests.CrossFormatComparisonTests.CrossFormatMatchingOptions_DefaultValues_ShouldBeCorrect [12 ms]
2025-06-14T05:02:48.8038606Z Found 0 source policies (Mixed) and 1 reference policies (Terraform)
2025-06-14T05:02:48.8232353Z   Passed ConditionalAccessExporter.Tests.PolicyComparisonServiceTests.CompareAsync_EntraOnlyPolicy_ShouldReportAsEntraOnly [68 ms]
2025-06-14T05:02:48.8238132Z   Passed ConditionalAccessExporter.Tests.CrossFormatComparisonTests.CrossFormatReportGeneration_ShouldCreateValidJsonReport [73 ms]
2025-06-14T05:02:48.8240521Z   Passed ConditionalAccessExporter.Tests.TerraformParsingServiceTests.ParseTerraformFileAsync_ValidTfFileWithSinglePolicy_ShouldParseSuccessfully [154 ms]
2025-06-14T05:02:48.8242939Z   Passed ConditionalAccessExporter.Tests.TerraformParsingServiceTests.ParseTerraformFileAsync_TfFileWithUnsupportedResources_ShouldIgnoreOtherResources [1 ms]
2025-06-14T05:02:48.8245551Z   Passed ConditionalAccessExporter.Tests.CrossFormatPolicyComparisonServiceSpecificMethodTests.CompareJsonToTerraformAsync_EmptyEntraExport_ShouldReturnEmptyResult [168 ms]
2025-06-14T05:02:48.8256687Z Starting cross-format comparison between '/tmp/CrossFormatTests_9c3b3451/source' and '/tmp/CrossFormatTests_9c3b3451/reference'
2025-06-14T05:02:48.8304874Z Starting cross-format comparison between '/tmp/test-source' and '/tmp/test-reference'
2025-06-14T05:02:48.8317314Z Found 1 source policies (Json) and 1 reference policies (Terraform)
2025-06-14T05:02:48.8448435Z Found 1 source policies (Json) and 1 reference policies (Terraform)
2025-06-14T05:02:48.8557947Z   Passed ConditionalAccessExporter.Tests.CrossFormatPolicyComparisonServiceTests.ComparePoliciesAsync_EmptySourceDirectory_ShouldHandleGracefully [84 ms]
2025-06-14T05:02:48.8579783Z   Passed ConditionalAccessExporter.Tests.TerraformParsingServiceTests.ParseTerraformFileAsync_TfFileWithLocalsOnly_ShouldParseLocals [7 ms]
2025-06-14T05:02:48.8582350Z   Passed ConditionalAccessExporter.Tests.TerraformParsingServiceTests.ParseTerraformFileAsync_FileDoesNotExist_ShouldReturnError [3 ms]
2025-06-14T05:02:48.8585232Z   Passed ConditionalAccessExporter.Tests.JsonToTerraformServiceTests.ConvertJsonToTerraformAsync_WithDifferentStates_ShouldIncludeStateCorrectly(inputState: "disabled", expectedOutputState: "disabled") [199 ms]
2025-06-14T05:02:48.8588299Z   Passed ConditionalAccessExporter.Tests.CrossFormatPolicyComparisonServiceSpecificMethodTests.CompareJsonToTerraformAsync_ArrayOrderDifference_ShouldDetectSemanticEquivalence [29 ms]
2025-06-14T05:02:48.8591195Z   Passed ConditionalAccessExporter.Tests.CrossFormatComparisonTests.CrossFormatComparison_WithSampleData_ShouldProduceValidResults [30 ms]
2025-06-14T05:02:48.8661562Z   Passed ConditionalAccessExporter.Tests.TerraformParsingServiceTests.ParseTerraformFileAsync_TfFileWithVariablesOnly_ShouldParseVariables [25 ms]
2025-06-14T05:02:48.8672139Z   Passed ConditionalAccessExporter.Tests.CrossFormatPolicyComparisonServiceSpecificMethodTests.CompareJsonToTerraformAsync_DifferentPolicies_ShouldReturnDifferentStatus [5 ms]
2025-06-14T05:02:48.8674679Z   Passed ConditionalAccessExporter.Tests.TerraformParsingServiceTests.ParseTerraformFileAsync_EmptyFile_ShouldReturnEmptyPolicies [2 ms]
2025-06-14T05:02:48.8678066Z   Passed ConditionalAccessExporter.Tests.JsonToTerraformServiceTests.ConvertJsonToTerraformAsync_WithDifferentStates_ShouldIncludeStateCorrectly(inputState: "enabled", expectedOutputState: "enabled") [13 ms]
2025-06-14T05:02:48.8680912Z   Passed ConditionalAccessExporter.Tests.TerraformParsingServiceTests.ParseTerraformDirectoryAsync_DirectoryWithMixedFileTypes_ShouldOnlyProcessTerraformFiles [4 ms]
2025-06-14T05:02:48.8683548Z   Passed ConditionalAccessExporter.Tests.CrossFormatPolicyComparisonServiceSpecificMethodTests.CompareJsonToTerraformAsync_CaseInsensitiveValues_ShouldDetectSemanticEquivalence [6 ms]
2025-06-14T05:02:48.8686341Z   Passed ConditionalAccessExporter.Tests.CrossFormatPolicyComparisonServiceTests.ComparePoliciesAsync_SemanticallyEquivalentPolicies_ShouldReturnSemanticallyEquivalentStatus [40 ms]
2025-06-14T05:02:48.8688912Z Starting cross-format comparison between '/tmp/CrossFormatSpecificTests_d8a3ce06/nonexistent_source' and '/tmp/CrossFormatSpecificTests_d8a3ce06/terraform_policies'
2025-06-14T05:02:48.8690966Z Starting cross-format comparison between '/tmp/CrossFormatTests_a62a18e9/source' and '/tmp/CrossFormatTests_a62a18e9/reference'
2025-06-14T05:02:48.8696325Z Found 1 source policies (Json) and 0 reference policies (Mixed)
2025-06-14T05:02:48.8697402Z Found 0 source policies (Unknown) and 1 reference policies (Terraform)
2025-06-14T05:02:48.8813476Z Validation completed: 0 valid, 1 invalid files
2025-06-14T05:02:48.8814267Z Processing time: 87ms
2025-06-14T05:02:48.8814849Z Average speed: 11.5 files/second
2025-06-14T05:02:48.8815947Z Reference file validation failed. Found 1 invalid files out of 1.
2025-06-14T05:02:48.8816972Z   ✗ policy1.json: 2 errors
2025-06-14T05:02:48.8818088Z     - Required properties are missing from object: displayName, conditions, grantControls, state. Path '', line 1, position 1.
2025-06-14T05:02:48.8819324Z     - Display name is missing or empty.
2025-06-14T05:02:48.8820270Z       Suggestion: Ensure the policy structure matches the defined schema. Check field names and types.
2025-06-14T05:02:48.8821633Z       Suggestion: Provide a descriptive display name for the policy.
2025-06-14T05:02:48.8822604Z Loading 1 reference policy files using parallel processing...
2025-06-14T05:02:48.8824076Z Starting cross-format comparison between '/tmp/CrossFormatTests_9952d3e4/source' and '/tmp/CrossFormatTests_9952d3e4/reference'
2025-06-14T05:02:48.8825716Z Found 0 source policies (Mixed) and 0 reference policies (Mixed)
2025-06-14T05:02:48.8840636Z Starting cross-format comparison between '/tmp/CrossFormatTests_e7376b1b/source' and '/tmp/CrossFormatTests_e7376b1b/reference'
2025-06-14T05:02:48.8847582Z Loading reference files: Progress: 1/1 (100.0%) - 216.9 items/sec, ETA: 00:00
2025-06-14T05:02:48.8878466Z   Passed ConditionalAccessExporter.Tests.CrossFormatPolicyComparisonServiceSpecificMethodTests.CompareJsonToTerraformAsync_ValidEntraExportAndTerraformDirectory_ShouldReturnComparisonResult [2 ms]
2025-06-14T05:02:48.8887579Z   Passed ConditionalAccessExporter.Tests.JsonToTerraformServiceTests.ConvertJsonToTerraformAsync_WithDifferentStates_ShouldIncludeStateCorrectly(inputState: "enabledForReportingButNotEnforced", expectedOutputState: "enabledforreportingbutnotenforced") [8 ms]
2025-06-14T05:02:48.8896120Z   Passed ConditionalAccessExporter.Tests.TerraformParsingServiceTests.ParseTerraformDirectoryAsync_DirectoryWithMultipleTfFiles_ShouldAggregateAll [8 ms]
2025-06-14T05:02:48.8903611Z   Passed ConditionalAccessExporter.Tests.TerraformParsingServiceTests.ParseTerraformDirectoryAsync_DirectoryDoesNotExist_ShouldReturnError [2 ms]
2025-06-14T05:02:48.8912117Z Reference file loading completed: 1 files loaded successfully
2025-06-14T05:02:48.8914109Z Processing time: 8ms
2025-06-14T05:02:48.8916470Z Average speed: 123.9 files/second
2025-06-14T05:02:48.8918617Z Found 1 source policies (Json) and 1 reference policies (Terraform)
2025-06-14T05:02:48.8923748Z   Passed ConditionalAccessExporter.Tests.CrossFormatPolicyComparisonServiceSpecificMethodTests.CompareAsync_NonExistentSourceDirectory_ShouldHandleGracefully [5 ms]
2025-06-14T05:02:48.8935765Z   Passed ConditionalAccessExporter.Tests.CrossFormatPolicyComparisonServiceTests.ComparePoliciesAsync_SourceOnlyPolicy_ShouldReturnSourceOnlyStatus [17 ms]
2025-06-14T05:02:48.8973086Z Validating 1 policy files using parallel processing...
2025-06-14T05:02:48.8996832Z Starting cross-format comparison between '/tmp/CrossFormatTests_ae10c088/source' and '/tmp/CrossFormatTests_ae10c088/reference'
2025-06-14T05:02:48.8998327Z Terraform parsing error: Directory not found: /tmp/CrossFormatSpecificTests_1e766e71/nonexistent
2025-06-14T05:02:48.9018509Z Validation completed: 0 valid, 1 invalid files
2025-06-14T05:02:48.9020184Z Processing time: 3ms
2025-06-14T05:02:48.9020790Z Average speed: 303.6 files/second
2025-06-14T05:02:48.9021585Z       Suggestion: Ensure the policy structure matches the defined schema. Check field names and types.
2025-06-14T05:02:48.9022514Z       Suggestion: Provide a descriptive display name for the policy.
2025-06-14T05:02:48.9023307Z Loading 1 reference policy files using parallel processing...
2025-06-14T05:02:48.9024094Z Reference file validation failed. Found 1 invalid files out of 1.
2025-06-14T05:02:48.9024876Z   ✗ policy1.json: 2 errors
2025-06-14T05:02:48.9025769Z     - Required properties are missing from object: displayName, conditions, grantControls, state. Path '', line 1, position 1.
2025-06-14T05:02:48.9026725Z     - Display name is missing or empty.
2025-06-14T05:02:48.9041276Z   Passed ConditionalAccessExporter.Tests.TerraformParsingServiceTests.ParseTerraformFileAsync_TfFileWithSyntaxErrors_ShouldHandleGracefully [7 ms]
2025-06-14T05:02:48.9048095Z   Passed ConditionalAccessExporter.Tests.CrossFormatPolicyComparisonServiceTests.ComparePoliciesAsync_BothDirectoriesEmpty_ShouldReturnEmptyResult [2 ms]
2025-06-14T05:02:48.9053649Z   Passed ConditionalAccessExporter.Tests.PolicyComparisonServiceTests.CompareAsync_MatchingById_DifferentIds_ShouldNotMatch [130 ms]
2025-06-14T05:02:48.9077434Z   Passed ConditionalAccessExporter.Tests.CrossFormatPolicyComparisonServiceSpecificMethodTests.CompareJsonToTerraformAsync_DisableSemanticComparison_ShouldPerformExactComparison [19 ms]
2025-06-14T05:02:48.9080109Z   Passed ConditionalAccessExporter.Tests.CrossFormatPolicyComparisonServiceTests.ComparePoliciesAsync_NullMatchingOptions_ShouldUseDefaults [10 ms]
2025-06-14T05:02:48.9083138Z   Passed ConditionalAccessExporter.Tests.CrossFormatPolicyComparisonServiceSpecificMethodTests.CompareJsonToTerraformAsync_NonExistentTerraformDirectory_ShouldHandleGracefully [3 ms]
2025-06-14T05:02:48.9085301Z Loading reference files: Progress: 1/1 (100.0%) - 5586.6 items/sec, ETA: 00:00
2025-06-14T05:02:48.9086167Z Reference file loading completed: 1 files loaded successfully
2025-06-14T05:02:48.9086971Z Processing time: 5ms
2025-06-14T05:02:48.9087377Z Average speed: 186.2 files/second
2025-06-14T05:02:48.9088006Z Found 1 source policies (Json) and 1 reference policies (Terraform)
2025-06-14T05:02:48.9108057Z Starting cross-format comparison between '/tmp/CrossFormatTests_cf863966/source' and '/tmp/CrossFormatTests_cf863966/reference'
2025-06-14T05:02:48.9137359Z Starting cross-format comparison between '/tmp/CrossFormatSpecificTests_57335e7e/json_policies' and '/tmp/CrossFormatSpecificTests_57335e7e/terraform_policies'
2025-06-14T05:02:48.9164788Z Found 1 source policies (Json) and 1 reference policies (Terraform)
2025-06-14T05:02:48.9194979Z Found 1 source policies (Json) and 1 reference policies (Terraform)
2025-06-14T05:02:48.9277516Z Starting cross-format comparison between '/tmp/CrossFormatTests_87c615c5/source' and '/tmp/CrossFormatTests_87c615c5/reference'
2025-06-14T05:02:48.9284526Z   Passed ConditionalAccessExporter.Tests.CrossFormatPolicyComparisonServiceTests.ComparePoliciesAsync_DifferentPolicies_ShouldReturnDifferentStatus [10 ms]
2025-06-14T05:02:48.9287053Z   Passed ConditionalAccessExporter.Tests.CrossFormatPolicyComparisonServiceSpecificMethodTests.CompareJsonToTerraformAsync_IdenticalPolicies_ShouldReturnIdenticalStatus [11 ms]
2025-06-14T05:02:48.9289505Z   Passed ConditionalAccessExporter.Tests.JsonToTerraformServiceTests.ConvertJsonToTerraformAsync_WithUserConditions_ShouldMapCorrectly [42 ms]
2025-06-14T05:02:48.9291761Z   Passed ConditionalAccessExporter.Tests.PolicyComparisonServiceTests.CompareAsync_CaseSensitiveFalse_DifferentCase_ShouldMatch [21 ms]
2025-06-14T05:02:48.9293926Z   Passed ConditionalAccessExporter.Tests.CrossFormatPolicyComparisonServiceTests.ComparePoliciesAsync_ByNameCaseSensitive_ShouldRespectCaseSensitivity [11 ms]
2025-06-14T05:02:48.9296371Z   Passed ConditionalAccessExporter.Tests.CrossFormatPolicyComparisonServiceSpecificMethodTests.CompareAsync_ValidDirectories_ShouldReturnComparisonResult [10 ms]
2025-06-14T05:02:48.9298069Z Validating 3 policy files using parallel processing...
2025-06-14T05:02:48.9298761Z Validation completed: 0 valid, 3 invalid files
2025-06-14T05:02:48.9299284Z Processing time: 1ms
2025-06-14T05:02:48.9299702Z Average speed: 3454.6 files/second
2025-06-14T05:02:48.9300647Z       Suggestion: Ensure the policy structure matches the defined schema. Check field names and types.
2025-06-14T05:02:48.9301582Z       Suggestion: Provide a descriptive display name for the policy.
2025-06-14T05:02:48.9302497Z       Suggestion: Ensure the policy structure matches the defined schema. Check field names and types.
2025-06-14T05:02:48.9303422Z       Suggestion: Provide a descriptive display name for the policy.
2025-06-14T05:02:48.9304308Z       Suggestion: Ensure the policy structure matches the defined schema. Check field names and types.
2025-06-14T05:02:48.9305220Z       Suggestion: Provide a descriptive display name for the policy.
2025-06-14T05:02:48.9305996Z Loading 3 reference policy files using parallel processing...
2025-06-14T05:02:48.9306766Z Found 1 source policies (Json) and 1 reference policies (Terraform)
2025-06-14T05:02:48.9307771Z Loading reference files: Progress: 1/3 (33.3%) - 5333.3 items/sec, ETA: 00:00
2025-06-14T05:02:48.9308644Z Loading reference files: Progress: 2/3 (66.7%) - 5627.5 items/sec, ETA: 00:00
2025-06-14T05:02:48.9309539Z Loading reference files: Progress: 3/3 (100.0%) - 6156.4 items/sec, ETA: 00:00
2025-06-14T05:02:48.9310601Z Reference file loading completed: 3 files loaded successfully
2025-06-14T05:02:48.9311192Z Processing time: 1ms
2025-06-14T05:02:48.9311565Z Average speed: 4407.2 files/second
2025-06-14T05:02:48.9312507Z Reference file validation failed. Found 3 invalid files out of 3.
2025-06-14T05:02:48.9313293Z   ✗ policy2.json: 2 errors
2025-06-14T05:02:48.9314162Z     - Required properties are missing from object: displayName, conditions, grantControls, state. Path '', line 1, position 1.
2025-06-14T05:02:48.9315055Z     - Display name is missing or empty.
2025-06-14T05:02:48.9316012Z   ✗ policy1.json: 2 errors
2025-06-14T05:02:48.9316845Z     - Required properties are missing from object: displayName, conditions, grantControls, state. Path '', line 1, position 1.
2025-06-14T05:02:48.9317724Z     - Display name is missing or empty.
2025-06-14T05:02:48.9318204Z   ✗ policy4.json: 2 errors
2025-06-14T05:02:48.9319055Z     - Required properties are missing from object: displayName, conditions, grantControls, state. Path '', line 1, position 1.
2025-06-14T05:02:48.9319961Z     - Display name is missing or empty.
2025-06-14T05:02:48.9349658Z Starting cross-format comparison between '/tmp/CrossFormatTests_7862bd61/nonexistent-source' and '/tmp/CrossFormatTests_7862bd61/reference'
2025-06-14T05:02:48.9372708Z Found 0 source policies (Unknown) and 0 reference policies (Mixed)
2025-06-14T05:02:48.9373485Z Starting cross-format comparison between '/tmp/CrossFormatTests_94441187/source' and '/tmp/CrossFormatTests_94441187/reference'
2025-06-14T05:02:48.9420297Z Starting cross-format comparison between '/tmp/CrossFormatSpecificTests_0c73ff7a/json_policies' and '/tmp/CrossFormatSpecificTests_0c73ff7a/terraform_policies'
2025-06-14T05:02:48.9426087Z   Passed ConditionalAccessExporter.Tests.JsonToTerraformServiceTests.ConvertJsonToTerraformAsync_WithMultiplePolicies_ShouldGenerateMultipleResources [10 ms]
2025-06-14T05:02:48.9432718Z   Passed ConditionalAccessExporter.Tests.CrossFormatPolicyComparisonServiceSpecificMethodTests.CompareJsonToTerraformAsync_CustomMappingStrategy_ShouldUseCustomMappings [6 ms]
2025-06-14T05:02:48.9439500Z   Passed ConditionalAccessExporter.Tests.CrossFormatPolicyComparisonServiceTests.ComparePoliciesAsync_IdenticalPolicies_ShouldReturnIdenticalStatus [8 ms]
2025-06-14T05:02:48.9446212Z   Passed ConditionalAccessExporter.Tests.CrossFormatPolicyComparisonServiceSpecificMethodTests.CompareJsonToTerraformAsync_EmptyTerraformDirectory_ShouldReturnSourceOnlyPolicies [3 ms]
2025-06-14T05:02:48.9454080Z   Passed ConditionalAccessExporter.Tests.CrossFormatPolicyComparisonServiceTests.ComparePoliciesAsync_NonExistentSourceDirectory_ShouldHandleGracefully [3 ms]
2025-06-14T05:02:48.9460773Z   Passed ConditionalAccessExporter.Tests.JsonToTerraformServiceTests.ConvertJsonToTerraformAsync_WithEmptyPoliciesList_ShouldReturnError [4 ms]
2025-06-14T05:02:48.9467073Z   Passed ConditionalAccessExporter.Tests.PolicyComparisonServiceTests.CompareAsync_MultipleDifferenceTypes_ShouldReportCorrectly [21 ms]
2025-06-14T05:02:48.9475442Z Validating 1 policy files using parallel processing...
2025-06-14T05:02:48.9479877Z Found 1 source policies (Json) and 1 reference policies (Terraform)
2025-06-14T05:02:48.9480773Z Validation completed: 0 valid, 1 invalid files
2025-06-14T05:02:48.9481242Z Processing time: 0ms
2025-06-14T05:02:48.9481607Z Average speed: 2488.8 files/second
2025-06-14T05:02:48.9482346Z       Suggestion: Ensure the policy structure matches the defined schema. Check field names and types.
2025-06-14T05:02:48.9483290Z       Suggestion: Provide a descriptive display name for the policy.
2025-06-14T05:02:48.9484096Z Loading 1 reference policy files using parallel processing...
2025-06-14T05:02:48.9485035Z Loading reference files: Progress: 1/1 (100.0%) - 5800.5 items/sec, ETA: 00:00
2025-06-14T05:02:48.9485898Z Reference file loading completed: 1 files loaded successfully
2025-06-14T05:02:48.9486495Z Processing time: 1ms
2025-06-14T05:02:48.9486901Z Average speed: 758.0 files/second
2025-06-14T05:02:48.9487534Z Reference file validation failed. Found 1 invalid files out of 1.
2025-06-14T05:02:48.9488277Z   ✗ policy1.json: 2 errors
2025-06-14T05:02:48.9489356Z     - Required properties are missing from object: displayName, conditions, grantControls, state. Path '', line 1, position 1.
2025-06-14T05:02:48.9490540Z     - Display name is missing or empty.
2025-06-14T05:02:48.9500800Z Found 1 source policies (Json) and 1 reference policies (Terraform)
2025-06-14T05:02:48.9506665Z Starting cross-format comparison between '/tmp/CrossFormatSpecificTests_0c73ff7a/json_policies' and '/tmp/CrossFormatSpecificTests_0c73ff7a/terraform_policies'
2025-06-14T05:02:48.9550096Z Starting cross-format comparison between '/tmp/CrossFormatTests_ac36f906/source' and '/tmp/CrossFormatTests_ac36f906/reference'
2025-06-14T05:02:48.9557958Z Validating 1 policy files using parallel processing...
2025-06-14T05:02:48.9593530Z Found 1 source policies (Json) and 1 reference policies (Terraform)
2025-06-14T05:02:48.9594886Z Reference file validation failed. Found 1 invalid files out of 1.
2025-06-14T05:02:48.9596024Z   ✗ reference-policy.json: 2 errors
2025-06-14T05:02:48.9597947Z     - Required properties are missing from object: displayName, conditions, grantControls, state. Path '', line 1, position 1.
2025-06-14T05:02:48.9598871Z     - Display name is missing or empty.
2025-06-14T05:02:48.9599389Z Validation completed: 0 valid, 1 invalid files
2025-06-14T05:02:48.9599854Z Processing time: 1ms
2025-06-14T05:02:48.9600226Z Average speed: 934.8 files/second
2025-06-14T05:02:48.9601131Z       Suggestion: Ensure the policy structure matches the defined schema. Check field names and types.
2025-06-14T05:02:48.9602001Z       Suggestion: Provide a descriptive display name for the policy.
2025-06-14T05:02:48.9602723Z Loading 1 reference policy files using parallel processing...
2025-06-14T05:02:48.9604118Z Starting cross-format comparison between '/tmp/CrossFormatSpecificTests_0c73ff7a/json_policies' and '/tmp/CrossFormatSpecificTests_0c73ff7a/terraform_policies'
2025-06-14T05:02:48.9605589Z Loading reference files: Progress: 1/1 (100.0%) - 2415.5 items/sec, ETA: 00:00
2025-06-14T05:02:48.9606452Z Reference file loading completed: 1 files loaded successfully
2025-06-14T05:02:48.9607064Z Processing time: 2ms
2025-06-14T05:02:48.9607458Z Average speed: 467.1 files/second
2025-06-14T05:02:48.9616500Z Found 1 source policies (Terraform) and 1 reference policies (Json)
2025-06-14T05:02:48.9637247Z Found 1 source policies (Json) and 1 reference policies (Terraform)
2025-06-14T05:02:48.9641717Z No JSON files found in directory: /tmp/test-timestamp. No files were processed.
2025-06-14T05:02:48.9645015Z ✓ All 0 reference files are valid
2025-06-14T05:02:48.9645692Z No JSON files found in reference directory '/tmp/test-timestamp'
2025-06-14T05:02:48.9675480Z Reference file validation failed. Found 0 invalid files out of 0.
2025-06-14T05:02:48.9677554Z Starting cross-format comparison between '/tmp/CrossFormatSpecificTests_0c73ff7a/json_policies' and '/tmp/CrossFormatSpecificTests_0c73ff7a/terraform_policies'
2025-06-14T05:02:48.9679277Z Reference directory 'dummy-path' does not exist
2025-06-14T05:02:48.9681159Z Validating 1 policy files using parallel processing...
2025-06-14T05:02:48.9682215Z Validation completed: 0 valid, 1 invalid files
2025-06-14T05:02:48.9683788Z Processing time: 1ms
2025-06-14T05:02:48.9684168Z Average speed: 1814.2 files/second
2025-06-14T05:02:48.9684752Z Reference file validation failed. Found 1 invalid files out of 1.
2025-06-14T05:02:48.9685416Z   ✗ policy1.json: 2 errors
2025-06-14T05:02:48.9686220Z     - Required properties are missing from object: displayName, conditions, grantControls, state. Path '', line 1, position 1.
2025-06-14T05:02:48.9687086Z     - Display name is missing or empty.
2025-06-14T05:02:48.9687752Z       Suggestion: Ensure the policy structure matches the defined schema. Check field names and types.
2025-06-14T05:02:48.9688612Z       Suggestion: Provide a descriptive display name for the policy.
2025-06-14T05:02:48.9689338Z Loading 1 reference policy files using parallel processing...
2025-06-14T05:02:48.9787473Z Loading reference files: Progress: 1/1 (100.0%) - 96.1 items/sec, ETA: 00:00
2025-06-14T05:02:48.9804339Z Reference file loading completed: 1 files loaded successfully
2025-06-14T05:02:48.9804989Z Processing time: 11ms
2025-06-14T05:02:48.9805420Z Average speed: 92.1 files/second
2025-06-14T05:02:48.9813164Z Starting cross-format comparison between '/tmp/CrossFormatTests_5a7b001b/source' and '/tmp/CrossFormatTests_5a7b001b/reference'
2025-06-14T05:02:48.9841232Z Found 1 source policies (Json) and 1 reference policies (Terraform)
2025-06-14T05:02:48.9847222Z No JSON files found in directory: /tmp/test-ref-empty-reference. No files were processed.
2025-06-14T05:02:48.9853300Z ✓ All 0 reference files are valid
2025-06-14T05:02:48.9855041Z No JSON files found in reference directory '/tmp/test-ref-empty-reference'
2025-06-14T05:02:48.9881563Z   Passed ConditionalAccessExporter.Tests.PolicyComparisonServiceTests.CompareAsync_DifferentPolicies_ShouldReportAsDifferent [9 ms]
2025-06-14T05:02:48.9893730Z   Passed ConditionalAccessExporter.Tests.CrossFormatPolicyComparisonServiceTests.ComparePoliciesAsync_VeryLongPolicyNames_ShouldHandleCorrectly [15 ms]
2025-06-14T05:02:48.9896336Z   Passed ConditionalAccessExporter.Tests.JsonToTerraformServiceTests.ConvertJsonToTerraformAsync_WithApplicationConditions_ShouldMapCorrectly [21 ms]
2025-06-14T05:02:48.9901731Z   Passed ConditionalAccessExporter.Tests.PolicyComparisonServiceTests.CompareAsync_CustomMapping_ShouldMapCorrectly [12 ms]
2025-06-14T05:02:48.9903537Z   Passed ConditionalAccessExporter.Tests.PolicyComparisonServiceTests.CompareAsync_ShouldSetComparedAtTimestamp [1 ms]
2025-06-14T05:02:48.9905393Z   Passed ConditionalAccessExporter.Tests.PolicyComparisonServiceTests.ParseEntraExport_ValidJObject_ShouldParseCorrectly [1 ms]
2025-06-14T05:02:48.9907546Z   Passed ConditionalAccessExporter.Tests.CrossFormatPolicyComparisonServiceTests.ComparePoliciesAsync_TerraformToJson_ShouldDetectFormatsCorrectly [27 ms]
2025-06-14T05:02:48.9909147Z Validating 1 policy files using parallel processing...
2025-06-14T05:02:48.9909946Z Found 1 source policies (Json) and 1 reference policies (Terraform)
2025-06-14T05:02:48.9910892Z Validation completed: 0 valid, 1 invalid files
2025-06-14T05:02:48.9911399Z Processing time: 1ms
2025-06-14T05:02:48.9911805Z Average speed: 1290.3 files/second
2025-06-14T05:02:48.9912571Z       Suggestion: Ensure the policy structure matches the defined schema. Check field names and types.
2025-06-14T05:02:48.9913507Z       Suggestion: Provide a descriptive display name for the policy.
2025-06-14T05:02:48.9914312Z Loading 1 reference policy files using parallel processing...
2025-06-14T05:02:48.9931503Z Loading reference files: Progress: 1/1 (100.0%) - 850.3 items/sec, ETA: 00:00
2025-06-14T05:02:48.9932442Z Reference file validation failed. Found 1 invalid files out of 1.
2025-06-14T05:02:48.9933172Z   ✗ policy1.json: 2 errors
2025-06-14T05:02:48.9934067Z     - Required properties are missing from object: displayName, conditions, grantControls, state. Path '', line 1, position 1.
2025-06-14T05:02:48.9935010Z     - Display name is missing or empty.
2025-06-14T05:02:48.9936850Z Reference file loading completed: 1 files loaded successfully
2025-06-14T05:02:48.9937637Z Processing time: 3ms
2025-06-14T05:02:48.9938037Z Average speed: 347.7 files/second
2025-06-14T05:02:48.9943897Z Starting cross-format comparison between '/tmp/CrossFormatTests_9e9ed60c/source' and '/tmp/CrossFormatTests_9e9ed60c/reference'
2025-06-14T05:02:48.9960614Z Validating 1 policy files using parallel processing...
2025-06-14T05:02:48.9977767Z Validation completed: 0 valid, 1 invalid files
2025-06-14T05:02:48.9979658Z Processing time: 2ms
2025-06-14T05:02:48.9980126Z Average speed: 612.1 files/second
2025-06-14T05:02:48.9981097Z       Suggestion: Ensure the policy structure matches the defined schema. Check field names and types.
2025-06-14T05:02:48.9982211Z       Suggestion: Provide a descriptive display name for the policy.
2025-06-14T05:02:48.9983036Z Loading 1 reference policy files using parallel processing...
2025-06-14T05:02:48.9983864Z Reference file validation failed. Found 1 invalid files out of 1.
2025-06-14T05:02:48.9984856Z   ✗ policy1.json: 2 errors
2025-06-14T05:02:48.9985799Z     - Required properties are missing from object: displayName, conditions, grantControls, state. Path '', line 1, position 1.
2025-06-14T05:02:48.9986787Z     - Display name is missing or empty.
2025-06-14T05:02:49.0000848Z Found 1 source policies (Json) and 1 reference policies (Terraform)
2025-06-14T05:02:49.0002483Z Loading reference files: Progress: 1/1 (100.0%) - 1178.8 items/sec, ETA: 00:00
2025-06-14T05:02:49.0003617Z Reference file loading completed: 1 files loaded successfully
2025-06-14T05:02:49.0004472Z Processing time: 2ms
2025-06-14T05:02:49.0004915Z Average speed: 658.0 files/second
2025-06-14T05:02:49.0055482Z   Passed ConditionalAccessExporter.Tests.PolicyComparisonServiceTests.CompareAsync_IdenticalPolicies_ShouldReportAsIdentical [17 ms]
2025-06-14T05:02:49.0062152Z   Passed ConditionalAccessExporter.Tests.PolicyComparisonServiceTests.CompareAsync_EmptyReferenceDirectory_ShouldReportAllAsEntraOnly [1 ms]
2025-06-14T05:02:49.0064818Z   Passed ConditionalAccessExporter.Tests.CrossFormatPolicyComparisonServiceSpecificMethodTests.CompareAsync_DifferentMatchingStrategies_ShouldHandleProperly [48 ms]
2025-06-14T05:02:49.0078205Z   Passed ConditionalAccessExporter.Tests.JsonToTerraformServiceTests.ConvertJsonToTerraformAsync_WithIncludeComments_ShouldGenerateAppropriateContent(includeComments: True) [23 ms]
2025-06-14T05:02:49.0081350Z   Passed ConditionalAccessExporter.Tests.CrossFormatPolicyComparisonServiceTests.ComparePoliciesAsync_SpecialCharactersInPolicyNames_ShouldHandleCorrectly [7 ms]
2025-06-14T05:02:49.0083870Z   Passed ConditionalAccessExporter.Tests.PolicyComparisonServiceTests.CompareAsync_MatchingById_SameId_ShouldMatch [8 ms]
2025-06-14T05:02:49.0087127Z   Passed ConditionalAccessExporter.Tests.JsonToTerraformServiceTests.ConvertJsonToTerraformAsync_WithIncludeComments_ShouldGenerateAppropriateContent(includeComments: False) [6 ms]
2025-06-14T05:02:49.0088815Z Validating 1 policy files using parallel processing...
2025-06-14T05:02:49.0089469Z Validation completed: 0 valid, 1 invalid files
2025-06-14T05:02:49.0089987Z Processing time: 2ms
2025-06-14T05:02:49.0090588Z Average speed: 517.0 files/second
2025-06-14T05:02:49.0091335Z       Suggestion: Ensure the policy structure matches the defined schema. Check field names and types.
2025-06-14T05:02:49.0092262Z       Suggestion: Provide a descriptive display name for the policy.
2025-06-14T05:02:49.0093042Z Loading 1 reference policy files using parallel processing...
2025-06-14T05:02:49.0094260Z Starting cross-format comparison between '/tmp/CrossFormatTests_6d2b0bfa/source' and '/tmp/CrossFormatTests_6d2b0bfa/reference'
2025-06-14T05:02:49.0112998Z Converting 1 Terraform policies to Graph JSON format using parallel processing...
2025-06-14T05:02:49.0113987Z Reference file validation failed. Found 1 invalid files out of 1.
2025-06-14T05:02:49.0114715Z   ✗ policy1.json: 2 errors
2025-06-14T05:02:49.0115612Z     - Required properties are missing from object: displayName, conditions, grantControls, state. Path '', line 1, position 1.
2025-06-14T05:02:49.0116653Z     - Display name is missing or empty.
2025-06-14T05:02:49.0117455Z Loading reference files: Progress: 1/1 (100.0%) - 2015.3 items/sec, ETA: 00:00
2025-06-14T05:02:49.0118360Z Reference file loading completed: 1 files loaded successfully
2025-06-14T05:02:49.0118948Z Processing time: 1ms
2025-06-14T05:02:49.0119377Z Average speed: 899.5 files/second
2025-06-14T05:02:49.0120083Z Converting policies: Progress: 1/1 (100.0%) - 1088.9 items/sec, ETA: 00:00
2025-06-14T05:02:49.0121033Z Policy conversion completed in 1ms
2025-06-14T05:02:49.0121522Z Average speed: 787.1 policies/second
2025-06-14T05:02:49.0122201Z Found 1 source policies (Json) and 1 reference policies (Terraform)
2025-06-14T05:02:49.0137416Z Validating 3 policy files using parallel processing...
2025-06-14T05:02:49.0182531Z   Passed ConditionalAccessExporter.Tests.TerraformConversionServiceTests.ConvertToGraphJsonAsync_LocationsConditions_ShouldMapCorrectly [298 ms]
2025-06-14T05:02:49.0196125Z   Passed ConditionalAccessExporter.Tests.CrossFormatPolicyComparisonServiceTests.ComparePoliciesAsync_JsonToTerraform_ShouldDetectFormatsCorrectly [13 ms]
2025-06-14T05:02:49.0198264Z   Passed ConditionalAccessExporter.Tests.PolicyComparisonServiceTests.CompareAsync_MatchingByName_SameName_ShouldMatch [8 ms]
2025-06-14T05:02:49.0200263Z   Passed ConditionalAccessExporter.Tests.JsonToTerraformServiceTests.ConvertJsonToTerraformAsync_WithNullConditions_ShouldHandleGracefully [11 ms]
2025-06-14T05:02:49.0202817Z   Passed ConditionalAccessExporter.Tests.PolicyComparisonServiceTests.CompareAsync_ReferenceOnlyPolicy_ShouldReportAsReferenceOnly [5 ms]
2025-06-14T05:02:49.0204946Z   Passed ConditionalAccessExporter.Tests.CrossFormatPolicyComparisonServiceTests.ComparePoliciesAsync_UnicodeCharacters_ShouldHandleCorrectly [11 ms]
2025-06-14T05:02:49.0206440Z Validation completed: 0 valid, 3 invalid files
2025-06-14T05:02:49.0206944Z Processing time: 2ms
2025-06-14T05:02:49.0207361Z Average speed: 1405.7 files/second
2025-06-14T05:02:49.0208128Z       Suggestion: Ensure the policy structure matches the defined schema. Check field names and types.
2025-06-14T05:02:49.0209067Z       Suggestion: Provide a descriptive display name for the policy.
2025-06-14T05:02:49.0209955Z       Suggestion: Ensure the JSON is well-formed. Check for missing commas, brackets, or quotes.
2025-06-14T05:02:49.0211247Z       Suggestion: Ensure the JSON is well-formed. Check for missing commas, brackets, or quotes.
2025-06-14T05:02:49.0212210Z Reference file validation failed. Found 3 invalid files out of 3.
2025-06-14T05:02:49.0213008Z Loading 3 reference policy files using parallel processing...
2025-06-14T05:02:49.0213732Z   ✗ valid-policy.json: 2 errors
2025-06-14T05:02:49.0214658Z     - Required properties are missing from object: displayName, conditions, grantControls, state. Path '', line 1, position 1.
2025-06-14T05:02:49.0215625Z     - Display name is missing or empty.
2025-06-14T05:02:49.0216286Z   ✗ incomplete.json: 1 errors
2025-06-14T05:02:49.0217117Z     - Invalid JSON syntax: Unexpected character encountered while parsing value: i. Path 'name', line 1, position 10. (line 1)
2025-06-14T05:02:49.0218114Z   ✗ malformed.json: 1 errors
2025-06-14T05:02:49.0219024Z     - Invalid JSON syntax: Invalid character after parsing property name. Expected ':' but got: j. Path '', line 1, position 10. (line 1)
2025-06-14T05:02:49.0249647Z Failed to load reference file 'incomplete.json': Unexpected character encountered while parsing value: i. Path 'name', line 1, position 10.
2025-06-14T05:02:49.0251202Z Loading reference files: Progress: 1/3 (33.3%) - 487.7 items/sec, ETA: 00:00
2025-06-14T05:02:49.0252150Z Loading reference files: Progress: 2/3 (66.7%) - 899.2 items/sec, ETA: 00:00
2025-06-14T05:02:49.0266888Z Loading reference files: Progress: 3/3 (100.0%) - 1231.8 items/sec, ETA: 00:00
2025-06-14T05:02:49.0267863Z   Suggestion: Check the JSON structure for missing commas, brackets, or quotes.
2025-06-14T05:02:49.0268764Z   Suggestion: Check the JSON structure for missing commas, brackets, or quotes.
2025-06-14T05:02:49.0269617Z Reference file loading completed: 1 files loaded successfully
2025-06-14T05:02:49.0270220Z Processing time: 2ms
2025-06-14T05:02:49.0270842Z Average speed: 1203.9 files/second
2025-06-14T05:02:49.0271306Z   Invalid JSON syntax at line 1, position 10
2025-06-14T05:02:49.0272518Z Failed to load reference file 'malformed.json': Invalid character after parsing property name. Expected ':' but got: j. Path '', line 1, position 10.
2025-06-14T05:02:49.0273611Z   Invalid JSON syntax at line 1, position 10
2025-06-14T05:02:49.0274770Z Starting cross-format comparison between '/tmp/CrossFormatTests_3e91aa1a/source' and '/tmp/CrossFormatTests_3e91aa1a/reference'
2025-06-14T05:02:49.0276083Z No JSON files found in directory: /tmp/test-ref-both-empty. No files were processed.
2025-06-14T05:02:49.0276946Z ✓ All 0 reference files are valid
2025-06-14T05:02:49.0277832Z No JSON files found in reference directory '/tmp/test-ref-both-empty'
2025-06-14T05:02:49.0301905Z Validating 1 policy files using parallel processing...
2025-06-14T05:02:49.0321260Z Terraform parsing error: Unmatched braces in resource 'invalid_policy'
2025-06-14T05:02:49.0322541Z Found 1 source policies (Json) and 1 reference policies (Terraform)
2025-06-14T05:02:49.0323686Z Found 50 source policies (Json) and 50 reference policies (Terraform)
2025-06-14T05:02:49.0351619Z   Passed ConditionalAccessExporter.Tests.JsonToTerraformServiceTests.ConvertJsonToTerraformAsync_WithGenerateProvider_ShouldCreateProviderFile [9 ms]
2025-06-14T05:02:49.0356100Z   Passed ConditionalAccessExporter.Tests.TerraformParsingServiceTests.ParseTerraformFileAsync_TfStateWithMultipleInstances_ShouldParseAll [134 ms]
2025-06-14T05:02:49.0365298Z   Passed ConditionalAccessExporter.Tests.PolicyComparisonServiceTests.CompareAsync_ReferenceDirectoryWithMalformedJson_ShouldSkipMalformedFiles [13 ms]
2025-06-14T05:02:49.0367544Z   Passed ConditionalAccessExporter.Tests.TerraformParsingServiceTests.ParseTerraformFileAsync_ValidTfStateBackupFile_ShouldParseSuccessfully [1 ms]
2025-06-14T05:02:49.0369559Z   Passed ConditionalAccessExporter.Tests.PolicyComparisonServiceTests.CompareAsync_BothEmpty_ShouldReturnEmptyResult [3 ms]
2025-06-14T05:02:49.0393961Z   Passed ConditionalAccessExporter.Tests.TerraformParsingServiceTests.ParseTerraformDirectoryAsync_EmptyDirectory_ShouldReturnEmptyResults [4 ms]
2025-06-14T05:02:49.0396292Z   Passed ConditionalAccessExporter.Tests.JsonToTerraformServiceTests.ConvertJsonToTerraformAsync_WithSpecialCharactersInDisplayName_ShouldSanitizeResourceName [15 ms]
2025-06-14T05:02:49.0397826Z Validation completed: 0 valid, 1 invalid files
2025-06-14T05:02:49.0398342Z Processing time: 5ms
2025-06-14T05:02:49.0398763Z Average speed: 193.1 files/second
2025-06-14T05:02:49.0399517Z       Suggestion: Ensure the policy structure matches the defined schema. Check field names and types.
2025-06-14T05:02:49.0400650Z       Suggestion: Provide a descriptive display name for the policy.
2025-06-14T05:02:49.0401430Z Loading 1 reference policy files using parallel processing...
2025-06-14T05:02:49.0402288Z Loading reference files: Progress: 1/1 (100.0%) - 5045.4 items/sec, ETA: 00:00
2025-06-14T05:02:49.0403098Z Reference file loading completed: 1 files loaded successfully
2025-06-14T05:02:49.0403701Z Processing time: 0ms
2025-06-14T05:02:49.0404125Z Average speed: 2581.3 files/second
2025-06-14T05:02:49.0404750Z Reference file validation failed. Found 1 invalid files out of 1.
2025-06-14T05:02:49.0405446Z   ✗ policy1.json: 2 errors
2025-06-14T05:02:49.0406281Z     - Required properties are missing from object: displayName, conditions, grantControls, state. Path '', line 1, position 1.
2025-06-14T05:02:49.0407242Z     - Display name is missing or empty.
2025-06-14T05:02:49.0440121Z Converting 1 Terraform policies to Graph JSON format using parallel processing...
2025-06-14T05:02:49.0499443Z Starting cross-format comparison between '/tmp/CrossFormatIntegrationTests_02e66fba/source' and '/tmp/CrossFormatIntegrationTests_02e66fba/reference'
2025-06-14T05:02:49.0503549Z Converting policies: Progress: 1/1 (100.0%) - 461.6 items/sec, ETA: 00:00
2025-06-14T05:02:49.0525410Z   Passed ConditionalAccessExporter.Tests.CrossFormatPolicyComparisonServiceTests.ComparePoliciesAsync_InvalidTerraformSyntax_ShouldSkipAndContinue [14 ms]
2025-06-14T05:02:49.0533803Z   Passed ConditionalAccessExporter.Tests.TerraformConversionServiceTests.ConvertToGraphJsonAsync_VariableResolution_ShouldResolveCorrectly [38 ms]
2025-06-14T05:02:49.0536322Z   Passed ConditionalAccessExporter.Tests.TerraformParsingServiceTests.ParseTerraformDirectoryAsync_DirectoryWithValidAndInvalidFiles_ShouldParseValidOnesAndReportErrors [9 ms]
2025-06-14T05:02:49.0538690Z   Passed ConditionalAccessExporter.Tests.PolicyComparisonServiceTests.CompareAsync_CaseSensitiveTrue_DifferentCase_ShouldNotMatch [13 ms]
2025-06-14T05:02:49.0551777Z   Passed ConditionalAccessExporter.Tests.CrossFormatPolicyComparisonServiceIntegrationTests.CompareLargeNumberOfPolicies_ShouldPerformWithinReasonableTime [348 ms]
2025-06-14T05:02:49.0553480Z Policy conversion completed in 5ms
2025-06-14T05:02:49.0554003Z Average speed: 187.2 policies/second
2025-06-14T05:02:49.0554910Z No JSON files found in directory: /tmp/test-ref-custom-mapping-missing. No files were processed.
2025-06-14T05:02:49.0555885Z ✓ All 0 reference files are valid
2025-06-14T05:02:49.0557000Z No JSON files found in reference directory '/tmp/test-ref-custom-mapping-missing'
2025-06-14T05:02:49.0593803Z Reference file validation failed. Found 0 invalid files out of 0.
2025-06-14T05:02:49.0594530Z Reference directory 'dummy-path' does not exist
2025-06-14T05:02:49.0595252Z Reference file validation failed. Found 0 invalid files out of 0.
2025-06-14T05:02:49.0595982Z Reference directory 'dummy-path' does not exist
2025-06-14T05:02:49.0641349Z No JSON files found in directory: /tmp/test-ref-dir. No files were processed.
2025-06-14T05:02:49.0642220Z ✓ All 0 reference files are valid
2025-06-14T05:02:49.0642863Z No JSON files found in reference directory '/tmp/test-ref-dir'
2025-06-14T05:02:49.0692162Z Starting cross-format comparison between '/tmp/CrossFormatTests_dabf51e5/source' and '/tmp/CrossFormatTests_dabf51e5/reference'
2025-06-14T05:02:49.0739360Z Validating 1 policy files using parallel processing...
2025-06-14T05:02:49.0741165Z   Passed ConditionalAccessExporter.Tests.TerraformParsingServiceTests.ParseTerraformFileAsync_ValidTfFileWithMultiplePolicies_ShouldParseAll [8 ms]
2025-06-14T05:02:49.0743597Z   Passed ConditionalAccessExporter.Tests.JsonToTerraformServiceTests.ConvertJsonToTerraformAsync_WithMinimalPolicy_ShouldGenerateCorrectHCL [15 ms]
2025-06-14T05:02:49.0745924Z   Passed ConditionalAccessExporter.Tests.PolicyComparisonServiceTests.ParseEntraExport_InvalidJsonString_ShouldThrowException [6 ms]
2025-06-14T05:02:49.0748126Z   Passed ConditionalAccessExporter.Tests.PolicyComparisonServiceTests.CompareAsync_CustomMapping_NonExistentReference_ShouldReportAsEntraOnly [5 ms]
2025-06-14T05:02:49.0750267Z   Passed ConditionalAccessExporter.Tests.PolicyComparisonServiceTests.ParseEntraExport_NullInput_ShouldThrowException [2 ms]
2025-06-14T05:02:49.0752556Z   Passed ConditionalAccessExporter.Tests.PolicyComparisonServiceTests.ParseEntraExport_EmptyPoliciesArray_ShouldHandleGracefully [< 1 ms]
2025-06-14T05:02:49.0754675Z   Passed ConditionalAccessExporter.Tests.PolicyComparisonServiceTests.ParseEntraExport_MissingTenantId_ShouldUseEmptyString [1 ms]
2025-06-14T05:02:49.0757009Z Found 2 source policies (Json) and 2 reference policies (Terraform)
2025-06-14T05:02:49.0758597Z Validation completed: 0 valid, 1 invalid files
2025-06-14T05:02:49.0790294Z Processing time: 2ms
2025-06-14T05:02:49.0790926Z Average speed: 422.4 files/second
2025-06-14T05:02:49.0791544Z Reference file validation failed. Found 1 invalid files out of 1.
2025-06-14T05:02:49.0793440Z   ✗ valid-policy.json: 2 errors
2025-06-14T05:02:49.0795180Z     - Required properties are missing from object: displayName, conditions, grantControls, state. Path '', line 1, position 1.
2025-06-14T05:02:49.0796106Z     - Display name is missing or empty.
2025-06-14T05:02:49.0796857Z       Suggestion: Ensure the policy structure matches the defined schema. Check field names and types.
2025-06-14T05:02:49.0798230Z       Suggestion: Provide a descriptive display name for the policy.
2025-06-14T05:02:49.0799005Z Loading 1 reference policy files using parallel processing...
2025-06-14T05:02:49.0842117Z Loading reference files: Progress: 1/1 (100.0%) - 1465.4 items/sec, ETA: 00:00
2025-06-14T05:02:49.0843864Z Starting cross-format comparison between '/tmp/CrossFormatIntegrationTests_0653a35e/source' and '/tmp/CrossFormatIntegrationTests_0653a35e/reference'
2025-06-14T05:02:49.0849650Z   Passed ConditionalAccessExporter.Tests.TerraformParsingServiceTests.ParseTerraformFileAsync_FullyPopulatedPolicy_ShouldMapAllAttributes [13 ms]
2025-06-14T05:02:49.0852696Z   Passed ConditionalAccessExporter.Tests.PolicyComparisonServiceTests.CompareAsync_ShouldSetReferenceDirectoryCorrectly [4 ms]
2025-06-14T05:02:49.0855303Z   Passed ConditionalAccessExporter.Tests.TerraformParsingServiceTests.ParseTerraformFileAsync_TfFileWithVariableInterpolations_ShouldParseCorrectly [16 ms]
2025-06-14T05:02:49.0858433Z   Passed ConditionalAccessExporter.Tests.CrossFormatPolicyComparisonServiceIntegrationTests.CompareWithCustomMappings_ComplexScenario_ShouldFollowMappings [31 ms]
2025-06-14T05:02:49.0861239Z   Passed ConditionalAccessExporter.Tests.JsonToTerraformServiceTests.ConvertJsonToTerraformAsync_WithSessionControls_ShouldMapCorrectly [31 ms]
2025-06-14T05:02:49.0863254Z   Passed ConditionalAccessExporter.Tests.TerraformParsingServiceTests.ParseTerraformFileAsync_TfFileWithComments_ShouldIgnoreComments [5 ms]
2025-06-14T05:02:49.0864641Z Reference file loading completed: 1 files loaded successfully
2025-06-14T05:02:49.0865197Z Processing time: 1ms
2025-06-14T05:02:49.0865575Z Average speed: 965.3 files/second
2025-06-14T05:02:49.0907857Z Reference file validation failed. Found 0 invalid files out of 0.
2025-06-14T05:02:49.0960998Z Reference directory 'dummy-path' does not exist
2025-06-14T05:02:49.0983231Z Found 4 source policies (Json) and 4 reference policies (Terraform)
2025-06-14T05:02:49.1029795Z   Passed ConditionalAccessExporter.Tests.JsonToTerraformServiceTests.ConvertJsonToTerraformAsync_WithInvalidJson_ShouldHandleErrorGracefully [5 ms]
2025-06-14T05:02:49.1035953Z   Passed ConditionalAccessExporter.Tests.TerraformParsingServiceTests.ParseTerraformFileAsync_ValidTfStateFile_ShouldParseSuccessfully [5 ms]
2025-06-14T05:02:49.1042144Z   Passed ConditionalAccessExporter.Tests.PolicyComparisonServiceTests.CompareAsync_ReferenceDirectoryWithNonJsonFiles_ShouldIgnoreNonJsonFiles [22 ms]
2025-06-14T05:02:49.1047706Z   Passed ConditionalAccessExporter.Tests.TerraformParsingServiceTests.ParseTerraformFileAsync_PolicyWithMissingRequiredAttributes_ShouldHandleGracefully [1 ms]
2025-06-14T05:02:49.1051430Z   Passed ConditionalAccessExporter.Tests.TerraformParsingServiceTests.ParseTerraformFileAsync_UnknownFileExtension_ShouldAttemptHclParsing [4 ms]
2025-06-14T05:02:49.1054941Z   Passed ConditionalAccessExporter.Tests.PolicyComparisonServiceTests.ParseEntraExport_MissingPoliciesProperty_ShouldHandleGracefully [7 ms]
2025-06-14T05:02:49.1071348Z   Passed ConditionalAccessExporter.Tests.TerraformParsingServiceTests.ParseTerraformDirectoryAsync_DirectoryWithSubdirectories_ShouldParseRecursively [5 ms]
2025-06-14T05:02:49.1096739Z Starting cross-format comparison between '/tmp/CrossFormatIntegrationTests_299153aa/source' and '/tmp/CrossFormatIntegrationTests_299153aa/reference'
2025-06-14T05:02:49.1123057Z Found 1 source policies (Json) and 1 reference policies (Terraform)
2025-06-14T05:02:49.1244878Z Starting cross-format comparison between '/tmp/CrossFormatIntegrationTests_7c15a8ee/source' and '/tmp/CrossFormatIntegrationTests_7c15a8ee/reference'
2025-06-14T05:02:49.1246372Z Converting 1 Terraform policies to Graph JSON format using parallel processing...
2025-06-14T05:02:49.1271370Z Found 1 source policies (Json) and 1 reference policies (Terraform)
2025-06-14T05:02:49.1280686Z Starting cross-format comparison between '/tmp/CrossFormatIntegrationTests_ca0ba6ec/source' and '/tmp/CrossFormatIntegrationTests_ca0ba6ec/reference'
2025-06-14T05:02:49.1285974Z Found 0 source policies (Mixed) and 0 reference policies (Mixed)
2025-06-14T05:02:49.1322292Z Validating 1 policy files using parallel processing...
2025-06-14T05:02:49.1323805Z Validation completed: 0 valid, 1 invalid files
2025-06-14T05:02:49.1324566Z Processing time: 1ms
2025-06-14T05:02:49.1325090Z Average speed: 1266.6 files/second
2025-06-14T05:02:49.1325961Z       Suggestion: Ensure the policy structure matches the defined schema. Check field names and types.
2025-06-14T05:02:49.1327043Z       Suggestion: Provide a descriptive display name for the policy.
2025-06-14T05:02:49.1328008Z Loading 1 reference policy files using parallel processing...
2025-06-14T05:02:49.1329278Z Converting policies: Progress: 1/1 (100.0%) - 164.7 items/sec, ETA: 00:00
2025-06-14T05:02:49.1330164Z Policy conversion completed in 6ms
2025-06-14T05:02:49.1331002Z Average speed: 159.9 policies/second
2025-06-14T05:02:49.1332458Z Starting cross-format comparison between '/tmp/CrossFormatIntegrationTests_2de75ede/source' and '/tmp/CrossFormatIntegrationTests_2de75ede/reference'
2025-06-14T05:02:49.1334205Z Reference file validation failed. Found 1 invalid files out of 1.
2025-06-14T05:02:49.1335465Z   ✗ complex-policy.json: 2 errors
2025-06-14T05:02:49.1336706Z     - Required properties are missing from object: displayName, conditions, grantControls, state. Path '', line 1, position 1.
2025-06-14T05:02:49.1337828Z     - Display name is missing or empty.
2025-06-14T05:02:49.1342202Z Loading reference files: Progress: 1/1 (100.0%) - 349.6 items/sec, ETA: 00:00
2025-06-14T05:02:49.1342993Z Reference file loading completed: 1 files loaded successfully
2025-06-14T05:02:49.1343543Z Processing time: 4ms
2025-06-14T05:02:49.1343942Z Average speed: 270.1 files/second
2025-06-14T05:02:49.1358026Z Found 1 source policies (Json) and 1 reference policies (Terraform)
2025-06-14T05:02:49.1381202Z Reference file validation failed. Found 0 invalid files out of 0.
2025-06-14T05:02:49.1382127Z Reference directory 'dummy-path' does not exist
2025-06-14T05:02:49.1392867Z   Passed ConditionalAccessExporter.Tests.CrossFormatPolicyComparisonServiceIntegrationTests.CompareMixedFormats_MultiplePolicies_ShouldHandleAllCombinations [22 ms]
2025-06-14T05:02:49.1395279Z   Passed ConditionalAccessExporter.Tests.TerraformConversionServiceTests.ConvertToGraphJsonAsync_GrantControls_ShouldMapCorrectly [68 ms]
2025-06-14T05:02:49.1397363Z   Passed ConditionalAccessExporter.Tests.TerraformParsingServiceTests.ParseTerraformFileAsync_TfStateWithNoResources_ShouldReturnEmpty [7 ms]
2025-06-14T05:02:49.1399483Z   Passed ConditionalAccessExporter.Tests.JsonToTerraformServiceTests.ConvertJsonToTerraformAsync_WithGrantControls_ShouldMapCorrectly [21 ms]
2025-06-14T05:02:49.1401916Z   Passed ConditionalAccessExporter.Tests.JsonToTerraformServiceTests.ConvertJsonToTerraformAsync_WithGenerateVariables_ShouldCreateVariablesFile [3 ms]
2025-06-14T05:02:49.1404262Z   Passed ConditionalAccessExporter.Tests.CrossFormatPolicyComparisonServiceIntegrationTests.CompareWithMixedFileTypes_ShouldIgnoreNonPolicyFiles [12 ms]
2025-06-14T05:02:49.1406893Z   Passed ConditionalAccessExporter.Tests.CrossFormatPolicyComparisonServiceIntegrationTests.CompareComplexPolicies_MultipleConditionsAndControls_ShouldAnalyzeCorrectly [13 ms]
2025-06-14T05:02:49.1409491Z   Passed ConditionalAccessExporter.Tests.CrossFormatPolicyComparisonServiceIntegrationTests.CompareWithEmptyDirectories_ShouldHandleGracefully [1 ms]
2025-06-14T05:02:49.1412015Z Validating 1 policy files using parallel processing...
2025-06-14T05:02:49.1428787Z Validation completed: 0 valid, 1 invalid files
2025-06-14T05:02:49.1429610Z Reference file validation failed. Found 1 invalid files out of 1.
2025-06-14T05:02:49.1430216Z Processing time: 1ms
2025-06-14T05:02:49.1430925Z   ✗ policy1.json: 2 errors
2025-06-14T05:02:49.1431360Z Average speed: 959.5 files/second
2025-06-14T05:02:49.1432281Z     - Required properties are missing from object: displayName, conditions, grantControls, state. Path '', line 1, position 1.
2025-06-14T05:02:49.1433578Z       Suggestion: Ensure the policy structure matches the defined schema. Check field names and types.
2025-06-14T05:02:49.1434507Z       Suggestion: Provide a descriptive display name for the policy.
2025-06-14T05:02:49.1435118Z     - Display name is missing or empty.
2025-06-14T05:02:49.1435753Z Loading 1 reference policy files using parallel processing...
2025-06-14T05:02:49.1436633Z Loading reference files: Progress: 1/1 (100.0%) - 4701.5 items/sec, ETA: 00:00
2025-06-14T05:02:49.1437471Z Reference file loading completed: 1 files loaded successfully
2025-06-14T05:02:49.1438065Z Processing time: 0ms
2025-06-14T05:02:49.1438468Z Average speed: 2493.1 files/second
2025-06-14T05:02:49.1446102Z Reference file validation failed. Found 0 invalid files out of 0.
2025-06-14T05:02:49.1448917Z Reference directory '/tmp/non-existent-directory' does not exist
2025-06-14T05:02:49.1593930Z Converting 1 Terraform policies to Graph JSON format using parallel processing...
2025-06-14T05:02:49.1596276Z Converting policies: Progress: 1/1 (100.0%) - 12239.9 items/sec, ETA: 00:00
2025-06-14T05:02:49.1596970Z Policy conversion completed in 0ms
2025-06-14T05:02:49.1597758Z Average speed: 5707.8 policies/second
2025-06-14T05:02:49.1608929Z Converting 1 Terraform policies to Graph JSON format using parallel processing...
2025-06-14T05:02:49.1609906Z Converting policies: Progress: 1/1 (100.0%) - 11668.6 items/sec, ETA: 00:00
2025-06-14T05:02:49.1623157Z Policy conversion completed in 0ms
2025-06-14T05:02:49.1623703Z Average speed: 8136.7 policies/second
2025-06-14T05:02:49.1624485Z Converting 1 Terraform policies to Graph JSON format using parallel processing...
2025-06-14T05:02:49.1625530Z Converting policies: Progress: 1/1 (100.0%) - 14025.2 items/sec, ETA: 00:00
2025-06-14T05:02:49.1626264Z Policy conversion completed in 0ms
2025-06-14T05:02:49.1626757Z Average speed: 2082.9 policies/second
2025-06-14T05:02:49.1627527Z Converting 1 Terraform policies to Graph JSON format using parallel processing...
2025-06-14T05:02:49.1628534Z Converting policies: Progress: 1/1 (100.0%) - 18348.6 items/sec, ETA: 00:00
2025-06-14T05:02:49.1629225Z Policy conversion completed in 0ms
2025-06-14T05:02:49.1629747Z Average speed: 9267.8 policies/second
2025-06-14T05:02:49.1630722Z Converting 1 Terraform policies to Graph JSON format using parallel processing...
2025-06-14T05:02:49.1631707Z Converting policies: Progress: 1/1 (100.0%) - 16103.1 items/sec, ETA: 00:00
2025-06-14T05:02:49.1632411Z Policy conversion completed in 0ms
2025-06-14T05:02:49.1632904Z Average speed: 5035.2 policies/second
2025-06-14T05:02:49.1641184Z No Terraform policies found to convert.
2025-06-14T05:02:49.1669473Z   Passed ConditionalAccessExporter.Tests.ParallelProcessingServiceTests.ProcessInParallelAsync_WithCustomParallelism_RespectsMaxDegreeOfParallelism [393 ms]
2025-06-14T05:02:49.1671065Z   Standard Output Messages:
2025-06-14T05:02:49.1671678Z  Max concurrent operations observed: 3
2025-06-14T05:02:49.1672151Z  Configured max degree of parallelism: 3
2025-06-14T05:02:49.1672469Z 
2025-06-14T05:02:49.1672475Z 
2025-06-14T05:02:49.1673792Z   Passed ConditionalAccessExporter.Tests.CrossFormatPolicyComparisonServiceIntegrationTests.CompareWithDifferentNamingConventions_ShouldDetectSimilarPolicies [7 ms]
2025-06-14T05:02:49.1676411Z   Passed ConditionalAccessExporter.Tests.PolicyComparisonServiceTests.CompareAsync_ComplexNestedDifferences_ShouldDetectCorrectly [40 ms]
2025-06-14T05:02:49.1678718Z   Passed ConditionalAccessExporter.Tests.PolicyComparisonServiceTests.ParseEntraExport_ValidJsonString_ShouldParseCorrectly [1 ms]
2025-06-14T05:02:49.1681112Z   Passed ConditionalAccessExporter.Tests.PolicyComparisonServiceTests.CompareAsync_EmptyEntraExport_ShouldReportAllAsReferenceOnly [5 ms]
2025-06-14T05:02:49.1683392Z   Passed ConditionalAccessExporter.Tests.PolicyComparisonServiceTests.CompareAsync_NonExistentReferenceDirectory_ShouldHandleGracefully [1 ms]
2025-06-14T05:02:49.1685858Z   Passed ConditionalAccessExporter.Tests.TerraformConversionServiceTests.ConvertToGraphJsonAsync_SingleFullyPopulatedPolicy_ShouldConvertSuccessfully [51 ms]
2025-06-14T05:02:49.1688763Z   Passed ConditionalAccessExporter.Tests.TerraformConversionServiceTests.ConvertToGraphJsonAsync_DifferentStates_ShouldMapCorrectly(terraformState: "enabled", expectedState: "enabled") [1 ms]
2025-06-14T05:02:49.1691981Z Converting 2 Terraform policies to Graph JSON format using parallel processing...
2025-06-14T05:02:49.1693013Z Converting policies: Progress: 1/2 (50.0%) - 6978.4 items/sec, ETA: 00:00
2025-06-14T05:02:49.1693937Z Converting policies: Progress: 2/2 (100.0%) - 11668.6 items/sec, ETA: 00:00
2025-06-14T05:02:49.1694643Z Policy conversion completed in 0ms
2025-06-14T05:02:49.1695142Z Average speed: 6648.9 policies/second
2025-06-14T05:02:49.1696177Z Converting 1 Terraform policies to Graph JSON format using parallel processing...
2025-06-14T05:02:49.1706926Z Converting policies: Progress: 1/1 (100.0%) - 2919.7 items/sec, ETA: 00:00
2025-06-14T05:02:49.1707602Z Policy conversion completed in 0ms
2025-06-14T05:02:49.1708033Z Average speed: 2562.1 policies/second
2025-06-14T05:02:49.1708785Z Converting 1 Terraform policies to Graph JSON format using parallel processing...
2025-06-14T05:02:49.1710048Z Converting policies: Progress: 1/1 (100.0%) - 21052.6 items/sec, ETA: 00:00
2025-06-14T05:02:49.1717379Z Policy conversion completed in 0ms
2025-06-14T05:02:49.1717903Z Average speed: 2326.7 policies/second
2025-06-14T05:02:49.1749815Z Converting 1 Terraform policies to Graph JSON format using parallel processing...
2025-06-14T05:02:49.1754977Z Converting policies: Progress: 1/1 (100.0%) - 12870.0 items/sec, ETA: 00:00
2025-06-14T05:02:49.1755782Z Policy conversion completed in 0ms
2025-06-14T05:02:49.1756294Z Average speed: 7042.3 policies/second
2025-06-14T05:02:49.1920634Z   Passed ConditionalAccessExporter.Tests.TerraformConversionServiceTests.ConvertToGraphJsonAsync_DifferentStates_ShouldMapCorrectly(terraformState: "invalid", expectedState: "disabled") [< 1 ms]
2025-06-14T05:02:49.1929593Z   Passed ConditionalAccessExporter.Tests.TerraformConversionServiceTests.ConvertToGraphJsonAsync_DifferentStates_ShouldMapCorrectly(terraformState: "enabledForReportingButNotEnforced", expectedState: "enabledForReportingButNotEnforced") [< 1 ms]
2025-06-14T05:02:49.1932989Z   Passed ConditionalAccessExporter.Tests.TerraformConversionServiceTests.ConvertToGraphJsonAsync_DifferentStates_ShouldMapCorrectly(terraformState: null, expectedState: "disabled") [< 1 ms]
2025-06-14T05:02:49.1935601Z   Passed ConditionalAccessExporter.Tests.TerraformConversionServiceTests.ConvertToGraphJsonAsync_DifferentStates_ShouldMapCorrectly(terraformState: "disabled", expectedState: "disabled") [1 ms]
2025-06-14T05:02:49.1938019Z   Passed ConditionalAccessExporter.Tests.TerraformConversionServiceTests.ConvertToGraphJsonAsync_EmptyPoliciesList_ShouldReturnEmptyList [2 ms]
2025-06-14T05:02:49.1941034Z   Passed ConditionalAccessExporter.Tests.TerraformConversionServiceTests.ConvertToGraphJsonAsync_PolicyConversionFailure_ShouldContinueWithOthers [1 ms]
2025-06-14T05:02:49.1943322Z   Passed ConditionalAccessExporter.Tests.TerraformConversionServiceTests.ConvertToGraphJsonAsync_UnresolvedVariables_ShouldGenerateWarnings [1 ms]
2025-06-14T05:02:49.1945522Z   Passed ConditionalAccessExporter.Tests.TerraformConversionServiceTests.ConvertToGraphJsonAsync_NullNestedObjects_ShouldHandleGracefully [2 ms]
2025-06-14T05:02:49.1947620Z   Passed ConditionalAccessExporter.Tests.TerraformConversionServiceTests.ConvertToGraphJsonAsync_UsersConditions_ShouldMapCorrectly [17 ms]
2025-06-14T05:02:49.1949262Z Converting 1 Terraform policies to Graph JSON format using parallel processing...
2025-06-14T05:02:49.1950301Z Converting policies: Progress: 1/1 (100.0%) - 6978.4 items/sec, ETA: 00:00
2025-06-14T05:02:49.1957520Z Policy conversion completed in 0ms
2025-06-14T05:02:49.1958053Z Average speed: 4914.0 policies/second
2025-06-14T05:02:49.1958855Z Converting 1 Terraform policies to Graph JSON format using parallel processing...
2025-06-14T05:02:49.1959868Z Converting policies: Progress: 1/1 (100.0%) - 3488.0 items/sec, ETA: 00:00
2025-06-14T05:02:49.1960788Z Policy conversion completed in 0ms
2025-06-14T05:02:49.1961308Z Average speed: 2876.0 policies/second
2025-06-14T05:02:49.2025338Z Converting 1 Terraform policies to Graph JSON format using parallel processing...
2025-06-14T05:02:49.2034489Z Converting policies: Progress: 1/1 (100.0%) - 12953.4 items/sec, ETA: 00:00
2025-06-14T05:02:49.2042616Z Policy conversion completed in 0ms
2025-06-14T05:02:49.2043102Z Average speed: 7704.2 policies/second
2025-06-14T05:02:49.2125934Z Found 100 source policies (Json) and 100 reference policies (Terraform)
2025-06-14T05:02:49.2157077Z Converting 1 Terraform policies to Graph JSON format using parallel processing...
2025-06-14T05:02:49.2158352Z Converting policies: Progress: 1/1 (100.0%) - 7168.5 items/sec, ETA: 00:00
2025-06-14T05:02:49.2159086Z Policy conversion completed in 0ms
2025-06-14T05:02:49.2159574Z Average speed: 3694.1 policies/second
2025-06-14T05:02:49.2231807Z Starting cross-format comparison between '/tmp/CrossFormatTests_88ecb269/source' and '/tmp/CrossFormatTests_88ecb269/reference'
2025-06-14T05:02:49.2243847Z Found 1 source policies (Json) and 1 reference policies (Terraform)
2025-06-14T05:02:49.2265036Z Starting cross-format comparison between '/tmp/CrossFormatTests_550cbba9/source' and '/tmp/CrossFormatTests_550cbba9/reference'
2025-06-14T05:02:49.2269003Z Converting 1 Terraform policies to Graph JSON format using parallel processing...
2025-06-14T05:02:49.2271091Z Converting policies: Progress: 1/1 (100.0%) - 3409.5 items/sec, ETA: 00:00
2025-06-14T05:02:49.2275312Z Policy conversion completed in 0ms
2025-06-14T05:02:49.2276238Z Found 1 source policies (Json) and 0 reference policies (Mixed)
2025-06-14T05:02:49.2278394Z Average speed: 2023.9 policies/second
2025-06-14T05:02:49.2290526Z Starting cross-format comparison between '/tmp/CrossFormatTests_f2017d76/source' and '/tmp/CrossFormatTests_f2017d76/reference'
2025-06-14T05:02:49.2334694Z Converting 3 Terraform policies to Graph JSON format using parallel processing...
2025-06-14T05:02:49.2336996Z Converting policies: Progress: 1/3 (33.3%) - 6222.8 items/sec, ETA: 00:00
2025-06-14T05:02:49.2345033Z Found 1 source policies (Json) and 1 reference policies (Terraform)
2025-06-14T05:02:49.2345970Z Converting policies: Progress: 2/3 (66.7%) - 8032.1 items/sec, ETA: 00:00
2025-06-14T05:02:49.2346923Z Converting policies: Progress: 3/3 (100.0%) - 10834.2 items/sec, ETA: 00:00
2025-06-14T05:02:49.2347660Z Policy conversion completed in 0ms
2025-06-14T05:02:49.2348180Z Average speed: 8058.0 policies/second
2025-06-14T05:02:49.2349574Z   Passed ConditionalAccessExporter.Tests.TerraformConversionServiceTests.ConvertToGraphJsonAsync_DataSourceReferences_ShouldGenerateWarnings [1 ms]
2025-06-14T05:02:49.2352129Z   Passed ConditionalAccessExporter.Tests.TerraformConversionServiceTests.ConvertToGraphJsonAsync_ClientApplicationsConditions_ShouldMapCorrectly [10 ms]
2025-06-14T05:02:49.2354456Z   Passed ConditionalAccessExporter.Tests.TerraformConversionServiceTests.ConvertToGraphJsonAsync_PlatformsConditions_ShouldMapCorrectly [11 ms]
2025-06-14T05:02:49.2356832Z   Passed ConditionalAccessExporter.Tests.CrossFormatPolicyComparisonServiceTests.ComparePoliciesAsync_LargeNumberOfPolicies_ShouldHandleEfficiently [190 ms]
2025-06-14T05:02:49.2359186Z   Passed ConditionalAccessExporter.Tests.CrossFormatPolicyComparisonServiceTests.ComparePoliciesAsync_ReadOnlyFileSystem_ShouldNotThrow [3 ms]
2025-06-14T05:02:49.2361571Z   Passed ConditionalAccessExporter.Tests.TerraformConversionServiceTests.ConvertToGraphJsonAsync_ApplicationsConditions_ShouldMapCorrectly [13 ms]
2025-06-14T05:02:49.2363867Z   Passed ConditionalAccessExporter.Tests.CrossFormatPolicyComparisonServiceTests.ComparePoliciesAsync_EmptyReferenceDirectory_ShouldHandleGracefully [2 ms]
2025-06-14T05:02:49.2366105Z   Passed ConditionalAccessExporter.Tests.TerraformConversionServiceTests.ConvertToGraphJsonAsync_LocalResolution_ShouldResolveCorrectly [3 ms]
2025-06-14T05:02:49.2368074Z Starting cross-format comparison between '/tmp/CrossFormatTests_98c492a7/source' and '/tmp/CrossFormatTests_98c492a7/reference'
2025-06-14T05:02:49.2370165Z Warning: Failed to load JSON file '/tmp/CrossFormatTests_98c492a7/source/malformed.json': Invalid character after parsing property name. Expected ':' but got: j. Path '', line 1, position 10.
2025-06-14T05:02:49.2373098Z Found 1 source policies (Json) and 0 reference policies (Mixed)
2025-06-14T05:02:49.2380608Z Starting cross-format comparison between '/tmp/CrossFormatTests_c042fef2/source' and '/tmp/CrossFormatTests_c042fef2/reference'
2025-06-14T05:02:49.2396229Z Converting 1 Terraform policies to Graph JSON format using parallel processing...
2025-06-14T05:02:49.2397733Z Found 0 source policies (Mixed) and 1 reference policies (Terraform)
2025-06-14T05:02:49.2417170Z Converting policies: Progress: 1/1 (100.0%) - 666.1 items/sec, ETA: 00:00
2025-06-14T05:02:49.2418409Z Policy conversion completed in 2ms
2025-06-14T05:02:49.2443860Z Average speed: 503.0 policies/second
2025-06-14T05:02:49.2445014Z Starting cross-format comparison between '/tmp/CrossFormatTests_2ca55699/source' and '/tmp/CrossFormatTests_2ca55699/reference'
2025-06-14T05:02:49.2446509Z Found 1 source policies (Json) and 1 reference policies (Terraform)
2025-06-14T05:02:49.2625909Z   Passed ConditionalAccessExporter.Tests.TerraformConversionServiceTests.ConvertToGraphJsonAsync_MultiplePolicies_ShouldConvertAll [2 ms]
2025-06-14T05:02:49.2628206Z   Passed ConditionalAccessExporter.Tests.CrossFormatPolicyComparisonServiceTests.ComparePoliciesAsync_CustomMapping_ShouldUseCustomMappings [3 ms]
2025-06-14T05:02:49.2630993Z   Passed ConditionalAccessExporter.Tests.CrossFormatPolicyComparisonServiceTests.ComparePoliciesAsync_MalformedJsonFile_ShouldSkipAndContinue [3 ms]
2025-06-14T05:02:49.2647436Z   Passed ConditionalAccessExporter.Tests.ParallelProcessingServiceTests.ProcessInParallelAsync_WithCancellation_ThrowsOperationCancelledException [104 ms]
2025-06-14T05:02:49.2651844Z   Passed ConditionalAccessExporter.Tests.CrossFormatPolicyComparisonServiceTests.ComparePoliciesAsync_ReferenceOnlyPolicy_ShouldReturnReferenceOnlyStatus [5 ms]
2025-06-14T05:02:49.2654560Z   Passed ConditionalAccessExporter.Tests.CrossFormatPolicyComparisonServiceTests.ComparePoliciesAsync_ByNameCaseInsensitive_ShouldIgnoreCase [3 ms]
2025-06-14T05:02:49.2657179Z   Passed ConditionalAccessExporter.Tests.ParallelProcessingServiceTests.ProcessFilesInParallelAsync_WithTestFiles_ProcessesCorrectly [22 ms]
2025-06-14T05:02:49.2658510Z   Standard Output Messages:
2025-06-14T05:02:49.2659254Z  Processed 5 files with 5 progress reports
2025-06-14T05:02:49.2659595Z 
2025-06-14T05:02:49.2659603Z 
2025-06-14T05:02:49.2687771Z Converting 1 Terraform policies to Graph JSON format using parallel processing...
2025-06-14T05:02:49.2697950Z Converting policies: Progress: 1/1 (100.0%) - 6345.2 items/sec, ETA: 00:00
2025-06-14T05:02:49.2699246Z Policy conversion completed in 0ms
2025-06-14T05:02:49.2702832Z Average speed: 4812.3 policies/second
2025-06-14T05:02:49.2757814Z Converting 1 Terraform policies to Graph JSON format using parallel processing...
2025-06-14T05:02:49.2760573Z Converting policies: Progress: 1/1 (100.0%) - 10131.7 items/sec, ETA: 00:00
2025-06-14T05:02:49.2761324Z Policy conversion completed in 0ms
2025-06-14T05:02:49.2761828Z Average speed: 7315.3 policies/second
2025-06-14T05:02:49.2790495Z Converting 1 Terraform policies to Graph JSON format using parallel processing...
2025-06-14T05:02:49.2794044Z Converting policies: Progress: 1/1 (100.0%) - 6793.5 items/sec, ETA: 00:00
2025-06-14T05:02:49.2798782Z Policy conversion completed in 0ms
2025-06-14T05:02:49.2799361Z Average speed: 2809.8 policies/second
2025-06-14T05:02:49.2809383Z Starting cross-format comparison between '/tmp/CrossFormatTests_2a5d721d/source' and '/tmp/CrossFormatTests_2a5d721d/reference'
2025-06-14T05:02:49.2865057Z Converting 1 Terraform policies to Graph JSON format using parallel processing...
2025-06-14T05:02:49.2866301Z Converting policies: Progress: 1/1 (100.0%) - 8103.7 items/sec, ETA: 00:00
2025-06-14T05:02:49.2870693Z Policy conversion completed in 0ms
2025-06-14T05:02:49.2872061Z Average speed: 2506.9 policies/second
2025-06-14T05:02:49.2940087Z Converting 1 Terraform policies to Graph JSON format using parallel processing...
2025-06-14T05:02:49.2945978Z Converting policies: Progress: 1/1 (100.0%) - 10822.5 items/sec, ETA: 00:00
2025-06-14T05:02:49.2951574Z Policy conversion completed in 0ms
2025-06-14T05:02:49.2956592Z Average speed: 7547.2 policies/second
2025-06-14T05:02:49.3187427Z Found 50 source policies (Json) and 50 reference policies (Terraform)
2025-06-14T05:02:49.3230222Z Starting cross-format comparison between '/tmp/CrossFormatTests_ab5e113d/source' and '/tmp/CrossFormatTests_ab5e113d/nonexistent-reference'
2025-06-14T05:02:49.3240692Z   Passed ConditionalAccessExporter.Tests.TerraformConversionServiceTests.ConvertToGraphJsonAsync_SessionControls_ShouldMapCorrectly [36 ms]
2025-06-14T05:02:49.3243891Z   Passed ConditionalAccessExporter.Tests.TerraformConversionServiceTests.ConvertToGraphJsonAsync_ClientAppTypes_ShouldMapCorrectly [5 ms]
2025-06-14T05:02:49.3246201Z   Passed ConditionalAccessExporter.Tests.TerraformConversionServiceTests.ConvertToGraphJsonAsync_SpecialValues_ShouldMapCorrectly [3 ms]
2025-06-14T05:02:49.3248232Z   Passed ConditionalAccessExporter.Tests.TerraformConversionServiceTests.ConvertToGraphJsonAsync_RiskLevels_ShouldMapCorrectly [7 ms]
2025-06-14T05:02:49.3250628Z   Passed ConditionalAccessExporter.Tests.ParallelProcessingServiceTests.ProcessInParallelAsync_WithErrorsAndContinueOnError_HandlesErrorsGracefully [30 ms]
2025-06-14T05:02:49.3252057Z   Standard Output Messages:
2025-06-14T05:02:49.3252513Z  Successfully processed 7 out of 10 items
2025-06-14T05:02:49.3252995Z  Errors encountered: 3
2025-06-14T05:02:49.3253221Z 
2025-06-14T05:02:49.3253230Z 
2025-06-14T05:02:49.3254162Z   Passed ConditionalAccessExporter.Tests.TerraformConversionServiceTests.ConvertToGraphJsonAsync_GeneralStructure_ShouldBeCorrect [7 ms]
2025-06-14T05:02:49.3256295Z   Passed ConditionalAccessExporter.Tests.TerraformConversionServiceTests.ConvertToGraphJsonAsync_MinimalRequiredFields_ShouldConvertWithDefaults [5 ms]
2025-06-14T05:02:49.3258902Z   Passed ConditionalAccessExporter.Tests.CrossFormatPolicyComparisonServiceTests.ComparePoliciesAsync_PerformanceWithManyComplexPolicies_ShouldCompleteWithinReasonableTime [77 ms]
2025-06-14T05:02:49.3260958Z Found 0 source policies (Mixed) and 0 reference policies (Unknown)
2025-06-14T05:02:49.8582422Z   Passed ConditionalAccessExporter.Tests.CrossFormatPolicyComparisonServiceTests.ComparePoliciesAsync_NonExistentReferenceDirectory_ShouldHandleGracefully [1 ms]
2025-06-14T05:02:49.8584921Z   Passed ConditionalAccessExporter.Tests.ParallelProcessingServiceTests.ProcessInParallelAsync_WithValidItems_ProcessesSuccessfully [45 ms]
2025-06-14T05:02:49.8586188Z   Standard Output Messages:
2025-06-14T05:02:49.8586582Z  Processed 10 items in 41.1704ms
2025-06-14T05:02:49.8586984Z  Average speed: 242.89 items/second
2025-06-14T05:02:49.8587255Z 
2025-06-14T05:02:49.8587262Z 
2025-06-14T05:02:49.8588169Z   Passed ConditionalAccessExporter.Tests.ParallelProcessingServiceTests.GetOptimalDegreeOfParallelism_ReturnsReasonableValue [< 1 ms]
2025-06-14T05:02:49.8589360Z   Standard Output Messages:
2025-06-14T05:02:49.8589624Z  Optimal parallelism: 3 (System cores: 4)
2025-06-14T05:02:49.8589807Z 
2025-06-14T05:02:49.8589811Z 
2025-06-14T05:02:49.8590553Z   Passed ConditionalAccessExporter.Tests.ParallelProcessingServiceTests.ProcessInParallelAsync_WithProgressReporting_ReportsProgressCorrectly [53 ms]
2025-06-14T05:02:49.8591371Z   Standard Output Messages:
2025-06-14T05:02:49.8591663Z  Progress: Progress: 5/20 (25.0%) - 238.4 items/sec, ETA: 00:00
2025-06-14T05:02:49.8592044Z  Progress: Progress: 10/20 (50.0%) - 319.1 items/sec, ETA: 00:00
2025-06-14T05:02:49.8592406Z  Progress: Progress: 15/20 (75.0%) - 361.3 items/sec, ETA: 00:00
2025-06-14T05:02:49.8592768Z  Progress: Progress: 20/20 (100.0%) - 387.2 items/sec, ETA: 00:00
2025-06-14T05:02:49.8593078Z  Received 4 progress reports
2025-06-14T05:02:49.8593231Z 
2025-06-14T05:02:49.8593235Z 
2025-06-14T05:02:49.8593741Z   Passed ConditionalAccessExporter.Tests.PerformanceBenchmarkServiceTests.MonitorMemoryUsageAsync_WithException_HandlesGracefully [84 ms]
2025-06-14T05:02:49.8594836Z   Passed ConditionalAccessExporter.Tests.PerformanceBenchmarkServiceTests.MonitorMemoryUsageAsync_WithSimpleOperation_ReturnsValidResults [118 ms]
2025-06-14T05:02:49.8595921Z   Passed ConditionalAccessExporter.Tests.PerformanceBenchmarkServiceTests.MemoryUsageResult_FormattedProperties_ReturnValidStrings [< 1 ms]
2025-06-14T05:02:49.8597325Z   Passed ConditionalAccessExporter.Tests.PerformanceBenchmarkServiceTests.PerformanceBenchmarkService_WithProgressReporter_ReportsProgress [107 ms]
2025-06-14T05:02:49.8598499Z   Passed ConditionalAccessExporter.Tests.PerformanceBenchmarkServiceTests.RunPerformanceRegressionTestsAsync_WithValidThresholds_ReturnsResults [153 ms]
2025-06-14T05:02:50.2809271Z   Passed ConditionalAccessExporter.Tests.PerformanceBenchmarkServiceTests.RunPerformanceRegressionTestsAsync_WithStrictThresholds_DetectsFailures [151 ms]
2025-06-14T05:02:50.2811166Z   Passed ConditionalAccessExporter.Tests.PerformanceBenchmarkServiceTests.MonitorMemoryUsageAsync_WithCancellation_HandlesCancellation [59 ms]
2025-06-14T05:02:50.2812259Z   Passed ConditionalAccessExporter.Tests.PerformanceBenchmarkServiceTests.RegressionTestResult_FormattedResult_ReturnsValidString [< 1 ms]
2025-06-14T05:02:50.2813254Z   Passed ConditionalAccessExporter.Tests.ProgressIndicatorTests.ProgressInfo_FormattedProperties_ReturnValidStrings [2 ms]
2025-06-14T05:02:50.2814166Z   Passed ConditionalAccessExporter.Tests.ProgressIndicatorTests.ProgressInfo_ToString_ReturnsComprehensiveString [< 1 ms]
2025-06-14T05:02:50.2815043Z   Passed ConditionalAccessExporter.Tests.ProgressIndicatorTests.ProgressIndicator_SetProgress_UpdatesCorrectly [103 ms]
2025-06-14T05:02:50.2815997Z   Passed ConditionalAccessExporter.Tests.ProgressIndicatorTests.PerformanceThresholdMonitor_CheckProgress_CallsProgressReporter [103 ms]
2025-06-14T05:02:50.2816960Z   Passed ConditionalAccessExporter.Tests.ProgressIndicatorTests.ProgressIndicator_Constructor_InitializesCorrectly [< 1 ms]
2025-06-14T05:02:50.2817875Z   Passed ConditionalAccessExporter.Tests.ProgressIndicatorTests.ProgressInfo_EstimatedTimeRemaining_CalculatesCorrectly [< 1 ms]
2025-06-14T05:02:50.7854441Z Test: 1/10 (10.0%) | Elapsed: 00:00:00 | ETA: Calculating... | Rate: 0.0 items/sec | Memory: 0.0 MB | Delta: +0.0 MB
2025-06-14T05:02:50.7855928Z Test message
2025-06-14T05:02:50.7906811Z Markdown cross-format comparison report generated: /tmp/CrossFormatReportGenerationTests/f108523b-ceb8-4aae-bc86-14161e940663/cross-format-comparison-20250614-050250.md
2025-06-14T05:02:50.8032745Z Cross-format comparison report generated: /tmp/CrossFormatReportGenerationTests/bd8ebb9a-4d96-46f7-93fc-174229cec8d7/cross-format-comparison-20250614-050250.json
2025-06-14T05:02:50.8053781Z HTML cross-format comparison report generated: /tmp/CrossFormatReportGenerationTests/bd8ebb9a-4d96-46f7-93fc-174229cec8d7/cross-format-comparison-20250614-050250.html
2025-06-14T05:02:50.8062360Z Markdown cross-format comparison report generated: /tmp/CrossFormatReportGenerationTests/bd8ebb9a-4d96-46f7-93fc-174229cec8d7/cross-format-comparison-20250614-050250.md
2025-06-14T05:02:50.8068792Z CSV cross-format comparison report generated: /tmp/CrossFormatReportGenerationTests/bd8ebb9a-4d96-46f7-93fc-174229cec8d7/cross-format-comparison-20250614-050250.csv
2025-06-14T05:02:50.8105006Z Cross-format comparison report generated: /tmp/CrossFormatReportGenerationTests/a7485fa5-9297-4fd9-81a2-de08e31b5237/cross-format-comparison-20250614-050250.json
2025-06-14T05:02:50.8161993Z   Passed ConditionalAccessExporter.Tests.ProgressIndicatorTests.PerformanceThreshold_CheckThresholds_DetectsViolations [1 ms]
2025-06-14T05:02:50.8163776Z   Passed ConditionalAccessExporter.Tests.ProgressIndicatorTests.ProgressIndicator_IncrementProgress_UpdatesCorrectly [100 ms]
2025-06-14T05:02:50.8165484Z   Passed ConditionalAccessExporter.Tests.ProgressIndicatorTests.ProgressInfo_NegativeMemoryDelta_FormatsCorrectly [< 1 ms]
2025-06-14T05:02:50.8167261Z   Passed ConditionalAccessExporter.Tests.ProgressIndicatorTests.PerformanceThreshold_CheckThresholds_NoViolations_ReturnsEmpty [< 1 ms]
2025-06-14T05:02:50.8168982Z   Passed ConditionalAccessExporter.Tests.ProgressIndicatorTests.ProgressIndicator_Dispose_StopsUpdates [403 ms]
2025-06-14T05:02:50.8170860Z   Passed ConditionalAccessExporter.Tests.ProgressIndicatorTests.ConsoleProgressReporter_Report_DoesNotThrow [< 1 ms]
2025-06-14T05:02:50.8173094Z   Passed ConditionalAccessExporter.Tests.CrossFormatReportGenerationServiceTests.GenerateMarkdownReport_ValidatesMarkdownSyntax [5 ms]
2025-06-14T05:02:50.8175299Z   Passed ConditionalAccessExporter.Tests.CrossFormatReportGenerationServiceTests.GenerateReports_AllFormats_ShouldContainSameDataAccuracy [17 ms]
2025-06-14T05:02:50.8177611Z   Passed ConditionalAccessExporter.Tests.CrossFormatReportGenerationServiceTests.GenerateJsonReport_WithEmptyResult_ShouldCreateValidJsonFile [5 ms]
2025-06-14T05:02:50.8180514Z Cross-format comparison report generated: /tmp/CrossFormatReportGenerationTests/be9a5142-c9ad-4fb0-a82d-55bd49cb2530/cross-format-comparison-20250614-050250.json
2025-06-14T05:02:50.8305818Z HTML cross-format comparison report generated: /tmp/CrossFormatReportGenerationTests/e0da1f36-eb18-422e-ad2a-a280976b6a11/cross-format-comparison-20250614-050250.html
2025-06-14T05:02:50.8327298Z CSV cross-format comparison report generated: /tmp/CrossFormatReportGenerationTests/85922f2c-02fd-4de0-b6c4-377caa0a3738/cross-format-comparison-20250614-050250.csv
2025-06-14T05:02:50.8344966Z Cross-format comparison report generated: /tmp/CrossFormatReportGenerationTests/ee9c8ed7-ea71-4a01-9596-1cde5d6b6959/cross-format-comparison-20250614-050250.json
2025-06-14T05:02:50.8348159Z HTML cross-format comparison report generated: /tmp/CrossFormatReportGenerationTests/ee9c8ed7-ea71-4a01-9596-1cde5d6b6959/cross-format-comparison-20250614-050250.html
2025-06-14T05:02:50.8357349Z Markdown cross-format comparison report generated: /tmp/CrossFormatReportGenerationTests/ee9c8ed7-ea71-4a01-9596-1cde5d6b6959/cross-format-comparison-20250614-050250.md
2025-06-14T05:02:50.8359339Z CSV cross-format comparison report generated: /tmp/CrossFormatReportGenerationTests/ee9c8ed7-ea71-4a01-9596-1cde5d6b6959/cross-format-comparison-20250614-050250.csv
2025-06-14T05:02:50.8364801Z HTML cross-format comparison report generated: /tmp/CrossFormatReportGenerationTests/69064dc1-0a9b-4e9e-826a-411019c74cf6/cross-format-comparison-20250614-050250.html
2025-06-14T05:02:50.8389522Z Cross-format comparison report generated: /tmp/CrossFormatReportGenerationTests/d4afef5a-67b7-40b2-b2b9-169b10a8cb6b/cross-format-comparison-20250614-050250.json
2025-06-14T05:02:50.8404613Z CSV cross-format comparison report generated: /tmp/CrossFormatReportGenerationTests/e10b9b56-813b-4eb3-b95e-5fcb5c06cc58/cross-format-comparison-20250614-050250.csv
2025-06-14T05:02:50.8424830Z HTML cross-format comparison report generated: /tmp/CrossFormatReportGenerationTests/dc5c4203-bf66-4bf4-bff3-8489dd130a18/cross-format-comparison-20250614-050250.html
2025-06-14T05:02:50.8472497Z Cross-format comparison report generated: /tmp/CrossFormatReportGenerationTests/41853b2e-81c9-4da6-90cb-2498cad1e559/new-directory/cross-format-comparison-20250614-050250.json
2025-06-14T05:02:50.8487861Z   Passed ConditionalAccessExporter.Tests.CrossFormatReportGenerationServiceTests.GenerateReport_WithDefaultFormat_ShouldCreateJsonReport [14 ms]
2025-06-14T05:02:50.8493633Z   Passed ConditionalAccessExporter.Tests.CrossFormatReportGenerationServiceTests.GenerateHtmlReport_WithSemanticallyEquivalent_ShouldDisplaySemanticInfo [1 ms]
2025-06-14T05:02:50.8496117Z   Passed ConditionalAccessExporter.Tests.CrossFormatReportGenerationServiceTests.GenerateCsvReport_WithConversionSuggestions_ShouldReflectInHasSuggestions [1 ms]
2025-06-14T05:02:50.8498448Z   Passed ConditionalAccessExporter.Tests.CrossFormatReportGenerationServiceTests.GenerateReport_WithEmptyResult_ShouldHandleGracefully [2 ms]
2025-06-14T05:02:50.8500902Z   Passed ConditionalAccessExporter.Tests.CrossFormatReportGenerationServiceTests.GenerateHtmlReport_WithConversionSuggestions_ShouldDisplaySuggestions [2 ms]
2025-06-14T05:02:50.8503177Z   Passed ConditionalAccessExporter.Tests.CrossFormatReportGenerationServiceTests.GenerateReport_WithUnknownFormat_ShouldDefaultToJson [1 ms]
2025-06-14T05:02:50.8505340Z   Passed ConditionalAccessExporter.Tests.CrossFormatReportGenerationServiceTests.GenerateCsvReport_WithAllStatuses_ShouldCreateValidCsvFile [1 ms]
2025-06-14T05:02:50.8507890Z   Passed ConditionalAccessExporter.Tests.CrossFormatReportGenerationServiceTests.GenerateHtmlReport_WithAllStatuses_ShouldCreateValidHtmlFile [4 ms]
2025-06-14T05:02:50.8509095Z   Passed ConditionalAccessExporter.Tests.CrossFormatReportGenerationServiceTests.GenerateReport_CreatesOutputDirectory_WhenNotExists [1 ms]
2025-06-14T05:02:50.8510935Z Markdown cross-format comparison report generated: /tmp/CrossFormatReportGenerationTests/266c708b-3905-4fb9-8bc5-d7565c86d8d0/cross-format-comparison-20250614-050250.md
2025-06-14T05:02:50.8536058Z Markdown cross-format comparison report generated: /tmp/CrossFormatReportGenerationTests/37f5dc11-f4aa-48b3-b993-d4cf531f8dc6/cross-format-comparison-20250614-050250.md
2025-06-14T05:02:50.8551888Z Cross-format comparison report generated: /tmp/CrossFormatReportGenerationTests/f5f9b667-df64-45ac-8133-553d3ed42051/cross-format-comparison-20250614-050250.json
2025-06-14T05:02:50.8687770Z Starting cross-format comparison between '/tmp/EndToEndTests_bced1abf/json-policies' and '/tmp/EndToEndTests_bced1abf/terraform-policies'
2025-06-14T05:02:50.8701780Z Found 1 source policies (Json) and 1 reference policies (Terraform)
2025-06-14T05:02:50.8800150Z Baseline Generation
2025-06-14T05:02:50.8801031Z ==================
2025-06-14T05:02:50.8802500Z Fetching policies from tenant...
2025-06-14T05:02:50.8811199Z Tenant ID: d385***
2025-06-14T05:02:50.8812050Z Client ID: 1c6d***
2025-06-14T05:02:50.8813395Z Client Secret: [HIDDEN]
2025-06-14T05:02:50.9179255Z Authenticating to Microsoft Graph...
2025-06-14T05:02:51.8673575Z Found 1 policies in tenant
2025-06-14T05:02:51.8678744Z Applied filter: Enabled policies only
2025-06-14T05:02:51.8682600Z After filtering: 1 policies selected
2025-06-14T05:02:51.8684731Z Generating baseline files for 1 policies using parallel processing...
2025-06-14T05:02:51.8880797Z Generated: notrustisrael.json
2025-06-14T05:02:51.8885197Z Baseline file generation completed in 20ms
2025-06-14T05:02:51.8886418Z Average speed: 50.2 policies/second
2025-06-14T05:02:51.8887218Z Baseline Generation Summary:
2025-06-14T05:02:51.8887786Z ============================
2025-06-14T05:02:51.8888248Z Total policies fetched: 1
2025-06-14T05:02:51.8888804Z Policies after filtering: 1
2025-06-14T05:02:51.8889053Z Files generated: 1
2025-06-14T05:02:51.8889381Z Output directory: /tmp/EndToEndTests_80365ba3/baseline-output
2025-06-14T05:02:51.8889701Z Generated files:
2025-06-14T05:02:51.8889892Z   - notrustisrael.json
2025-06-14T05:02:51.8890177Z Baseline generation completed successfully!
2025-06-14T05:02:51.8895711Z Generating baseline files: Progress: 1/1 (100.0%) - 50.6 items/sec, ETA: 00:00
2025-06-14T05:02:51.8909499Z   Passed ConditionalAccessExporter.Tests.CrossFormatReportGenerationServiceTests.GenerateMarkdownReport_WithAllStatuses_ShouldCreateValidMarkdownFile [1 ms]
2025-06-14T05:02:51.8911824Z   Passed ConditionalAccessExporter.Tests.CrossFormatReportGenerationServiceTests.GenerateReports_ShouldLogFileGeneration [2 ms]
2025-06-14T05:02:51.8912984Z   Passed ConditionalAccessExporter.Tests.CrossFormatReportGenerationServiceTests.GenerateMarkdownReport_WithSemanticallyEquivalent_ShouldFormatCorrectly [1 ms]
2025-06-14T05:02:51.8914195Z   Passed ConditionalAccessExporter.Tests.CrossFormatReportGenerationServiceTests.GenerateJsonReport_WithAllStatuses_ShouldCreateValidJsonFile [2 ms]
2025-06-14T05:02:51.8915630Z   Passed ConditionalAccessExporter.Tests.EndToEndWorkflowIntegrationTests.TemplateWorkflow_ListAndCreateTemplate_ShouldProvideTemplateCapabilities [3 ms]
2025-06-14T05:02:51.8916357Z   Standard Output Messages:
2025-06-14T05:02:51.8916606Z  Test directory: /tmp/EndToEndTests_1fa9e3b4
2025-06-14T05:02:51.8916991Z  No templates available - service returned empty list but functioned properly
2025-06-14T05:02:51.8917415Z  Template workflow: 0 templates available, 0 files created
2025-06-14T05:02:51.8917635Z 
2025-06-14T05:02:51.8917639Z 
2025-06-14T05:02:51.8918151Z   Passed ConditionalAccessExporter.Tests.EndToEndWorkflowIntegrationTests.ErrorHandlingWorkflow_MalformedFiles_ShouldHandleGracefully [2 ms]
2025-06-14T05:02:51.8918816Z   Standard Output Messages:
2025-06-14T05:02:51.8919255Z  Test directory: /tmp/EndToEndTests_ac5a34c6
2025-06-14T05:02:51.8919613Z  Error handling test completed: Source files=2, Reference files=1
2025-06-14T05:02:51.8919854Z 
2025-06-14T05:02:51.8919858Z 
2025-06-14T05:02:51.8920478Z   Passed ConditionalAccessExporter.Tests.EndToEndWorkflowIntegrationTests.FileIOWorkflow_LargeFiles_ShouldHandleEfficiently [3 ms]
2025-06-14T05:02:51.8921283Z   Standard Output Messages:
2025-06-14T05:02:51.8921586Z  Test directory: /tmp/EndToEndTests_e1408fbf
2025-06-14T05:02:51.8922125Z  Large file I/O completed in 0.81ms, file size: 4151 bytes
2025-06-14T05:02:51.8922506Z 
2025-06-14T05:02:51.8922512Z 
2025-06-14T05:02:51.8923519Z   Passed ConditionalAccessExporter.Tests.EndToEndWorkflowIntegrationTests.CrossFormatComparisonWorkflow_JsonVsTerraform_ShouldAnalyzeCorrectly [3 ms]
2025-06-14T05:02:51.8924813Z   Standard Output Messages:
2025-06-14T05:02:51.8925199Z  Test directory: /tmp/EndToEndTests_bced1abf
2025-06-14T05:02:51.8925516Z  Cross-format comparison completed with 1 comparisons
2025-06-14T05:02:51.8925724Z 
2025-06-14T05:02:51.8925729Z 
2025-06-14T05:02:51.8926288Z   Passed ConditionalAccessExporter.Tests.EndToEndWorkflowIntegrationTests.BaselineGenerationWorkflow_CreateFromJsonFiles_ShouldCreateValidBaseline [1 s]
2025-06-14T05:02:51.8927003Z   Standard Output Messages:
2025-06-14T05:02:51.8927243Z  Test directory: /tmp/EndToEndTests_80365ba3
2025-06-14T05:02:51.8927522Z  Baseline generation completed with result: 0
2025-06-14T05:02:51.8927707Z 
2025-06-14T05:02:51.8927711Z 
2025-06-14T05:02:51.8928176Z No JSON files found in directory: /tmp/EndToEndTests_7bf07abb/terraform-validation. No files were processed.
2025-06-14T05:02:52.0963061Z custom_export.json
2025-06-14T05:02:52.6389905Z Conditional Access Policy Exporter
2025-06-14T05:02:52.6391849Z ==================================
2025-06-14T05:02:52.6392523Z Tenant ID: ***
2025-06-14T05:02:52.6393130Z Client ID: ***
2025-06-14T05:02:52.6393462Z Client Secret: [HIDDEN]
2025-06-14T05:02:52.6393929Z Authenticating to Microsoft Graph...
2025-06-14T05:02:52.6394449Z Fetching Conditional Access Policies...
2025-06-14T05:02:52.6395038Z info: ConditionalAccessExporter.Program[0]
2025-06-14T05:02:52.6395542Z       Conditional Access Policy Exporter
2025-06-14T05:02:52.6396083Z info: ConditionalAccessExporter.Program[0]
2025-06-14T05:02:52.6396561Z       ==================================
2025-06-14T05:02:52.6397102Z info: ConditionalAccessExporter.Program[0]
2025-06-14T05:02:52.6397668Z       Tenant ID: ***
2025-06-14T05:02:52.6398106Z info: ConditionalAccessExporter.Program[0]
2025-06-14T05:02:52.6398806Z       Client ID: ***
2025-06-14T05:02:52.6399293Z info: ConditionalAccessExporter.Program[0]
2025-06-14T05:02:52.6399794Z       Client Secret: [HIDDEN]
2025-06-14T05:02:52.6400311Z info: ConditionalAccessExporter.Program[0]
2025-06-14T05:02:52.6401135Z info: ConditionalAccessExporter.Program[0]
2025-06-14T05:02:52.6401601Z       Authenticating to Microsoft Graph...
2025-06-14T05:02:52.6402143Z info: ConditionalAccessExporter.Program[0]
2025-06-14T05:02:52.6402687Z       Fetching Conditional Access Policies...
2025-06-14T05:02:52.6403217Z Found 1 Conditional Access Policies
2025-06-14T05:02:52.6403757Z info: ConditionalAccessExporter.Program[0]
2025-06-14T05:02:52.6404269Z       Found 1 Conditional Access Policies
2025-06-14T05:02:52.6404821Z info: ConditionalAccessExporter.Program[0]
2025-06-14T05:02:52.6405328Z Policy Summary:
2025-06-14T05:02:52.6405633Z ================
2025-06-14T05:02:52.6406066Z info: ConditionalAccessExporter.Program[0]
2025-06-14T05:02:52.6406547Z       Policy Summary:
2025-06-14T05:02:52.6407014Z info: ConditionalAccessExporter.Program[0]
2025-06-14T05:02:52.6407503Z       ================
2025-06-14T05:02:52.6407907Z - notrustisrael (State: Enabled)
2025-06-14T05:02:52.6408405Z info: ConditionalAccessExporter.Program[0]
2025-06-14T05:02:52.6408921Z       - notrustisrael (State: Enabled)
2025-06-14T05:02:52.6409468Z info: ConditionalAccessExporter.Program[0]
2025-06-14T05:02:52.6410723Z Conditional Access Policies exported successfully to: custom_export.json
2025-06-14T05:02:52.6411570Z info: ConditionalAccessExporter.Program[0]
2025-06-14T05:02:52.6412292Z       Conditional Access Policies exported successfully to: custom_export.json
2025-06-14T05:02:52.6412983Z File size: 1.25 KB
2025-06-14T05:02:52.6413393Z Export completed successfully!
2025-06-14T05:02:52.6413922Z info: ConditionalAccessExporter.Program[0]
2025-06-14T05:02:52.6414692Z       File size: 1.25 KB
2025-06-14T05:02:52.6415121Z info: ConditionalAccessExporter.Program[0]
2025-06-14T05:02:52.6415606Z       Export completed successfully!
2025-06-14T05:02:52.6416179Z ConditionalAccessPolicies_20250614_050252.json
2025-06-14T05:02:52.8668674Z Conditional Access Policy Exporter
2025-06-14T05:02:52.8669671Z ==================================
2025-06-14T05:02:52.8670693Z info: ConditionalAccessExporter.Program[0]
2025-06-14T05:02:52.8671368Z       Conditional Access Policy Exporter
2025-06-14T05:02:52.8672276Z Tenant ID: ***
2025-06-14T05:02:52.8672752Z info: ConditionalAccessExporter.Program[0]
2025-06-14T05:02:52.8673228Z       ==================================
2025-06-14T05:02:52.8673878Z Client ID: ***
2025-06-14T05:02:52.8674223Z Client Secret: [HIDDEN]
2025-06-14T05:02:52.8674694Z info: ConditionalAccessExporter.Program[0]
2025-06-14T05:02:52.8675263Z       Tenant ID: ***
2025-06-14T05:02:52.8675696Z info: ConditionalAccessExporter.Program[0]
2025-06-14T05:02:52.8676277Z       Client ID: ***
2025-06-14T05:02:52.8676734Z info: ConditionalAccessExporter.Program[0]
2025-06-14T05:02:52.8677207Z       Client Secret: [HIDDEN]
2025-06-14T05:02:52.8677727Z info: ConditionalAccessExporter.Program[0]
2025-06-14T05:02:52.8678290Z Authenticating to Microsoft Graph...
2025-06-14T05:02:52.8678811Z Fetching Conditional Access Policies...
2025-06-14T05:02:52.8679374Z info: ConditionalAccessExporter.Program[0]
2025-06-14T05:02:52.8679895Z       Authenticating to Microsoft Graph...
2025-06-14T05:02:52.8680614Z info: ConditionalAccessExporter.Program[0]
2025-06-14T05:02:52.8681162Z       Fetching Conditional Access Policies...
2025-06-14T05:02:52.8681719Z Found 1 Conditional Access Policies
2025-06-14T05:02:52.8682235Z info: ConditionalAccessExporter.Program[0]
2025-06-14T05:02:52.8682713Z       Found 1 Conditional Access Policies
2025-06-14T05:02:52.8683223Z info: ConditionalAccessExporter.Program[0]
2025-06-14T05:02:52.8683673Z Policy Summary:
2025-06-14T05:02:52.8683985Z ================
2025-06-14T05:02:52.8684342Z - notrustisrael (State: Enabled)
2025-06-14T05:02:52.8684851Z info: ConditionalAccessExporter.Program[0]
2025-06-14T05:02:52.8685330Z       Policy Summary:
2025-06-14T05:02:52.8685775Z info: ConditionalAccessExporter.Program[0]
2025-06-14T05:02:52.8686202Z       ================
2025-06-14T05:02:52.8686615Z info: ConditionalAccessExporter.Program[0]
2025-06-14T05:02:52.8687105Z       - notrustisrael (State: Enabled)
2025-06-14T05:02:52.8687630Z info: ConditionalAccessExporter.Program[0]
2025-06-14T05:02:52.8688527Z Conditional Access Policies exported successfully to: ConditionalAccessPolicies_20250614_050252.json
2025-06-14T05:02:52.8689403Z info: ConditionalAccessExporter.Program[0]
2025-06-14T05:02:52.8690232Z       Conditional Access Policies exported successfully to: ConditionalAccessPolicies_20250614_050252.json
2025-06-14T05:02:52.8691277Z File size: 1.25 KB
2025-06-14T05:02:52.8691649Z Export completed successfully!
2025-06-14T05:02:52.8692178Z info: ConditionalAccessExporter.Program[0]
2025-06-14T05:02:52.8692635Z       File size: 1.25 KB
2025-06-14T05:02:52.8693056Z info: ConditionalAccessExporter.Program[0]
2025-06-14T05:02:52.8693501Z       Export completed successfully!
2025-06-14T05:02:52.9104209Z   Passed ConditionalAccessExporter.Tests.EndToEndWorkflowIntegrationTests.TerraformValidationWorkflow_CompleteValidation_ShouldValidateAllAspects [2 ms]
2025-06-14T05:02:52.9105425Z   Standard Output Messages:
2025-06-14T05:02:52.9105850Z  Test directory: /tmp/EndToEndTests_7bf07abb
2025-06-14T05:02:52.9106608Z  Terraform validation completed successfully
2025-06-14T05:02:52.9106975Z 
2025-06-14T05:02:52.9106982Z 
2025-06-14T05:02:52.9107952Z   Passed ConditionalAccessExporter.Tests.EndToEndWorkflowIntegrationTests.JsonToTerraformWorkflow_SingleFile_ShouldConvertSuccessfully [4 ms]
2025-06-14T05:02:52.9109245Z   Standard Output Messages:
2025-06-14T05:02:52.9109703Z  Test directory: /tmp/EndToEndTests_88cf3d4c
2025-06-14T05:02:52.9110791Z  JSON to Terraform conversion completed: 3 files generated
2025-06-14T05:02:52.9111206Z 
2025-06-14T05:02:52.9111214Z 
2025-06-14T05:02:52.9111971Z   Passed ConditionalAccessExporter.Tests.ProgramTests.CrossFormatComparePoliciesAsync_Success_ReturnsZero [15 ms]
2025-06-14T05:02:52.9113632Z   Passed ConditionalAccessExporter.Tests.ProgramTests.ExportPoliciesAsync_Exception_HandlesErrorAndReturnsOne [181 ms]
2025-06-14T05:02:52.9115379Z   Passed ConditionalAccessExporter.Tests.ProgramTests.Export_Command_ValidArgs_CallsHandler(args: ["export", "--output", "custom_export.json"]) [543 ms]
2025-06-14T05:02:52.9117102Z   Passed ConditionalAccessExporter.Tests.ProgramTests.Export_Command_ValidArgs_CallsHandler(args: ["export"]) [227 ms]
2025-06-14T05:02:52.9118643Z   Passed ConditionalAccessExporter.Tests.ProgramTests.ConvertJsonToTerraformAsync_Success_ReturnsZero [11 ms]
2025-06-14T05:02:52.9120106Z   Passed ConditionalAccessExporter.Tests.ProgramTests.ComparePoliciesAsync_ServiceFailure_ReturnsOne [3 ms]
2025-06-14T05:02:52.9121823Z   Passed ConditionalAccessExporter.Tests.ProgramTests.JsonToTerraform_Command_MissingInput_ReturnsError [27 ms]
2025-06-14T05:02:53.1531668Z   Passed ConditionalAccessExporter.Tests.ProgramTests.CrossCompare_Command_MissingRequiredOption_ReturnsError(args: ["cross-compare", "--source-dir", "./src"]) [2 ms]
2025-06-14T05:02:53.1534275Z   Passed ConditionalAccessExporter.Tests.ProgramTests.CrossCompare_Command_MissingRequiredOption_ReturnsError(args: ["cross-compare", "--reference-dir", "./ref"]) [1 ms]
2025-06-14T05:02:53.1536877Z   Passed ConditionalAccessExporter.Tests.ProgramTests.CrossCompare_Command_ValidArgs_CallsHandler(args: ["cross-compare", "--source-dir", "./src_tf", "--reference-dir", "./ref_json", ···]) [3 ms]
2025-06-14T05:02:53.1538206Z   Passed ConditionalAccessExporter.Tests.ProgramTests.CrossCompare_Command_ValidArgs_CallsHandler(args: ["cross-compare", "--source-dir", "./src", "--reference-dir", "./ref"]) [1 ms]
2025-06-14T05:02:53.1539275Z   Passed ConditionalAccessExporter.Tests.ProgramTests.Terraform_Command_MissingInput_ReturnsError [1 ms]
2025-06-14T05:02:53.1540283Z   Passed ConditionalAccessExporter.Tests.ProgramTests.Terraform_Command_ValidArgs_CallsHandler(args: ["terraform", "--input", "file.tf"]) [12 ms]
2025-06-14T05:02:53.1542789Z   Passed ConditionalAccessExporter.Tests.ProgramTests.Terraform_Command_ValidArgs_CallsHandler(args: ["terraform", "--input", "dir/", "--output", "converted.json", ···]) [1 ms]
2025-06-14T05:02:53.1544036Z   Passed ConditionalAccessExporter.Tests.ProgramTests.ExportPoliciesAsync_Success_ReturnsZero [216 ms]
2025-06-14T05:02:53.1544889Z   Passed ConditionalAccessExporter.Tests.ProgramTests.ConvertTerraformAsync_ServiceFailure_ReturnsOne [1 ms]
2025-06-14T05:02:53.4398931Z [xUnit.net 00:00:05.12]     ConditionalAccessExporter.Tests.ProgramTests.JsonToTerraform_Command_ValidArgs_CallsHandler(args: ["json-to-terraform", "--input", "policies.json"]) [FAIL]
2025-06-14T05:02:53.4403626Z [xUnit.net 00:00:05.12]       Assert.NotNull() Failure: Value is null
2025-06-14T05:02:53.4406628Z [xUnit.net 00:00:05.12]       Stack Trace:
2025-06-14T05:02:53.4412269Z [xUnit.net 00:00:05.12]         /home/runner/work/CA_Scanner/CA_Scanner/ConditionalAccessExporter.Tests/ProgramTests.cs(201,0): at ConditionalAccessExporter.Tests.ProgramTests.JsonToTerraform_Command_ValidArgs_CallsHandler(String[] args)
2025-06-14T05:02:53.4415686Z [xUnit.net 00:00:05.12]         --- End of stack trace from previous location ---
2025-06-14T05:02:53.4445271Z   Passed ConditionalAccessExporter.Tests.ProgramTests.ConvertJsonToTerraformAsync_ServiceFailure_ReturnsOne [1 ms]
2025-06-14T05:02:53.4450700Z   Passed ConditionalAccessExporter.Tests.ProgramTests.Compare_Command_ValidArgs_CallsHandler(args: ["compare", "--reference-dir", "./ref", "--entra-file", "entra_export.json", ···]) [10 ms]
2025-06-14T05:02:53.4455015Z   Passed ConditionalAccessExporter.Tests.ProgramTests.Compare_Command_ValidArgs_CallsHandler(args: ["compare", "--reference-dir", "./ref"]) [254 ms]
2025-06-14T05:02:53.4458324Z   Passed ConditionalAccessExporter.Tests.ProgramTests.ConvertTerraformAsync_Success_ReturnsZero [2 ms]
2025-06-14T05:02:53.4459763Z   Passed ConditionalAccessExporter.Tests.ProgramTests.ComparePoliciesAsync_Success_ReturnsZero [7 ms]
2025-06-14T05:02:53.4462237Z   Passed ConditionalAccessExporter.Tests.ProgramTests.JsonToTerraform_Command_ValidArgs_CallsHandler(args: ["json-to-terraform", "--input", "policies.json", "--output-dir", "custom_tf_out", ···]) [2 ms]
2025-06-14T05:02:53.4464511Z   Failed ConditionalAccessExporter.Tests.ProgramTests.JsonToTerraform_Command_ValidArgs_CallsHandler(args: ["json-to-terraform", "--input", "policies.json"]) [1 ms]
2025-06-14T05:02:53.4465788Z   Error Message:
2025-06-14T05:02:53.4466147Z    Assert.NotNull() Failure: Value is null
2025-06-14T05:02:53.4466577Z   Stack Trace:
2025-06-14T05:02:53.4467995Z      at ConditionalAccessExporter.Tests.ProgramTests.JsonToTerraform_Command_ValidArgs_CallsHandler(String[] args) in /home/runner/work/CA_Scanner/CA_Scanner/ConditionalAccessExporter.Tests/ProgramTests.cs:line 201
2025-06-14T05:02:53.4469538Z --- End of stack trace from previous location ---
2025-06-14T05:02:53.4470805Z   Passed ConditionalAccessExporter.Tests.ProgramTests.Compare_Command_MissingReferenceDir_ReturnsError [3 ms]
2025-06-14T05:02:53.4472205Z   Passed ConditionalAccessExporter.Tests.ProgramTests.Help_Option_PrintsHelpText(args: ["--help"]) [3 ms]
2025-06-14T05:02:53.6325451Z HTML report generated: /tmp/ReportGenerationTests/dbb5c28e-0960-4ea9-a7d2-cb3d42c095eb/CA_Comparison_20250614_050253.html
2025-06-14T05:02:53.6339248Z JSON report generated: /tmp/ReportGenerationTests/a31a8770-50af-4f63-969e-7a5e09173322/CA_Comparison_20250614_050253.json
2025-06-14T05:02:53.6383641Z CSV report generated: /tmp/ReportGenerationTests/323ccc3c-f0b2-4bda-9d81-01bb02e6079e/CA_Comparison_20250614_050253.csv
2025-06-14T05:02:53.6396604Z JSON report generated: /tmp/ReportGenerationTests/8d014679-63c7-4f8e-9026-9725ef3a22de/CA_Comparison_20250614_050253.json
2025-06-14T05:02:53.6400862Z HTML report generated: /tmp/ReportGenerationTests/8d014679-63c7-4f8e-9026-9725ef3a22de/CA_Comparison_20250614_050253.html
2025-06-14T05:02:53.6409892Z CSV report generated: /tmp/ReportGenerationTests/8d014679-63c7-4f8e-9026-9725ef3a22de/CA_Comparison_20250614_050253.csv
2025-06-14T05:02:53.6419222Z   Passed ConditionalAccessExporter.Tests.ProgramTests.Help_Option_PrintsHelpText(args: ["export", "--help"]) [1 ms]
2025-06-14T05:02:53.6420703Z   Passed ConditionalAccessExporter.Tests.ProgramTests.Main_NoArgs_CallsExportCommand [183 ms]
2025-06-14T05:02:53.6422111Z   Passed ConditionalAccessExporter.Tests.ProgramTests.CrossFormatComparePoliciesAsync_ServiceFailure_ReturnsOne [1 ms]
2025-06-14T05:02:53.6423322Z   Passed ConditionalAccessExporter.Tests.ReportGenerationServiceTests.GenerateConsoleReport_WithAllIdentical_ShouldShowAllIdentical [< 1 ms]
2025-06-14T05:02:53.6424419Z   Passed ConditionalAccessExporter.Tests.ReportGenerationServiceTests.GenerateConsoleReport_WithAllEntraOnly_ShouldShowEntraOnlySection [< 1 ms]
2025-06-14T05:02:53.6425471Z   Passed ConditionalAccessExporter.Tests.ReportGenerationServiceTests.GenerateHtmlReport_WithEmptyResult_ShouldCreateValidHtmlFile [1 ms]
2025-06-14T05:02:53.6427522Z   Passed ConditionalAccessExporter.Tests.ReportGenerationServiceTests.GenerateJsonReport_WithEmptyResult_ShouldCreateValidJsonFile [3 ms]
2025-06-14T05:02:53.6438648Z   Passed ConditionalAccessExporter.Tests.ReportGenerationServiceTests.GenerateCsvReport_WithAllStatusTypes_ShouldCreateValidCsvFile [2 ms]
2025-06-14T05:02:53.6441247Z   Passed ConditionalAccessExporter.Tests.ReportGenerationServiceTests.GenerateReports_WithNullDifferences_ShouldHandleGracefully [2 ms]
2025-06-14T05:02:53.6443171Z JSON report generated: /tmp/ReportGenerationTests/2cbde06e-f6b6-4722-9660-bdf24e188add/CA_Comparison_20250614_050253.json
2025-06-14T05:02:53.6479161Z JSON report generated: /tmp/ReportGenerationTests/a70bc055-8a01-4afd-8478-2cce71d4e46a/new-directory/CA_Comparison_20250614_050253.json
2025-06-14T05:02:53.6489455Z JSON report generated: /tmp/ReportGenerationTests/b5709dc4-3663-4398-905f-715452855f67/CA_Comparison_20250614_050253.json
2025-06-14T05:02:53.6492479Z HTML report generated: /tmp/ReportGenerationTests/b5709dc4-3663-4398-905f-715452855f67/CA_Comparison_20250614_050253.html
2025-06-14T05:02:53.6493964Z CSV report generated: /tmp/ReportGenerationTests/b5709dc4-3663-4398-905f-715452855f67/CA_Comparison_20250614_050253.csv
2025-06-14T05:02:53.6505862Z HTML report generated: /tmp/ReportGenerationTests/e05fc61e-6fc9-47b0-937c-59812ab18ff8/CA_Comparison_20250614_050253.html
2025-06-14T05:02:53.6537497Z Validating 2 policy files using parallel processing...
2025-06-14T05:02:53.6541753Z Validation completed: 0 valid, 2 invalid files
2025-06-14T05:02:53.6542258Z Processing time: 0ms
2025-06-14T05:02:53.6542646Z Average speed: 4192.9 files/second
2025-06-14T05:02:53.6562395Z   Passed ConditionalAccessExporter.Tests.ReportGenerationServiceTests.GenerateJsonReport_WithAllStatusTypes_ShouldCreateValidJsonFile [3 ms]
2025-06-14T05:02:53.6564335Z   Passed ConditionalAccessExporter.Tests.ReportGenerationServiceTests.GenerateReports_WithInvalidFormat_ShouldHandleGracefully [1 ms]
2025-06-14T05:02:53.6566037Z   Passed ConditionalAccessExporter.Tests.ReportGenerationServiceTests.GenerateConsoleReport_WithEmptyResult_ShouldShowEmptyReport [< 1 ms]
2025-06-14T05:02:53.6568043Z   Passed ConditionalAccessExporter.Tests.ReportGenerationServiceTests.GenerateConsoleReport_WithAllStatusTypes_ShouldProduceStructuredOutput [< 1 ms]
2025-06-14T05:02:53.6570084Z   Passed ConditionalAccessExporter.Tests.ReportGenerationServiceTests.GenerateReports_CreatesOutputDirectory_WhenNotExists [< 1 ms]
2025-06-14T05:02:53.6572229Z   Passed ConditionalAccessExporter.Tests.ReportGenerationServiceTests.GenerateReports_WithMultipleFormats_ShouldCreateAllFiles [1 ms]
2025-06-14T05:02:53.6574295Z   Passed ConditionalAccessExporter.Tests.ReportGenerationServiceTests.GenerateHtmlReport_WithAllStatusTypes_ShouldCreateValidHtmlFile [1 ms]
2025-06-14T05:02:53.6576336Z   Passed ConditionalAccessExporter.Tests.WorkflowIntegrationTests.ValidationWorkflow_MixedFiles_ShouldValidateAppropriately [2 ms]
2025-06-14T05:02:53.6577559Z   Standard Output Messages:
2025-06-14T05:02:53.6578139Z  Test directory: /tmp/WorkflowIntegrationTests_ddb6d926
2025-06-14T05:02:53.6578744Z  Directory validation completed - Valid: False
2025-06-14T05:02:53.6579094Z 
2025-06-14T05:02:53.6579102Z 
2025-06-14T05:02:53.6580071Z   Passed ConditionalAccessExporter.Tests.WorkflowIntegrationTests.ErrorHandlingWorkflow_NonExistentDirectory_ShouldHandleGracefully [< 1 ms]
2025-06-14T05:02:53.6581630Z   Standard Output Messages:
2025-06-14T05:02:53.6582123Z  Test directory: /tmp/WorkflowIntegrationTests_0db9f7f2
2025-06-14T05:02:53.6582707Z  Non-existent directory handled gracefully
2025-06-14T05:02:53.6583032Z 
2025-06-14T05:02:53.6583039Z 
2025-06-14T05:02:53.6584430Z No JSON files found in directory: /tmp/WorkflowIntegrationTests_cb6187ca/empty-directory. No files were processed.
2025-06-14T05:02:53.6638297Z Validating 20 policy files using parallel processing...
2025-06-14T05:02:53.6653928Z Validation completed: 0 valid, 20 invalid files
2025-06-14T05:02:53.6654713Z Processing time: 2ms
2025-06-14T05:02:53.6664957Z Average speed: 12257.2 files/second
2025-06-14T05:02:53.6690538Z Starting cross-format comparison between '/tmp/WorkflowIntegrationTests_8b266ea1/json-source' and '/tmp/WorkflowIntegrationTests_8b266ea1/terraform-reference'
2025-06-14T05:02:53.6702194Z Found 2 source policies (Json) and 2 reference policies (Terraform)
2025-06-14T05:02:53.6707623Z Cross-format comparison report generated: /tmp/WorkflowIntegrationTests_8b266ea1/report-output/comparison-report.json/cross-format-comparison-20250614-050253.json
2025-06-14T05:02:53.6812534Z Starting cross-format comparison between '/tmp/WorkflowIntegrationTests_02f7a7b2/json-policies' and '/tmp/WorkflowIntegrationTests_02f7a7b2/terraform-policies'
2025-06-14T05:02:53.6818723Z Found 1 source policies (Json) and 1 reference policies (Terraform)
2025-06-14T05:02:53.6850471Z [xUnit.net 00:00:05.37]   Finished:    ConditionalAccessExporter.Tests
2025-06-14T05:02:55.1569915Z   Passed ConditionalAccessExporter.Tests.WorkflowIntegrationTests.TerraformParsingWorkflow_ValidConfiguration_ShouldParseSuccessfully [1 ms]
2025-06-14T05:02:55.1573308Z   Standard Output Messages:
2025-06-14T05:02:55.1573940Z  Test directory: /tmp/WorkflowIntegrationTests_36d1c17e
2025-06-14T05:02:55.1574680Z  Parsed 1 Terraform policies successfully
2025-06-14T05:02:55.1575050Z 
2025-06-14T05:02:55.1575058Z 
2025-06-14T05:02:55.1576016Z   Passed ConditionalAccessExporter.Tests.WorkflowIntegrationTests.ErrorHandlingWorkflow_EmptyDirectory_ShouldReturnEmptyResults [1 ms]
2025-06-14T05:02:55.1577272Z   Standard Output Messages:
2025-06-14T05:02:55.1577798Z  Test directory: /tmp/WorkflowIntegrationTests_cb6187ca
2025-06-14T05:02:55.1578137Z  Empty directory handled gracefully
2025-06-14T05:02:55.1578304Z 
2025-06-14T05:02:55.1578310Z 
2025-06-14T05:02:55.1578853Z   Passed ConditionalAccessExporter.Tests.WorkflowIntegrationTests.TemplateWorkflow_ListAndCreateBasicTemplate_ShouldProvideTemplateSupport [< 1 ms]
2025-06-14T05:02:55.1579565Z   Standard Output Messages:
2025-06-14T05:02:55.1579847Z  Test directory: /tmp/WorkflowIntegrationTests_4c27eb9e
2025-06-14T05:02:55.1580195Z  No templates available - template system accessible
2025-06-14T05:02:55.1580615Z 
2025-06-14T05:02:55.1580620Z 
2025-06-14T05:02:55.1581094Z   Passed ConditionalAccessExporter.Tests.WorkflowIntegrationTests.TerraformParsingWorkflow_InvalidSyntax_ShouldReportErrors [1 ms]
2025-06-14T05:02:55.1581721Z   Standard Output Messages:
2025-06-14T05:02:55.1581986Z  Test directory: /tmp/WorkflowIntegrationTests_60cb37bd
2025-06-14T05:02:55.1582322Z  Invalid Terraform correctly identified: 1 errors found
2025-06-14T05:02:55.1582533Z 
2025-06-14T05:02:55.1582544Z 
2025-06-14T05:02:55.1583082Z   Passed ConditionalAccessExporter.Tests.WorkflowIntegrationTests.PerformanceWorkflow_MultipleFileProcessing_ShouldCompleteWithinReasonableTime [5 ms]
2025-06-14T05:02:55.1583794Z   Standard Output Messages:
2025-06-14T05:02:55.1584059Z  Test directory: /tmp/WorkflowIntegrationTests_d96fda5e
2025-06-14T05:02:55.1584415Z  Performance test: 20 files processed in 0.00 seconds
2025-06-14T05:02:55.1584628Z 
2025-06-14T05:02:55.1584633Z 
2025-06-14T05:02:55.1585178Z   Passed ConditionalAccessExporter.Tests.WorkflowIntegrationTests.CrossFormatWorkflow_JsonToTerraformWithReport_ShouldGenerateComprehensiveReport [5 ms]
2025-06-14T05:02:55.1585876Z   Standard Output Messages:
2025-06-14T05:02:55.1586140Z  Test directory: /tmp/WorkflowIntegrationTests_8b266ea1
2025-06-14T05:02:55.1586793Z  Report generated at: /tmp/WorkflowIntegrationTests_8b266ea1/report-output/comparison-report.json/cross-format-comparison-20250614-050253.json
2025-06-14T05:02:55.1587313Z 
2025-06-14T05:02:55.1587317Z 
2025-06-14T05:02:55.1587786Z   Passed ConditionalAccessExporter.Tests.WorkflowIntegrationTests.JsonToTerraformWorkflow_SinglePolicy_ShouldConvertWithMetadata [2 ms]
2025-06-14T05:02:55.1588419Z   Standard Output Messages:
2025-06-14T05:02:55.1588677Z  Test directory: /tmp/WorkflowIntegrationTests_2004df6f
2025-06-14T05:02:55.1588982Z  Conversion successful: 3 files created
2025-06-14T05:02:55.1589149Z 
2025-06-14T05:02:55.1589152Z 
2025-06-14T05:02:55.1589617Z   Passed ConditionalAccessExporter.Tests.WorkflowIntegrationTests.JsonToTerraformWorkflow_ComplexPolicy_ShouldPreserveStructure [5 ms]
2025-06-14T05:02:55.1590243Z   Standard Output Messages:
2025-06-14T05:02:55.1590693Z  Test directory: /tmp/WorkflowIntegrationTests_ff6150ae
2025-06-14T05:02:55.1591316Z  Complex policy converted successfully with 3 files
2025-06-14T05:02:55.1591521Z 
2025-06-14T05:02:55.1591525Z 
2025-06-14T05:02:55.1592051Z   Passed ConditionalAccessExporter.Tests.WorkflowIntegrationTests.CrossFormatWorkflow_JsonToTerraformComparison_ShouldDetectEquivalentPolicies [2 ms]
2025-06-14T05:02:55.1592733Z   Standard Output Messages:
2025-06-14T05:02:55.1592997Z  Test directory: /tmp/WorkflowIntegrationTests_02f7a7b2
2025-06-14T05:02:55.1593496Z  Cross-format comparison: 1 JSON policies, 1 Terraform policies
2025-06-14T05:02:55.1593734Z 
2025-06-14T05:02:55.1593738Z 
2025-06-14T05:03:04.6201188Z 
2025-06-14T05:03:04.6241698Z Test Run Failed.
2025-06-14T05:03:04.6242034Z Total tests: 253
2025-06-14T05:03:04.6242237Z      Passed: 252
2025-06-14T05:03:04.6242441Z      Failed: 1
2025-06-14T05:03:04.6257392Z  Total time: 18.1715 Seconds
2025-06-14T05:03:04.6383435Z      1>Project "/home/runner/work/CA_Scanner/CA_Scanner/ConditionalAccessExporter.sln" (1) is building "/home/runner/work/CA_Scanner/CA_Scanner/ConditionalAccessExporter.Tests/ConditionalAccessExporter.Tests.csproj" (3) on node 2 (VSTest target(s)).
2025-06-14T05:03:04.6385256Z      3>_VSTestConsole:
2025-06-14T05:03:04.6385755Z          MSB4181: The "VSTestTask" task returned false but did not log an error.
2025-06-14T05:03:04.6418904Z      3>Done Building Project "/home/runner/work/CA_Scanner/CA_Scanner/ConditionalAccessExporter.Tests/ConditionalAccessExporter.Tests.csproj" (VSTest target(s)) -- FAILED.
2025-06-14T05:03:04.6493291Z      1>Done Building Project "/home/runner/work/CA_Scanner/CA_Scanner/ConditionalAccessExporter.sln" (VSTest target(s)) -- FAILED.
2025-06-14T05:03:04.6539884Z 
2025-06-14T05:03:04.6540822Z Build FAILED.
2025-06-14T05:03:04.6541417Z     0 Warning(s)
2025-06-14T05:03:04.6542703Z     0 Error(s)
2025-06-14T05:03:04.6547931Z 
2025-06-14T05:03:04.6549659Z Time Elapsed 00:00:19.11
2025-06-14T05:03:04.8261164Z 
2025-06-14T05:03:04.8265285Z Attachments:
2025-06-14T05:03:04.8267359Z   /home/runner/work/CA_Scanner/CA_Scanner/ConditionalAccessExporter.Tests/TestResults/c1d10331-5bc8-4a4e-8684-9dbe9e0635f4/coverage.cobertura.xml
2025-06-14T05:03:04.8772388Z ##[error]Process completed with exit code 1.
2025-06-14T05:03:04.8889239Z Post job cleanup.
2025-06-14T05:03:04.9595410Z [command]/usr/bin/git version
2025-06-14T05:03:04.9631500Z git version 2.49.0
2025-06-14T05:03:04.9674704Z Temporarily overriding HOME='/home/runner/work/_temp/33cacce9-f5cc-4bf0-be34-6c1f10f4d913' before making global git config changes
2025-06-14T05:03:04.9676135Z Adding repository directory to the temporary git global config as a safe directory
2025-06-14T05:03:04.9679600Z [command]/usr/bin/git config --global --add safe.directory /home/runner/work/CA_Scanner/CA_Scanner
2025-06-14T05:03:04.9710239Z [command]/usr/bin/git config --local --name-only --get-regexp core\.sshCommand
2025-06-14T05:03:04.9739595Z [command]/usr/bin/git submodule foreach --recursive sh -c "git config --local --name-only --get-regexp 'core\.sshCommand' && git config --local --unset-all 'core.sshCommand' || :"
2025-06-14T05:03:04.9963610Z [command]/usr/bin/git config --local --name-only --get-regexp http\.https\:\/\/github\.com\/\.extraheader
2025-06-14T05:03:04.9983089Z http.https://github.com/.extraheader
2025-06-14T05:03:04.9994732Z [command]/usr/bin/git config --local --unset-all http.https://github.com/.extraheader
2025-06-14T05:03:05.0022362Z [command]/usr/bin/git submodule foreach --recursive sh -c "git config --local --name-only --get-regexp 'http\.https\:\/\/github\.com\/\.extraheader' && git config --local --unset-all 'http.https://github.com/.extraheader' || :"
2025-06-14T05:03:05.0347453Z Cleaning up orphan processes
2025-06-14T05:03:05.0746507Z Terminate orphan process: pid (2331) (dotnet)
2025-06-14T05:03:05.0976733Z Terminate orphan process: pid (2423) (dotnet)
